test_append_writes_exact_acl2_envelope (test_feed.JournalTests.test_append_writes_exact_acl2_envelope) ... ok
test_complete_invalid_evidence_is_never_truncated (test_feed.JournalTests.test_complete_invalid_evidence_is_never_truncated) ... ok
test_content_and_both_namespace_barrier_failures_are_uncertain (test_feed.JournalTests.test_content_and_both_namespace_barrier_failures_are_uncertain) ... ok
test_creation_barriers_precede_any_append (test_feed.JournalTests.test_creation_barriers_precede_any_append) ... ok
test_failed_append_carries_uncertain_phase (test_feed.JournalTests.test_failed_append_carries_uncertain_phase) ... ok
test_repair_uses_acl2_safe_offset_and_barriers_before_append (test_feed.JournalTests.test_repair_uses_acl2_safe_offset_and_barriers_before_append) ... ok
test_a_bare_lf_article_goes_out_crlf_terminated (test_feed.SessionTests.test_a_bare_lf_article_goes_out_crlf_terminated) ... ok
test_a_leading_dot_is_doubled_and_the_block_ends_with_a_lone_dot (test_feed.SessionTests.test_a_leading_dot_is_doubled_and_the_block_ends_with_a_lone_dot) ... ok
test_a_line_is_split_at_crlf_and_the_rest_is_buffered (test_feed.SessionTests.test_a_line_is_split_at_crlf_and_the_rest_is_buffered) ... ok
test_a_response_line_over_the_bound_is_refused_and_leaks_nothing (test_feed.SessionTests.test_a_response_line_over_the_bound_is_refused_and_leaks_nothing) ... ok
test_an_article_that_ends_in_a_blank_line_crosses_with_it (test_feed.SessionTests.test_an_article_that_ends_in_a_blank_line_crosses_with_it) ... ok
test_the_block_unstuffs_back_to_the_article_it_was_given (test_feed.SessionTests.test_the_block_unstuffs_back_to_the_article_it_was_given) ... ok
test_the_greeting_is_read_before_anything_is_sent (test_feed.SessionTests.test_the_greeting_is_read_before_anything_is_sent) ... ok
test_two_blank_lines_at_the_end_both_cross (test_feed.SessionTests.test_two_blank_lines_at_the_end_both_cross) ... ok
test_ambiguous_append_stops_all_feed_mutations_and_preserves_exit_three (test_feed_fence.FeedFenceTests.test_ambiguous_append_stops_all_feed_mutations_and_preserves_exit_three) ... FAIL
test_missing_journal_or_mismatched_peer_list_never_silently_loses_obligation (test_feed_fence.FeedFenceTests.test_missing_journal_or_mismatched_peer_list_never_silently_loses_obligation) ... ok
test_second_peer_is_not_advanced_after_lost_connection_append_failure (test_feed_fence.FeedFenceTests.test_second_peer_is_not_advanced_after_lost_connection_append_failure) ... ok
test_complete_invalid_digest_length_schema_and_peer_preserve_evidence (test_feed_journal_live.FeedJournalLiveTests.test_complete_invalid_digest_length_schema_and_peer_preserve_evidence) ... ok
test_each_recovery_barrier_failure_requires_a_fresh_successful_recovery (test_feed_journal_live.FeedJournalLiveTests.test_each_recovery_barrier_failure_requires_a_fresh_successful_recovery) ... ok
test_every_torn_prefix_and_body_repairs_then_appends_then_restarts (test_feed_journal_live.FeedJournalLiveTests.test_every_torn_prefix_and_body_repairs_then_appends_then_restarts) ... ok
test_process_death_at_each_named_recovery_and_append_cut (test_feed_journal_live.FeedJournalLiveTests.test_process_death_at_each_named_recovery_and_append_cut) ... ok
test_real_model_fence_survives_a_second_append_after_sync_failure (test_feed_journal_live.FeedJournalLiveTests.test_real_model_fence_survives_a_second_append_after_sync_failure) ... ok
test_short_reads_are_accumulated_until_real_eof (test_feed_journal_live.FeedJournalLiveTests.test_short_reads_are_accumulated_until_real_eof) ... ok

======================================================================
FAIL: test_ambiguous_append_stops_all_feed_mutations_and_preserves_exit_three (test_feed_fence.FeedFenceTests.test_ambiguous_append_stops_all_feed_mutations_and_preserves_exit_three)
----------------------------------------------------------------------
Traceback (most recent call last):
  File "/Users/ember/dev/fn/build/lanes/w12-feed-durability/tests/test_feed_fence.py", line 41, in test_ambiguous_append_stops_all_feed_mutations_and_preserves_exit_three
    work.assert_not_called()
    ~~~~~~~~~~~~~~~~~~~~~~^^
  File "/opt/homebrew/Cellar/python@3.14/3.14.7/Frameworks/Python.framework/Versions/3.14/lib/python3.14/unittest/mock.py", line 947, in assert_not_called
    raise AssertionError(msg)
AssertionError: Expected 'mock' to not have been called. Called 1 times.
Calls: [call()].

----------------------------------------------------------------------
Ran 23 tests in 7.152s

FAILED (failures=1)
