This is SBCL 2.6.8, an implementation of ANSI Common Lisp.
More information about SBCL is available at <http://www.sbcl.org/>.

SBCL is free software, provided as is, with absolutely no warranty.
It is mostly in the public domain; some portions are provided under
BSD-style licenses.  See the CREDITS and COPYING files in the
distribution for more information.

 ++++++++++++++++++++++++++++++++++++++++++++++++++++++++++++++++++++++++
 + ACL2 Version 8.7                                                     +
 +   built August 28, 2026  20:52:14.                                   +
 + Copyright (C) 2026, Regents of the University of Texas.              +
 + ACL2 comes with ABSOLUTELY NO WARRANTY.  This is free software and   +
 + you are welcome to redistribute it under certain conditions.  For    +
 + details, see the LICENSE file distributed with ACL2.                 +
 ++++++++++++++++++++++++++++++++++++++++++++++++++++++++++++++++++++++++

Project-dir-alist:
((:SYSTEM . "/opt/homebrew/Cellar/acl2/8.7_6/libexec/books/")).
Type :help for help.
Type (quit) to quit completely out of ACL2.

ACL2 !> "ACL2"
ACL2 !>
TTAG NOTE: Adding ttag :FN-NATIVE-HOST from the top level loop.
 :FN-NATIVE-HOST
ACL2 !>FN_W21_RAW_LOAD_OK

Summary
Form:  ( PROGN! (SET-RAW-MODE T) ...)
Rules: NIL
Time:  0.43 seconds (prove: 0.00, print: 0.00, other: 0.43)
 NIL
ACL2 !>
Exiting the ACL2 read-eval-print loop.  To re-enter, execute (LP).
* 