iteration 0 single window 197.09
iteration 1 single window 141.83
iteration 2 single late 189.48
iteration 3 single window 179.8
iteration 4 single window 115.79
iteration 5 single over-limit 18.93
iteration 6 single window 108.3
iteration 7 concurrent window 158.39
iteration 8 single window 138.38
iteration 9 single mid-article 3.2
iteration 10 single early 1.84
iteration 11 single late 211.81
iteration 12 single over-limit 35.02
iteration 13 concurrent window 181.13
iteration 14 single early 89.74
iteration 15 single late 201.97
iteration 16 single early 111.43
iteration 17 concurrent window 240.0
iteration 18 single window 124.28
iteration 19 single window 177.8
iteration 20 single early 48.52
iteration 21 single window 201.2
iteration 22 single early 21.04
iteration 23 single late 217.19
iteration 24 single late 222.58
iteration 25 single mid-article 8.63
iteration 26 single early 105.77
iteration 27 single mid-article 2.28
iteration 28 single late 183.76
iteration 29 concurrent window 107.14
iteration 30 single window 119.75
iteration 31 single window 175.42
iteration 32 single over-limit 17.28
iteration 33 single over-limit 8.96
iteration 34 single early 117.82
iteration 35 single late 217.44
iteration 36 single window 223.04
iteration 37 single window 119.82
iteration 38 single late 185.86
iteration 39 single late 212.28
iteration 40 single window 115.99
iteration 41 concurrent window 177.08
iteration 42 concurrent late 243.63
iteration 43 concurrent early 81.83
iteration 44 single early 50.39
iteration 45 single window 209.96
iteration 46 single early 8.0
iteration 47 single window 241.72
iteration 48 single early 123.52
iteration 49 single window 240.91
iteration 50 single early 70.25
iteration 51 single late 165.5
iteration 52 single window 160.63
iteration 53 single window 123.42
iteration 54 single over-limit 38.72
iteration 55 single window 113.14
iteration 56 single window 117.63
iteration 57 single window 207.82
iteration 58 single window 142.29
iteration 59 single late 217.5
iteration 60 single early 65.09
iteration 61 single early 64.86
iteration 62 single early 57.39
iteration 63 single mid-article 8.42
iteration 64 concurrent late 228.87
iteration 65 single window 150.36
iteration 66 single window 142.91
iteration 67 single late 204.15
iteration 68 single window 157.23
iteration 69 concurrent early 48.87
iteration 70 concurrent early 79.92
iteration 71 single over-limit 12.26
iteration 72 single mid-article 12.97
iteration 73 single window 96.9
iteration 74 concurrent late 258.01
iteration 75 single early 74.34
iteration 76 single early 73.67
iteration 77 single early 76.83
iteration 78 single window 113.15
iteration 79 concurrent window 138.52
iteration 80 single late 170.97
iteration 81 single mid-article 5.07
iteration 82 single window 124.67
iteration 83 single mid-article 7.95
iteration 84 single window 156.78
iteration 85 single early 77.45
iteration 86 single window 118.91
iteration 87 single window 217.59
iteration 88 single late 197.24
iteration 89 single window 112.26
iteration 90 single early 24.58
iteration 91 single mid-article 4.41
	Command being timed: "python3 -m tests.campaign.native_production_kill run --image /tank/fn/gates/qual-1a9dd747-20260924/build/fn-host --work /tank/fn/scratch/campaign-production-kill/work1 --out /tank/fn/scratch/campaign-production-kill/run1.json --seed 1 --kills 80 --concurrent 12"
	User time (seconds): 638.61
	System time (seconds): 65.17
	Percent of CPU this job got: 94%
	Elapsed (wall clock) time (h:mm:ss or m:ss): 12:28.49
	Average shared text size (kbytes): 0
	Average unshared data size (kbytes): 0
	Average stack size (kbytes): 0
	Average total size (kbytes): 0
	Maximum resident set size (kbytes): 1979504
	Average resident set size (kbytes): 0
	Major (requiring I/O) page faults: 2477
	Minor (reclaiming a frame) page faults: 47106622
	Voluntary context switches: 19049
	Involuntary context switches: 19461
	Swaps: 0
	File system inputs: 1624735
	File system outputs: 39163
	Socket messages sent: 0
	Socket messages received: 0
	Signals delivered: 0
	Page size (bytes): 4096
	Exit status: 0
rc=0
