iteration 0 single window 140.58
iteration 1 single mid-article 5.06
iteration 2 single mid-article 12.12
iteration 3 single late 229.87
iteration 4 single early 97.51
iteration 5 single window 142.7
iteration 6 single window 138.73
iteration 7 single window 167.53
iteration 8 single window 116.07
iteration 9 concurrent early 59.81
iteration 10 single window 128.37
iteration 11 single late 187.88
iteration 12 single early 31.71
iteration 13 single early 84.91
iteration 14 single early 125.32
iteration 15 single late 191.36
iteration 16 single late 170.46
iteration 17 single window 151.4
iteration 18 single late 222.51
iteration 19 single window 118.26
iteration 20 concurrent window 119.3
iteration 21 single window 167.33
iteration 22 concurrent late 228.46
iteration 23 single late 208.71
iteration 24 single window 154.96
iteration 25 single mid-article 19.67
iteration 26 single window 141.66
iteration 27 single window 116.94
iteration 28 single window 218.43
iteration 29 single window 134.12
iteration 30 concurrent late 228.9
iteration 31 single early 97.07
iteration 32 single late 277.66
iteration 33 single mid-article 17.5
iteration 34 concurrent late 213.59
iteration 35 single late 194.67
iteration 36 single early 111.97
iteration 37 single window 152.83
iteration 38 single over-limit 28.38
iteration 39 single window 156.86
iteration 40 single mid-article 2.88
iteration 41 single early 78.15
iteration 42 single early 50.9
iteration 43 concurrent window 150.16
iteration 44 single late 208.4
iteration 45 single window 128.66
iteration 46 single window 154.49
iteration 47 single mid-article 15.62
iteration 48 single early 112.94
iteration 49 single window 115.12
iteration 50 single over-limit 17.74
iteration 51 single early 93.42
iteration 52 single late 166.68
iteration 53 single over-limit 29.84
iteration 54 single window 202.45
iteration 55 single window 104.24
iteration 56 single early 99.06
iteration 57 single window 182.66
iteration 58 single window 149.55
iteration 59 concurrent window 164.66
iteration 60 single window 197.24
iteration 61 single mid-article 13.99
iteration 62 single over-limit 24.97
iteration 63 single window 128.44
iteration 64 single over-limit 13.34
iteration 65 single window 170.9
iteration 66 single mid-article 1.92
iteration 67 concurrent window 115.67
iteration 68 concurrent early 96.22
iteration 69 single early 59.19
iteration 70 single window 151.69
iteration 71 single early 10.42
iteration 72 single early 43.49
iteration 73 single window 134.73
iteration 74 single late 229.94
iteration 75 single late 306.16
iteration 76 concurrent window 154.76
iteration 77 single early 70.55
iteration 78 single late 168.67
iteration 79 concurrent window 115.07
iteration 80 single window 183.9
iteration 81 concurrent early 43.53
iteration 82 single early 22.49
iteration 83 single early 54.67
iteration 84 single late 213.51
iteration 85 single early 23.53
iteration 86 single window 160.42
iteration 87 single window 116.83
iteration 88 single window 156.6
iteration 89 single window 136.85
iteration 90 single over-limit 32.01
iteration 91 single early 49.76
	Command being timed: "python3 -m tests.campaign.native_production_kill run --image /tank/fn/gates/qual-1a9dd747-20260924/build/fn-host --work /tank/fn/scratch/campaign-production-kill/work2 --out /tank/fn/scratch/campaign-production-kill/run2.json --seed 2 --kills 80 --concurrent 12"
	User time (seconds): 839.90
	System time (seconds): 80.35
	Percent of CPU this job got: 90%
	Elapsed (wall clock) time (h:mm:ss or m:ss): 16:59.16
	Average shared text size (kbytes): 0
	Average unshared data size (kbytes): 0
	Average stack size (kbytes): 0
	Average total size (kbytes): 0
	Maximum resident set size (kbytes): 1973080
	Average resident set size (kbytes): 0
	Major (requiring I/O) page faults: 1561
	Minor (reclaiming a frame) page faults: 48570075
	Voluntary context switches: 21314
	Involuntary context switches: 12887
	Swaps: 0
	File system inputs: 1622094
	File system outputs: 40054
	Socket messages sent: 0
	Socket messages received: 0
	Signals delivered: 0
	Page size (bytes): 4096
	Exit status: 0
rc=0
