test_every_selector_is_read_only_through_the_accessor (tests.test_native_control.NativeControlCutGateTests.test_every_selector_is_read_only_through_the_accessor) ... ok
test_feed_stop_follows_fnfd_flush_and_precedes_socket_send (tests.test_native_control.NativeControlCutGateTests.test_feed_stop_follows_fnfd_flush_and_precedes_socket_send) ... ok
test_the_gate_runs_before_dispatch (tests.test_native_control.NativeControlCutGateTests.test_the_gate_runs_before_dispatch) ... ok
test_the_reply_is_the_owners_status (tests.test_native_control.NativeControlCutGateTests.test_the_reply_is_the_owners_status) ... ok
test_the_stop_is_directed_at_the_calling_thread (tests.test_native_control.NativeControlCutGateTests.test_the_stop_is_directed_at_the_calling_thread) ... ok
test_control_worker_ceiling_returns_busy (tests.test_native_control.NativeControlTests.test_control_worker_ceiling_returns_busy) ... ok
test_disabled_posting_refuses_cli_and_served_post (tests.test_native_control.NativeControlTests.test_disabled_posting_refuses_cli_and_served_post) ... ok
test_health_during_a_slow_start_says_starting (tests.test_native_control.NativeControlTests.test_health_during_a_slow_start_says_starting) ... ok
test_lost_reply_after_submission_is_uncertain_and_recovers (tests.test_native_control.NativeControlTests.test_lost_reply_after_submission_is_uncertain_and_recovers) ... ok
test_operator_post_is_injected_and_refuses_what_post_refuses (tests.test_native_control.NativeControlTests.test_operator_post_is_injected_and_refuses_what_post_refuses)
`operator post` injects as the served POST does (INN lab of ... ok
test_partial_frame_has_one_absolute_deadline (tests.test_native_control.NativeControlTests.test_partial_frame_has_one_absolute_deadline) ... ok
test_prelisten_sigterm_skips_modules_and_reopens (tests.test_native_control.NativeControlTests.test_prelisten_sigterm_skips_modules_and_reopens) ... ok
test_shared_control_path_is_not_stolen_by_another_store (tests.test_native_control.NativeControlTests.test_shared_control_path_is_not_stolen_by_another_store) ... ok
test_sigkilled_owner_socket_is_stale_and_control_list_runs_offline (tests.test_native_control.NativeControlTests.test_sigkilled_owner_socket_is_stale_and_control_list_runs_offline) ... ok
test_the_production_image_refuses_every_selector_at_startup (tests.test_native_control.NativeControlTests.test_the_production_image_refuses_every_selector_at_startup) ... ok
test_two_clients_sigterm_cleanup_and_restart (tests.test_native_control.NativeControlTests.test_two_clients_sigterm_cleanup_and_restart) ... ok

----------------------------------------------------------------------
Ran 16 tests in 36.389s

OK
