	Command being timed: "python3 tests/reclaim_lifecycle_native.py /tank/fn/gates/qual-b6759850-20260926/build/images/b675985074cf14b009204f6eb3e5409f4a025a80/fn-host-developer /tank/fn/scratch/qual-b6759850/s15/n300 300 512 67108864 --cuts"
	User time (seconds): 68.26
	System time (seconds): 7.74
	Percent of CPU this job got: 32%
	Elapsed (wall clock) time (h:mm:ss or m:ss): 3:56.33
	Average shared text size (kbytes): 0
	Average unshared data size (kbytes): 0
	Average stack size (kbytes): 0
	Average total size (kbytes): 0
	Maximum resident set size (kbytes): 486180
	Average resident set size (kbytes): 0
	Major (requiring I/O) page faults: 2
	Minor (reclaiming a frame) page faults: 5264581
	Voluntary context switches: 17247
	Involuntary context switches: 1012
	Swaps: 0
	File system inputs: 173539
	File system outputs: 22021
	Socket messages sent: 0
	Socket messages received: 0
	Signals delivered: 0
	Page size (bytes): 4096
	Exit status: 0
