	Command being timed: "python3 tests/reclaim_lifecycle_native.py /tank/fn/gates/qual-b6759850-20260926/build/images/b675985074cf14b009204f6eb3e5409f4a025a80/fn-host-developer /tank/fn/scratch/qual-b6759850/s15/tight 0 1024 300000 --headroom-only"
	User time (seconds): 5.72
	System time (seconds): 1.30
	Percent of CPU this job got: 12%
	Elapsed (wall clock) time (h:mm:ss or m:ss): 0:56.60
	Average shared text size (kbytes): 0
	Average unshared data size (kbytes): 0
	Average stack size (kbytes): 0
	Average total size (kbytes): 0
	Maximum resident set size (kbytes): 451736
	Average resident set size (kbytes): 0
	Major (requiring I/O) page faults: 2
	Minor (reclaiming a frame) page faults: 648050
	Voluntary context switches: 4707
	Involuntary context switches: 127
	Swaps: 0
	File system inputs: 16746
	File system outputs: 2528
	Socket messages sent: 0
	Socket messages received: 0
	Signals delivered: 0
	Page size (bytes): 4096
	Exit status: 0
