This is SBCL 2.6.8, an implementation of ANSI Common Lisp.
More information about SBCL is available at <http://www.sbcl.org/>.

SBCL is free software, provided as is, with absolutely no warranty.
It is mostly in the public domain; some portions are provided under
BSD-style licenses.  See the CREDITS and COPYING files in the
distribution for more information.

 ++++++++++++++++++++++++++++++++++++++++++++++++++++++++++++++++++++++++
 + ACL2 Version 8.7                                                     +
 +   built September 19, 2026  03:17:41.                                +
 + Copyright (C) 2026, Regents of the University of Texas.              +
 + ACL2 comes with ABSOLUTELY NO WARRANTY.  This is free software and   +
 + you are welcome to redistribute it under certain conditions.  For    +
 + details, see the LICENSE file distributed with ACL2.                 +
 ++++++++++++++++++++++++++++++++++++++++++++++++++++++++++++++++++++++++

Project-dir-alist:
((:SYSTEM . "/tank/fn/acl2-8.7/books/")).
Type :help for help.
Type (quit) to quit completely out of ACL2.

ACL2 !>
Project-dir-alist:
((:SYSTEM . "/tank/fn/acl2-8.7/books/")).
Type :help for help.
Type (quit) to quit completely out of ACL2.

ACL2 !>>
Note: Writing .port file, /tank/fn/gates/final-cut-8a1b31f9-20260924/tests/acl2/bp-
node-machine-teeth-tests.port.

CERTIFICATION ATTEMPT FOR 
"/tank/fn/gates/final-cut-8a1b31f9-20260924/tests/acl2/bp-node-machine-teeth-tests.lisp"

ACL2 Version 8.7

* Step 1: Read 
"/tank/fn/gates/final-cut-8a1b31f9-20260924/tests/acl2/bp-node-machine-teeth-tests.lisp"
and compute its book-hash.

* Step 2:  There were 53 forms in the file.  We now attempt to establish
that each form, whether local or non-local, is indeed an admissible
embedded event form in the context of the previously admitted ones.


ACL2 !>>>(INCLUDE-BOOK "../../books/bp-node-progress-selection-invariants")

ACL2 Warning [Compiled file] in ( INCLUDE-BOOK 
"../../books/bp-node-progress-selection-invariants" ...):  Unable to
load compiled file for book
  /tank/fn/gates/final-cut-8a1b31f9-20260924/books/bp-node-progress-
selection-invariants.lisp
because that book is not certified.  See :DOC include-book.  No load
was in progress for any parent book.



ACL2 Error in ( INCLUDE-BOOK 
"../../books/bp-node-progress-selection-invariants" ...):  There is
no certificate on file for 
"/tank/fn/gates/final-cut-8a1b31f9-20260924/books/bp-node-progress-selection-invariants.lisp".
See :DOC uncertified-books.  This is illegal because we are currently
attempting certify-book; see :DOC certify-book.


Summary
Form:  ( INCLUDE-BOOK "../../books/bp-node-progress-selection-invariants"
...)
Rules: NIL
Warnings:  Compiled file
Time:  0.00 seconds (prove: 0.00, print: 0.00, other: 0.00)

ACL2 Error [Failure] in ( INCLUDE-BOOK 
"../../books/bp-node-progress-selection-invariants" ...):  See :DOC
failure.

******** FAILED ********

ACL2 Warning in CERTIFY-BOOK:  The attempted CERTIFY-BOOK has failed
while trying to establish the admissibility of one of the (local or
non-local) forms in the book to be certified.


Summary
Form:  (CERTIFY-BOOK "tests/acl2/bp-node-machine-teeth-tests" ...)
Rules: NIL
Warnings:  Compiled file
Time:  0.00 seconds (prove: 0.00, print: 0.00, other: 0.00)

ACL2 Error [Failure] in (CERTIFY-BOOK 
"tests/acl2/bp-node-machine-teeth-tests" ...):  See :DOC failure.

******** FAILED ********
 :ERROR
ACL2 !>