$ fn bp-node serve 45289 /tank/fn/scratch/m4-app-receipt/final/four-dtn7/four-node-tpyd956w/dtn7/a-fnbs /tank/fn/scratch/m4-app-receipt/final/four-dtn7/four-node-tpyd956w/dtn7/a-store /tank/fn/scratch/m4-app-receipt/final/four-dtn7/four-node-tpyd956w/dtn7/a-fnrj /tank/fn/scratch/m4-app-receipt/final/four-dtn7/four-node-tpyd956w/dtn7/a-fnwf dtn://sender/ dtn://receiver/ dtn://sender/ native-policy dtn://sender/ 127.0.0.1 45297 0 3600000 2 32 1048576 843601005154 60000
BP FNBS recovered held=0
BP queue recovered jobs=1
BP NODE LISTENING 45289
TCPCL bp-node event (:SEND :CONTACT 6)
TCPCL bp-node event (:SEND :SESS-INIT 38)
TCPCL bp-node event (:SESSION-UP 10 64000 64000 NIL)
TCPCL bp-node event (:SEND :XFER-ACK 18)
TCPCL bp-node event (:SEND :XFER-ACK 18)
TCPCL bp-node event (:SEND :XFER-ACK 18)
TCPCL bp-node event (:SEND :XFER-ACK 18)
TCPCL bp-node event (:SEND :XFER-ACK 18)
TCPCL bp-node event (:SEND :XFER-ACK 18)
TCPCL bp-node event (:SEND :XFER-ACK 18)
TCPCL bp-node event (:BUNDLE-RECEIVED 1 6440)
BP accepted xfer=1 adu=6314 path=/tank/fn/scratch/m4-app-receipt/final/four-dtn7/four-node-tpyd956w/dtn7/a-fnbs/lifecycle/00000000000000000001-00000000000000000000.fnb
TCPCL bp-node accepted xfer=1 path=/tank/fn/scratch/m4-app-receipt/final/four-dtn7/four-node-tpyd956w/dtn7/a-fnbs/lifecycle/00000000000000000001-00000000000000000000.fnb
TCPCL bp-node event (:SEND :SESS-TERM 3)
TCPCL bp-node event (:PEER-TERMINATING 1)
TCPCL bp-node event (:CLOSE)
TCPCL bp-node summary accepted=1 refused=0 uncertain=0 phase=closed
BP received carrier dispatch durable
TCPCL bp-node-forward aux (:SEND :CONTACT 6)
TCPCL bp-node-forward event (:SEND :SESS-INIT 38)
TCPCL bp-node-forward event (:SEND :SESS-TERM 3)
TCPCL bp-node-forward event (:PEER-TERMINATING 4)
TCPCL bp-node-forward event (:CLOSE)
