$ fn bp-node serve 52033 /tank/fn/scratch/m4-app-receipt/final/four-dtn7/four-node-tpyd956w/dtn7/b-fnbs /tank/fn/scratch/m4-app-receipt/final/four-dtn7/four-node-tpyd956w/dtn7/b-store /tank/fn/scratch/m4-app-receipt/final/four-dtn7/four-node-tpyd956w/dtn7/b-fnrj /tank/fn/scratch/m4-app-receipt/final/four-dtn7/four-node-tpyd956w/dtn7/b-fnwf dtn://receiver/ dtn://sender/ dtn://receiver/ native-policy dtn://receiver/ 127.0.0.1 53663 0 3600000 2 32 1048576 843601005154 60000
BP FNBS recovered held=0
BP queue recovered jobs=0
BP NODE LISTENING 52033
TCPCL bp-node event (:SEND :CONTACT 6)
TCPCL bp-node event (:SEND :SESS-INIT 40)
TCPCL bp-node event (:SESSION-UP 10 64000 64000 NIL)
TCPCL bp-node event (:SEND :XFER-ACK 18)
TCPCL bp-node event (:SEND :XFER-ACK 18)
TCPCL bp-node event (:SEND :XFER-ACK 18)
TCPCL bp-node event (:SEND :XFER-ACK 18)
TCPCL bp-node event (:SEND :XFER-ACK 18)
TCPCL bp-node event (:SEND :XFER-ACK 18)
TCPCL bp-node event (:SEND :XFER-ACK 18)
TCPCL bp-node event (:BUNDLE-RECEIVED 1 6440)
BP accepted xfer=1 adu=6314 path=/tank/fn/scratch/m4-app-receipt/final/four-dtn7/four-node-tpyd956w/dtn7/b-fnbs/lifecycle/00000000000000000001-00000000000000000000.fnb
TCPCL bp-node accepted xfer=1 path=/tank/fn/scratch/m4-app-receipt/final/four-dtn7/four-node-tpyd956w/dtn7/b-fnbs/lifecycle/00000000000000000001-00000000000000000000.fnb
TCPCL bp-node aux (:SEND :KEEPALIVE 1)
TCPCL bp-node event (:SEND :SESS-TERM 3)
TCPCL bp-node event (:PEER-TERMINATING 1)
TCPCL bp-node event (:CLOSE)
TCPCL bp-node event peer gone before send: [Errno 32] Broken pipe
TCPCL bp-node summary accepted=1 refused=0 uncertain=0 phase=closed
BP application handoff durable
BP node delivery request-refused
