24441b72dbba2c8a2144a7dca9db69c9c26c12285851fd18034d3ff7199726df  /tank/fn/scratch/post-identity-index/native-r1/tree/build/fn-host-developer
994b94c83570655498b37da39fdfe57ce253122ab73a84bb2c752d45e7b754c8  /tank/fn/scratch/post-identity-index/native-r1/tree/build/fn-host-developer.core
e72c87df8698ddca06ead44993373360b393fe66e6d46f9edafa20ed1794709f  /tank/fn/scratch/throughput-gate/native-img-6407de336/tree/build/fn-host-developer
8cd82dcc4676d5cc4f52120835488d57129dfd86bc2cfa592ec542fd1908a6e8  /tank/fn/scratch/throughput-gate/native-img-6407de336/tree/build/fn-host-developer.core
fixture-n10k-ok
== load /tank/fn/scratch/throughput-gate/native-img-6407de336/tree/build/fn-host-developer /dev/shm/pidx/n1k 1000 15:50:02Z load 10.29 10.61 11.33
load done {"init_rc": 0, "init_tail": "initialized /dev/shm/pidx/n1k/store\naccepted operator init\n", "first_open_s": 0.08733094297349453, "load_s": 3.414395962841809, "post_first_quarter": {"n": 250, "min_ms": 2.124141901731491, "median_ms": 3.475930541753769, "p95_ms": 4.614432342350483, "max_ms": 17.50063057988882}, "post_last_quarter": {"n": 250, "min_ms": 2.2965464740991592, "median_ms": 2.484226133674383, "p95_ms": 3.7445230409502983, "max_ms": 8.80332849919796}, "n": 1000, "phase": "load", "started_utc": "2026-09-26T15:50:02Z", "ended_utc": "2026-09-26T15:50:06Z", "image": "/tank/fn/scratch/throughput-gate/native-img-6407de336/tree/build/fn-host-developer", "core_sha256": "8cd82dcc4676d5cc4f52120835488d57129dfd86bc2cfa592ec542fd1908a6e8"}
   rc=0
fixture-n1k-ok
== post /tank/fn/scratch/throughput-gate/native-img-6407de336/tree/build/fn-host-developer /tank/fn/scratch/fixtures/n1k-2k/store /dev/shm/pidx/before-1k-1 before-1k-1 200 15:50:07Z load 10.99 10.75 11.37
post done {"open_s": 1.1867848839610815, "post": {"n": 200, "min_ms": 2.191768027842045, "median_ms": 2.418788615614176, "p95_ms": 3.9844224229454994, "max_ms": 7.705779746174812}, "window_wall_s": 0.5787428133189678, "owner_cpu_ms_per_post": 2.75, "bytes_consed_per_post": 1978501.92, "k": 200, "store_src": "/tank/fn/scratch/fixtures/n1k-2k/store", "label": "before-1k-1", "phase": "post", "started_utc": "2026-09-26T15:50:07Z", "ended_utc": "2026-09-26T15:50:09Z", "image": "/tank/fn/scratch/throughput-gate/native-img-6407de336/tree/build/fn-host-developer", "core_sha256": "8cd82dcc4676d5cc4f52120835488d57129dfd86bc2cfa592ec542fd1908a6e8"}
   rc=0
== post /tank/fn/scratch/post-identity-index/native-r1/tree/build/fn-host-developer /tank/fn/scratch/fixtures/n1k-2k/store /dev/shm/pidx/after-1k-1 after-1k-1 200 15:50:10Z load 11.31 10.83 11.39
post done {"open_s": 1.240994912572205, "post": {"n": 200, "min_ms": 2.4046720936894417, "median_ms": 3.5148533061146736, "p95_ms": 3.8061030209064484, "max_ms": 8.32553580403328}, "window_wall_s": 0.7232246128842235, "owner_cpu_ms_per_post": 3.3999999999999995, "bytes_consed_per_post": 1978433.6, "k": 200, "store_src": "/tank/fn/scratch/fixtures/n1k-2k/store", "label": "after-1k-1", "phase": "post", "started_utc": "2026-09-26T15:50:10Z", "ended_utc": "2026-09-26T15:50:12Z", "image": "/tank/fn/scratch/post-identity-index/native-r1/tree/build/fn-host-developer", "core_sha256": "994b94c83570655498b37da39fdfe57ce253122ab73a84bb2c752d45e7b754c8"}
   rc=0
== post /tank/fn/scratch/throughput-gate/native-img-6407de336/tree/build/fn-host-developer /tank/fn/scratch/fixtures/n10k-2k/store /dev/shm/pidx/before-10k-1 before-10k-1 200 15:50:12Z load 11.31 10.83 11.39
post done {"open_s": 13.951641857624054, "post": {"n": 200, "min_ms": 3.8943197578191757, "median_ms": 7.15303048491478, "p95_ms": 9.01309959590435, "max_ms": 14.188919216394424}, "window_wall_s": 1.3779240138828754, "owner_cpu_ms_per_post": 6.699999999999999, "bytes_consed_per_post": 2123514.16, "k": 200, "store_src": "/tank/fn/scratch/fixtures/n10k-2k/store", "label": "before-10k-1", "phase": "post", "started_utc": "2026-09-26T15:50:12Z", "ended_utc": "2026-09-26T15:50:29Z", "image": "/tank/fn/scratch/throughput-gate/native-img-6407de336/tree/build/fn-host-developer", "core_sha256": "8cd82dcc4676d5cc4f52120835488d57129dfd86bc2cfa592ec542fd1908a6e8"}
   rc=0
== post /tank/fn/scratch/post-identity-index/native-r1/tree/build/fn-host-developer /tank/fn/scratch/fixtures/n10k-2k/store /dev/shm/pidx/after-10k-1 after-10k-1 200 15:50:29Z load 10.92 10.77 11.36
post done {"open_s": 13.845675849355757, "post": {"n": 200, "min_ms": 2.929101698100567, "median_ms": 3.3017960377037525, "p95_ms": 5.854159593582153, "max_ms": 12.41166703402996}, "window_wall_s": 0.7638937383890152, "owner_cpu_ms_per_post": 3.700000000000001, "bytes_consed_per_post": 2123746.0, "k": 200, "store_src": "/tank/fn/scratch/fixtures/n10k-2k/store", "label": "after-10k-1", "phase": "post", "started_utc": "2026-09-26T15:50:29Z", "ended_utc": "2026-09-26T15:50:45Z", "image": "/tank/fn/scratch/post-identity-index/native-r1/tree/build/fn-host-developer", "core_sha256": "994b94c83570655498b37da39fdfe57ce253122ab73a84bb2c752d45e7b754c8"}
   rc=0
== post /tank/fn/scratch/throughput-gate/native-img-6407de336/tree/build/fn-host-developer /tank/fn/scratch/fixtures/n1k-2k/store /dev/shm/pidx/before-1k-2 before-1k-2 200 15:50:45Z load 10.80 10.75 11.34
post done {"open_s": 1.193339261226356, "post": {"n": 200, "min_ms": 2.2211242467164993, "median_ms": 2.3286668583750725, "p95_ms": 3.8204705342650414, "max_ms": 5.468662828207016}, "window_wall_s": 0.528621076606214, "owner_cpu_ms_per_post": 2.55, "bytes_consed_per_post": 1978535.28, "k": 200, "store_src": "/tank/fn/scratch/fixtures/n1k-2k/store", "label": "before-1k-2", "phase": "post", "started_utc": "2026-09-26T15:50:45Z", "ended_utc": "2026-09-26T15:50:48Z", "image": "/tank/fn/scratch/throughput-gate/native-img-6407de336/tree/build/fn-host-developer", "core_sha256": "8cd82dcc4676d5cc4f52120835488d57129dfd86bc2cfa592ec542fd1908a6e8"}
   rc=0
== post /tank/fn/scratch/post-identity-index/native-r1/tree/build/fn-host-developer /tank/fn/scratch/fixtures/n1k-2k/store /dev/shm/pidx/after-1k-2 after-1k-2 200 15:50:48Z load 10.80 10.75 11.34
post done {"open_s": 1.2875718912109733, "post": {"n": 200, "min_ms": 2.133360132575035, "median_ms": 2.4309619329869747, "p95_ms": 4.096070304512978, "max_ms": 7.029954344034195}, "window_wall_s": 0.5271585397422314, "owner_cpu_ms_per_post": 2.55, "bytes_consed_per_post": 1978704.88, "k": 200, "store_src": "/tank/fn/scratch/fixtures/n1k-2k/store", "label": "after-1k-2", "phase": "post", "started_utc": "2026-09-26T15:50:48Z", "ended_utc": "2026-09-26T15:50:50Z", "image": "/tank/fn/scratch/post-identity-index/native-r1/tree/build/fn-host-developer", "core_sha256": "994b94c83570655498b37da39fdfe57ce253122ab73a84bb2c752d45e7b754c8"}
   rc=0
== post /tank/fn/scratch/throughput-gate/native-img-6407de336/tree/build/fn-host-developer /tank/fn/scratch/fixtures/n10k-2k/store /dev/shm/pidx/before-10k-2 before-10k-2 200 15:50:51Z load 10.73 10.74 11.33
post done {"open_s": 13.111794107593596, "post": {"n": 200, "min_ms": 3.231009468436241, "median_ms": 4.088451154530048, "p95_ms": 7.16734305024147, "max_ms": 13.036605902016163}, "window_wall_s": 0.9214033037424088, "owner_cpu_ms_per_post": 4.450000000000003, "bytes_consed_per_post": 2123559.84, "k": 200, "store_src": "/tank/fn/scratch/fixtures/n10k-2k/store", "label": "before-10k-2", "phase": "post", "started_utc": "2026-09-26T15:50:51Z", "ended_utc": "2026-09-26T15:51:06Z", "image": "/tank/fn/scratch/throughput-gate/native-img-6407de336/tree/build/fn-host-developer", "core_sha256": "8cd82dcc4676d5cc4f52120835488d57129dfd86bc2cfa592ec542fd1908a6e8"}
   rc=0
== post /tank/fn/scratch/post-identity-index/native-r1/tree/build/fn-host-developer /tank/fn/scratch/fixtures/n10k-2k/store /dev/shm/pidx/after-10k-2 after-10k-2 200 15:51:06Z load 10.72 10.73 11.32
post done {"open_s": 13.926440839655697, "post": {"n": 200, "min_ms": 2.769279293715954, "median_ms": 4.728688858449459, "p95_ms": 5.712692625820637, "max_ms": 12.528955936431885}, "window_wall_s": 0.940027816221118, "owner_cpu_ms_per_post": 4.550000000000001, "bytes_consed_per_post": 2123603.2, "k": 200, "store_src": "/tank/fn/scratch/fixtures/n10k-2k/store", "label": "after-10k-2", "phase": "post", "started_utc": "2026-09-26T15:51:06Z", "ended_utc": "2026-09-26T15:51:21Z", "image": "/tank/fn/scratch/post-identity-index/native-r1/tree/build/fn-host-developer", "core_sha256": "994b94c83570655498b37da39fdfe57ce253122ab73a84bb2c752d45e7b754c8"}
   rc=0
== post /tank/fn/scratch/post-identity-index/native-r1/tree/build/fn-host-developer /tank/fn/scratch/fixtures/n10k-2k/store /dev/shm/pidx/after-10k-cpu after-10k-cpu 200 cpu 15:51:22Z load 10.63 10.71 11.30
post done {"open_s": 13.463944151997566, "post": {"n": 200, "min_ms": 2.9279924929142, "median_ms": 4.790462087839842, "p95_ms": 5.686917342245579, "max_ms": 18.450557254254818}, "window_wall_s": 0.9770855652168393, "owner_cpu_ms_per_post": 4.6999999999999975, "bytes_consed_per_post": 2123968.64, "sprof_error": null, "k": 200, "store_src": "/tank/fn/scratch/fixtures/n10k-2k/store", "label": "after-10k-cpu", "phase": "post", "started_utc": "2026-09-26T15:51:22Z", "ended_utc": "2026-09-26T15:51:38Z", "image": "/tank/fn/scratch/post-identity-index/native-r1/tree/build/fn-host-developer", "core_sha256": "994b94c83570655498b37da39fdfe57ce253122ab73a84bb2c752d45e7b754c8"}
   rc=0
== post /tank/fn/scratch/throughput-gate/native-img-6407de336/tree/build/fn-host-developer /tank/fn/scratch/fixtures/n10k-2k/store /dev/shm/pidx/before-10k-cpu before-10k-cpu 200 cpu 15:51:38Z load 10.23 10.62 11.26
post done {"open_s": 12.62987149041146, "post": {"n": 200, "min_ms": 3.120996057987213, "median_ms": 3.788958303630352, "p95_ms": 5.986466072499752, "max_ms": 18.18966120481491}, "window_wall_s": 0.8403025502339005, "owner_cpu_ms_per_post": 4.0500000000000025, "bytes_consed_per_post": 2123801.36, "sprof_error": null, "k": 200, "store_src": "/tank/fn/scratch/fixtures/n10k-2k/store", "label": "before-10k-cpu", "phase": "post", "started_utc": "2026-09-26T15:51:38Z", "ended_utc": "2026-09-26T15:51:54Z", "image": "/tank/fn/scratch/throughput-gate/native-img-6407de336/tree/build/fn-host-developer", "core_sha256": "8cd82dcc4676d5cc4f52120835488d57129dfd86bc2cfa592ec542fd1908a6e8"}
   rc=0
MEASURE-DONE 15:51:54Z
