checkpoint cut candidate-file
checkpoint cut candidate-link
checkpoint cut candidate-directory
checkpoint cut selection-file
checkpoint cut selection-replace
checkpoint cut selection-directory
checkpoint cut pack-chain-link
checkpoint cut pack-reclaim-unlink
checkpoint cut pack-reclaim-directory
checkpoint cut pack-retire-unlink
checkpoint cut pack-retire-directory
cut frontier-created
cut frontier-written
cut frontier-staged-durable
cut frontier-replaced
cut frontier-attempted
cut frontier-durable
cut frontier-reserved
cut record-created
cut record-written
cut record-staged-durable
cut record-linked
cut record-attempted
cut record-durable
cut record-completing
cut record-stage-unlinked
cut record-staging-cleaned
cut marker-created
cut marker-written
cut marker-staged-durable
cut marker-replaced
cut marker-durable
cut finish-consumed
cut finish-durable
cut recover-replayed
cut recover-barrier-1
cut recover-barrier-2
cut recover-barrier-3
cut recover-barrier-4
cut recover-barrier-5
cut recovery-stage-unlinked
faults
	Command being timed: "python3 -m tests.campaign.native_operator_campaign --images /tank/fn/gates/qual-dfa810fc-20260926/build/images/dfa810fceabedde937ba7e4bfa46b43fd599ac62 --work /tank/fn/scratch/qual-dfa810fc/campaign/work --out /tank/fn/scratch/qual-dfa810fc/campaign/campaign.json"
	User time (seconds): 82.17
	System time (seconds): 70.56
	Percent of CPU this job got: 21%
	Elapsed (wall clock) time (h:mm:ss or m:ss): 11:43.92
	Average shared text size (kbytes): 0
	Average unshared data size (kbytes): 0
	Average stack size (kbytes): 0
	Average total size (kbytes): 0
	Maximum resident set size (kbytes): 347328
	Average resident set size (kbytes): 0
	Major (requiring I/O) page faults: 60
	Minor (reclaiming a frame) page faults: 28159513
	Voluntary context switches: 36956
	Involuntary context switches: 6221
	Swaps: 0
	File system inputs: 396704
	File system outputs: 24080
	Socket messages sent: 0
	Socket messages received: 0
	Signals delivered: 0
	Page size (bytes): 4096
	Exit status: 0
rc=0
