PASS marker-created-kill-store fault_rc=-9 tx=2 recover=0 resubmit_dup=True third=0 lost_refused=True
PASS marker-created-kill-operator fault_rc=3 tx=2 recover=0 resubmit_dup=True third=0 lost_refused=True
PASS marker-created-eio-store fault_rc=3 tx=2 recover=0 resubmit_dup=True third=0 lost_refused=True
PASS marker-created-eio-operator fault_rc=3 tx=2 recover=0 resubmit_dup=True third=0 lost_refused=True
PASS marker-written-kill-store fault_rc=-9 tx=2 recover=0 resubmit_dup=True third=0 lost_refused=True
PASS marker-written-kill-operator fault_rc=3 tx=2 recover=0 resubmit_dup=True third=0 lost_refused=True
PASS marker-written-eio-store fault_rc=3 tx=2 recover=0 resubmit_dup=True third=0 lost_refused=True
PASS marker-written-eio-operator fault_rc=3 tx=2 recover=0 resubmit_dup=True third=0 lost_refused=True
PASS marker-staged-durable-kill-store fault_rc=-9 tx=2 recover=0 resubmit_dup=True third=0 lost_refused=True
PASS marker-staged-durable-kill-operator fault_rc=3 tx=2 recover=0 resubmit_dup=True third=0 lost_refused=True
PASS marker-staged-durable-eio-store fault_rc=3 tx=2 recover=0 resubmit_dup=True third=0 lost_refused=True
PASS marker-staged-durable-eio-operator fault_rc=3 tx=2 recover=0 resubmit_dup=True third=0 lost_refused=True
PASS marker-replaced-kill-store fault_rc=-9 tx=2 recover=0 resubmit_dup=True third=0 lost_refused=True
PASS marker-replaced-kill-operator fault_rc=3 tx=2 recover=0 resubmit_dup=True third=0 lost_refused=True
PASS marker-replaced-eio-store fault_rc=3 tx=2 recover=0 resubmit_dup=True third=0 lost_refused=True
PASS marker-replaced-eio-operator fault_rc=3 tx=2 recover=0 resubmit_dup=True third=0 lost_refused=True
PASS marker-durable-kill-store fault_rc=-9 tx=2 recover=0 resubmit_dup=True third=0 lost_refused=True
PASS marker-durable-kill-operator fault_rc=3 tx=2 recover=0 resubmit_dup=True third=0 lost_refused=True
PASS marker-durable-eio-store fault_rc=3 tx=2 recover=0 resubmit_dup=True third=0 lost_refused=True
PASS marker-durable-eio-operator fault_rc=3 tx=2 recover=0 resubmit_dup=True third=0 lost_refused=True
marker cuts: 20/20 pass
	Command being timed: "python3 ../marker_cuts.py /tank/fn/gates/qual-dfa810fc-20260926/build/images/dfa810fceabedde937ba7e4bfa46b43fd599ac62/fn-host-developer /tank/fn/scratch/qual-dfa810fc/campaign/marker-work /tank/fn/scratch/qual-dfa810fc/campaign/marker-cuts.json"
	User time (seconds): 12.74
	System time (seconds): 10.96
	Percent of CPU this job got: 24%
	Elapsed (wall clock) time (h:mm:ss or m:ss): 1:36.53
	Average shared text size (kbytes): 0
	Average unshared data size (kbytes): 0
	Average stack size (kbytes): 0
	Average total size (kbytes): 0
	Maximum resident set size (kbytes): 342144
	Average resident set size (kbytes): 0
	Major (requiring I/O) page faults: 116
	Minor (reclaiming a frame) page faults: 3963658
	Voluntary context switches: 5023
	Involuntary context switches: 825
	Swaps: 0
	File system inputs: 56707
	File system outputs: 299
	Socket messages sent: 0
	Socket messages received: 0
	Signals delivered: 0
	Page size (bytes): 4096
	Exit status: 0
rc=0
