> AUTHINFO USER ember
< 381 password required
> AUTHINFO PASS reader-spike-ember
< 281 authentication accepted
> GROUP fn.test
< 211 2 1 2 fn.test
> XPAT Subject 1-10 *zzz*
< 221 header follows
> XPAT Subject 1-10 Re:*
< 221 header follows
   2 Re: probe root
> XPAT From 1-10 *guest*
< 221 header follows
   2 guest <guest@x.invalid>
> XPAT subject 1-10 *PROBE*
< 221 header follows
> XPAT Subject 1-10 *root* *zzz*
< 221 header follows
> XPAT Subject <probe-root@x.invalid> *
< 221 header follows
   <probe-root@x.invalid> probe root
> HDR :fn-verified <probe-irt@x.invalid>
< 225 headers follow
   0 absent no-field
> XPAT Subject 1- *[Rr]e*
< 221 header follows
> QUIT
< 205 closing connection
   
   
   
   
   
   
   
   
   
   
   
   
   
   
   
   
   
   
   
   
   
   
   
   
   
   
   
   
   
   
   
   
   
   
   
   
   
   
   
   
   
   
   
   
   
   
   
   
   
   
   
   
   
   
   
   
   
   
   
   
   
   
   
   
   
   
   
   
   
   
   
   
   
   
   
   
   
   
   
   
   
   
   
   
   
   
   
   
   
   
   
   
   
   
   
   
   
   
   
   
   
   
   
   
   
   
   
   
   
   
   
   
   
   
   
   
   
   
   
   
   
   
   
   
   
   
   
   
   
   
   
   
   
   
   
   
   
   
   
   
   
   
   
   
   
   
   
   
   
   
   
   
   
   
   
   
   
   
   
   
   
   
   
   
   
   
   
   
   
   
   
   
   
   
   
   
   
   
   
   
   
   
   
   
   
   
   
   
   
   
   
   
   
   
   
   
   
   
   
   
   
   
   
   
   
   
   
   
   
   
   
   
   
   
   
   
   
   
   
   
   
   
   
   
   
   
   
   
   
   
   
   
   
   
   
   
   
   
   
   
   
   
   
   
   
   
   
   
   
   
   
   
   
   
   
   
   
   
   
   
   
   
   
   
   
   
   
   
   
   
   
   
   
   
   
   
   
   
   
   
   
   
   
   
   
   
   
   
   
   
   
   
   
   
   
   
   
   
   
   
   
   
   
   
   
   
   
   
   
   
   
   
   
   
   
   
   
   
   
   
   
   
   
   
   
  