$ fn bp-node serve 58171 /tank/fn/scratch/m4-native-request/final/dtn7-unauthorized/b-fnbs /tank/fn/scratch/m4-native-request/final/dtn7-unauthorized/b-store /tank/fn/scratch/m4-native-request/final/dtn7-unauthorized/b-fnrj /tank/fn/scratch/m4-native-request/final/dtn7-unauthorized/b-fnwf dtn://receiver/ dtn://sender/ dtn://receiver/ native-policy dtn://receiver/ 127.0.0.1 42995 0 3600000 2 32 1048576 843606755563 60000
BP FNBS recovered held=0
BP queue recovered jobs=0
BP NODE LISTENING 58171
TCPCL bp-node event (:SEND :CONTACT 6)
TCPCL bp-node event (:SEND :SESS-INIT 40)
TCPCL bp-node event (:SESSION-UP 10 64000 64000 NIL)
TCPCL bp-node event (:SEND :XFER-ACK 18)
TCPCL bp-node event (:SEND :XFER-ACK 18)
TCPCL bp-node event (:SEND :XFER-ACK 18)
TCPCL bp-node event (:SEND :XFER-ACK 18)
TCPCL bp-node event (:SEND :XFER-ACK 18)
TCPCL bp-node event (:SEND :XFER-ACK 18)
TCPCL bp-node event (:SEND :XFER-ACK 18)
TCPCL bp-node event (:BUNDLE-RECEIVED 1 6438)
BP accepted xfer=1 adu=6314 path=/tank/fn/scratch/m4-native-request/final/dtn7-unauthorized/b-fnbs/lifecycle/00000000000000000001-00000000000000000000.fnb
TCPCL bp-node accepted xfer=1 path=/tank/fn/scratch/m4-native-request/final/dtn7-unauthorized/b-fnbs/lifecycle/00000000000000000001-00000000000000000000.fnb
TCPCL bp-node aux (:SEND :KEEPALIVE 1)
TCPCL bp-node event (:SEND :SESS-TERM 3)
TCPCL bp-node event (:PEER-TERMINATING 1)
TCPCL bp-node event (:CLOSE)
TCPCL bp-node event peer gone before send: [Errno 32] Broken pipe
TCPCL bp-node summary accepted=1 refused=0 uncertain=0 phase=closed
BP node source refused reason=source-not-carried
BP application handoff durable
BP node delivery request-refused
