# friends_signed start 2026-09-26T15:14:36Z
STEP fn --version (the tarball's bin/fn) rc=0
  | fn 69046a76798b8be6169eeed5a66cc46fbe399e51
STEP init local.general rc=0 OK
  | initialized /tank/fn/scratch/qual-69046a76/friends/signed/store
  | accepted operator init
STEP policy set posting-policy bound-logins rc=0 OK
  | configured generation=2 record=00000002.cfg verification=VERIFIED
  | accepted operator policy
STEP principal set-password alice --posting (before the start: passwords are read at start) rc=0
  | alice principal=4aa4777cebc73c20cba9b7b4aaa8f7e95d447b7baac8fb2240d11284e1a20ef4 posting=true
  | Password: Confirm password: accepted operator principal set-password effective-at-next-start
OWNER pid=2214483 LISTENING lines=2 after 0.2 s
STEP account invite rc=0
  > XREDEEM <code> robin -> 381 send the password with XREDEEM PASS
  > XREDEEM PASS *** -> 281 account bound; authenticate with AUTHINFO on a new connection
STEP account list rc=0
  | redeemed robin 2bf135d14ca41411802113a95844008b1c23f9b899d1695a889365fa409b6eef
  | accepted operator account
  robin's account principal (bound at redemption): 2bf135d14ca41411802113a95844008b1c23f9b899d1695a889365fa409b6eef
STEP hybrid-enroll P generation 1 (tarball bin/fn) rc=0 OK
STEP hybrid-enroll Q generation 2 (tarball bin/fn) rc=0 OK
STEP hybrid-enroll A generation 3 (tarball bin/fn) rc=0 OK
  > AUTHINFO USER robin -> 381 password required
  > AUTHINFO PASS *** -> 281 authentication accepted
  > GROUP local.general -> 211 0 1 0 local.general
STEP hybrid-sign-carrier <robin-signed-a@friend.example> (tarball bin/fn) rc=0
  > POST -> 340 send article to be posted
  > POST <7733 octets> -> 240 article received OK
RESULT redeemed-login-signed-as-its-account-principal=True
STEP principal bind robin A (a redeemed account's login; live) rc=1
  | refused operator principal bind unknown-login
STEP principal bind alice P (live) rc=0
  | alice principal=4aa4777cebc73c20cba9b7b4aaa8f7e95d447b7baac8fb2240d11284e1a20ef4 posting=true signing=5555555555555555555555555555555555555555555555555555555555555555
  | accepted operator principal bind applied
  > AUTHINFO USER alice -> 381 password required
  > AUTHINFO PASS *** -> 281 authentication accepted
  session A opened while alice is bound to P
  > GROUP local.general -> 211 1 1 1 local.general
STEP principal bind alice Q (live rebind) rc=0
  | alice principal=4aa4777cebc73c20cba9b7b4aaa8f7e95d447b7baac8fb2240d11284e1a20ef4 posting=true signing=5656565656565656565656565656565656565656565656565656565656565656
  | accepted operator principal bind applied
STEP hybrid-sign-carrier <alice-signed-p@friend.example> (tarball bin/fn) rc=0
  > POST -> 340 send article to be posted
  > POST <7749 octets> -> 240 article received OK
  > AUTHINFO USER alice -> 381 password required
  > AUTHINFO PASS *** -> 281 authentication accepted
STEP hybrid-sign-carrier <alice-signed-p2@friend.example> (tarball bin/fn) rc=0
  > POST -> 340 send article to be posted
  > POST <7727 octets> -> 441 posting failed; the login is not bound to this signing principal
STEP hybrid-sign-carrier <alice-signed-q@friend.example> (tarball bin/fn) rc=0
  > POST -> 340 send article to be posted
  > POST <7730 octets> -> 240 article received OK
  > POST -> 340 send article to be posted
  > POST <139 octets> -> 441 posting failed; this login posts only articles signed by its bound principal
RESULT session-A-keeps-P=True new-session-P-refused=True bound-Q-accepted=True unsigned-refused=True
  > GROUP local.general -> 211 3 1 3 local.general
  > HDR :fn-verified <robin-signed-a@friend.example> -> 225 headers follow
    0 verified 2bf135d14ca41411802113a95844008b1c23f9b899d1695a889365fa409b6eef keyring 3
  > HDR :fn-verified <alice-signed-q@friend.example> -> 225 headers follow
    0 verified 5656565656565656565656565656565656565656565656565656565656565656 keyring 2
  > HDR :fn-verified <alice-signed-p@friend.example> -> 225 headers follow
    0 verified 5555555555555555555555555555555555555555555555555555555555555555 keyring 1
  > HDR :fn-enrollment <robin-signed-a@friend.example> -> 225 headers follow
    0 active 2bf135d14ca41411802113a95844008b1c23f9b899d1695a889365fa409b6eef keyring 3
  > HDR :fn-enrollment <alice-signed-q@friend.example> -> 225 headers follow
    0 active 5656565656565656565656565656565656565656565656565656565656565656 keyring 2
  > HDR :fn-enrollment <alice-signed-p@friend.example> -> 225 headers follow
    0 active 5555555555555555555555555555555555555555555555555555555555555555 keyring 1
  > ARTICLE <robin-signed-a@friend.example> -> 220 1 <robin-signed-a@friend.example> article follows
    headers: ['Path: fn.example.invalid!not-for-mail', 'Injection-Info: fn.example.invalid']
  > QUIT -> 205 closing connection
  > QUIT -> 205 closing connection
  > QUIT -> 205 closing connection
  > QUIT -> 205 closing connection
OWNER exit 0
  fn.log| account redeem bound redeem
  fn.log| post login=robin unbound
  fn.log| post login=alice bound=5555555555555555555555555555555555555555555555555555555555555555
  fn.log| post login=alice refused login-not-bound
  fn.log| post login=alice bound=5656565656565656565656565656565656565656565656565656565656565656
  fn.log| post login=alice refused login-unsigned
# rc=0 wall=7
