# label prod start 2026-09-26T12:55:52Z cwd /tank/fn/scratch/qual-dfa810fc/tree
# FN_NATIVE_HOST /tank/fn/gates/qual-dfa810fc-20260926/build/images/dfa810fceabedde937ba7e4bfa46b43fd599ac62/fn-host
# FN_NATIVE_BP_HOST /tank/fn/gates/qual-dfa810fc-20260926/build/images/dfa810fceabedde937ba7e4bfa46b43fd599ac62/fn-host-dtn FN_NATIVE_BP_NODE_HOST /tank/fn/gates/qual-dfa810fc-20260926/build/images/dfa810fceabedde937ba7e4bfa46b43fd599ac62/fn-host-dtn-developer
# env FN_ACL2=/tank/fn/toolchains/w28/acl2-literal-4g
# env FN_CERT_CACHE=/tank/fn/certcache
# env FN_D23_VERIFY=1
# env FN_DTN7_REPO=/tank/fn/dtn7/repo
# env FN_FORMAT7_IMAGE=/tank/fn/gates/qual-c3420013-20260925/build/images/c3420013/fn-host
# env FN_INN_SRC=/tank/fn/inn/2.7.4
# env FN_NATIVE_BP_HOST=/tank/fn/gates/qual-dfa810fc-20260926/build/images/dfa810fceabedde937ba7e4bfa46b43fd599ac62/fn-host-dtn
# env FN_NATIVE_BP_NODE_HOST=/tank/fn/gates/qual-dfa810fc-20260926/build/images/dfa810fceabedde937ba7e4bfa46b43fd599ac62/fn-host-dtn-developer
# env FN_NATIVE_CONTACT_RECEIVER=/tank/fn/gates/qual-dfa810fc-20260926/build/images/dfa810fceabedde937ba7e4bfa46b43fd599ac62/fn-host-dtn
# env FN_NATIVE_CONTACT_SENDER=/tank/fn/gates/qual-dfa810fc-20260926/build/images/dfa810fceabedde937ba7e4bfa46b43fd599ac62/fn-host-dtn
# env FN_NATIVE_CORE_SHA256=099429ddd26c4737d2a026db067f6ccd236e1bdd16dafe19da1cb708847509b6
# env FN_NATIVE_CRASH_HOST=/tank/fn/gates/qual-dfa810fc-20260926/build/images/dfa810fceabedde937ba7e4bfa46b43fd599ac62/fn-host-developer
# env FN_NATIVE_DEVELOPER_CORE_SHA256=58fb652dfa713a995fbfd9fcdf93ed86a7f26a09a34a5232544331cc8dd61d1a
# env FN_NATIVE_DEVELOPER_HOST=/tank/fn/gates/qual-dfa810fc-20260926/build/images/dfa810fceabedde937ba7e4bfa46b43fd599ac62/fn-host-developer
# env FN_NATIVE_DEVELOPER_LAUNCHER_SHA256=e4eeefd290450e7497dade96e2c4089e0caacfa88f72c737f51a92b2f3b2ba18
# env FN_NATIVE_DTN_DEVELOPER_HOST=/tank/fn/gates/qual-dfa810fc-20260926/build/images/dfa810fceabedde937ba7e4bfa46b43fd599ac62/fn-host-dtn-developer
# env FN_NATIVE_DTN_HOST=/tank/fn/gates/qual-dfa810fc-20260926/build/images/dfa810fceabedde937ba7e4bfa46b43fd599ac62/fn-host-dtn
# env FN_NATIVE_HOST=/tank/fn/gates/qual-dfa810fc-20260926/build/images/dfa810fceabedde937ba7e4bfa46b43fd599ac62/fn-host
# env FN_NATIVE_IMAGE_SOURCE_SHA=dfa810fc
# env FN_NATIVE_LAUNCHER_SHA256=432622d29a28d59455e01f3e5b426036c5862db21d5f7d1205a9304ab11e3505
# env FN_NATIVE_READER_HOST=/tank/fn/gates/qual-dfa810fc-20260926/build/images/dfa810fceabedde937ba7e4bfa46b43fd599ac62/fn-host-developer
# env FN_NATIVE_RUNTIME_SHA256=b115fe956aadee603459fac401e1ff2cc39321e14848544a0fe438788a2fc6d5
# env FN_NATIVE_SOURCE_ROOT=/tank/fn/scratch/qual-dfa810fc/tree
# env FN_NATIVE_TEST_DIAGNOSTIC_DIR=/tank/fn/scratch/qual-dfa810fc/diag/prod
# env FN_OLD_IMAGE=/tank/fn/gates/qual-bbf52159-20260925/build/images/bbf52159dcab19228bd6cd0b855b99dd6d68758d/fn-host
# env FN_OLD_NATIVE_HOST=/tank/fn/gates/qual-c3420013-20260925/build/images/c3420013/fn-host
# env FN_OPENSSL_PREFIX=/tank/fn/toolchains/openssl-3.5.8
# env FN_OPENSSL=/tank/fn/toolchains/openssl-3.5.8/bin/openssl
# env FN_RUN_CONSUMER_E2E=1
# env FN_RUN_CONSUMER_EXCHANGE=1
# env FN_RUN_CONSUMER_INSPECT=1
# env FN_RUN_CONSUMER_POLL_E2E=1
# env FN_RUN_CONSUMER_PROJECT_BOUNDS=1
# env FN_RUN_HYBRID_E2E=1
# env FN_RUN_NATIVE_CLONE=1
# env FN_RUN_NATIVE_READER_INDEX=1
# env FN_RUN_TOPIC_LOCAL_E2E=1
# env FN_RUN_TOPIC_METADATA_E2E=1
# env FN_RUN_VERIFY_E2E=1
# env FN_TEST_OPENSSL=/tank/fn/scratch/qual-dfa810fc/bin/test-openssl
# env LD_LIBRARY_PATH=/tank/fn/toolchains/openssl-3.5.8/lib
# env SBCL_HOME=/tank/fn/gates/qual-dfa810fc-20260926/build/images/dfa810fceabedde937ba7e4bfa46b43fd599ac62/runtime/sbcl-home/
tests.test_checkpoint: 30.6 s of 180 s, 7 tests, ok
       15.81 s  CheckpointTests.test_corrupt_marker_is_reported
        7.47 s  CheckpointTests.test_process_death_at_every_cut_recovers_old_authority_or_complete_generation
        2.94 s  CheckpointTests.test_publish_select_and_suffix_replay_on_128_records
tests.test_fn_verify: 14.6 s of 180 s, 33 tests, ok
        7.27 s  NativeVerifyTests.test_an_article_past_the_profile_over_tls_is_a_441_and_the_owner_serves_on
        0.45 s  FakeNodeVerifyTests.test_a_lying_node_is_2
        0.38 s  FakeNodeVerifyTests.test_check_article_is_the_offline_independent_check
tests.test_fn_web_native: 11.9 s of 180 s, 5 tests, ok
        3.16 s  NativeProvenanceWebTests.test_enrollment_rotation_and_revocation_beside_the_historical_verdict
        2.31 s  NativeProtectedWebClientTests.test_thread_reply_outcomes_verdict_unread_and_resume
        2.24 s  NativeWebClientTests.test_durable_draft_lost_post_reply_and_restart_keep_one_native_article
tests.test_native_admin: 8.6 s of 180 s, 9 tests, ok
        1.63 s  NativeAdminTests.test_create_capacity_retire_reopen_preserves_history
        1.32 s  NativeAdminTests.test_live_uncertain_publication_fences_and_recovers
        1.31 s  NativeAdminTests.test_running_owner_applies_durable_administration
tests.test_native_auth_admin_fidelity: 3.2 s of 180 s, 3 tests, FAILED (2 failures, 0 errors, exit 1)
        1.51 s  NativeAuthAdminFidelityTests.test_post_rename_eio_is_uncertain_then_fresh_process_recovers
        1.46 s  NativeAuthAdminFidelityTests.test_sigkill_after_rename_recovers_in_a_new_process
        0.00 s  NativeAuthAdminSourceMapTests.test_each_model_cut_is_on_the_actual_raw_executor
tests.test_native_auth: 8.9 s of 180 s, 5 tests, ok
        2.86 s  NativeAuthTests.test_restricted_command_before_login_is_480_and_leaves_no_article
        2.72 s  NativeAuthTests.test_generated_credential_gates_reader_and_does_not_grant_transit
        1.82 s  NativeAuthTests.test_a_rebinding_applies_live_and_an_open_session_keeps_its_binding
tests.test_native_block_fault_ownership: 0.2 s of 180 s, 6 tests, ok
        0.04 s  NativeBlockFaultOwnershipTests.test_live_same_core_in_another_session_is_excluded
        0.00 s  NativeBlockFaultOwnershipTests.test_signal_rechecks_start_time_and_session_before_pidfd_signal
        0.00 s  NativeBlockFaultOwnershipTests.test_owned_pidfd_signal_uses_rechecked_exact_identity
tests.test_native_bounds_blob: 1.6 s of 180 s, 1 tests, ok
        1.51 s  OperatorPostAboveTheOldBlobTests.test_operator_post_carries_up_to_a_and_names_one_octet_past
tests.test_native_bounds_join: 10.9 s of 180 s, 2 tests, FAILED (2 failures, 0 errors, exit 1)
        7.40 s  DeployRehearsalTests.test_step_rollback_step_post_3_mib_restart
        3.39 s  LargeArticleTests.test_a_4_mib_profile_admits_33k_200k_3m_and_names_the_size_past_it
tests.test_native_checkpoint: 82.8 s of 180 s, 26 tests, OVER BUDGET (a test over 20 s: test_reclaim_cuts_keep_served_view_and_next_number 37.9 s; also exit 1)
       37.93 s  NativeCheckpointTests.test_reclaim_cuts_keep_served_view_and_next_number
       11.02 s  NativeProductionCompactTests.test_operator_compact_keeps_every_article_and_next_number
        7.06 s  NativeCheckpointTests.test_reclaim_keeps_served_view_watermarks_and_next_number
tests.test_native_compaction_crash_map: 0.1 s of 180 s, 4 tests, ok
        0.00 s  NativeCompactionCrashMapTests.test_actual_reclaim_calls_logical_plan_subject
        0.00 s  NativeCompactionCrashMapTests.test_each_native_cut_is_a_model_program_cut
        0.00 s  NativeCompactionCrashMapTests.test_recovery_calls_exact_observation_subject
tests.test_native_consumer_e2: 11.2 s of 180 s, 4 tests, ok
        4.88 s  NativeConsumerE2Tests.test_durable_scope_ack_and_unrelated_article
        3.67 s  NativeConsumerE2Tests.test_signed_composite_poll_and_lost_positive_ack_reply
        2.55 s  NativeConsumerE2Tests.test_lost_register_reply_resolves_by_reopened_position
tests.test_native_consumer_exchange: 36.8 s of 180 s, 8 tests, ok
       12.37 s  NativeConsumerExchangeTests.test_two_sleeping_agents_exchange_across_every_ownership_cut
        6.27 s  NativeConsumerExchangeTests.test_a_conflicting_claim_arrives_before_and_after_the_legitimate_one
        5.34 s  NativeConsumerExchangeTests.test_death_while_recording_and_before_sending_are_reconciled
tests.test_native_consumer_inspect: 0.7 s of 180 s, 4 tests, ok
        0.33 s  NativeConsumerInspectTests.test_truncated_trailing_and_unknown_version_refuse
        0.08 s  NativeConsumerInspectTests.test_exact_max_cursor_and_high_octet_ids
        0.08 s  NativeConsumerInspectTests.test_zero_position_is_reported_exactly
tests.test_native_consumer_project_bounds: 0.4 s of 180 s, 2 tests, FAILED (1 failures, 0 errors, exit 1)
        0.17 s  NativeConsumerProjectBoundsTests.test_overbound_cursor_and_event_refuse_without_projection
        0.08 s  NativeConsumerProjectBoundsTests.test_malformed_within_bound_uses_acl2_codec_refusal
tests.test_native_control_authority: 2.8 s of 180 s, 1 tests, ok
        2.72 s  NativeControlAuthorityTests.test_grant_and_revoke_through_the_live_path_are_durable
tests.test_native_control_filing: 20.2 s of 180 s, 5 tests, ok
        7.56 s  NativeControlFilingTests.test_two_node_withdrawal
        3.84 s  NativeControlFilingTests.test_transit_ihave
        3.59 s  NativeControlFilingTests.test_signed_withdrawal
tests.test_native_control: 34.0 s of 180 s, 16 tests, FAILED (1 failures, 0 errors, exit 1)
       11.24 s  NativeControlTests.test_partial_frame_has_one_absolute_deadline
        6.88 s  NativeControlTests.test_the_production_image_refuses_every_selector_at_startup
        3.54 s  NativeControlTests.test_two_clients_sigterm_cleanup_and_restart
tests.test_native_crash_correspondence: 0.1 s of 180 s, 8 tests, ok
        0.03 s  NativeCrashCorrespondenceTests.test_recovery_cuts_run_in_program_order_and_sweep_after_the_barriers
        0.00 s  NativeCrashCorrespondenceTests.test_actual_owner_calls_the_three_native_persistence_subjects
        0.00 s  NativeCrashCorrespondenceTests.test_allocator_observations_and_cuts_follow_syscalls
tests.test_native_crash_model: 55.4 s of 180 s, 7 tests, OVER BUDGET (a test over 20 s: test_all_native_post_process_death_cuts 49.0 s)
       48.95 s  NativeCrashModelTests.test_all_native_post_process_death_cuts
        3.61 s  NativeCrashModelTests.test_the_frame_is_the_sent_articles_not_anothers
        1.58 s  NativeCrashModelTests.test_recovery_stage_unlink_process_death_scans_and_reopens
tests.test_native_cut_map: 0.1 s of 180 s, 3 tests, ok
        0.01 s  NativeCutMapTests.test_every_declared_native_cut_is_a_model_program_cut
        0.00 s  NativeCutMapTests.test_checkpoint_cuts_match_native_and_reclaim_program
        0.00 s  NativeCutMapTests.test_outcomes_remain_explicit
tests.test_native_frozen_relocation: 0.1 s of 180 s, 2 tests, ok
        0.00 s  FrozenRelocationTest.test_missing_bundled_openssl_refuses_startup
        0.00 s  FrozenRelocationTest.test_relocated_image_uses_bundled_tls_and_ml_dsa
tests.test_native_history_marker: 5.7 s of 180 s, 6 tests, ok
        4.02 s  NativeHistoryMarkerTests.test_every_marker_cut_recovers_and_keeps_detecting
        0.55 s  NativeHistoryMarkerTests.test_a_burned_reservation_is_not_a_lost_record
        0.41 s  NativeHistoryMarkerTests.test_a_lost_newest_transaction_file_is_refused_with_the_reason
tests.test_native_history_required: 56.1 s of 180 s, 6 tests, OVER BUDGET (a test over 20 s: test_the_served_owner_at_every_marker_cut 31.2 s)
       31.24 s  RetryResolutionTests.test_the_served_owner_at_every_marker_cut
       12.78 s  MigrationTests.test_every_migration_cut_reopens_consistently
        6.16 s  RetryResolutionTests.test_the_catch_up_cuts
tests.test_native_hybrid_author: 36.5 s of 180 s, 11 tests, FAILED (1 failures, 0 errors, exit 1)
        6.61 s  NativeHybridAuthorTest.test_unenrolled_receiver_refuses_authored_carrier_once_and_both_sides_log_it
        5.06 s  NativeHybridAuthorTest.test_d23_allowlisted_relay_carries_and_the_enrolled_sink_verifies
        4.21 s  NativeHybridAuthorTest.test_carried_budget_and_refusal_classes
tests.test_native_initializer_fidelity: 1.8 s of 180 s, 11 tests, ok
        0.22 s  NativeInitializerFidelityTests.test_sigkill_after_actual_config_eexist_leaves_existing_store_openable
        0.22 s  NativeInitializerFidelityTests.test_history_fenced_process_death_retries_through_config_eexist
        0.21 s  NativeInitializerFidelityTests.test_existing_valid_init_takes_actual_eexist_links_then_reopens
tests.test_native_key_statements: 11.6 s of 180 s, 5 tests, FAILED (2 failures, 0 errors, exit 1)
        3.80 s  NativeKeyStatementTests.test_a_decline_across_a_restart_with_a_grant_added
        2.62 s  NativeKeyStatementTests.test_redecide_a_declined_statement_after_its_grant
        2.61 s  NativeKeyStatementTests.test_succession_revocation_and_carried_statement
tests.test_native_live_reconfiguration: 5.2 s of 180 s, 11 tests, FAILED (3 failures, 0 errors, exit 1)
        2.35 s  LiveReconfigurationImageTests.test_a_live_peer_add_leaves_a_pinned_reader_unchanged_and_is_durable
        1.22 s  LiveReconfigurationImageTests.test_a_group_created_live_is_served_before_restart
        1.19 s  LiveReconfigurationImageTests.test_the_live_verb_answers_and_the_owner_keeps_serving
tests.test_native_newnews_migration: 0.1 s of 180 s, 1 tests, ok
        0.00 s  NativeNewnewsMigrationTests.test_legacy_horizon_and_new_stamp_on_reopened_store
tests.test_native_nntp_post_probe: 0.2 s of 180 s, 13 tests, ok
        0.03 s  RecordedRunTests.test_pre_d25_runs_fail_only_on_the_silent_swallow_and_the_wording
        0.00 s  PostArmDerivationTests.test_every_post_cut_has_the_arm_its_coordinate_gives
        0.00 s  PostArmDerivationTests.test_the_marker_cuts_are_uncertain_by_program_order
tests.test_native_operator_campaign: 0.1 s of 180 s, 5 tests, ok
        0.00 s  OperatorCampaignParsingTests.test_a_missing_report_is_none_not_zero
        0.00 s  OperatorCampaignParsingTests.test_articles_are_crlf_and_name_their_message_id
        0.00 s  OperatorCampaignParsingTests.test_recover_line_counts_are_read_exactly
tests.test_native_operator_cli: 7.0 s of 180 s, 6 tests, ok
        4.34 s  NativeOperatorCliTests.test_operator_run_uses_acl2_projected_ipv4_loopbacks
        2.17 s  NativeOperatorCliTests.test_operator_run_uses_acl2_projected_ipv6_loopback
        0.23 s  NativeOperatorCliTests.test_missing_directory_and_oversize_config_are_usage
tests.test_native_operator_verbs: 9.2 s of 180 s, 22 tests, ok
        2.53 s  NativeOperatorCapacityTests.test_the_development_profile_budget_is_reported_and_refused_by_name
        2.34 s  NativeOperatorUncertainOutcomeTests.test_a_lost_durable_outcome_exits_three_and_recover_resolves_it
        1.25 s  NativeOperatorUncertainOutcomeTests.test_the_production_image_refuses_the_selector
tests.test_native_operator_verdicts: 14.1 s of 180 s, 6 tests, ok
        6.47 s  NativeOperatorVerdictTests.test_two_node_withdrawal
        3.35 s  NativeOperatorVerdictTests.test_signed_withdrawal
        1.59 s  NativeOperatorVerdictTests.test_needs_upgrade_and_rollback_check
tests.test_native_owner: 6.4 s of 180 s, 18 tests, FAILED (3 failures, 0 errors, exit 1)
        1.57 s  NativeOwnerTests.test_uncertain_commit_reconciles_its_durable_feed_intent_on_restart
        1.53 s  NativeOwnerTests.test_each_submission_and_each_connection_take_a_fresh_reading
        1.24 s  NativeOwnerTests.test_post_is_committed_and_readable_after_owner_exit
tests.test_native_peer_invite: 6.6 s of 180 s, 4 tests, FAILED (2 failures, 0 errors, exit 1)
        3.94 s  NativePeerInviteTests.test_invite_accept_confirm_and_the_refusals
        1.73 s  NativePeerInviteTests.test_an_acceptance_of_an_invitation_this_node_never_issued
        0.49 s  NativePeerInviteTests.test_accept_configures_the_inviter_and_resumes_after_a_cut
tests.test_native_peer_pull: 86.6 s of 180 s, 13 tests, OVER BUDGET (a test over 20 s: test_pull_from_inn 44.4 s; also exit 1)
       44.41 s  NativePeerPullTests.test_pull_from_inn
        7.32 s  NativePeerPullTests.test_wrong_principal_is_refused_by_the_serving_node
        6.85 s  NativePeerPullTests.test_clear_credential_is_refused_before_any_connection
tests.test_native_peering_matrix_slice: 0.7 s of 180 s, 1 tests, ok
        0.01 s  NativePeeringMatrixSliceTests.test_hybrid_prefix_reaches_probe_and_startup_failure_names_rows
tests.test_native_peering: 15.7 s of 180 s, 5 tests, ok
        4.71 s  NativePeeringTests.test_durable_feed_requeues_after_source_process_death
        3.82 s  NativePeeringTests.test_live_peer_configuration_activates_both_directions
        3.65 s  NativePeeringTests.test_public_native_nodes_exchange_both_ways_and_suppress_duplicate
tests.test_native_profile_namespace: 3.2 s of 180 s, 1 tests, ok
        3.05 s  NativeProfileNamespaceTests.test_the_operator_raises_credentials_and_generations
tests.test_native_profile_upgrade: 32.3 s of 180 s, 11 tests, ok
       11.26 s  ProfileUpgradeCutTests.test_every_cut_reopens_with_the_old_or_the_new_profile
       10.52 s  FormatSevenToEightCutTests.test_every_cut_reopens_format_7_or_format_8
        2.74 s  FormatSevenToEightTests.test_the_step_keeps_every_bound_and_writes_the_scale_frame
tests.test_native_profile: 3.0 s of 180 s, 3 tests, ok
        1.31 s  NativeProfileTests.test_posts_land_in_the_configured_log_and_name_the_path_identity
        1.23 s  NativeProfileTests.test_without_a_log_path_the_lines_go_to_stderr
        0.29 s  NativeProfileTests.test_posting_agent_and_a_relative_log_are_refused_by_name
tests.test_native_program_check: 0.8 s of 180 s, 14 tests, ok
        0.14 s  UnbalancedFormTests.test_balance_mode_exit_codes
        0.06 s  NativeProgramCheckTests.test_declared_model_cut_off_its_program_fails
        0.06 s  NativeProgramCheckTests.test_current_tree_passes_every_program_in_the_cut_table
tests.test_native_protected_peering: 35.6 s of 180 s, 5 tests, ok
        8.35 s  NativeProtectedPeeringTests.test_acknowledged_protected_feed_does_not_reoffer_after_source_death
        7.63 s  NativeProtectedPeeringTests.test_reciprocal_starttls_authinfo_transfer_and_reconnect
        7.30 s  NativeProtectedPeeringTests.test_durable_sent_cut_requeues_on_protected_restart
tests.test_native_raw_scripts: 1.3 s of 180 s, 9 tests, ok
        0.19 s  RawScriptTests.test_native_owner_bound_commit_raw
        0.18 s  RawScriptTests.test_native_feed_service_raw
        0.17 s  RawScriptTests.test_native_owner_consumer_raw
tests.test_native_reader_index: 15.7 s of 180 s, 5 tests, ok
        5.78 s  NativeReaderIndexTest.test_listgroup_many_unrelated_groups_measured_socket_workload
        2.51 s  NativeReaderIndexTest.test_list_counts_and_numbered_msgid_lookup
        2.44 s  NativeReaderIndexTest.test_over_xover_crosspost_sparse_range_historical_pin_and_restart
tests.test_native_recovery: 7.0 s of 180 s, 13 tests, ok
        4.31 s  NativeRecoveryFidelityTests.test_atomic_hybrid_article_without_enrollment_faults_and_retains_bytes
        0.41 s  NativeRecoveryFidelityTests.test_sixty_five_allocation_orphans_are_swept_in_rounds
        0.32 s  NativeRecoveryFidelityTests.test_sigkill_after_one_unlink_restarts_and_reconciles_remaining_stage
tests.test_native_served_cost: 0.2 s of 180 s, 3 tests, ok
        0.00 s  NativeServedCostTests.test_owner_calls_fast_counted_entry
        0.00 s  NativeServedCostTests.test_fast_entry_never_calls_full_recognizer
        0.00 s  NativeServedCostTests.test_fast_predicate_has_fixed_spine_and_scalar_scope
tests.test_native_served_crash_model: 180.0 s of 180 s, ? tests, OVER BUDGET (terminated at 180 s)
tests.test_native_served_differential: 1.2 s of 180 s, 7 tests, ok
        0.17 s  NativeServedDifferentialTests.test_whole_transcript_agrees
        0.16 s  NativeServedDifferentialTests.test_bytewise_partition_agrees
        0.16 s  NativeServedDifferentialTests.test_cut_after_a_reply_agrees
tests.test_native_shared_owner_bench: 0.2 s of 180 s, 2 tests, ok
        0.00 s  NativeSharedOwnerBenchTests.test_article_profile_is_exact_and_unique
        0.00 s  NativeSharedOwnerBenchTests.test_nearest_rank_percentile_and_summary
tests.test_native_source_corpus: 14.9 s of 180 s, 3 tests, FAILED (1 failures, 0 errors, exit 1)
        9.57 s  NativeSourceCorpusTests.test_identity_table_across_routes
        2.91 s  NativeSourceCorpusTests.test_cancel_orders_pinned_reader_and_replay
        2.27 s  NativeSourceCorpusTests.test_signed_route_retry_is_already_stored
tests.test_native_stamp_migration: 0.1 s of 180 s, 1 tests, ok
        0.00 s  NativeStampMigrationTests.test_old_record_reopens_byte_exact_and_new_acceptance_uses_schema_one
tests.test_native_starttls: 1.6 s of 180 s, 2 tests, ok
        1.23 s  NativeStartTlsTests.test_pipelined_clienthello_protection_and_failure_isolation
        0.25 s  NativeStartTlsTests.test_context_mismatch_refuses_before_listener
tests.test_native_state_checkpoint: 107.4 s of 180 s, 6 tests, OVER BUDGET (a test over 20 s: test_every_cut_reopens_with_the_old_or_the_new_checkpoint 86.3 s; also exit 1)
       86.28 s  StateCheckpointCutTests.test_every_cut_reopens_with_the_old_or_the_new_checkpoint
        5.93 s  StateCheckpointTests.test_checkpoint_open_equals_full_replay
        5.53 s  StateCheckpointTests.test_a_corrupt_checkpoint_falls_back_to_full_replay
tests.test_native_storage_codec: 9.4 s of 180 s, 11 tests, ok
        2.63 s  NativeStorageCodecTests.test_native_and_python_cross_open_identical_acl2_frames
        1.13 s  NativeStorageCodecTests.test_injected_allocator_barrier_failure_consumes_the_id_after_recovery
        1.07 s  NativeStorageCodecTests.test_injected_record_barrier_failure_replays_visible_publication
tests.test_native_tls_transport: 3.8 s of 180 s, 2 tests, ok
        2.99 s  NativeTlsTransportTest.test_client_chain_and_hostname_verification
        0.68 s  NativeTlsTransportTest.test_context_handshake_failure_and_roundtrip
tests.test_native_topic_local: 6.2 s of 180 s, 4 tests, ok
        3.50 s  NativeTopicLocalTest.test_root_and_report_admit_from_historical_signed_sources
        2.37 s  NativeTopicLocalTest.test_install_is_durable_and_absent_source_refuses
        0.12 s  NativeTopicLocalTest.test_fresh_v2_anchor_refuses_legacy_reopen
tests.test_native_topic_metadata: 1.4 s of 180 s, 2 tests, ok
        0.73 s  NativeTopicMetadataTest.test_signed_source_candidate_and_relay
        0.46 s  NativeTopicMetadataTest.test_max_roster_folded_source_and_relay
tests.test_native_two_host_protected_gate: 0.2 s of 180 s, 5 tests, ok
        0.00 s  LauncherPathsTests.test_unknown_variables_traversal_wrong_core_and_commands_are_refused
        0.00 s  LauncherPathsTests.test_current_frozen_layout_resolves_beside_launcher
        0.00 s  LauncherPathsTests.test_known_sbcl_placeholder_is_forced_empty_for_all_invocations
tests.test_native_v0_matrix: 0.9 s of 180 s, 67 tests, FAILED (1 failures, 0 errors, exit 1)
        0.06 s  FromMailboxTests.test_the_unaddressed_post_is_its_own_article_and_is_asked_for
        0.04 s  AuthDriverTests.test_a_permitted_unauthenticated_post_is_closed_not_abandoned
        0.04 s  NativeCommandTests.test_historical_schema_one_matrix_remains_valid
tests.test_native_visibility_join: 4.3 s of 180 s, 3 tests, FAILED (3 failures, 0 errors, exit 1)
        2.42 s  NativeVisibilityJoinTests.test_lost_reply_then_login_rebound_is_unresolved
        1.36 s  NativeVisibilityJoinTests.test_lost_reply_then_authorization_change_is_unresolved
        0.19 s  NativeVisibilityJoinTests.test_lost_reply_then_withdrawal_reconciles_to_already_stored
tests.test_native_capacity_vector: 95.7 s of 180 s, 1 tests, OVER BUDGET (a test over 20 s: test_full_store_finishes_releases_maintains_and_reuses 95.5 s)
       95.50 s  NativeCapacityVectorTests.test_full_store_finishes_releases_maintains_and_reuses
tests.test_native_consumer_exchange_two_nodes: 20.0 s of 180 s, 2 tests, ok
       13.92 s  NativeTwoNodeConsumerExchangeTests.test_exchange_across_two_nodes_and_every_cut
        5.79 s  NativeTwoNodeConsumerExchangeTests.test_revoked_author_settles_by_observation_across_nodes
tests.test_native_consumer_profile: 25.8 s of 180 s, 1 tests, OVER BUDGET (a test over 20 s: test_the_operator_raises_the_consumer_count 25.7 s)
       25.71 s  NativeConsumerProfileTests.test_the_operator_raises_the_consumer_count
tests.test_native_control_across_peers: 29.7 s of 180 s, 4 tests, ok
       15.44 s  NativeControlAcrossPeersTests.test_author_basis
       10.75 s  NativeControlAcrossPeersTests.test_authority_basis
        1.80 s  NativeControlAcrossPeersTests.test_a_view_with_every_article_withdrawn
tests.test_native_friends_accounts: 2.0 s of 180 s, 1 tests, ok
        1.90 s  NativeFriendsAccountsTests.test_a_friend_redeems_a_code_once_across_a_crash
tests.test_native_friends_feed: 4.2 s of 180 s, 2 tests, ok
        3.81 s  NativeFriendsFeedTests.test_a_cancel_reaches_the_friend_through_the_ordinary_feed
        0.29 s  NativeFriendsFeedTests.test_bare_fn_and_version
tests.test_native_implicit_tls: 3.1 s of 180 s, 3 tests, ok
        1.44 s  NativeImplicitTlsTests.test_store_inspect_settles_accepted_and_absent
        1.26 s  NativeImplicitTlsTests.test_implicit_tls_is_the_starttls_session
        0.26 s  NativeImplicitTlsTests.test_tls_port_without_certificate_is_refused
tests.test_native_outcome_algebra: 20.2 s of 180 s, 9 tests, ok
       14.17 s  OutcomeAlgebraNativeTests.test_an_old_client_reads_conflict_as_uncertain
        2.35 s  OutcomeAlgebraNativeTests.test_a_lost_durable_outcome_exits_three_and_recover_resolves_it
        1.24 s  OutcomeAlgebraNativeTests.test_the_production_image_refuses_the_selector
tests.test_native_pack_chain: 180.0 s of 180 s, ? tests, OVER BUDGET (terminated at 180 s)
tests.test_native_pre_c1_open: 1.5 s of 180 s, 3 tests, ok
        0.89 s  PreC1OpenTest.test_every_open_of_the_witness_refuses_by_name
        0.35 s  PreC1OpenTest.test_the_store_without_the_cancel_opens
        0.09 s  PreC1OpenTest.test_repair_control_refuses_until_its_semantics_are_decided
tests.test_native_public_exposure: 53.2 s of 180 s, 1 tests, OVER BUDGET (a test over 20 s: test_flood_campaign 53.1 s)
       53.07 s  NativePublicExposureTests.test_flood_campaign
tests.test_native_rollback_history: 3.0 s of 180 s, 5 tests, ok
        1.18 s  RollbackHistoryNativeTests.test_a_compacted_history_is_read_through_its_pack
        0.74 s  RollbackHistoryNativeTests.test_an_earlier_state_counts_what_the_restore_loses
        0.63 s  RollbackHistoryNativeTests.test_equal_counters_different_content_is_not_an_earlier_state
tests.test_throughput_gate: 0.4 s of 180 s, 8 tests, ok
        0.04 s  ThroughputGateTests.test_an_under_load_run_is_compared_on_cpu_and_allocation_only
        0.03 s  ThroughputGateTests.test_the_nearest_measured_ancestor_is_compared_and_a_later_code_change_is_stale
        0.02 s  ThroughputGateTests.test_within_tolerance_passes_and_a_twenty_fold_step_fails
75 modules, 1467.7 s; 53 passed within budget, 10 over budget
# test_budget rc=3 end 2026-09-26T13:20:20Z
tests.test_native_served_crash_model whole: OK # rc=0 wall=319 end 2026-09-26T13:25:39Z
tests.test_native_pack_chain whole:  test_eio_at_each_link_publication_cut_from_both_entries (tests.test_native_pack_chain.NativePackChainTests.test_eio_at_each_link_publication_cut_from_both_entries) ... # rc=124 wall=3600 end 2026-09-26T14:25:39Z
