test_every_native_cut_has_a_byte_program_coordinate (tests.test_native_crash_model.NativeCrashFaultSurfaceTests.test_every_native_cut_has_a_byte_program_coordinate) ... ok
test_missing_image_is_not_reported_as_a_skipped_campaign (tests.test_native_crash_model.NativeCrashFaultSurfaceTests.test_missing_image_is_not_reported_as_a_skipped_campaign) ... ok
test_post_fault_environment_is_developer_image_only (tests.test_native_crash_model.NativeCrashFaultSurfaceTests.test_post_fault_environment_is_developer_image_only) ... ok
test_all_native_post_process_death_cuts (tests.test_native_crash_model.NativeCrashModelTests.test_all_native_post_process_death_cuts) ... 
  test_all_native_post_process_death_cuts (tests.test_native_crash_model.NativeCrashModelTests.test_all_native_post_process_death_cuts) (cut='finish-consumed') ... FAIL
  test_all_native_post_process_death_cuts (tests.test_native_crash_model.NativeCrashModelTests.test_all_native_post_process_death_cuts) (cut='finish-durable') ... FAIL
test_injected_outcomes_stay_refused_or_uncertain_and_recover (tests.test_native_crash_model.NativeCrashModelTests.test_injected_outcomes_stay_refused_or_uncertain_and_recover) ... ok
test_recovery_stage_unlink_process_death_scans_and_reopens (tests.test_native_crash_model.NativeCrashModelTests.test_recovery_stage_unlink_process_death_scans_and_reopens) ... ok
test_the_frame_is_the_sent_articles_not_anothers (tests.test_native_crash_model.NativeCrashModelTests.test_the_frame_is_the_sent_articles_not_anothers) ... ok

======================================================================
FAIL: test_all_native_post_process_death_cuts (tests.test_native_crash_model.NativeCrashModelTests.test_all_native_post_process_death_cuts) (cut='finish-consumed')
----------------------------------------------------------------------
Traceback (most recent call last):
  File "/tank/fn/scratch/qual-c3420013/ctree/tests/test_native_crash_model.py", line 350, in test_all_native_post_process_death_cuts
    self.run_post_cut(cut)
  File "/tank/fn/scratch/qual-c3420013/ctree/tests/test_native_crash_model.py", line 322, in run_post_cut
    self.assert_observed_scan_is_program_image(
  File "/tank/fn/scratch/qual-c3420013/ctree/tests/test_native_crash_model.py", line 285, in assert_observed_scan_is_program_image
    self.assertRegex(observed, r"\(T\s+T\s+T\s+T\s+T\s+T\s+T\s+T\s+\(T\s+T\s+T",
AssertionError: Regex didn't match: '\\(T\\s+T\\s+T\\s+T\\s+T\\s+T\\s+T\\s+T\\s+\\(T\\s+T\\s+T' not found in '(T T T NIL T T T T (NIL T T NIL NIL))' : finish-consumed: (T T T NIL T T T T (NIL T T NIL NIL))

======================================================================
FAIL: test_all_native_post_process_death_cuts (tests.test_native_crash_model.NativeCrashModelTests.test_all_native_post_process_death_cuts) (cut='finish-durable')
----------------------------------------------------------------------
Traceback (most recent call last):
  File "/tank/fn/scratch/qual-c3420013/ctree/tests/test_native_crash_model.py", line 350, in test_all_native_post_process_death_cuts
    self.run_post_cut(cut)
  File "/tank/fn/scratch/qual-c3420013/ctree/tests/test_native_crash_model.py", line 322, in run_post_cut
    self.assert_observed_scan_is_program_image(
  File "/tank/fn/scratch/qual-c3420013/ctree/tests/test_native_crash_model.py", line 285, in assert_observed_scan_is_program_image
    self.assertRegex(observed, r"\(T\s+T\s+T\s+T\s+T\s+T\s+T\s+T\s+\(T\s+T\s+T",
AssertionError: Regex didn't match: '\\(T\\s+T\\s+T\\s+T\\s+T\\s+T\\s+T\\s+T\\s+\\(T\\s+T\\s+T' not found in '(T T T NIL T T T T (NIL T T NIL NIL))' : finish-durable: (T T T NIL T T T T (NIL T T NIL NIL))

----------------------------------------------------------------------
Ran 7 tests in 73.252s

FAILED (failures=2)
Command exited with non-zero status 1
	Command being timed: "python3 -m unittest -v tests.test_native_crash_model"
	User time (seconds): 64.78
	System time (seconds): 8.36
	Percent of CPU this job got: 99%
	Elapsed (wall clock) time (h:mm:ss or m:ss): 1:13.31
	Average shared text size (kbytes): 0
	Average unshared data size (kbytes): 0
	Average stack size (kbytes): 0
	Average total size (kbytes): 0
	Maximum resident set size (kbytes): 444892
	Average resident set size (kbytes): 0
	Major (requiring I/O) page faults: 0
	Minor (reclaiming a frame) page faults: 4919243
	Voluntary context switches: 3983
	Involuntary context switches: 794
	Swaps: 0
	File system inputs: 702145
	File system outputs: 7
	Socket messages sent: 0
	Socket messages received: 0
	Signals delivered: 0
	Page size (bytes): 4096
	Exit status: 1
rc=1
