$ fn bp-node serve 34105 /tank/fn/scratch/m4-native-request/final/dtn7-carried-2/a-fnbs /tank/fn/scratch/m4-native-request/final/dtn7-carried-2/a-store /tank/fn/scratch/m4-native-request/final/dtn7-carried-2/a-fnrj /tank/fn/scratch/m4-native-request/final/dtn7-carried-2/a-fnwf dtn://sender/ dtn://receiver/ dtn://sender/ native-policy dtn://sender/ 127.0.0.1 60417 0 3600000 2 32 1048576 843606700131 60000
BP FNBS recovered held=0
BP queue recovered jobs=1
BP NODE LISTENING 34105
TCPCL bp-node event (:SEND :CONTACT 6)
TCPCL bp-node event (:SEND :SESS-INIT 38)
TCPCL bp-node event (:SESSION-UP 10 64000 64000 NIL)
TCPCL bp-node event (:SEND :XFER-ACK 18)
TCPCL bp-node event (:BUNDLE-RECEIVED 1 353)
BP accepted xfer=1 adu=228 path=/tank/fn/scratch/m4-native-request/final/dtn7-carried-2/a-fnbs/lifecycle/00000000000000000001-00000000000000000000.fnb
TCPCL bp-node accepted xfer=1 path=/tank/fn/scratch/m4-native-request/final/dtn7-carried-2/a-fnbs/lifecycle/00000000000000000001-00000000000000000000.fnb
TCPCL bp-node event (:SEND :XFER-ACK 18)
TCPCL bp-node event (:SEND :XFER-ACK 18)
TCPCL bp-node event (:SEND :XFER-ACK 18)
TCPCL bp-node event (:SEND :XFER-ACK 18)
TCPCL bp-node event (:SEND :XFER-ACK 18)
TCPCL bp-node event (:SEND :XFER-ACK 18)
TCPCL bp-node event (:SEND :XFER-ACK 18)
TCPCL bp-node event (:BUNDLE-RECEIVED 2 6440)
BP accepted xfer=2 adu=6314 path=/tank/fn/scratch/m4-native-request/final/dtn7-carried-2/a-fnbs/lifecycle/00000000000000000001-00000000000000000001.fnb
TCPCL bp-node accepted xfer=2 path=/tank/fn/scratch/m4-native-request/final/dtn7-carried-2/a-fnbs/lifecycle/00000000000000000001-00000000000000000001.fnb
TCPCL bp-node aux (:SEND :KEEPALIVE 1)
TCPCL bp-node event (:SEND :SESS-TERM 3)
TCPCL bp-node event (:PEER-TERMINATING 1)
TCPCL bp-node event (:CLOSE)
TCPCL bp-node event peer gone before send: [Errno 32] Broken pipe
TCPCL bp-node summary accepted=2 refused=0 uncertain=0 phase=closed
BP node source carried carrier=return-boundary author=receiver-author
BP application handoff durable
BP node delivery receipt-accepted
BP received carrier dispatch durable
TCPCL bp-node-forward aux (:SEND :CONTACT 6)
TCPCL bp-node-forward event (:SEND :SESS-INIT 38)
TCPCL bp-node-forward event (:SESSION-UP 10 64000 64000 NIL)
BP forwarding attempt durable key=((114 101 116 117 114 110 45 98 111 117 110
                                    100 97 114 121)
                                   (:FN-BP-BUNDLE-ID
                                    (:DTN 47 47 115 101 110 100 101 114 47)
                                    843606700131 0 NIL NIL))
TCPCL bp-node-forward aux (:SEND :XFER-SEGMENT 6461)
TCPCL bp-node-forward event (:OUTBOUND-SENT 0 "bp-node-forward")
TCPCL bp-node-forward accepted outbound xfer=0
TCPCL bp-node-forward aux (:SEND :SESS-TERM 3)
TCPCL bp-node-forward event (:PEER-TERMINATING 0)
TCPCL bp-node-forward event (:CLOSE)
BP forwarding result durable arrival=1 status=sent
