{
  "a_pinned_after": "BP obligation owner work=work-bp-node status=outstanding pinned=yes",
  "a_pinned_before": "BP obligation owner work=work-bp-node status=outstanding pinned=yes",
  "b_trusts": {
    "eid": "dtn://sender/",
    "mode": "source"
  },
  "dtn7_log_counts": {
    "dtn7-r1/dtnd-0.log": {
      "forwarded": 0,
      "received": 0
    },
    "dtn7-r1/dtnd-1.log": {
      "forwarded": 4,
      "received": 1
    }
  },
  "dtn7_revision": "4daf02d7ea927e9293753b2a5c4497457f6e5a40",
  "dtn_time_ms": "843600936160",
  "dtnd_processes": {
    "dtn7-r1": [
      {
        "cmd": [
          "/tank/fn/dtn7/repo/target/release/dtnd",
          "-n",
          "dtn7-r1",
          "-W",
          "/tank/fn/scratch/m4-app-receipt/final/dtn7-source/dtn7-r1",
          "-D",
          "sled",
          "-C",
          "tcp:port=36341",
          "-w",
          "40513",
          "-i",
          "0",
          "--disable_nd",
          "-d",
          "-s",
          "tcp://127.0.0.1:36255/receiver",
          "-s",
          "tcp://127.0.0.1:41637/sender"
        ],
        "log": "/tank/fn/scratch/m4-app-receipt/final/dtn7-source/dtn7-r1/dtnd-0.log",
        "pid": 1961129,
        "stopped": "SIGKILL rc=-9"
      },
      {
        "cmd": [
          "/tank/fn/dtn7/repo/target/release/dtnd",
          "-n",
          "dtn7-r1",
          "-W",
          "/tank/fn/scratch/m4-app-receipt/final/dtn7-source/dtn7-r1",
          "-D",
          "sled",
          "-C",
          "tcp:port=36341",
          "-w",
          "40513",
          "-i",
          "0",
          "--disable_nd",
          "-d",
          "-s",
          "tcp://127.0.0.1:36255/receiver",
          "-s",
          "tcp://127.0.0.1:41637/sender"
        ],
        "log": "/tank/fn/scratch/m4-app-receipt/final/dtn7-source/dtn7-r1/dtnd-1.log",
        "pid": 1961253,
        "stopped": "SIGTERM rc=-15"
      }
    ]
  },
  "image": "/tank/fn/scratch/m4-app-receipt/tree/build/fn-host-dtn-developer",
  "processes": [
    {
      "pid": 1961247,
      "stopped": "SIGTERM rc=143",
      "tag": "b-serve"
    },
    {
      "pid": 1961580,
      "stopped": "SIGTERM rc=143",
      "tag": "a-serve"
    }
  ],
  "relays": 1,
  "request_adu": {
    "octets": 6314,
    "sha256": "fd1a3bd9c33af270"
  },
  "setup_rcs": [
    0,
    0,
    0,
    0,
    0,
    0,
    0,
    0,
    0,
    0
  ],
  "steps": [
    {
      "bytes_forwarded_before_hold": [
        600
      ],
      "held": true,
      "logs": {
        "a-1-send": {
          "file": "a-1-send.log",
          "lines": [
            "BP FNBS recovered held=0",
            "BP queue recovered jobs=0",
            "BP queue accepted work=work-bp-node attempt=work-bp-node-attempt generation=0 status=durable",
            "TCPCL bp-service aux (:SEND :CONTACT 6)",
            "TCPCL bp-service event (:SEND :SESS-INIT 38)",
            "TCPCL bp-service event (:SESSION-UP 10 64000 64000 NIL)",
            "TCPCL bp-service aux (:SEND :XFER-SEGMENT 6441)",
            "TCPCL bp-service aux (:OUTBOUND-FAILED 0 \"bp-service\")",
            "TCPCL bp-service aux (:SESSION-DOWN)",
            "TCPCL bp-service uncertain outbound-failed xfer=0",
            "BP transport work=work-bp-node status=attempted",
            "BP forwarding retained reason=uncertain"
          ],
          "sha256_16": "9c1a668c253762d8"
        }
      },
      "outcome": "uncertain",
      "sigkill": {
        "first_hop": "dtn7-r1",
        "pid": 1961129
      },
      "step": "1 A request, held mid-transfer, first hop SIGKILLed"
    },
    {
      "logs": {
        "a-2-resume": {
          "file": "a-2-resume.log",
          "lines": [
            "BP FNBS recovered held=0",
            "BP queue recovered jobs=1",
            "TCPCL bp-service aux (:SEND :CONTACT 6)",
            "TCPCL bp-service event (:SEND :SESS-INIT 38)",
            "TCPCL bp-service event (:SESSION-UP 10 64000 64000 NIL)",
            "TCPCL bp-service aux (:SEND :XFER-SEGMENT 6441)",
            "TCPCL bp-service event (:OUTBOUND-SENT 0 \"bp-service\")",
            "TCPCL bp-service accepted outbound xfer=0",
            "TCPCL bp-service aux (:SEND :SESS-TERM 3)",
            "TCPCL bp-service event (:PEER-TERMINATING 0)",
            "TCPCL bp-service event (:CLOSE)",
            "BP transport work=work-bp-node status=forwarded"
          ],
          "sha256_16": "4670fc9460603a8b"
        }
      },
      "outcome": "accepted",
      "restarted": 1961253,
      "step": "2 first hop restarted, A resumes its durable job"
    },
    {
      "application": [
        "BP node delivery request-refused"
      ],
      "b_fnbs_frame_names": [
        "00000000000000000001-00000000000000000000.fnb",
        "00000000000000000001-00000000000000000002.fnb"
      ],
      "b_fnbs_lifecycle_frames": 2,
      "channel_refusals": [
        "BP channel admission refused reason=eid-mismatch"
      ],
      "logs": {
        "b-serve": {
          "file": "b-serve.log",
          "lines": [
            "BP FNBS recovered held=0",
            "BP queue recovered jobs=0",
            "BP NODE LISTENING 36255",
            "TCPCL bp-node event (:SEND :CONTACT 6)",
            "TCPCL bp-node event (:SEND :SESS-INIT 40)",
            "TCPCL bp-node event (:SESSION-UP 10 64000 64000 NIL)",
            "TCPCL bp-node event (:SEND :XFER-ACK 18)",
            "TCPCL bp-node event (:SEND :XFER-ACK 18)",
            "TCPCL bp-node event (:SEND :XFER-ACK 18)",
            "TCPCL bp-node event (:SEND :XFER-ACK 18)",
            "TCPCL bp-node event (:SEND :XFER-ACK 18)",
            "TCPCL bp-node event (:SEND :XFER-ACK 18)",
            "TCPCL bp-node event (:SEND :XFER-ACK 18)",
            "TCPCL bp-node event (:BUNDLE-RECEIVED 1 6438)",
            "BP channel admission refused reason=eid-mismatch",
            "BP accepted xfer=1 adu=6314 path=/tank/fn/scratch/m4-app-receipt/final/dtn7-source/b-fnbs/lifecycle/00000000000000000001-00000000000000000000.fnb",
            "TCPCL bp-node accepted xfer=1 path=/tank/fn/scratch/m4-app-receipt/final/dtn7-source/b-fnbs/lifecycle/00000000000000000001-00000000000000000000.fnb",
            "TCPCL bp-node event (:SEND :SESS-TERM 3)",
            "TCPCL bp-node event (:PEER-TERMINATING 1)",
            "TCPCL bp-node event (:CLOSE)",
            "TCPCL bp-node summary accepted=1 refused=0 uncertain=0 phase=closed",
            "BP application handoff durable",
            "BP node delivery request-refused"
          ],
          "sha256_16": "156e153ed354072a"
        }
      },
      "outcome": "request-refused",
      "receipts_queued": [],
      "step": "3 B admits, takes custody, dispatches to its application",
      "transport_accepted": 1
    },
    {
      "a_inbound_custody": [],
      "a_obligation": "BP obligation owner work=work-bp-node status=outstanding pinned=yes",
      "a_receipt_lines": [],
      "logs": {
        "a-serve": {
          "file": "a-serve.log",
          "lines": [
            "BP FNBS recovered held=0",
            "BP queue recovered jobs=1",
            "BP NODE LISTENING 41637"
          ],
          "sha256_16": "fdde50f7c644460b"
        },
        "b-4-tick": {
          "file": "b-4-tick.log",
          "lines": [
            "BP FNBS recovered held=1",
            "BP queue recovered jobs=0",
            "BP contact closed peer=dtn://sender/"
          ],
          "sha256_16": "01e0e9ddd026cbdf"
        }
      },
      "outcome": "no-receipt",
      "step": "4 B's receipt carried back and matched at A",
      "tick_outcome": "accepted"
    }
  ],
  "topology": [
    "fn-a",
    "dtn7-r1",
    "fn-b"
  ]
}
