== before round 2 core /tank/fn/scratch/perf-ledger/tree/build/fn-host-developer.core
addf58ae1414037e136ac285f8e53243a0adb2d3551cec4ce3846c595007f503  /tank/fn/scratch/perf-ledger/tree/build/fn-host-developer.core
== box:  12:01:14 up 72 days, 17:45, 60 users,  load average: 8.23, 9.73, 10.71
24
max-data 16777216
== payload 49152 octets
bundlep(guard) seconds 0.0000 bytes-consed 0
encode seconds 0.1780 bytes-consed 2358144
wire 49254 octets digest 1732517768605067727
decode seconds 0.3560 bytes-consed 3930240
round-trip T
== payload 262144 octets
bundlep(guard) seconds 0.0020 bytes-consed 0
encode seconds 0.9550 bytes-consed 12576768
wire 262248 octets digest 351141540838418460
decode seconds 1.9060 bytes-consed 20994032
round-trip T
== payload 1048576 octets
bundlep(guard) seconds 0.0100 bytes-consed 0
encode seconds 3.8471 bytes-consed 50339824
wire 1048680 octets digest 221726367095178201
decode seconds 7.7091 bytes-consed 83877872
round-trip T
== box after:  12:01:29 up 72 days, 17:45, 60 users,  load average: 8.18, 9.65, 10.67
