iteration 0 single late 420.11
iteration 1 single window 286.46
iteration 2 single over-limit 26.55
iteration 3 single window 132.06
iteration 4 single early 25.31
iteration 5 single late 312.46
iteration 6 single over-limit 6.75
iteration 7 single early 130.77
iteration 8 single window 274.92
iteration 9 single early 108.38
iteration 10 single late 236.5
iteration 11 single early 109.73
iteration 12 single mid-article 3.75
iteration 13 single window 164.62
iteration 14 single window 182.64
iteration 15 single window 187.14
iteration 16 concurrent early 0.58
iteration 17 single late 360.99
iteration 18 concurrent window 172.68
iteration 19 single window 165.97
iteration 20 concurrent window 155.02
iteration 21 single mid-article 3.7
iteration 22 single late 278.73
iteration 23 single window 298.12
iteration 24 single window 145.44
iteration 25 single mid-article 13.5
iteration 26 single window 230.86
iteration 27 single window 318.22
iteration 28 single over-limit 7.63
iteration 29 concurrent window 308.57
iteration 30 single window 184.47
iteration 31 single window 128.48
iteration 32 single window 162.1
iteration 33 single window 118.7
iteration 34 concurrent window 254.69
iteration 35 single window 176.37
iteration 36 single window 250.77
iteration 37 single over-limit 10.1
iteration 38 single window 95.69
iteration 39 single window 209.17
iteration 40 single late 397.75
iteration 41 single window 147.31
iteration 42 single late 292.22
iteration 43 concurrent window 141.87
iteration 44 concurrent late 432.51
iteration 45 single window 182.34
iteration 46 concurrent early 4.04
iteration 47 single early 74.0
iteration 48 single early 28.96
iteration 49 single early 76.97
iteration 50 single late 446.14
iteration 51 single over-limit 4.84
iteration 52 single early 59.18
iteration 53 single late 423.5
iteration 54 single mid-article 4.45
iteration 55 single window 225.57
iteration 56 single early 31.71
iteration 57 single early 47.84
iteration 58 single mid-article 1.94
iteration 59 single window 173.44
iteration 60 single early 96.16
iteration 61 single window 195.15
iteration 62 single window 259.68
iteration 63 single over-limit 21.19
iteration 64 single window 237.21
iteration 65 single early 31.53
iteration 66 single window 313.17
iteration 67 single early 60.95
iteration 68 concurrent window 186.15
iteration 69 single late 275.41
iteration 70 single mid-article 16.26
iteration 71 single mid-article 5.28
iteration 72 single early 49.96
iteration 73 single window 238.94
iteration 74 single window 220.25
iteration 75 single late 294.03
iteration 76 single window 219.35
iteration 77 concurrent late 315.7
iteration 78 single late 304.45
iteration 79 single early 46.19
iteration 80 single early 43.19
iteration 81 single mid-article 17.11
iteration 82 single late 286.5
iteration 83 single window 201.0
iteration 84 single late 290.69
iteration 85 single early 20.71
iteration 86 single early 23.94
iteration 87 single window 159.05
iteration 88 single early 57.01
iteration 89 single window 217.52
	Command being timed: "python3 -m tests.campaign.native_production_kill run --image /tank/fn/gates/qual-b6759850-20260926/build/images/b675985074cf14b009204f6eb3e5409f4a025a80/fn-host --work /tank/fn/scratch/qual-b6759850/campaign/pk-work --out /tank/fn/scratch/qual-b6759850/campaign/pk-run.json --seed 3 --kills 80 --concurrent 10"
	User time (seconds): 141.07
	System time (seconds): 31.48
	Percent of CPU this job got: 70%
	Elapsed (wall clock) time (h:mm:ss or m:ss): 4:04.33
	Average shared text size (kbytes): 0
	Average unshared data size (kbytes): 0
	Average stack size (kbytes): 0
	Average total size (kbytes): 0
	Maximum resident set size (kbytes): 484012
	Average resident set size (kbytes): 0
	Major (requiring I/O) page faults: 10
	Minor (reclaiming a frame) page faults: 18423559
	Voluntary context switches: 22659
	Involuntary context switches: 3885
	Swaps: 0
	File system inputs: 1791611
	File system outputs: 40279
	Socket messages sent: 0
	Socket messages received: 0
	Signals delivered: 0
	Page size (bytes): 4096
	Exit status: 0
rc=0
