test_a_carried_article_is_undecided_3_never_0_or_1 (tests.test_fn_verify.FakeNodeVerifyTests.test_a_carried_article_is_undecided_3_never_0_or_1) ... ok
test_a_lying_node_is_2 (tests.test_fn_verify.FakeNodeVerifyTests.test_a_lying_node_is_2) ... ok
test_agreement_on_a_valid_signature_is_0 (tests.test_fn_verify.FakeNodeVerifyTests.test_agreement_on_a_valid_signature_is_0) ... ok
test_agreement_that_a_tampered_or_unsigned_article_is_unverified_is_1 (tests.test_fn_verify.FakeNodeVerifyTests.test_agreement_that_a_tampered_or_unsigned_article_is_unverified_is_1) ... ok
test_carrier_v1_now_carries_up_to_65535_octets (tests.test_fn_verify.FakeNodeVerifyTests.test_carrier_v1_now_carries_up_to_65535_octets) ... ok
test_carrier_v2_tampered_is_1 (tests.test_fn_verify.FakeNodeVerifyTests.test_carrier_v2_tampered_is_1) ... ok
test_carrier_v2_valid_is_0 (tests.test_fn_verify.FakeNodeVerifyTests.test_carrier_v2_valid_is_0) ... ok
test_carrier_wrong_version_byte_is_refused (tests.test_fn_verify.FakeNodeVerifyTests.test_carrier_wrong_version_byte_is_refused) ... ok
test_noncanonical_carrier_is_refused (tests.test_fn_verify.FakeNodeVerifyTests.test_noncanonical_carrier_is_refused) ... ok
test_the_versions_sign_disjoint_preimages (tests.test_fn_verify.FakeNodeVerifyTests.test_the_versions_sign_disjoint_preimages) ... ok
test_usage_error_never_reads_as_disagreement (tests.test_fn_verify.FakeNodeVerifyTests.test_usage_error_never_reads_as_disagreement) ... ok
test_what_cannot_be_decided_is_3 (tests.test_fn_verify.FakeNodeVerifyTests.test_what_cannot_be_decided_is_3) ... ok
POST verify-signed 7717
  -> 240 article received OK
POST verify-tampered 7719
  -> 441 posting failed; the author signature does not verify
POST verify-unsigned 194
  -> 240 article received OK
POST verify-v1-60k 70040
setUpClass (tests.test_fn_verify.NativeVerifyTests) ... ERROR
test_a_changed_v2_tag_or_width_is_caught (tests.test_fn_verify.SpecBookTieTests.test_a_changed_v2_tag_or_width_is_caught) ... ok
test_a_changed_width_is_caught (tests.test_fn_verify.SpecBookTieTests.test_a_changed_width_is_caught) ... ok
test_a_field_the_spec_forgets_to_drop_is_caught (tests.test_fn_verify.SpecBookTieTests.test_a_field_the_spec_forgets_to_drop_is_caught) ... ok
test_a_renamed_function_is_caught (tests.test_fn_verify.SpecBookTieTests.test_a_renamed_function_is_caught) ... ok
test_the_spec_the_books_and_the_verifier_agree (tests.test_fn_verify.SpecBookTieTests.test_the_spec_the_books_and_the_verifier_agree) ... ok

======================================================================
ERROR: setUpClass (tests.test_fn_verify.NativeVerifyTests)
----------------------------------------------------------------------
Traceback (most recent call last):
  File "/tank/fn/scratch/bounds-join/tree/tests/test_fn_verify.py", line 621, in setUpClass
    cls.start(control)
  File "/tank/fn/scratch/bounds-join/tree/tests/test_fn_verify.py", line 651, in start
    cls.replies[stem] = cls.post(octets)
                        ^^^^^^^^^^^^^^^^
  File "/tank/fn/scratch/bounds-join/tree/tests/test_fn_verify.py", line 674, in post
    return node.line()
           ^^^^^^^^^^^
  File "/tank/fn/scratch/bounds-join/tree/tools/fn_verify.py", line 433, in line
    raise Undecided("the connection ended or sent an overlong line")
fn_verify.Undecided: the connection ended or sent an overlong line

----------------------------------------------------------------------
Ran 17 tests in 16.514s

FAILED (errors=1)
