cut frontier-created
cut frontier-written
cut frontier-staged-durable
cut frontier-replaced
cut frontier-attempted
cut frontier-durable
cut frontier-reserved
cut record-created
cut record-written
cut record-staged-durable
cut record-linked
cut record-attempted
cut record-durable
cut record-completing
cut record-stage-unlinked
cut record-staging-cleaned
cut finish-consumed
cut finish-durable
cut recover-replayed
cut recover-barrier-1
cut recover-barrier-2
cut recover-barrier-3
cut recover-barrier-4
cut recover-barrier-5
cut recovery-stage-unlinked
faults
