INFO: Control stack guard page unprotected
Control stack guard page temporarily disabled: proceed with caution
Backtrace for: #<SB-THREAD:THREAD tid=2626583 "main thread" RUNNING {1200068003}>
0: ((LAMBDA (C) :IN FNN-CALL) #<unused argument>)
1: (SB-KERNEL::%SIGNAL #<SB-KERNEL::CONTROL-STACK-EXHAUSTED {12128D0193}>)
2: (ERROR SB-KERNEL::CONTROL-STACK-EXHAUSTED)
3: (SB-KERNEL::CONTROL-STACK-EXHAUSTED-ERROR)
4: ("foreign function: call_into_lisp_")
5: ("foreign function: post_signal_tramp")
6: (FN-FRAME-SPLIT #<unavailable argument> 0)
7: (FN-FRAME-SPLIT #<unavailable argument> (120 120 120 120 120 120 120 120 120 120 120 120 ...))
8: (FN-FRAME-SPLIT #<unavailable argument> (120 120 120 120 120 120 120 120 120 120 120 120 ...))
9: (FN-FRAME-SPLIT #<unavailable argument> (120 120 120 120 120 120 120 120 120 120 120 120 ...))
10: (FN-FRAME-SPLIT #<unavailable argument> (120 120 120 120 120 120 120 120 120 120 120 120 ...))
11: (FN-FRAME-SPLIT #<unavailable argument> (120 120 120 120 120 120 120 120 120 120 120 120 ...))
12: (FN-FRAME-SPLIT #<unavailable argument> (120 120 120 120 120 120 120 120 120 120 120 120 ...))
13: (FN-FRAME-SPLIT #<unavailable argument> (120 120 120 120 120 120 120 120 120 120 120 120 ...))
14: (FN-FRAME-SPLIT #<unavailable argument> (120 120 120 120 120 120 120 120 120 120 120 120 ...))
15: (FN-FRAME-SPLIT #<unavailable argument> (120 120 120 120 120 120 120 120 120 120 120 120 ...))
16: (FN-FRAME-SPLIT #<unavailable argument> (120 120 120 120 120 120 120 120 120 120 120 120 ...))
17: (FN-FRAME-SPLIT #<unavailable argument> (120 120 120 120 120 120 120 120 120 120 120 120 ...))
18: (FN-FRAME-SPLIT #<unavailable argument> (120 120 120 120 120 120 120 120 120 120 120 120 ...))
19: (FN-FRAME-SPLIT #<unavailable argument> (120 120 120 120 120 120 120 120 120 120 120 120 ...))
20: (FN-FRAME-SPLIT #<unavailable argument> (120 120 120 120 120 120 120 120 120 120 120 120 ...))
21: (FN-FRAME-SPLIT #<unavailable argument> (120 120 120 120 120 120 120 120 120 120 120 120 ...))
22: (FN-FRAME-SPLIT #<unavailable argument> (120 120 120 120 120 120 120 120 120 120 120 120 ...))
23: (FN-FRAME-SPLIT #<unavailable argument> (120 120 120 120 120 120 120 120 120 120 120 120 ...))
24: (FN-FRAME-SPLIT #<unavailable argument> (120 120 120 120 120 120 120 120 120 120 120 120 ...))
25: (FN-FRAME-SPLIT #<unavailable argument> (120 120 120 120 120 120 120 120 120 120 120 120 ...))
26: (FN-FRAME-SPLIT #<unavailable argument> (10 120 120 120 120 120 120 120 120 120 120 120 ...))
27: (FN-FRAME-SPLIT #<unavailable argument> (13 10 120 120 120 120 120 120 120 120 120 120 ...))
28: (FN-FRAME-SPLIT #<unavailable argument> (120 13 10 120 120 120 120 120 120 120 120 120 ...))
29: (FN-FRAME-SPLIT #<unavailable argument> (120 120 13 10 120 120 120 120 120 120 120 120 ...))
30: (FN-FRAME-SPLIT #<unavailable argument> (120 120 120 13 10 120 120 120 120 120 120 120 ...))
31: (FN-FRAME-SPLIT #<unavailable argument> (120 120 120 120 13 10 120 120 120 120 120 120 ...))
32: (FN-FRAME-SPLIT #<unavailable argument> (120 120 120 120 120 13 10 120 120 120 120 120 ...))
33: (FN-FRAME-SPLIT #<unavailable argument> (120 120 120 120 120 120 13 10 120 120 120 120 ...))
34: (FN-FRAME-SPLIT #<unavailable argument> (120 120 120 120 120 120 120 13 10 120 120 120 ...))
35: (FN-FRAME-SPLIT #<unavailable argument> (120 120 120 120 120 120 120 120 13 10 120 120 ...))
36: (FN-FRAME-SPLIT #<unavailable argument> (120 120 120 120 120 120 120 120 120 13 10 120 ...))
37: (FN-FRAME-SPLIT #<unavailable argument> (120 120 120 120 120 120 120 120 120 120 13 10 ...))
38: (FN-FRAME-SPLIT #<unavailable argument> (120 120 120 120 120 120 120 120 120 120 120 13 ...))
39: (FN-FRAME-SPLIT #<unavailable argument> (120 120 120 120 120 120 120 120 120 120 120 120 ...))
40: (FN-FRAME-SPLIT #<unavailable argument> (120 120 120 120 120 120 120 120 120 120 120 120 ...))
41: (FN-FRAME-SPLIT #<unavailable argument> (120 120 120 120 120 120 120 120 120 120 120 120 ...))
42: (FN-FRAME-SPLIT #<unavailable argument> (120 120 120 120 120 120 120 120 120 120 120 120 ...))
43: (FN-FRAME-SPLIT #<unavailable argument> (120 120 120 120 120 120 120 120 120 120 120 120 ...))
44: (FN-FRAME-SPLIT #<unavailable argument> (120 120 120 120 120 120 120 120 120 120 120 120 ...))
45: (FN-FRAME-SPLIT #<unavailable argument> (120 120 120 120 120 120 120 120 120 120 120 120 ...))
46: (FN-FRAME-SPLIT #<unavailable argument> (120 120 120 120 120 120 120 120 120 120 120 120 ...))
47: (FN-FRAME-SPLIT #<unavailable argument> (120 120 120 120 120 120 120 120 120 120 120 120 ...))
48: (FN-FRAME-SPLIT #<unavailable argument> (120 120 120 120 120 120 120 120 120 120 120 120 ...))
49: (FN-FRAME-SPLIT #<unavailable argument> (120 120 120 120 120 120 120 120 120 120 120 120 ...))
50: (FN-FRAME-SPLIT #<unavailable argument> (120 120 120 120 120 120 120 120 120 120 120 120 ...))
51: (FN-FRAME-SPLIT #<unavailable argument> (120 120 120 120 120 120 120 120 120 120 120 120 ...))
52: (FN-FRAME-SPLIT #<unavailable argument> (120 120 120 120 120 120 120 120 120 120 120 120 ...))
53: (FN-FRAME-SPLIT #<unavailable argument> (120 120 120 120 120 120 120 120 120 120 120 120 ...))
54: (FN-FRAME-SPLIT #<unavailable argument> (120 120 120 120 120 120 120 120 120 120 120 120 ...))
55: (FN-FRAME-SPLIT #<unavailable argument> (120 120 120 120 120 120 120 120 120 120 120 120 ...))
56: (FN-FRAME-SPLIT #<unavailable argument> (120 120 120 120 120 120 120 120 120 120 120 120 ...))
57: (FN-FRAME-SPLIT #<unavailable argument> (120 120 120 120 120 120 120 120 120 120 120 120 ...))
58: (FN-FRAME-SPLIT #<unavailable argument> (120 120 120 120 120 120 120 120 120 120 120 120 ...))
59: (FN-FRAME-SPLIT #<unavailable argument> (120 120 120 120 120 120 120 120 120 120 120 120 ...))
fault operator run ACL2 error in fn-store-frame-store-decode: Control stack exhausted (no more space for function call frames).
This is probably due to heavily nested or infinitely recursive function
calls, or a tail call that SBCL cannot or has not optimized away.

PROCEED WITH CAUTION.
