cut frontier-created
cut frontier-written
cut frontier-staged-durable
cut frontier-replaced
cut frontier-attempted
cut frontier-durable
cut frontier-reserved
cut record-created
cut record-written
cut record-staged-durable
cut record-linked
cut record-attempted
cut record-durable
cut record-completing
cut record-stage-unlinked
cut record-staging-cleaned
cut finish-consumed
cut finish-durable
cut recover-replayed
cut recover-barrier-1
cut recover-barrier-2
cut recover-barrier-3
cut recover-barrier-4
cut recover-barrier-5
cut recovery-stage-unlinked
faults
	Command being timed: "python3 -m tests.campaign.native_operator_campaign --images /tank/fn/gates/qual-47bdb9a4-20260924/build/images/47bdb9a4 --work /tank/fn/scratch/campaign-47bdb9a4/work2 --out /tank/fn/scratch/campaign-47bdb9a4/campaign-repeat.json"
	User time (seconds): 26.75
	System time (seconds): 31.33
	Percent of CPU this job got: 48%
	Elapsed (wall clock) time (h:mm:ss or m:ss): 1:58.90
	Average shared text size (kbytes): 0
	Average unshared data size (kbytes): 0
	Average stack size (kbytes): 0
	Average total size (kbytes): 0
	Maximum resident set size (kbytes): 320860
	Average resident set size (kbytes): 0
	Major (requiring I/O) page faults: 2
	Minor (reclaiming a frame) page faults: 15764469
	Voluntary context switches: 12772
	Involuntary context switches: 3348
	Swaps: 0
	File system inputs: 214037
	File system outputs: 8813
	Socket messages sent: 0
	Socket messages received: 0
	Signals delivered: 0
	Page size (bytes): 4096
	Exit status: 0
rc=0
