{
  "a_pinned_after": "BP obligation owner work=work-bp-node status=receipted pinned=no",
  "a_pinned_before": "BP obligation owner work=work-bp-node status=outstanding pinned=yes",
  "a_releases": "listed",
  "b_trusts": {
    "carried": true,
    "eid": "dtn://dtn7-r3/",
    "mode": "carried"
  },
  "dtn7_log_counts": {
    "dtn7-r1/dtnd-0.log": {
      "forwarded": 0,
      "received": 0
    },
    "dtn7-r1/dtnd-1.log": {
      "forwarded": 22,
      "received": 2
    },
    "dtn7-r2/dtnd-0.log": {
      "forwarded": 8,
      "received": 2
    },
    "dtn7-r3/dtnd-0.log": {
      "forwarded": 10,
      "received": 2
    }
  },
  "dtn7_revision": "4daf02d7ea927e9293753b2a5c4497457f6e5a40",
  "dtn_time_ms": "843640420968",
  "dtnd_processes": {
    "dtn7-r1": [
      {
        "cmd": [
          "/tank/fn/dtn7/repo/target/release/dtnd",
          "-n",
          "dtn7-r1",
          "-W",
          "/tank/fn/scratch/spike-bp/lab/r3-present/dtn7-r1",
          "-D",
          "sled",
          "-C",
          "tcp:port=48563",
          "-w",
          "55279",
          "-i",
          "0",
          "--disable_nd",
          "-d",
          "-s",
          "tcp://127.0.0.1:53253/dtn7-r2",
          "-s",
          "tcp://127.0.0.1:44155/sender"
        ],
        "log": "/tank/fn/scratch/spike-bp/lab/r3-present/dtn7-r1/dtnd-0.log",
        "pid": 2918978,
        "stopped": "SIGKILL rc=-9"
      },
      {
        "cmd": [
          "/tank/fn/dtn7/repo/target/release/dtnd",
          "-n",
          "dtn7-r1",
          "-W",
          "/tank/fn/scratch/spike-bp/lab/r3-present/dtn7-r1",
          "-D",
          "sled",
          "-C",
          "tcp:port=48563",
          "-w",
          "55279",
          "-i",
          "0",
          "--disable_nd",
          "-d",
          "-s",
          "tcp://127.0.0.1:53253/dtn7-r2",
          "-s",
          "tcp://127.0.0.1:44155/sender"
        ],
        "log": "/tank/fn/scratch/spike-bp/lab/r3-present/dtn7-r1/dtnd-1.log",
        "pid": 2919395,
        "stopped": "SIGTERM rc=-15"
      }
    ],
    "dtn7-r2": [
      {
        "cmd": [
          "/tank/fn/dtn7/repo/target/release/dtnd",
          "-n",
          "dtn7-r2",
          "-W",
          "/tank/fn/scratch/spike-bp/lab/r3-present/dtn7-r2",
          "-D",
          "sled",
          "-C",
          "tcp:port=53253",
          "-w",
          "40477",
          "-i",
          "0",
          "--disable_nd",
          "-d",
          "-s",
          "tcp://127.0.0.1:34279/dtn7-r3",
          "-s",
          "tcp://127.0.0.1:48563/dtn7-r1"
        ],
        "log": "/tank/fn/scratch/spike-bp/lab/r3-present/dtn7-r2/dtnd-0.log",
        "pid": 2919141,
        "stopped": "SIGTERM rc=-15"
      }
    ],
    "dtn7-r3": [
      {
        "cmd": [
          "/tank/fn/dtn7/repo/target/release/dtnd",
          "-n",
          "dtn7-r3",
          "-W",
          "/tank/fn/scratch/spike-bp/lab/r3-present/dtn7-r3",
          "-D",
          "sled",
          "-C",
          "tcp:port=34279",
          "-w",
          "51907",
          "-i",
          "0",
          "--disable_nd",
          "-d",
          "-s",
          "tcp://127.0.0.1:60899/receiver",
          "-s",
          "tcp://127.0.0.1:53253/dtn7-r2"
        ],
        "log": "/tank/fn/scratch/spike-bp/lab/r3-present/dtn7-r3/dtnd-0.log",
        "pid": 2919205,
        "stopped": "SIGTERM rc=-15"
      }
    ]
  },
  "image": "/tank/fn/gates/spike-bp-28f2e1a4b/build/fn-host-dtn-production",
  "native": false,
  "processes": [
    {
      "pid": 2919292,
      "stopped": "SIGTERM rc=143",
      "tag": "b-serve"
    },
    {
      "pid": 2920150,
      "stopped": "SIGTERM rc=143",
      "tag": "a-serve"
    },
    {
      "pid": 2920166,
      "stopped": "SIGTERM rc=143",
      "tag": "b-4-serve"
    }
  ],
  "receipt_without_tick": true,
  "relays": 3,
  "request_adu": {
    "octets": 6314,
    "sha256": "fd1a3bd9c33af270"
  },
  "routes": {
    "mode": "present"
  },
  "setup_image": "/tank/fn/gates/spike-bp-28f2e1a4b/build/fn-host-dtn-developer",
  "setup_rcs": [
    0,
    0,
    0,
    0,
    0,
    0,
    0,
    0,
    0,
    0,
    0,
    0,
    0,
    0
  ],
  "steps": [
    {
      "bytes_forwarded_before_hold": [
        600
      ],
      "fragmentation": [],
      "held": true,
      "logs": {
        "a-1-send": {
          "file": "a-1-send.log",
          "lines": [
            "BP FNBS recovered held=0",
            "BP queue recovered jobs=0",
            "BP queue accepted work=work-bp-node attempt=work-bp-node-attempt generation=0 status=durable",
            "TCPCL bp-service aux (:SEND :CONTACT 6)",
            "TCPCL bp-service event (:SEND :SESS-INIT 38)",
            "TCPCL bp-service event (:SESSION-UP 10 64000 64000 NIL)",
            "TCPCL bp-service aux (:SEND :XFER-SEGMENT 6441)",
            "TCPCL bp-service aux (:OUTBOUND-FAILED 0 \"bp-service\")",
            "TCPCL bp-service aux (:SESSION-DOWN)",
            "TCPCL bp-service uncertain outbound-failed xfer=0",
            "BP transport work=work-bp-node status=attempted",
            "BP forwarding retained reason=uncertain"
          ],
          "sha256_16": "9c1a668c253762d8"
        }
      },
      "outcome": "uncertain",
      "routing": [],
      "sigkill": {
        "first_hop": "dtn7-r1",
        "pid": 2918978
      },
      "step": "1 A request, held mid-transfer, first hop SIGKILLed"
    },
    {
      "logs": {
        "a-2-resume": {
          "file": "a-2-resume.log",
          "lines": [
            "BP FNBS recovered held=0",
            "BP queue recovered jobs=1",
            "BP queued job routed hop=return-boundary port=40867",
            "TCPCL bp-service aux (:SEND :CONTACT 6)",
            "TCPCL bp-service event (:SEND :SESS-INIT 38)",
            "TCPCL bp-service event (:SESSION-UP 10 64000 64000 NIL)",
            "TCPCL bp-service aux (:SEND :XFER-SEGMENT 6441)",
            "TCPCL bp-service event (:OUTBOUND-SENT 0 \"bp-service\")",
            "TCPCL bp-service accepted outbound xfer=0",
            "TCPCL bp-service aux (:SEND :SESS-TERM 3)",
            "TCPCL bp-service event (:PEER-TERMINATING 0)",
            "TCPCL bp-service event (:CLOSE)",
            "BP transport work=work-bp-node status=forwarded"
          ],
          "sha256_16": "70f7dfef0c34e45f"
        }
      },
      "outcome": "accepted",
      "restarted": 2919395,
      "step": "2 first hop restarted, A resumes its durable job"
    },
    {
      "application": [
        "BP node delivery request-accepted"
      ],
      "b_fnbs_frame_names": [
        "00000000000000000000.fnb",
        "00000000000000000001-00000000000000000000.fnb",
        "00000000000000000001-00000000000000000002.fnb",
        "00000000000000000001-00000000000000000003.fnb",
        "00000000000000000001.fnb",
        "00000000000000000002.fnb"
      ],
      "b_fnbs_lifecycle_frames": 6,
      "channel_refusals": [],
      "logs": {
        "b-serve": {
          "file": "b-serve.log",
          "lines": [
            "BP FNBS recovered held=0",
            "BP queue recovered jobs=0",
            "BP node budgets owner-backoff=5000 retry-budget=3",
            "BP NODE LISTENING 60899",
            "TCPCL bp-node event (:SEND :CONTACT 6)",
            "TCPCL bp-node event (:SEND :SESS-INIT 40)",
            "TCPCL bp-node event (:SESSION-UP 10 64000 64000 NIL)",
            "TCPCL bp-node event (:SEND :XFER-ACK 18)",
            "TCPCL bp-node event (:SEND :XFER-ACK 18)",
            "TCPCL bp-node event (:SEND :XFER-ACK 18)",
            "TCPCL bp-node event (:SEND :XFER-ACK 18)",
            "TCPCL bp-node event (:SEND :XFER-ACK 18)",
            "TCPCL bp-node event (:SEND :XFER-ACK 18)",
            "TCPCL bp-node event (:SEND :XFER-ACK 18)",
            "TCPCL bp-node event (:BUNDLE-RECEIVED 1 6438)",
            "BP accepted xfer=1 adu=6314 path=/tank/fn/scratch/spike-bp/lab/r3-present/b-fnbs/lifecycle/00000000000000000001-00000000000000000000.fnb",
            "TCPCL bp-node accepted xfer=1 path=/tank/fn/scratch/spike-bp/lab/r3-present/b-fnbs/lifecycle/00000000000000000001-00000000000000000000.fnb",
            "TCPCL bp-node aux (:SEND :KEEPALIVE 1)",
            "TCPCL bp-node event (:SEND :SESS-TERM 3)",
            "TCPCL bp-node event (:PEER-TERMINATING 1)",
            "TCPCL bp-node event (:CLOSE)",
            "TCPCL bp-node event peer gone before send: [Errno 32] Broken pipe",
            "TCPCL bp-node summary accepted=1 refused=0 uncertain=0 phase=closed",
            "BP node source carried carrier=ingress-boundary author=sender-author",
            "BP application handoff durable",
            "BP node delivery request-accepted",
            "BP queue route destination=dtn://sender/ port=34279",
            "BP queue accepted work=bp-receipt:receipt:work-bp-node:0 attempt=return generation=0 status=durable",
            "BP node receipt queued id=receipt:work-bp-node",
            "BP node receipt contact peer=dtn://sender/",
            "BP queued job routed hop=ingress-boundary port=34279",
            "TCPCL bp-service aux (:SEND :CONTACT 6)",
            "TCPCL bp-service event (:SEND :SESS-INIT 40)",
            "TCPCL bp-service event (:SESSION-UP 10 64000 64000 NIL)",
            "TCPCL bp-service aux (:SEND :XFER-SEGMENT 356)",
            "TCPCL bp-service event (:OUTBOUND-SENT 0 \"bp-service\")",
            "TCPCL bp-service accepted outbound xfer=0",
            "TCPCL bp-service aux (:SEND :SESS-TERM 3)",
            "TCPCL bp-service event (:PEER-TERMINATING 0)",
            "TCPCL bp-service event (:CLOSE)",
            "BP transport work=bp-receipt:receipt:work-bp-node:0 status=forwarded",
            "TCPCL bp-node event (:SEND :CONTACT 6)",
            "TCPCL bp-node event (:SEND :SESS-INIT 40)",
            "TCPCL bp-node event (:SESSION-UP 10 64000 64000 NIL)",
            "TCPCL bp-node event (:SEND :XFER-ACK 18)",
            "TCPCL bp-node event (:BUNDLE-RECEIVED 1 353)",
            "BP accepted xfer=1 adu=228 path=/tank/fn/scratch/spike-bp/lab/r3-present/b-fnbs/lifecycle/00000000000000000001-00000000000000000003.fnb",
            "TCPCL bp-node accepted xfer=1 path=/tank/fn/scratch/spike-bp/lab/r3-present/b-fnbs/lifecycle/00000000000000000001-00000000000000000003.fnb"
          ],
          "sha256_16": "b625aa22a99c6f23"
        }
      },
      "outcome": "request-accepted",
      "receipts_queued": [
        "BP node receipt queued id=receipt:work-bp-node"
      ],
      "source_decisions": [
        "BP node source carried carrier=ingress-boundary author=sender-author"
      ],
      "step": "3 B admits, takes custody, dispatches to its application",
      "transport_accepted": 2
    },
    {
      "a_inbound_custody": [
        "BP accepted xfer=1 adu=228 path=/tank/fn/scratch/spike-bp/lab/r3-present/a-fnbs/lifecycle/00000000000000000001-00000000000000000000.fnb",
        "BP accepted xfer=2 adu=6314 path=/tank/fn/scratch/spike-bp/lab/r3-present/a-fnbs/lifecycle/00000000000000000001-00000000000000000001.fnb",
        "BP received carrier dispatch durable"
      ],
      "a_obligation": "BP obligation owner work=work-bp-node status=receipted pinned=no",
      "a_receipt_lines": [
        "BP node delivery receipt-accepted"
      ],
      "a_release_lines": [
        "BP node release listed-issuer carrier=return-boundary issuer=dtn://receiver/"
      ],
      "a_source_decisions": [
        "BP node source carried carrier=return-boundary author=receiver-author"
      ],
      "b_receipt_contacts": [],
      "b_signed_lines": [],
      "flipped": null,
      "logs": {
        "a-serve": {
          "file": "a-serve.log",
          "lines": [
            "BP FNBS recovered held=0",
            "BP queue recovered jobs=1",
            "BP node budgets owner-backoff=5000 retry-budget=3",
            "BP NODE LISTENING 44155",
            "TCPCL bp-node event (:SEND :CONTACT 6)",
            "TCPCL bp-node event (:SEND :SESS-INIT 38)",
            "TCPCL bp-node event (:SESSION-UP 10 64000 64000 NIL)",
            "TCPCL bp-node event (:SEND :XFER-ACK 18)",
            "TCPCL bp-node event (:BUNDLE-RECEIVED 1 355)",
            "BP accepted xfer=1 adu=228 path=/tank/fn/scratch/spike-bp/lab/r3-present/a-fnbs/lifecycle/00000000000000000001-00000000000000000000.fnb",
            "TCPCL bp-node accepted xfer=1 path=/tank/fn/scratch/spike-bp/lab/r3-present/a-fnbs/lifecycle/00000000000000000001-00000000000000000000.fnb",
            "TCPCL bp-node event (:SEND :XFER-ACK 18)",
            "TCPCL bp-node event (:SEND :XFER-ACK 18)",
            "TCPCL bp-node event (:SEND :XFER-ACK 18)",
            "TCPCL bp-node event (:SEND :XFER-ACK 18)",
            "TCPCL bp-node event (:SEND :XFER-ACK 18)",
            "TCPCL bp-node event (:SEND :XFER-ACK 18)",
            "TCPCL bp-node event (:SEND :XFER-ACK 18)",
            "TCPCL bp-node event (:BUNDLE-RECEIVED 2 6440)",
            "BP accepted xfer=2 adu=6314 path=/tank/fn/scratch/spike-bp/lab/r3-present/a-fnbs/lifecycle/00000000000000000001-00000000000000000001.fnb",
            "TCPCL bp-node accepted xfer=2 path=/tank/fn/scratch/spike-bp/lab/r3-present/a-fnbs/lifecycle/00000000000000000001-00000000000000000001.fnb",
            "TCPCL bp-node aux (:SEND :KEEPALIVE 1)",
            "TCPCL bp-node event (:SEND :SESS-TERM 3)",
            "TCPCL bp-node event (:PEER-TERMINATING 1)",
            "TCPCL bp-node event (:CLOSE)",
            "TCPCL bp-node event peer gone before send: [Errno 32] Broken pipe",
            "TCPCL bp-node summary accepted=2 refused=0 uncertain=0 phase=closed",
            "BP node source carried carrier=return-boundary author=receiver-author",
            "BP node release listed-issuer carrier=return-boundary issuer=dtn://receiver/",
            "BP application handoff durable",
            "BP node delivery receipt-accepted",
            "BP received carrier dispatch durable",
            "BP forwarding route hop=return-boundary port=40867",
            "TCPCL bp-node-forward aux (:SEND :CONTACT 6)",
            "TCPCL bp-node-forward event (:SEND :SESS-INIT 38)",
            "TCPCL bp-node-forward event (:SESSION-UP 10 64000 64000 NIL)",
            "BP forwarding attempt durable key=((114 101 116 117 114 110 45 98 111 117 110",
            "TCPCL bp-node-forward aux (:SEND :XFER-SEGMENT 6461)",
            "TCPCL bp-node-forward event (:OUTBOUND-SENT 0 \"bp-node-forward\")",
            "TCPCL bp-node-forward accepted outbound xfer=0",
            "TCPCL bp-node-forward aux (:SEND :SESS-TERM 3)",
            "TCPCL bp-node-forward event (:PEER-TERMINATING 0)",
            "TCPCL bp-node-forward event (:CLOSE)",
            "BP forwarding result durable arrival=1 status=sent"
          ],
          "sha256_16": "c13e53bea3eaebdd"
        },
        "b-4-serve": {
          "file": "b-4-serve.log",
          "lines": [
            "BP FNBS recovered held=2",
            "BP queue recovered jobs=1",
            "BP node budgets owner-backoff=5000 retry-budget=3",
            "BP received carrier dispatch durable",
            "BP forwarding route hop=ingress-boundary port=34279",
            "TCPCL bp-node-forward aux (:SEND :CONTACT 6)",
            "TCPCL bp-node-forward event (:SEND :SESS-INIT 40)",
            "TCPCL bp-node-forward event (:SESSION-UP 10 64000 64000 NIL)",
            "BP forwarding attempt durable key=((105 110 103 114 101 115 115 45 98 111 117",
            "TCPCL bp-node-forward aux (:SEND :XFER-SEGMENT 378)",
            "TCPCL bp-node-forward event (:OUTBOUND-SENT 0 \"bp-node-forward\")",
            "TCPCL bp-node-forward accepted outbound xfer=0",
            "TCPCL bp-node-forward aux (:SEND :SESS-TERM 3)",
            "TCPCL bp-node-forward event (:PEER-TERMINATING 0)",
            "TCPCL bp-node-forward event (:CLOSE)",
            "BP forwarding result durable arrival=1 status=sent",
            "BP NODE LISTENING 60899"
          ],
          "sha256_16": "7b7f5fc646199c4f"
        }
      },
      "outcome": "receipt-accepted",
      "step": "4 B's receipt carried back and matched at A",
      "tick_outcome": "no-tick"
    }
  ],
  "topology": [
    "fn-a",
    "dtn7-r1",
    "dtn7-r2",
    "dtn7-r3",
    "fn-b"
  ]
}
