{
  "a_pinned_after": "BP obligation owner work=work-bp-node status=outstanding pinned=yes",
  "a_pinned_before": "BP obligation owner work=work-bp-node status=outstanding pinned=yes",
  "a_releases": "listed",
  "b_trusts": {
    "carried": true,
    "eid": "dtn://dtn7-r1/",
    "mode": "carried"
  },
  "dtn7_log_counts": {
    "dtn7-r1/dtnd-0.log": {
      "forwarded": 0,
      "received": 0
    },
    "dtn7-r1/dtnd-1.log": {
      "forwarded": 0,
      "received": 0
    }
  },
  "dtn7_revision": "4daf02d7ea927e9293753b2a5c4497457f6e5a40",
  "dtn_time_ms": "843640285988",
  "dtnd_processes": {
    "dtn7-r1": [
      {
        "cmd": [
          "/tank/fn/dtn7/repo/target/release/dtnd",
          "-n",
          "dtn7-r1",
          "-W",
          "/tank/fn/scratch/spike-bp/lab/r1-removed/dtn7-r1",
          "-D",
          "sled",
          "-C",
          "tcp:port=50539",
          "-w",
          "54831",
          "-i",
          "0",
          "--disable_nd",
          "-d",
          "-s",
          "tcp://127.0.0.1:58119/receiver",
          "-s",
          "tcp://127.0.0.1:49615/sender"
        ],
        "log": "/tank/fn/scratch/spike-bp/lab/r1-removed/dtn7-r1/dtnd-0.log",
        "pid": 2913522,
        "stopped": "SIGKILL rc=-9"
      },
      {
        "cmd": [
          "/tank/fn/dtn7/repo/target/release/dtnd",
          "-n",
          "dtn7-r1",
          "-W",
          "/tank/fn/scratch/spike-bp/lab/r1-removed/dtn7-r1",
          "-D",
          "sled",
          "-C",
          "tcp:port=50539",
          "-w",
          "54831",
          "-i",
          "0",
          "--disable_nd",
          "-d",
          "-s",
          "tcp://127.0.0.1:58119/receiver",
          "-s",
          "tcp://127.0.0.1:49615/sender"
        ],
        "log": "/tank/fn/scratch/spike-bp/lab/r1-removed/dtn7-r1/dtnd-1.log",
        "pid": 2913855,
        "stopped": "SIGTERM rc=-15"
      }
    ]
  },
  "image": "/tank/fn/gates/spike-bp-28f2e1a4b/build/fn-host-dtn-production",
  "native": false,
  "processes": [
    {
      "pid": 2913754,
      "stopped": "SIGTERM rc=143",
      "tag": "b-serve"
    },
    {
      "pid": 2914884,
      "stopped": "SIGTERM rc=143",
      "tag": "a-serve"
    }
  ],
  "receipt_without_tick": null,
  "relays": 1,
  "request_adu": {
    "octets": 6314,
    "sha256": "fd1a3bd9c33af270"
  },
  "routes": {
    "mode": "removed"
  },
  "setup_image": "/tank/fn/gates/spike-bp-28f2e1a4b/build/fn-host-dtn-developer",
  "setup_rcs": [
    0,
    0,
    0,
    0,
    0,
    0,
    0,
    0,
    0,
    0,
    0,
    0,
    0,
    0,
    0
  ],
  "steps": [
    {
      "bytes_forwarded_before_hold": [
        600
      ],
      "fragmentation": [],
      "held": true,
      "logs": {
        "a-1-send": {
          "file": "a-1-send.log",
          "lines": [
            "BP FNBS recovered held=0",
            "BP queue recovered jobs=0",
            "BP queue accepted work=work-bp-node attempt=work-bp-node-attempt generation=0 status=durable",
            "TCPCL bp-service aux (:SEND :CONTACT 6)",
            "TCPCL bp-service event (:SEND :SESS-INIT 38)",
            "TCPCL bp-service event (:SESSION-UP 10 64000 64000 NIL)",
            "TCPCL bp-service aux (:SEND :XFER-SEGMENT 6441)",
            "TCPCL bp-service aux (:OUTBOUND-FAILED 0 \"bp-service\")",
            "TCPCL bp-service aux (:SESSION-DOWN)",
            "TCPCL bp-service uncertain outbound-failed xfer=0",
            "BP transport work=work-bp-node status=attempted",
            "BP forwarding retained reason=uncertain"
          ],
          "sha256_16": "9c1a668c253762d8"
        }
      },
      "outcome": "uncertain",
      "routing": [],
      "sigkill": {
        "first_hop": "dtn7-r1",
        "pid": 2913522
      },
      "step": "1 A request, held mid-transfer, first hop SIGKILLed"
    },
    {
      "logs": {
        "a-2-resume": {
          "file": "a-2-resume.log",
          "lines": [
            "BP FNBS recovered held=0",
            "BP queue recovered jobs=1",
            "BP queued job no-route destination=dtn://receiver/ decision=no-route (held; the obligation stays)"
          ],
          "sha256_16": "d26dcbeb0672dd28"
        }
      },
      "outcome": "accepted",
      "restarted": 2913855,
      "step": "2 first hop restarted, A resumes its durable job"
    },
    {
      "application": [],
      "b_fnbs_frame_names": [],
      "b_fnbs_lifecycle_frames": 0,
      "channel_refusals": [],
      "logs": {
        "b-serve": {
          "file": "b-serve.log",
          "lines": [
            "BP FNBS recovered held=0",
            "BP queue recovered jobs=0",
            "BP node budgets owner-backoff=5000 retry-budget=3",
            "BP NODE LISTENING 58119"
          ],
          "sha256_16": "89b6e2bfb5e9d49b"
        }
      },
      "outcome": "no-verdict",
      "receipts_queued": [],
      "source_decisions": [],
      "step": "3 B admits, takes custody, dispatches to its application",
      "transport_accepted": 0
    },
    {
      "a_inbound_custody": [],
      "a_obligation": "BP obligation owner work=work-bp-node status=outstanding pinned=yes",
      "a_receipt_lines": [],
      "a_release_lines": [],
      "a_source_decisions": [],
      "b_receipt_contacts": [
        "BP contact closed peer=dtn://sender/"
      ],
      "b_signed_lines": [],
      "flipped": null,
      "logs": {
        "a-serve": {
          "file": "a-serve.log",
          "lines": [
            "BP FNBS recovered held=0",
            "BP queue recovered jobs=1",
            "BP node budgets owner-backoff=5000 retry-budget=3",
            "BP node receipt contact peer=dtn://receiver/",
            "BP queued job no-route destination=dtn://receiver/ decision=no-route (held; the obligation stays)",
            "BP NODE LISTENING 49615"
          ],
          "sha256_16": "b334df5e8955404c"
        },
        "b-4-tick": {
          "file": "b-4-tick.log",
          "lines": [
            "BP FNBS recovered held=0",
            "BP queue recovered jobs=0",
            "BP contact closed peer=dtn://sender/"
          ],
          "sha256_16": "f95155fec6df062b"
        }
      },
      "outcome": "no-receipt",
      "step": "4 B's receipt carried back and matched at A",
      "tick_outcome": "accepted"
    }
  ],
  "topology": [
    "fn-a",
    "dtn7-r1",
    "fn-b"
  ]
}
