accepted reader connection=0 time=2026-09-25T09:27:46Z
post login=ember unbound
accepted post path=served connection=0 message-id=<pl-resend-052746@example.org> agent=fn.example.invalid time=2026-09-25T09:27:46Z
accepted reader connection=1 time=2026-09-25T09:27:46Z
accepted reader connection=2 time=2026-09-25T09:27:48Z
post login=ember unbound
refused post path=served connection=2 message-id=<pl-resend-052746@example.org> agent=fn.example.invalid time=2026-09-25T09:27:48Z
accepted reader connection=3 time=2026-09-25T09:27:48Z
accepted reader connection=4 time=2026-09-25T09:27:48Z
post login=ember unbound
refused post path=served connection=4 message-id=<pl-resend-052746@example.org> agent=fn.example.invalid time=2026-09-25T09:27:48Z
accepted reader connection=5 time=2026-09-25T09:27:48Z
accepted reader connection=6 time=2026-09-25T09:27:48Z
post login=ember unbound
accepted post path=served connection=6 message-id=<pl-dateless-052746@example.org> agent=fn.example.invalid time=2026-09-25T09:27:48Z
accepted reader connection=7 time=2026-09-25T09:27:48Z
accepted reader connection=8 time=2026-09-25T09:27:51Z
post login=ember unbound
refused post path=served connection=8 message-id=<pl-dateless-052746@example.org> agent=fn.example.invalid time=2026-09-25T09:27:51Z
accepted reader connection=9 time=2026-09-25T09:27:51Z
accepted reader connection=10 time=2026-09-25T09:27:51Z
accepted reader connection=11 time=2026-09-25T09:27:51Z
accepted reader connection=12 time=2026-09-25T09:27:51Z
accepted reader connection=13 time=2026-09-25T09:27:51Z
accepted reader connection=14 time=2026-09-25T09:27:51Z
accepted reader connection=15 time=2026-09-25T09:27:51Z
accepted reader connection=16 time=2026-09-25T09:27:51Z
accepted reader connection=17 time=2026-09-25T09:27:51Z
accepted reader connection=18 time=2026-09-25T09:27:51Z
accepted reader connection=19 time=2026-09-25T09:27:51Z
accepted reader connection=20 time=2026-09-25T09:27:51Z
post login=ember unbound
accepted post path=served connection=20 message-id=<fn-client.20260925T092751Z.23e263c7@ember.invalid> agent=fn.example.invalid time=2026-09-25T09:27:52Z
accepted reader connection=21 time=2026-09-25T09:27:52Z
accepted reader connection=22 time=2026-09-25T09:28:00Z
accepted reader connection=23 time=2026-09-25T09:28:18Z
post login=ember unbound
accepted post path=served connection=23 message-id=<00000000843643737952.00000000000000080077.fn@fn.example.invalid> agent=fn.example.invalid time=2026-09-25T09:28:57Z
accepted reader connection=24 time=2026-09-25T09:29:50Z
post login=ember unbound
accepted post path=served connection=24 message-id=<00000000843643813192.00000000000000155317.fn@fn.example.invalid> agent=fn.example.invalid time=2026-09-25T09:30:13Z
post login=ember unbound
accepted post path=served connection=24 message-id=<00000000843643832229.00000000000000174353.fn@fn.example.invalid> agent=fn.example.invalid time=2026-09-25T09:30:32Z
accepted reader connection=25 time=2026-09-25T09:31:27Z
accepted reader connection=26 time=2026-09-25T09:32:22Z
post login=ember unbound
accepted post path=served connection=26 message-id=<00000000843643966528.00000000000000308653.fn@fn.example.invalid> agent=fn.example.invalid time=2026-09-25T09:32:46Z
post login=ember unbound
refused post path=served connection=26 message-id=<00000000843643996585.00000000000000338709.fn@fn.example.invalid> agent=fn.example.invalid time=2026-09-25T09:33:16Z
post login=ember unbound
refused post path=served connection=26 message-id=<00000000843644002591.00000000000000344714.fn@fn.example.invalid> agent=fn.example.invalid time=2026-09-25T09:33:22Z
accepted reader connection=1 time=2026-09-25T09:37:14Z
post login=ember bound=9261767a86396a924c32df476c1c6da99e16d7a8aa446c35ad70eaa328b0f403
accepted post path=served connection=1 message-id=<fn-client.20260925T093714Z.58e289ae@ember.invalid> agent=fn.example.invalid time=2026-09-25T09:37:15Z
accepted reader connection=2 time=2026-09-25T09:37:15Z
accepted reader connection=3 time=2026-09-25T09:37:15Z
post login=ember refused login-not-bound
refused post path=served connection=3 message-id=<fn-client.20260925T093715Z.4ac8949e@ember.invalid> agent=fn.example.invalid time=2026-09-25T09:37:15Z
accepted reader connection=4 time=2026-09-25T09:37:15Z
accepted reader connection=5 time=2026-09-25T09:37:15Z
post login=ember refused login-unsigned
refused post path=served connection=5 message-id=<fn-client.20260925T093715Z.91d6d01c@ember.invalid> agent=fn.example.invalid time=2026-09-25T09:37:15Z
accepted reader connection=6 time=2026-09-25T09:37:15Z
accepted reader connection=7 time=2026-09-25T09:37:15Z
post login=guest unbound
accepted post path=served connection=7 message-id=<fn-client.20260925T093715Z.7d696d2d@guest.invalid> agent=fn.example.invalid time=2026-09-25T09:37:15Z
accepted reader connection=8 time=2026-09-25T09:37:17Z
accepted reader connection=9 time=2026-09-25T09:37:18Z
post login=guest unbound
accepted post path=served connection=9 message-id=<fn-client.20260925T093718Z.4981ede7@guest.invalid> agent=fn.example.invalid time=2026-09-25T09:37:18Z
accepted reader connection=10 time=2026-09-25T09:37:20Z
accepted reader connection=12 time=2026-09-25T09:38:04Z
post login=ember refused login-not-bound
refused post path=served connection=12 message-id=<fn-client.20260925T093804Z.e3e5f5de@ember.invalid> agent=fn.example.invalid time=2026-09-25T09:38:05Z
accepted reader connection=13 time=2026-09-25T09:38:05Z
accepted reader connection=14 time=2026-09-25T09:38:05Z
post login=ember refused login-unsigned
refused post path=served connection=14 message-id=<fn-client.20260925T093805Z.d9092746@ember.invalid> agent=fn.example.invalid time=2026-09-25T09:38:05Z
accepted reader connection=15 time=2026-09-25T09:38:05Z
accepted reader connection=0 time=2026-09-25T09:48:48Z
post login=ember unbound
accepted post path=served connection=0 message-id=<fn-client.20260925T094848Z.7872476f@ember.invalid> agent=fn.example.invalid time=2026-09-25T09:48:48Z
accepted reader connection=1 time=2026-09-25T09:48:48Z
accepted reader connection=2 time=2026-09-25T09:48:49Z
post login=ember unbound
accepted post path=served connection=2 message-id=<fn-client.20260925T094849Z.e295e0b3@ember.invalid> agent=fn.example.invalid time=2026-09-25T09:48:49Z
accepted reader connection=3 time=2026-09-25T09:48:49Z
accepted reader connection=5 time=2026-09-25T09:48:49Z
post login=ember bound=9261767a86396a924c32df476c1c6da99e16d7a8aa446c35ad70eaa328b0f403
accepted post path=served connection=5 message-id=<fn-client.20260925T094849Z.26cdd05a@ember.invalid> agent=fn.example.invalid time=2026-09-25T09:48:49Z
accepted reader connection=6 time=2026-09-25T09:48:50Z
accepted reader connection=7 time=2026-09-25T09:48:50Z
post login=ember refused login-not-bound
refused post path=served connection=7 message-id=<fn-client.20260925T094850Z.fecc057d@ember.invalid> agent=fn.example.invalid time=2026-09-25T09:48:50Z
accepted reader connection=8 time=2026-09-25T09:48:50Z
accepted reader connection=9 time=2026-09-25T09:48:50Z
post login=ember refused login-unsigned
refused post path=served connection=9 message-id=<fn-client.20260925T094850Z.f09eef16@ember.invalid> agent=fn.example.invalid time=2026-09-25T09:48:50Z
accepted reader connection=10 time=2026-09-25T09:48:50Z
accepted reader connection=11 time=2026-09-25T09:48:50Z
post login=guest unbound
accepted post path=served connection=11 message-id=<fn-client.20260925T094850Z.8f6065d0@guest.invalid> agent=fn.example.invalid time=2026-09-25T09:48:50Z
accepted reader connection=12 time=2026-09-25T09:48:50Z
accepted reader connection=13 time=2026-09-25T09:48:50Z
post login=guest unbound
accepted post path=served connection=13 message-id=<fn-client.20260925T094850Z.9c790304@guest.invalid> agent=fn.example.invalid time=2026-09-25T09:48:50Z
accepted reader connection=14 time=2026-09-25T09:48:50Z
accepted reader connection=16 time=2026-09-25T09:48:51Z
post login=ember unbound
accepted post path=served connection=16 message-id=<fn-client.20260925T094851Z.10c45d98@ember.invalid> agent=fn.example.invalid time=2026-09-25T09:48:51Z
accepted reader connection=17 time=2026-09-25T09:48:51Z
accepted reader connection=18 time=2026-09-25T09:48:51Z
post login=ember unbound
accepted post path=served connection=18 message-id=<fn-client.20260925T094851Z.ce987bf7@ember.invalid> agent=fn.example.invalid time=2026-09-25T09:48:51Z
accepted reader connection=19 time=2026-09-25T09:48:51Z
accepted reader connection=20 time=2026-09-25T09:49:01Z
post login=ember unbound
accepted post path=served connection=20 message-id=<00000000843644964115.00000000000000037599.fn@fn.example.invalid> agent=fn.example.invalid time=2026-09-25T09:49:24Z
post login=ember unbound
accepted post path=served connection=20 message-id=<00000000843644983145.00000000000000056629.fn@fn.example.invalid> agent=fn.example.invalid time=2026-09-25T09:49:43Z
post login=ember unbound
accepted post path=served connection=20 message-id=<00000000843645013198.00000000000000086683.fn@fn.example.invalid> agent=fn.example.invalid time=2026-09-25T09:50:13Z
accepted reader connection=21 time=2026-09-25T09:50:30Z
