1790328498.948 1 --- connection
1790328498.949 1 S: 201 fn-nntp experimental reader ready
1790328498.949 1 C: CAPABILITIES
1790328498.949 1 S: 101 capability list follows
1790328498.949 1 S: VERSION 2
1790328498.949 1 S: READER
1790328498.949 1 S: OVER MSGID
1790328498.949 1 S: HDR
1790328498.949 1 S: NEWNEWS
1790328498.949 1 S: LIST ACTIVE ACTIVE.TIMES COUNTS HEADERS NEWSGROUPS OVERVIEW.FMT
1790328498.950 1 S: IMPLEMENTATION fn-nntp-lab
1790328498.950 1 S: STARTTLS
1790328498.950 1 S: AUTHINFO USER
1790328498.950 1 S: .
1790328498.950 1 C: AUTHINFO USER ember
1790328498.950 1 S: 381 password required
1790328498.950 1 C: AUTHINFO PASS [password]
1790328498.950 1 S: 281 authentication accepted
1790328500.953 1 C: CAPABILITIES
1790328500.953 1 S: 101 capability list follows
1790328500.953 1 S: VERSION 2
1790328500.953 1 S: READER
1790328500.953 1 S: POST
1790328500.953 1 S: OVER MSGID
1790328500.953 1 S: HDR
1790328500.953 1 S: NEWNEWS
1790328500.953 1 S: LIST ACTIVE ACTIVE.TIMES COUNTS HEADERS NEWSGROUPS OVERVIEW.FMT
1790328500.953 1 S: IMPLEMENTATION fn-nntp-lab
1790328500.953 1 S: STARTTLS
1790328500.953 1 S: .
1790328500.953 1 C: LIST OVERVIEW.FMT
1790328500.954 1 S: 215 order of fields in overview database
1790328500.954 1 S: Subject:
1790328500.954 1 S: From:
1790328500.954 1 S: Date:
1790328500.954 1 S: Message-ID:
1790328500.954 1 S: References:
1790328500.954 1 S: :bytes
1790328500.954 1 S: :lines
1790328500.954 1 S: .
1790328502.956 1 C: LIST COUNTS
1790328502.956 1 S: 215 list of newsgroups follows
1790328502.956 1 S: fn.agents 0 1 0 y
1790328502.956 1 S: fn.test 3 1 3 y
1790328502.956 1 S: .
1790328502.957 1 C: LIST NEWSGROUPS
1790328502.957 1 S: 215 list of newsgroups follows
1790328502.957 1 S: fn.agents	(no description)
1790328502.957 1 S: fn.test	(no description)
1790328502.957 1 S: .
1790328509.913 1 C: LISTGROUP fn.test
1790328509.913 1 S: 211 3 1 3 fn.test list follows
1790328509.913 1 S: 1
1790328509.913 1 S: 2
1790328509.913 1 S: 3
1790328509.913 1 S: .
1790328509.913 1 C: OVER 1-3
1790328509.915 1 S: 224 overview information follows
1790328509.915 1 S: 1	resend with a supplied Path	ember <ember@example.org>	Fri, 25 Sep 2026 10:00:00 +0000	<pl-resend-052746@example.org>		258	1
1790328509.915 1 S: 2	dateless resend	ember <ember@example.org>	Fri, 25 Sep 2026 09:27:48 +0000	<pl-dateless-052746@example.org>		297	1
1790328509.915 1 S: 3	signed with a supplied Path	ember <ember@example.org>	Fri, 25 Sep 2026 09:27:51 +0000	<fn-client.20260925T092751Z.23e263c7@ember.invalid>		7811	1
1790328509.915 1 S: .
1790328509.915 1 C: LIST HEADERS RANGE
1790328509.915 1 S: 215 field list follows
1790328509.915 1 S: :
1790328509.915 1 S: :bytes
1790328509.915 1 C: HDR XREF 1-3
1790328509.915 1 S: :lines
1790328509.915 1 S: .
1790328509.917 1 S: 225 headers follow
1790328509.917 1 S: 1 
1790328509.917 1 S: 2 
1790328509.917 1 S: 3 
1790328509.917 1 S: .
1790328537.952 1 C: POST
1790328537.953 1 S: 340 send article to be posted
1790328537.953 1 C: Path: not-for-mail
1790328537.953 1 C: From: <hbox@example.org>
1790328537.953 1 C: Subject: A new post from tin on path-and-login
1790328537.953 1 C: Newsgroups: fn.test
1790328537.953 1 C: User-Agent: tin/2.6.2-20221225 ("Pittyvaich") (Linux/6.11.0-29-generic (x86_64))
1790328537.953 1 C: 
1790328537.953 1 C: 
1790328537.953 1 C: a line from tin on the path-and-login lane
1790328537.953 1 C: .
1790328538.014 1 S: 240 article received OK
1790328546.966 1 C: QUIT
1790328546.967 1 S: 205 closing connection
