
; file: /tank/fn/scratch/bounds-p4/tree-3e2b0419/host/native/tls.lisp
; in: DEFUN FNN-TLS-WAIT
;     (FUNCALL ACL2::*FNN-FD-WAITER* ACL2::FD ACL2::DIRECTION ACL2::REMAINING)
; 
; caught WARNING:
;   undefined variable: ACL2::*FNN-FD-WAITER*
; 
; compilation unit finished
;   Undefined function:
;     FNN-SECONDS-TO-DEADLINE
;   Undefined variable:
;     *FNN-FD-WAITER*
;   caught 1 WARNING condition

; file: /tank/fn/scratch/bounds-p4/tree-3e2b0419/host/native/tls.lisp
; in: DEFUN FNN-TLS-READ
;     (FUNCALL ACL2::*FNN-FD-WAITER* ACL2::FD :INPUT ACL2::REMAINING)
; 
; caught WARNING:
;   undefined variable: ACL2::*FNN-FD-WAITER*

;     (DEFUN ACL2::FNN-TLS-READ
;            (ACL2::CHANNEL ACL2::SECONDS
;             &OPTIONAL (ACL2::LIMIT ACL2::+FNN-MAX-READ+))
;       #<(SIMPLE-ARRAY CHARACTER
;          (215)) Read decrypted bytes.  SSL_pending is checked before fd readiness so
;   plaintext already buffered inside OpenSSL cannot be stranded.  A zero-second
;   call still performs one nonblocking readiness poll, as... {12033B33DF}>
;       (LET* ((ACL2::SSL (ACL2::FNN-TLS-CHANNEL-POINTER ACL2::CHANNEL))
;              (ACL2::FD (ACL2::FNN-TLS-CHANNEL-FD ACL2::CHANNEL))
;              (ACL2::DEADLINE (ACL2::FNN-TLS-DEADLINE ACL2::SECONDS))
;              (ACL2::BUFFER (ACL2::FNN-MAKE-OCTETS ACL2::LIMIT))
;              (ACL2::INITIALP T)
;              (ACL2::ZERO-POLL-P (ZEROP ACL2::SECONDS)))
;         (SB-SYS:WITH-PINNED-OBJECTS (ACL2::BUFFER)
;           (LOOP (WHEN # #)
;                 (SETQ #)
;                 (ACL2::FNN-%ERR-CLEAR-ERROR)
;                 (LET #
;                   #
;                   #)))))
; --> SB-INT:NAMED-LAMBDA FUNCTION 
; ==>
;   (LET ((#:G3 ACL2::+FNN-MAX-READ+))
;     (LOCALLY
;      (DECLARE (MUFFLE-CONDITIONS CODE-DELETION-NOTE))
;      (SB-C::%FUNCALL #'ACL2::FNN-TLS-READ ACL2::CHANNEL ACL2::SECONDS #:G3)))
; 
; caught WARNING:
;   undefined variable: ACL2::+FNN-MAX-READ+
; 
; compilation unit finished
;   Undefined functions:
;     FNN-MAKE-OCTETS FNN-SECONDS-TO-DEADLINE
;   Undefined variables:
;     *FNN-FD-WAITER* +FNN-MAX-READ+
;   caught 2 WARNING conditions

; file: /tank/fn/scratch/bounds-p4/tree-3e2b0419/host/native/tls.lisp
; in: DEFUN FNN-TLS-PEEK-PLAINTEXT
;     (FUNCALL ACL2::*FNN-FD-WAITER* ACL2::FD :INPUT ACL2::REMAINING)
; 
; caught WARNING:
;   undefined variable: ACL2::*FNN-FD-WAITER*

;     (ACL2::FNN-MAKE-OCTETS ACL2::+FNN-MAX-READ+)
; 
; caught WARNING:
;   undefined variable: ACL2::+FNN-MAX-READ+
; 
; compilation unit finished
;   Undefined functions:
;     FNN-EINTR-P FNN-MAKE-OCTETS FNN-OS-FAIL FNN-SECONDS-TO-DEADLINE FNN-WOULD-BLOCK-P
;   Undefined variables:
;     *FNN-FD-WAITER* +FNN-MAX-READ+
;   caught 2 WARNING conditions
Unhandled SIMPLE-ERROR in thread #<SB-THREAD:THREAD tid=2461038 "main thread" RUNNING
                                    {1200038003}>:
  hybrid signature test failed: TLS reset preserves the selected library identity

Backtrace for: #<SB-THREAD:THREAD tid=2461038 "main thread" RUNNING {1200038003}>
0: (SB-DEBUG::DEBUGGER-DISABLED-HOOK #<SIMPLE-ERROR "hybrid signature test failed: ~a" {120231E213}> #<unused argument> :QUIT T)
1: (SB-DEBUG::RUN-HOOK SB-EXT:*INVOKE-DEBUGGER-HOOK* #<SIMPLE-ERROR "hybrid signature test failed: ~a" {120231E213}>)
2: (INVOKE-DEBUGGER #<SIMPLE-ERROR "hybrid signature test failed: ~a" {120231E213}>)
3: (ERROR "hybrid signature test failed: ~a" "TLS reset preserves the selected library identity")
4: (FNN-HSIG-CHECK NIL "TLS reset preserves the selected library identity")
5: ("top level form") [toplevel]
6: ((FLET "G" :IN SB-C::%COMPILE-IN-LEXENV))
7: (SB-C::%COMPILE-IN-LEXENV (LET* ((PRIVATE (OR (SB-EXT:POSIX-GETENV "FN_TEST_ML_DSA_PRIVATE") (ERROR "FN_TEST_ML_DSA_PRIVATE is required"))) (PUBLIC (OR (SB-EXT:POSIX-GETENV "FN_TEST_ML_DSA_PUBLIC") (ERROR "FN_TEST_ML_DSA_PUBLIC is required"))) (PRIVATE-B (OR (SB-EXT:POSIX-GETENV "FN_TEST_ML_DSA_PRIVATE_B") (ERROR "FN_TEST_ML_DSA_PRIVATE_B is required"))) (PUBLIC-B (OR (SB-EXT:POSIX-GETENV "FN_TEST_ML_DSA_PUBLIC_B") (ERROR "FN_TEST_ML_DSA_PUBLIC_B is required"))) (MESSAGE #(102 110 45 116 101 115 116 45 112 114 101 105 ...)) (ED-PUBLIC (FNN-HSIG-TEST-HEX "d75a980182b10ab7d54bfed3c964073a0ee172f3daa62325af021a68f707511a")) (ED-SECRET (FNN-HSIG-TEST-HEX (CONCATENATE # "9d61b19deffd5a60ba844af492ec2cc44449c5697b326919703bac031cae7f60" "d75a980182b10ab7d54bfed3c964073a0ee172f3daa62325af021a68f707511a"))) (ED-SIGNATURE (FNN-HSIG-ED25519-SIGN ED-SECRET MESSAGE)) (ML-PUBLIC (FNN-HSIG-ML-DSA-65-PUBLIC-KEY PUBLIC)) (ML-SIGNATURE (FNN-HSIG-ML-DSA-65-SIGN PRIVATE MESSAGE)) (ML-SIGNATURE-B (FNN-HSIG-ML-DSA-65-SIGN PRIVATE-B MESSAGE)) (SIGNATURES (LIST (CONS :ED25519 ED-SIGNATURE) (CONS :ML-DSA-65 ML-SIGNATURE)))) (FNN-HSIG-CHECK (FNN-CRYPTO-ED25519-VERIFY ED-PUBLIC MESSAGE ED-SIGNATURE) "libsodium Ed25519 sign/verify") (LET* ((LARGE-MESSAGE (MAKE-ARRAY # :ELEMENT-TYPE # :INITIAL-ELEMENT 42)) (LARGE-SIGNATURE (FNN-HSIG-ED25519-SIGN ED-SECRET LARGE-MESSAGE))) (FNN-HSIG-CHECK (EQ (FNN-CRYPTO-ED25519-OBSERVE ED-PUBLIC LARGE-MESSAGE LARGE-SIGNATURE #) :VERIFIED) "hybrid Ed25519 observation accepts a 200 KiB v2 preimage")) (FNN-HSIG-CHECK (FNN-HSIG-ML-DSA-65-VERIFY PUBLIC MESSAGE ML-SIGNATURE) "OpenSSL ML-DSA-65 sign/verify") (MULTIPLE-VALUE-BIND (VERIFIED OBSERVED) (FNN-HSIG-ML-DSA-65-VERIFY-RAW ML-PUBLIC MESSAGE ML-SIGNATURE) (FNN-HSIG-CHECK (AND VERIFIED (EQUALP OBSERVED ML-PUBLIC)) "receiver imports exact enrolled raw ML public key")) (MULTIPLE-VALUE-BIND (VERIFIED OBSERVED) (FNN-HSIG-ML-DSA-65-VERIFY-RAW (FNN-HSIG-ML-DSA-65-PUBLIC-KEY PUBLIC-B) MESSAGE ML-SIGNATURE) (FNN-HSIG-CHECK (AND (NOT VERIFIED) (NOT #)) "receiver refuses signature under substituted raw key")) (LET ((OBSERVATIONS (FNN-HSIG-OBSERVE-RAW ED-PUBLIC ML-PUBLIC MESSAGE SIGNATURES))) (FNN-HSIG-CHECK (AND (EQ # :VERIFIED) (EQ # :VERIFIED) (EQUALP # ML-PUBLIC)) "receiver keeps both independent raw-key observations")) (FNN-HSIG-CHECK (LET ((OBSERVATIONS #)) (AND (EQ # :VERIFIED) (EQ # :VERIFIED) (EQUALP # ML-PUBLIC))) "both observations remain distinct") (LET ((BAD (COPY-SEQ ML-SIGNATURE))) (SETF (AREF BAD 0) (LOGXOR 1 (AREF BAD 0))) (FNN-HSIG-CHECK (NOT (FNN-HSIG-ML-DSA-65-VERIFY PUBLIC MESSAGE BAD)) "one bad ML-DSA component is refused")) (FNN-HSIG-CHECK (LET ((OBSERVATIONS #)) (NOT (AND # # #))) "stripping ML-DSA never yields two verified observations") (SETQ *FNN-HSIG-TEST-PREIMAGE* MESSAGE) ...) #<NULL-LEXENV> NIL #<SB-C::SOURCE-INFO {1200CFDC63}> 11 NIL T T)
8: (SB-C:EVAL-WITH-COMPILE-IN-LEXENV (LET* ((PRIVATE (OR (SB-EXT:POSIX-GETENV "FN_TEST_ML_DSA_PRIVATE") (ERROR "FN_TEST_ML_DSA_PRIVATE is required"))) (PUBLIC (OR (SB-EXT:POSIX-GETENV "FN_TEST_ML_DSA_PUBLIC") (ERROR "FN_TEST_ML_DSA_PUBLIC is required"))) (PRIVATE-B (OR (SB-EXT:POSIX-GETENV "FN_TEST_ML_DSA_PRIVATE_B") (ERROR "FN_TEST_ML_DSA_PRIVATE_B is required"))) (PUBLIC-B (OR (SB-EXT:POSIX-GETENV "FN_TEST_ML_DSA_PUBLIC_B") (ERROR "FN_TEST_ML_DSA_PUBLIC_B is required"))) (MESSAGE #(102 110 45 116 101 115 116 45 112 114 101 105 ...)) (ED-PUBLIC (FNN-HSIG-TEST-HEX "d75a980182b10ab7d54bfed3c964073a0ee172f3daa62325af021a68f707511a")) (ED-SECRET (FNN-HSIG-TEST-HEX (CONCATENATE # "9d61b19deffd5a60ba844af492ec2cc44449c5697b326919703bac031cae7f60" "d75a980182b10ab7d54bfed3c964073a0ee172f3daa62325af021a68f707511a"))) (ED-SIGNATURE (FNN-HSIG-ED25519-SIGN ED-SECRET MESSAGE)) (ML-PUBLIC (FNN-HSIG-ML-DSA-65-PUBLIC-KEY PUBLIC)) (ML-SIGNATURE (FNN-HSIG-ML-DSA-65-SIGN PRIVATE MESSAGE)) (ML-SIGNATURE-B (FNN-HSIG-ML-DSA-65-SIGN PRIVATE-B MESSAGE)) (SIGNATURES (LIST (CONS :ED25519 ED-SIGNATURE) (CONS :ML-DSA-65 ML-SIGNATURE)))) (FNN-HSIG-CHECK (FNN-CRYPTO-ED25519-VERIFY ED-PUBLIC MESSAGE ED-SIGNATURE) "libsodium Ed25519 sign/verify") (LET* ((LARGE-MESSAGE (MAKE-ARRAY # :ELEMENT-TYPE # :INITIAL-ELEMENT 42)) (LARGE-SIGNATURE (FNN-HSIG-ED25519-SIGN ED-SECRET LARGE-MESSAGE))) (FNN-HSIG-CHECK (EQ (FNN-CRYPTO-ED25519-OBSERVE ED-PUBLIC LARGE-MESSAGE LARGE-SIGNATURE #) :VERIFIED) "hybrid Ed25519 observation accepts a 200 KiB v2 preimage")) (FNN-HSIG-CHECK (FNN-HSIG-ML-DSA-65-VERIFY PUBLIC MESSAGE ML-SIGNATURE) "OpenSSL ML-DSA-65 sign/verify") (MULTIPLE-VALUE-BIND (VERIFIED OBSERVED) (FNN-HSIG-ML-DSA-65-VERIFY-RAW ML-PUBLIC MESSAGE ML-SIGNATURE) (FNN-HSIG-CHECK (AND VERIFIED (EQUALP OBSERVED ML-PUBLIC)) "receiver imports exact enrolled raw ML public key")) (MULTIPLE-VALUE-BIND (VERIFIED OBSERVED) (FNN-HSIG-ML-DSA-65-VERIFY-RAW (FNN-HSIG-ML-DSA-65-PUBLIC-KEY PUBLIC-B) MESSAGE ML-SIGNATURE) (FNN-HSIG-CHECK (AND (NOT VERIFIED) (NOT #)) "receiver refuses signature under substituted raw key")) (LET ((OBSERVATIONS (FNN-HSIG-OBSERVE-RAW ED-PUBLIC ML-PUBLIC MESSAGE SIGNATURES))) (FNN-HSIG-CHECK (AND (EQ # :VERIFIED) (EQ # :VERIFIED) (EQUALP # ML-PUBLIC)) "receiver keeps both independent raw-key observations")) (FNN-HSIG-CHECK (LET ((OBSERVATIONS #)) (AND (EQ # :VERIFIED) (EQ # :VERIFIED) (EQUALP # ML-PUBLIC))) "both observations remain distinct") (LET ((BAD (COPY-SEQ ML-SIGNATURE))) (SETF (AREF BAD 0) (LOGXOR 1 (AREF BAD 0))) (FNN-HSIG-CHECK (NOT (FNN-HSIG-ML-DSA-65-VERIFY PUBLIC MESSAGE BAD)) "one bad ML-DSA component is refused")) (FNN-HSIG-CHECK (LET ((OBSERVATIONS #)) (NOT (AND # # #))) "stripping ML-DSA never yields two verified observations") (SETQ *FNN-HSIG-TEST-PREIMAGE* MESSAGE) ...) #<NULL-LEXENV> #<SB-C::SOURCE-INFO {1200CFDC63}> 11 NIL)
9: (SB-IMPL::%SIMPLE-EVAL (LET* ((PRIVATE (OR (SB-EXT:POSIX-GETENV "FN_TEST_ML_DSA_PRIVATE") (ERROR "FN_TEST_ML_DSA_PRIVATE is required"))) (PUBLIC (OR (SB-EXT:POSIX-GETENV "FN_TEST_ML_DSA_PUBLIC") (ERROR "FN_TEST_ML_DSA_PUBLIC is required"))) (PRIVATE-B (OR (SB-EXT:POSIX-GETENV "FN_TEST_ML_DSA_PRIVATE_B") (ERROR "FN_TEST_ML_DSA_PRIVATE_B is required"))) (PUBLIC-B (OR (SB-EXT:POSIX-GETENV "FN_TEST_ML_DSA_PUBLIC_B") (ERROR "FN_TEST_ML_DSA_PUBLIC_B is required"))) (MESSAGE #(102 110 45 116 101 115 116 45 112 114 101 105 ...)) (ED-PUBLIC (FNN-HSIG-TEST-HEX "d75a980182b10ab7d54bfed3c964073a0ee172f3daa62325af021a68f707511a")) (ED-SECRET (FNN-HSIG-TEST-HEX (CONCATENATE # "9d61b19deffd5a60ba844af492ec2cc44449c5697b326919703bac031cae7f60" "d75a980182b10ab7d54bfed3c964073a0ee172f3daa62325af021a68f707511a"))) (ED-SIGNATURE (FNN-HSIG-ED25519-SIGN ED-SECRET MESSAGE)) (ML-PUBLIC (FNN-HSIG-ML-DSA-65-PUBLIC-KEY PUBLIC)) (ML-SIGNATURE (FNN-HSIG-ML-DSA-65-SIGN PRIVATE MESSAGE)) (ML-SIGNATURE-B (FNN-HSIG-ML-DSA-65-SIGN PRIVATE-B MESSAGE)) (SIGNATURES (LIST (CONS :ED25519 ED-SIGNATURE) (CONS :ML-DSA-65 ML-SIGNATURE)))) (FNN-HSIG-CHECK (FNN-CRYPTO-ED25519-VERIFY ED-PUBLIC MESSAGE ED-SIGNATURE) "libsodium Ed25519 sign/verify") (LET* ((LARGE-MESSAGE (MAKE-ARRAY # :ELEMENT-TYPE # :INITIAL-ELEMENT 42)) (LARGE-SIGNATURE (FNN-HSIG-ED25519-SIGN ED-SECRET LARGE-MESSAGE))) (FNN-HSIG-CHECK (EQ (FNN-CRYPTO-ED25519-OBSERVE ED-PUBLIC LARGE-MESSAGE LARGE-SIGNATURE #) :VERIFIED) "hybrid Ed25519 observation accepts a 200 KiB v2 preimage")) (FNN-HSIG-CHECK (FNN-HSIG-ML-DSA-65-VERIFY PUBLIC MESSAGE ML-SIGNATURE) "OpenSSL ML-DSA-65 sign/verify") (MULTIPLE-VALUE-BIND (VERIFIED OBSERVED) (FNN-HSIG-ML-DSA-65-VERIFY-RAW ML-PUBLIC MESSAGE ML-SIGNATURE) (FNN-HSIG-CHECK (AND VERIFIED (EQUALP OBSERVED ML-PUBLIC)) "receiver imports exact enrolled raw ML public key")) (MULTIPLE-VALUE-BIND (VERIFIED OBSERVED) (FNN-HSIG-ML-DSA-65-VERIFY-RAW (FNN-HSIG-ML-DSA-65-PUBLIC-KEY PUBLIC-B) MESSAGE ML-SIGNATURE) (FNN-HSIG-CHECK (AND (NOT VERIFIED) (NOT #)) "receiver refuses signature under substituted raw key")) (LET ((OBSERVATIONS (FNN-HSIG-OBSERVE-RAW ED-PUBLIC ML-PUBLIC MESSAGE SIGNATURES))) (FNN-HSIG-CHECK (AND (EQ # :VERIFIED) (EQ # :VERIFIED) (EQUALP # ML-PUBLIC)) "receiver keeps both independent raw-key observations")) (FNN-HSIG-CHECK (LET ((OBSERVATIONS #)) (AND (EQ # :VERIFIED) (EQ # :VERIFIED) (EQUALP # ML-PUBLIC))) "both observations remain distinct") (LET ((BAD (COPY-SEQ ML-SIGNATURE))) (SETF (AREF BAD 0) (LOGXOR 1 (AREF BAD 0))) (FNN-HSIG-CHECK (NOT (FNN-HSIG-ML-DSA-65-VERIFY PUBLIC MESSAGE BAD)) "one bad ML-DSA component is refused")) (FNN-HSIG-CHECK (LET ((OBSERVATIONS #)) (NOT (AND # # #))) "stripping ML-DSA never yields two verified observations") (SETQ *FNN-HSIG-TEST-PREIMAGE* MESSAGE) ...) #<NULL-LEXENV>)
10: (SB-INT:SIMPLE-EVAL-IN-LEXENV (LET* ((PRIVATE (OR (SB-EXT:POSIX-GETENV "FN_TEST_ML_DSA_PRIVATE") (ERROR "FN_TEST_ML_DSA_PRIVATE is required"))) (PUBLIC (OR (SB-EXT:POSIX-GETENV "FN_TEST_ML_DSA_PUBLIC") (ERROR "FN_TEST_ML_DSA_PUBLIC is required"))) (PRIVATE-B (OR (SB-EXT:POSIX-GETENV "FN_TEST_ML_DSA_PRIVATE_B") (ERROR "FN_TEST_ML_DSA_PRIVATE_B is required"))) (PUBLIC-B (OR (SB-EXT:POSIX-GETENV "FN_TEST_ML_DSA_PUBLIC_B") (ERROR "FN_TEST_ML_DSA_PUBLIC_B is required"))) (MESSAGE #(102 110 45 116 101 115 116 45 112 114 101 105 ...)) (ED-PUBLIC (FNN-HSIG-TEST-HEX "d75a980182b10ab7d54bfed3c964073a0ee172f3daa62325af021a68f707511a")) (ED-SECRET (FNN-HSIG-TEST-HEX (CONCATENATE # "9d61b19deffd5a60ba844af492ec2cc44449c5697b326919703bac031cae7f60" "d75a980182b10ab7d54bfed3c964073a0ee172f3daa62325af021a68f707511a"))) (ED-SIGNATURE (FNN-HSIG-ED25519-SIGN ED-SECRET MESSAGE)) (ML-PUBLIC (FNN-HSIG-ML-DSA-65-PUBLIC-KEY PUBLIC)) (ML-SIGNATURE (FNN-HSIG-ML-DSA-65-SIGN PRIVATE MESSAGE)) (ML-SIGNATURE-B (FNN-HSIG-ML-DSA-65-SIGN PRIVATE-B MESSAGE)) (SIGNATURES (LIST (CONS :ED25519 ED-SIGNATURE) (CONS :ML-DSA-65 ML-SIGNATURE)))) (FNN-HSIG-CHECK (FNN-CRYPTO-ED25519-VERIFY ED-PUBLIC MESSAGE ED-SIGNATURE) "libsodium Ed25519 sign/verify") (LET* ((LARGE-MESSAGE (MAKE-ARRAY # :ELEMENT-TYPE # :INITIAL-ELEMENT 42)) (LARGE-SIGNATURE (FNN-HSIG-ED25519-SIGN ED-SECRET LARGE-MESSAGE))) (FNN-HSIG-CHECK (EQ (FNN-CRYPTO-ED25519-OBSERVE ED-PUBLIC LARGE-MESSAGE LARGE-SIGNATURE #) :VERIFIED) "hybrid Ed25519 observation accepts a 200 KiB v2 preimage")) (FNN-HSIG-CHECK (FNN-HSIG-ML-DSA-65-VERIFY PUBLIC MESSAGE ML-SIGNATURE) "OpenSSL ML-DSA-65 sign/verify") (MULTIPLE-VALUE-BIND (VERIFIED OBSERVED) (FNN-HSIG-ML-DSA-65-VERIFY-RAW ML-PUBLIC MESSAGE ML-SIGNATURE) (FNN-HSIG-CHECK (AND VERIFIED (EQUALP OBSERVED ML-PUBLIC)) "receiver imports exact enrolled raw ML public key")) (MULTIPLE-VALUE-BIND (VERIFIED OBSERVED) (FNN-HSIG-ML-DSA-65-VERIFY-RAW (FNN-HSIG-ML-DSA-65-PUBLIC-KEY PUBLIC-B) MESSAGE ML-SIGNATURE) (FNN-HSIG-CHECK (AND (NOT VERIFIED) (NOT #)) "receiver refuses signature under substituted raw key")) (LET ((OBSERVATIONS (FNN-HSIG-OBSERVE-RAW ED-PUBLIC ML-PUBLIC MESSAGE SIGNATURES))) (FNN-HSIG-CHECK (AND (EQ # :VERIFIED) (EQ # :VERIFIED) (EQUALP # ML-PUBLIC)) "receiver keeps both independent raw-key observations")) (FNN-HSIG-CHECK (LET ((OBSERVATIONS #)) (AND (EQ # :VERIFIED) (EQ # :VERIFIED) (EQUALP # ML-PUBLIC))) "both observations remain distinct") (LET ((BAD (COPY-SEQ ML-SIGNATURE))) (SETF (AREF BAD 0) (LOGXOR 1 (AREF BAD 0))) (FNN-HSIG-CHECK (NOT (FNN-HSIG-ML-DSA-65-VERIFY PUBLIC MESSAGE BAD)) "one bad ML-DSA component is refused")) (FNN-HSIG-CHECK (LET ((OBSERVATIONS #)) (NOT (AND # # #))) "stripping ML-DSA never yields two verified observations") (SETQ *FNN-HSIG-TEST-PREIMAGE* MESSAGE) ...) #<NULL-LEXENV>)
11: (SB-EXT:EVAL-TLF (LET* ((PRIVATE (OR (SB-EXT:POSIX-GETENV "FN_TEST_ML_DSA_PRIVATE") (ERROR "FN_TEST_ML_DSA_PRIVATE is required"))) (PUBLIC (OR (SB-EXT:POSIX-GETENV "FN_TEST_ML_DSA_PUBLIC") (ERROR "FN_TEST_ML_DSA_PUBLIC is required"))) (PRIVATE-B (OR (SB-EXT:POSIX-GETENV "FN_TEST_ML_DSA_PRIVATE_B") (ERROR "FN_TEST_ML_DSA_PRIVATE_B is required"))) (PUBLIC-B (OR (SB-EXT:POSIX-GETENV "FN_TEST_ML_DSA_PUBLIC_B") (ERROR "FN_TEST_ML_DSA_PUBLIC_B is required"))) (MESSAGE #(102 110 45 116 101 115 116 45 112 114 101 105 ...)) (ED-PUBLIC (FNN-HSIG-TEST-HEX "d75a980182b10ab7d54bfed3c964073a0ee172f3daa62325af021a68f707511a")) (ED-SECRET (FNN-HSIG-TEST-HEX (CONCATENATE # "9d61b19deffd5a60ba844af492ec2cc44449c5697b326919703bac031cae7f60" "d75a980182b10ab7d54bfed3c964073a0ee172f3daa62325af021a68f707511a"))) (ED-SIGNATURE (FNN-HSIG-ED25519-SIGN ED-SECRET MESSAGE)) (ML-PUBLIC (FNN-HSIG-ML-DSA-65-PUBLIC-KEY PUBLIC)) (ML-SIGNATURE (FNN-HSIG-ML-DSA-65-SIGN PRIVATE MESSAGE)) (ML-SIGNATURE-B (FNN-HSIG-ML-DSA-65-SIGN PRIVATE-B MESSAGE)) (SIGNATURES (LIST (CONS :ED25519 ED-SIGNATURE) (CONS :ML-DSA-65 ML-SIGNATURE)))) (FNN-HSIG-CHECK (FNN-CRYPTO-ED25519-VERIFY ED-PUBLIC MESSAGE ED-SIGNATURE) "libsodium Ed25519 sign/verify") (LET* ((LARGE-MESSAGE (MAKE-ARRAY # :ELEMENT-TYPE # :INITIAL-ELEMENT 42)) (LARGE-SIGNATURE (FNN-HSIG-ED25519-SIGN ED-SECRET LARGE-MESSAGE))) (FNN-HSIG-CHECK (EQ (FNN-CRYPTO-ED25519-OBSERVE ED-PUBLIC LARGE-MESSAGE LARGE-SIGNATURE #) :VERIFIED) "hybrid Ed25519 observation accepts a 200 KiB v2 preimage")) (FNN-HSIG-CHECK (FNN-HSIG-ML-DSA-65-VERIFY PUBLIC MESSAGE ML-SIGNATURE) "OpenSSL ML-DSA-65 sign/verify") (MULTIPLE-VALUE-BIND (VERIFIED OBSERVED) (FNN-HSIG-ML-DSA-65-VERIFY-RAW ML-PUBLIC MESSAGE ML-SIGNATURE) (FNN-HSIG-CHECK (AND VERIFIED (EQUALP OBSERVED ML-PUBLIC)) "receiver imports exact enrolled raw ML public key")) (MULTIPLE-VALUE-BIND (VERIFIED OBSERVED) (FNN-HSIG-ML-DSA-65-VERIFY-RAW (FNN-HSIG-ML-DSA-65-PUBLIC-KEY PUBLIC-B) MESSAGE ML-SIGNATURE) (FNN-HSIG-CHECK (AND (NOT VERIFIED) (NOT #)) "receiver refuses signature under substituted raw key")) (LET ((OBSERVATIONS (FNN-HSIG-OBSERVE-RAW ED-PUBLIC ML-PUBLIC MESSAGE SIGNATURES))) (FNN-HSIG-CHECK (AND (EQ # :VERIFIED) (EQ # :VERIFIED) (EQUALP # ML-PUBLIC)) "receiver keeps both independent raw-key observations")) (FNN-HSIG-CHECK (LET ((OBSERVATIONS #)) (AND (EQ # :VERIFIED) (EQ # :VERIFIED) (EQUALP # ML-PUBLIC))) "both observations remain distinct") (LET ((BAD (COPY-SEQ ML-SIGNATURE))) (SETF (AREF BAD 0) (LOGXOR 1 (AREF BAD 0))) (FNN-HSIG-CHECK (NOT (FNN-HSIG-ML-DSA-65-VERIFY PUBLIC MESSAGE BAD)) "one bad ML-DSA component is refused")) (FNN-HSIG-CHECK (LET ((OBSERVATIONS #)) (NOT (AND # # #))) "stripping ML-DSA never yields two verified observations") (SETQ *FNN-HSIG-TEST-PREIMAGE* MESSAGE) ...) 11 NIL)
12: ((LABELS SB-FASL::EVAL-FORM :IN SB-INT:LOAD-AS-SOURCE) (LET* ((PRIVATE (OR (SB-EXT:POSIX-GETENV "FN_TEST_ML_DSA_PRIVATE") (ERROR "FN_TEST_ML_DSA_PRIVATE is required"))) (PUBLIC (OR (SB-EXT:POSIX-GETENV "FN_TEST_ML_DSA_PUBLIC") (ERROR "FN_TEST_ML_DSA_PUBLIC is required"))) (PRIVATE-B (OR (SB-EXT:POSIX-GETENV "FN_TEST_ML_DSA_PRIVATE_B") (ERROR "FN_TEST_ML_DSA_PRIVATE_B is required"))) (PUBLIC-B (OR (SB-EXT:POSIX-GETENV "FN_TEST_ML_DSA_PUBLIC_B") (ERROR "FN_TEST_ML_DSA_PUBLIC_B is required"))) (MESSAGE #(102 110 45 116 101 115 116 45 112 114 101 105 ...)) (ED-PUBLIC (FNN-HSIG-TEST-HEX "d75a980182b10ab7d54bfed3c964073a0ee172f3daa62325af021a68f707511a")) (ED-SECRET (FNN-HSIG-TEST-HEX (CONCATENATE # "9d61b19deffd5a60ba844af492ec2cc44449c5697b326919703bac031cae7f60" "d75a980182b10ab7d54bfed3c964073a0ee172f3daa62325af021a68f707511a"))) (ED-SIGNATURE (FNN-HSIG-ED25519-SIGN ED-SECRET MESSAGE)) (ML-PUBLIC (FNN-HSIG-ML-DSA-65-PUBLIC-KEY PUBLIC)) (ML-SIGNATURE (FNN-HSIG-ML-DSA-65-SIGN PRIVATE MESSAGE)) (ML-SIGNATURE-B (FNN-HSIG-ML-DSA-65-SIGN PRIVATE-B MESSAGE)) (SIGNATURES (LIST (CONS :ED25519 ED-SIGNATURE) (CONS :ML-DSA-65 ML-SIGNATURE)))) (FNN-HSIG-CHECK (FNN-CRYPTO-ED25519-VERIFY ED-PUBLIC MESSAGE ED-SIGNATURE) "libsodium Ed25519 sign/verify") (LET* ((LARGE-MESSAGE (MAKE-ARRAY # :ELEMENT-TYPE # :INITIAL-ELEMENT 42)) (LARGE-SIGNATURE (FNN-HSIG-ED25519-SIGN ED-SECRET LARGE-MESSAGE))) (FNN-HSIG-CHECK (EQ (FNN-CRYPTO-ED25519-OBSERVE ED-PUBLIC LARGE-MESSAGE LARGE-SIGNATURE #) :VERIFIED) "hybrid Ed25519 observation accepts a 200 KiB v2 preimage")) (FNN-HSIG-CHECK (FNN-HSIG-ML-DSA-65-VERIFY PUBLIC MESSAGE ML-SIGNATURE) "OpenSSL ML-DSA-65 sign/verify") (MULTIPLE-VALUE-BIND (VERIFIED OBSERVED) (FNN-HSIG-ML-DSA-65-VERIFY-RAW ML-PUBLIC MESSAGE ML-SIGNATURE) (FNN-HSIG-CHECK (AND VERIFIED (EQUALP OBSERVED ML-PUBLIC)) "receiver imports exact enrolled raw ML public key")) (MULTIPLE-VALUE-BIND (VERIFIED OBSERVED) (FNN-HSIG-ML-DSA-65-VERIFY-RAW (FNN-HSIG-ML-DSA-65-PUBLIC-KEY PUBLIC-B) MESSAGE ML-SIGNATURE) (FNN-HSIG-CHECK (AND (NOT VERIFIED) (NOT #)) "receiver refuses signature under substituted raw key")) (LET ((OBSERVATIONS (FNN-HSIG-OBSERVE-RAW ED-PUBLIC ML-PUBLIC MESSAGE SIGNATURES))) (FNN-HSIG-CHECK (AND (EQ # :VERIFIED) (EQ # :VERIFIED) (EQUALP # ML-PUBLIC)) "receiver keeps both independent raw-key observations")) (FNN-HSIG-CHECK (LET ((OBSERVATIONS #)) (AND (EQ # :VERIFIED) (EQ # :VERIFIED) (EQUALP # ML-PUBLIC))) "both observations remain distinct") (LET ((BAD (COPY-SEQ ML-SIGNATURE))) (SETF (AREF BAD 0) (LOGXOR 1 (AREF BAD 0))) (FNN-HSIG-CHECK (NOT (FNN-HSIG-ML-DSA-65-VERIFY PUBLIC MESSAGE BAD)) "one bad ML-DSA component is refused")) (FNN-HSIG-CHECK (LET ((OBSERVATIONS #)) (NOT (AND # # #))) "stripping ML-DSA never yields two verified observations") (SETQ *FNN-HSIG-TEST-PREIMAGE* MESSAGE) ...) 11)
13: ((LAMBDA (SB-KERNEL:FORM &KEY :CURRENT-INDEX &ALLOW-OTHER-KEYS) :IN SB-INT:LOAD-AS-SOURCE) (LET* ((PRIVATE (OR (SB-EXT:POSIX-GETENV "FN_TEST_ML_DSA_PRIVATE") (ERROR "FN_TEST_ML_DSA_PRIVATE is required"))) (PUBLIC (OR (SB-EXT:POSIX-GETENV "FN_TEST_ML_DSA_PUBLIC") (ERROR "FN_TEST_ML_DSA_PUBLIC is required"))) (PRIVATE-B (OR (SB-EXT:POSIX-GETENV "FN_TEST_ML_DSA_PRIVATE_B") (ERROR "FN_TEST_ML_DSA_PRIVATE_B is required"))) (PUBLIC-B (OR (SB-EXT:POSIX-GETENV "FN_TEST_ML_DSA_PUBLIC_B") (ERROR "FN_TEST_ML_DSA_PUBLIC_B is required"))) (MESSAGE #(102 110 45 116 101 115 116 45 112 114 101 105 ...)) (ED-PUBLIC (FNN-HSIG-TEST-HEX "d75a980182b10ab7d54bfed3c964073a0ee172f3daa62325af021a68f707511a")) (ED-SECRET (FNN-HSIG-TEST-HEX (CONCATENATE # "9d61b19deffd5a60ba844af492ec2cc44449c5697b326919703bac031cae7f60" "d75a980182b10ab7d54bfed3c964073a0ee172f3daa62325af021a68f707511a"))) (ED-SIGNATURE (FNN-HSIG-ED25519-SIGN ED-SECRET MESSAGE)) (ML-PUBLIC (FNN-HSIG-ML-DSA-65-PUBLIC-KEY PUBLIC)) (ML-SIGNATURE (FNN-HSIG-ML-DSA-65-SIGN PRIVATE MESSAGE)) (ML-SIGNATURE-B (FNN-HSIG-ML-DSA-65-SIGN PRIVATE-B MESSAGE)) (SIGNATURES (LIST (CONS :ED25519 ED-SIGNATURE) (CONS :ML-DSA-65 ML-SIGNATURE)))) (FNN-HSIG-CHECK (FNN-CRYPTO-ED25519-VERIFY ED-PUBLIC MESSAGE ED-SIGNATURE) "libsodium Ed25519 sign/verify") (LET* ((LARGE-MESSAGE (MAKE-ARRAY # :ELEMENT-TYPE # :INITIAL-ELEMENT 42)) (LARGE-SIGNATURE (FNN-HSIG-ED25519-SIGN ED-SECRET LARGE-MESSAGE))) (FNN-HSIG-CHECK (EQ (FNN-CRYPTO-ED25519-OBSERVE ED-PUBLIC LARGE-MESSAGE LARGE-SIGNATURE #) :VERIFIED) "hybrid Ed25519 observation accepts a 200 KiB v2 preimage")) (FNN-HSIG-CHECK (FNN-HSIG-ML-DSA-65-VERIFY PUBLIC MESSAGE ML-SIGNATURE) "OpenSSL ML-DSA-65 sign/verify") (MULTIPLE-VALUE-BIND (VERIFIED OBSERVED) (FNN-HSIG-ML-DSA-65-VERIFY-RAW ML-PUBLIC MESSAGE ML-SIGNATURE) (FNN-HSIG-CHECK (AND VERIFIED (EQUALP OBSERVED ML-PUBLIC)) "receiver imports exact enrolled raw ML public key")) (MULTIPLE-VALUE-BIND (VERIFIED OBSERVED) (FNN-HSIG-ML-DSA-65-VERIFY-RAW (FNN-HSIG-ML-DSA-65-PUBLIC-KEY PUBLIC-B) MESSAGE ML-SIGNATURE) (FNN-HSIG-CHECK (AND (NOT VERIFIED) (NOT #)) "receiver refuses signature under substituted raw key")) (LET ((OBSERVATIONS (FNN-HSIG-OBSERVE-RAW ED-PUBLIC ML-PUBLIC MESSAGE SIGNATURES))) (FNN-HSIG-CHECK (AND (EQ # :VERIFIED) (EQ # :VERIFIED) (EQUALP # ML-PUBLIC)) "receiver keeps both independent raw-key observations")) (FNN-HSIG-CHECK (LET ((OBSERVATIONS #)) (AND (EQ # :VERIFIED) (EQ # :VERIFIED) (EQUALP # ML-PUBLIC))) "both observations remain distinct") (LET ((BAD (COPY-SEQ ML-SIGNATURE))) (SETF (AREF BAD 0) (LOGXOR 1 (AREF BAD 0))) (FNN-HSIG-CHECK (NOT (FNN-HSIG-ML-DSA-65-VERIFY PUBLIC MESSAGE BAD)) "one bad ML-DSA component is refused")) (FNN-HSIG-CHECK (LET ((OBSERVATIONS #)) (NOT (AND # # #))) "stripping ML-DSA never yields two verified observations") (SETQ *FNN-HSIG-TEST-PREIMAGE* MESSAGE) ...) :CURRENT-INDEX 11)
14: (SB-C::%DO-FORMS-FROM-INFO #<FUNCTION (LAMBDA (SB-KERNEL:FORM &KEY :CURRENT-INDEX &ALLOW-OTHER-KEYS) :IN SB-INT:LOAD-AS-SOURCE) {7A929B3A73DB}> #<SB-C::SOURCE-INFO {1200CFDC63}> SB-C::INPUT-ERROR-IN-LOAD)
15: (SB-INT:LOAD-AS-SOURCE #<SB-SYS:FD-STREAM for "file /tank/fn/scratch/bounds-p4/tree-3e2b0419/tests/native_hybrid_signatures.lisp" {120003A7B3}> :VERBOSE NIL :PRINT NIL :CONTEXT "loading")
16: ((LABELS SB-FASL::LOAD-STREAM-1 :IN LOAD) #<SB-SYS:FD-STREAM for "file /tank/fn/scratch/bounds-p4/tree-3e2b0419/tests/native_hybrid_signatures.lisp" {120003A7B3}> NIL)
17: (SB-FASL::CALL-WITH-LOAD-BINDINGS #<FUNCTION (LABELS SB-FASL::LOAD-STREAM-1 :IN LOAD) {7A929B3A779B}> #<SB-SYS:FD-STREAM for "file /tank/fn/scratch/bounds-p4/tree-3e2b0419/tests/native_hybrid_signatures.lisp" {120003A7B3}> NIL #<SB-SYS:FD-STREAM for "file /tank/fn/scratch/bounds-p4/tree-3e2b0419/tests/native_hybrid_signatures.lisp" {120003A7B3}>)
18: (LOAD #<SB-SYS:FD-STREAM for "file /tank/fn/scratch/bounds-p4/tree-3e2b0419/tests/native_hybrid_signatures.lisp" {120003A7B3}> :VERBOSE NIL :PRINT NIL :IF-DOES-NOT-EXIST :ERROR :EXTERNAL-FORMAT :DEFAULT)
19: ((FLET SB-IMPL::LOAD-SCRIPT :IN SB-IMPL::PROCESS-SCRIPT) #<SB-SYS:FD-STREAM for "file /tank/fn/scratch/bounds-p4/tree-3e2b0419/tests/native_hybrid_signatures.lisp" {120003A7B3}>)
20: ((FLET SB-UNIX::BODY :IN SB-IMPL::PROCESS-SCRIPT))
21: ((FLET "WITHOUT-INTERRUPTS-BODY-" :IN SB-IMPL::PROCESS-SCRIPT))
22: (SB-IMPL::PROCESS-SCRIPT "tests/native_hybrid_signatures.lisp")
23: (SB-IMPL::TOPLEVEL-INIT)
24: ((FLET SB-UNIX::BODY :IN SB-IMPL::START-LISP))
25: ((FLET "WITHOUT-INTERRUPTS-BODY-3" :IN SB-IMPL::START-LISP))
26: (SB-IMPL::%START-LISP)

unhandled condition in --disable-debugger mode, quitting
