.s.....F...F....
======================================================================
FAIL: test_retiring_old_pack_generations_keeps_exact_retained_sources (tests.test_native_checkpoint.NativeCheckpointTests.test_retiring_old_pack_generations_keeps_exact_retained_sources)
----------------------------------------------------------------------
Traceback (most recent call last):
  File "/tank/fn/scratch/bounds-p5/tree/tests/test_native_checkpoint.py", line 654, in test_retiring_old_pack_generations_keeps_exact_retained_sources
    self.native("checkpoint", "pack", store).stdout)
    ^^^^^^^^^^^^^^^^^^^^^^^^^^^^^^^^^^^^^^^^
  File "/tank/fn/scratch/bounds-p5/tree/tests/test_native_checkpoint.py", line 45, in native
    self.assertEqual(result.returncode, expected,
AssertionError: 1 != 0 : native ('checkpoint', 'pack', PosixPath('/tmp/fn-native-checkpoint-8jh5zkqc/pack-retire')) returned 1
stdout=
stderr=store: ACL2 refused pack capture/publication


======================================================================
FAIL: test_operator_compact_keeps_every_article_and_next_number (tests.test_native_checkpoint.NativeProductionCompactTests.test_operator_compact_keeps_every_article_and_next_number)
----------------------------------------------------------------------
Traceback (most recent call last):
  File "/tank/fn/scratch/bounds-p5/tree/tests/test_native_checkpoint.py", line 1163, in test_operator_compact_keeps_every_article_and_next_number
    refused = self.native("operator", config, "store", "compact", expected=1)
              ^^^^^^^^^^^^^^^^^^^^^^^^^^^^^^^^^^^^^^^^^^^^^^^^^^^^^^^^^^^^^^^
  File "/tank/fn/scratch/bounds-p5/tree/tests/test_native_checkpoint.py", line 45, in native
    self.assertEqual(result.returncode, expected,
AssertionError: 0 != 1 : native ('operator', PosixPath('/tmp/fn-native-checkpoint-19jshtwp/prod-compact.toml'), 'store', 'compact') returned 0
stdout=compacted steps=reclaim,retire records=6 generation=1 links=0 reclaimed=0 retired=0

stderr=accepted operator compact


----------------------------------------------------------------------
Ran 16 tests in 22.525s

FAILED (failures=2, skipped=1)
