test_acl2_namespace_codec_rejects_alias_overflow_and_excess (tests.test_native_checkpoint.NativeCheckpointTests.test_acl2_namespace_codec_rejects_alias_overflow_and_excess) ... ok
test_active_reader_blocks_pack_reclaim_and_reopen_keeps_archive_pin (tests.test_native_checkpoint.NativeCheckpointTests.test_active_reader_blocks_pack_reclaim_and_reopen_keeps_archive_pin) ... ok
test_arbitrary_covered_deletion_image_recovers_and_resumes (tests.test_native_checkpoint.NativeCheckpointTests.test_arbitrary_covered_deletion_image_recovers_and_resumes) ... ok
test_clone_refuses_canonical_parent_alias_above_path_bound (tests.test_native_checkpoint.NativeCheckpointTests.test_clone_refuses_canonical_parent_alias_above_path_bound) ... skipped 'run only against a combined E2/checkpoint developer image'
test_clone_reopens_historical_authorship_verdict (tests.test_native_checkpoint.NativeCheckpointTests.test_clone_reopens_historical_authorship_verdict) ... skipped 'run only against a combined E2/T10/checkpoint developer image'
test_corrupt_unselected_generation_is_invisible (tests.test_native_checkpoint.NativeCheckpointTests.test_corrupt_unselected_generation_is_invisible) ... ok
test_death_after_each_covered_unlink_preserves_exact_suffix_and_resumes (tests.test_native_checkpoint.NativeCheckpointTests.test_death_after_each_covered_unlink_preserves_exact_suffix_and_resumes) ... ok
test_differential_mismatch_is_always_corruption (tests.test_native_checkpoint.NativeCheckpointTests.test_differential_mismatch_is_always_corruption) ... ok
test_fenced_clone_rollover_after_selected_pack_reclaim (tests.test_native_checkpoint.NativeCheckpointTests.test_fenced_clone_rollover_after_selected_pack_reclaim) ... skipped 'run only against a combined E2/checkpoint developer image'
test_known_and_ambiguous_failures_keep_distinct_exit_codes (tests.test_native_checkpoint.NativeCheckpointTests.test_known_and_ambiguous_failures_keep_distinct_exit_codes) ... ok
test_missing_retained_suffix_gap_fails_closed_without_reclamation (tests.test_native_checkpoint.NativeCheckpointTests.test_missing_retained_suffix_gap_fails_closed_without_reclamation) ... ok
test_native_and_python_frames_cross_open_byte_identically (tests.test_native_checkpoint.NativeCheckpointTests.test_native_and_python_frames_cross_open_byte_identically) ... ok
test_pack_generation_retirement_death_reopens_and_retries (tests.test_native_checkpoint.NativeCheckpointTests.test_pack_generation_retirement_death_reopens_and_retries) ... ok
test_pack_prefix_reclaim_process_death_recovers_from_selected_pack (tests.test_native_checkpoint.NativeCheckpointTests.test_pack_prefix_reclaim_process_death_recovers_from_selected_pack) ... ok
test_partial_multi_file_prefix_reclaim_resumes_from_selected_pack (tests.test_native_checkpoint.NativeCheckpointTests.test_partial_multi_file_prefix_reclaim_resumes_from_selected_pack) ... ok
test_process_death_at_every_native_checkpoint_cut_reopens (tests.test_native_checkpoint.NativeCheckpointTests.test_process_death_at_every_native_checkpoint_cut_reopens) ... ok
test_process_death_at_every_selection_cut_preserves_event_bytes (tests.test_native_checkpoint.NativeCheckpointTests.test_process_death_at_every_selection_cut_preserves_event_bytes) ... ok
test_reclaim_cuts_keep_served_view_and_next_number (tests.test_native_checkpoint.NativeCheckpointTests.test_reclaim_cuts_keep_served_view_and_next_number) ... ok
test_reclaim_keeps_served_view_watermarks_and_next_number (tests.test_native_checkpoint.NativeCheckpointTests.test_reclaim_keeps_served_view_watermarks_and_next_number) ... ok
test_retiring_old_pack_generations_keeps_exact_retained_sources (tests.test_native_checkpoint.NativeCheckpointTests.test_retiring_old_pack_generations_keeps_exact_retained_sources) ... ok
test_selected_corruption_is_reported_without_rollback_or_lost_replay (tests.test_native_checkpoint.NativeCheckpointTests.test_selected_corruption_is_reported_without_rollback_or_lost_replay) ... ok
test_selected_lossless_pack_splices_before_generic_replay (tests.test_native_checkpoint.NativeCheckpointTests.test_selected_lossless_pack_splices_before_generic_replay) ... ok
test_selected_pack_missing_or_corrupt_fails_closed (tests.test_native_checkpoint.NativeCheckpointTests.test_selected_pack_missing_or_corrupt_fails_closed) ... ok
test_selected_pack_reclaims_physical_prefix_and_replays_suffix (tests.test_native_checkpoint.NativeCheckpointTests.test_selected_pack_reclaims_physical_prefix_and_replays_suffix) ... ok
test_surviving_covered_transaction_conflict_fails_closed (tests.test_native_checkpoint.NativeCheckpointTests.test_surviving_covered_transaction_conflict_fails_closed) ... ok
test_operator_compact_keeps_every_article_and_next_number (tests.test_native_checkpoint.NativeProductionCompactTests.test_operator_compact_keeps_every_article_and_next_number) ... ok

----------------------------------------------------------------------
Ran 26 tests in 136.907s

OK (skipped=3)
