{
  "a_pinned_after": "BP obligation owner work=work-bp-node status=outstanding pinned=yes",
  "a_pinned_before": "BP obligation owner work=work-bp-node status=outstanding pinned=yes",
  "a_releases": "none",
  "b_trusts": {
    "carried": true,
    "eid": "dtn://dtn7-r1/",
    "mode": "carried"
  },
  "dtn7_log_counts": {
    "dtn7-r1/dtnd-0.log": {
      "forwarded": 0,
      "received": 0
    },
    "dtn7-r1/dtnd-1.log": {
      "forwarded": 8,
      "received": 2
    }
  },
  "dtn7_revision": "4daf02d7ea927e9293753b2a5c4497457f6e5a40",
  "dtn_time_ms": "843614749472",
  "dtnd_processes": {
    "dtn7-r1": [
      {
        "cmd": [
          "/tank/fn/dtn7/repo/target/release/dtnd",
          "-n",
          "dtn7-r1",
          "-W",
          "/tank/fn/scratch/signed-receipts/final/relay1-flipped/dtn7-r1",
          "-D",
          "sled",
          "-C",
          "tcp:port=38633",
          "-w",
          "40821",
          "-i",
          "0",
          "--disable_nd",
          "-d",
          "-s",
          "tcp://127.0.0.1:42443/receiver",
          "-s",
          "tcp://127.0.0.1:49607/sender"
        ],
        "log": "/tank/fn/scratch/signed-receipts/final/relay1-flipped/dtn7-r1/dtnd-0.log",
        "pid": 2339005,
        "stopped": "SIGKILL rc=-9"
      },
      {
        "cmd": [
          "/tank/fn/dtn7/repo/target/release/dtnd",
          "-n",
          "dtn7-r1",
          "-W",
          "/tank/fn/scratch/signed-receipts/final/relay1-flipped/dtn7-r1",
          "-D",
          "sled",
          "-C",
          "tcp:port=38633",
          "-w",
          "40821",
          "-i",
          "0",
          "--disable_nd",
          "-d",
          "-s",
          "tcp://127.0.0.1:42443/receiver",
          "-s",
          "tcp://127.0.0.1:49607/sender"
        ],
        "log": "/tank/fn/scratch/signed-receipts/final/relay1-flipped/dtn7-r1/dtnd-1.log",
        "pid": 2339195,
        "stopped": "SIGTERM rc=-15"
      }
    ]
  },
  "image": "/tank/fn/scratch/signed-receipts/img-tree/build/fn-host-dtn-developer",
  "native": false,
  "processes": [
    {
      "pid": 2339125,
      "stopped": "SIGTERM rc=143",
      "tag": "b-serve"
    },
    {
      "pid": 2339926,
      "stopped": "SIGTERM rc=143",
      "tag": "a-serve"
    }
  ],
  "relays": 1,
  "request_adu": {
    "octets": 6314,
    "sha256": "fd1a3bd9c33af270"
  },
  "setup_rcs": [
    0,
    0,
    0,
    0,
    0,
    0,
    0,
    0,
    0,
    0,
    0,
    0,
    0
  ],
  "signed_receipts": {
    "flip_signature": true,
    "principal": "4242424242424242424242424242424242424242424242424242424242424242"
  },
  "steps": [
    {
      "bytes_forwarded_before_hold": [
        600
      ],
      "held": true,
      "logs": {
        "a-1-send": {
          "file": "a-1-send.log",
          "lines": [
            "BP FNBS recovered held=0",
            "BP queue recovered jobs=0",
            "BP queue accepted work=work-bp-node attempt=work-bp-node-attempt generation=0 status=durable",
            "TCPCL bp-service aux (:SEND :CONTACT 6)",
            "TCPCL bp-service event (:SEND :SESS-INIT 38)",
            "TCPCL bp-service event (:SESSION-UP 10 64000 64000 NIL)",
            "TCPCL bp-service aux (:SEND :XFER-SEGMENT 6441)",
            "TCPCL bp-service aux (:OUTBOUND-FAILED 0 \"bp-service\")",
            "TCPCL bp-service aux (:SESSION-DOWN)",
            "TCPCL bp-service uncertain outbound-failed xfer=0",
            "BP transport work=work-bp-node status=attempted",
            "BP forwarding retained reason=uncertain"
          ],
          "sha256_16": "9c1a668c253762d8"
        }
      },
      "outcome": "uncertain",
      "sigkill": {
        "first_hop": "dtn7-r1",
        "pid": 2339005
      },
      "step": "1 A request, held mid-transfer, first hop SIGKILLed"
    },
    {
      "logs": {
        "a-2-resume": {
          "file": "a-2-resume.log",
          "lines": [
            "BP FNBS recovered held=0",
            "BP queue recovered jobs=1",
            "TCPCL bp-service aux (:SEND :CONTACT 6)",
            "TCPCL bp-service event (:SEND :SESS-INIT 38)",
            "TCPCL bp-service event (:SESSION-UP 10 64000 64000 NIL)",
            "TCPCL bp-service aux (:SEND :XFER-SEGMENT 6441)",
            "TCPCL bp-service event (:OUTBOUND-SENT 0 \"bp-service\")",
            "TCPCL bp-service accepted outbound xfer=0",
            "TCPCL bp-service aux (:SEND :SESS-TERM 3)",
            "TCPCL bp-service event (:PEER-TERMINATING 0)",
            "TCPCL bp-service event (:CLOSE)",
            "BP transport work=work-bp-node status=forwarded"
          ],
          "sha256_16": "b680e4a6ed816201"
        }
      },
      "outcome": "accepted",
      "restarted": 2339195,
      "step": "2 first hop restarted, A resumes its durable job"
    },
    {
      "application": [
        "BP node delivery request-accepted"
      ],
      "b_fnbs_frame_names": [
        "00000000000000000000.fnb",
        "00000000000000000001-00000000000000000000.fnb",
        "00000000000000000001-00000000000000000002.fnb"
      ],
      "b_fnbs_lifecycle_frames": 3,
      "channel_refusals": [],
      "logs": {
        "b-serve": {
          "file": "b-serve.log",
          "lines": [
            "BP FNBS recovered held=0",
            "BP queue recovered jobs=0",
            "BP NODE LISTENING 42443",
            "TCPCL bp-node event (:SEND :CONTACT 6)",
            "TCPCL bp-node event (:SEND :SESS-INIT 40)",
            "TCPCL bp-node event (:SESSION-UP 10 64000 64000 NIL)",
            "TCPCL bp-node event (:SEND :XFER-ACK 18)",
            "TCPCL bp-node event (:SEND :XFER-ACK 18)",
            "TCPCL bp-node event (:SEND :XFER-ACK 18)",
            "TCPCL bp-node event (:SEND :XFER-ACK 18)",
            "TCPCL bp-node event (:SEND :XFER-ACK 18)",
            "TCPCL bp-node event (:SEND :XFER-ACK 18)",
            "TCPCL bp-node event (:SEND :XFER-ACK 18)",
            "TCPCL bp-node event (:BUNDLE-RECEIVED 1 6438)",
            "BP accepted xfer=1 adu=6314 path=/tank/fn/scratch/signed-receipts/final/relay1-flipped/b-fnbs/lifecycle/00000000000000000001-00000000000000000000.fnb",
            "TCPCL bp-node accepted xfer=1 path=/tank/fn/scratch/signed-receipts/final/relay1-flipped/b-fnbs/lifecycle/00000000000000000001-00000000000000000000.fnb",
            "TCPCL bp-node event (:SEND :SESS-TERM 3)",
            "TCPCL bp-node event (:PEER-TERMINATING 1)",
            "TCPCL bp-node event (:CLOSE)",
            "TCPCL bp-node summary accepted=1 refused=0 uncertain=0 phase=closed",
            "BP node source carried carrier=ingress-boundary author=sender-author",
            "BP application handoff durable",
            "BP node delivery request-accepted",
            "BP node receipt signed principal=4242424242424242 octets=3655",
            "BP queue accepted work=bp-receipt:receipt:work-bp-node:0 attempt=return generation=0 status=durable",
            "BP node receipt queued id=receipt:work-bp-node"
          ],
          "sha256_16": "ac20d823acec65d6"
        }
      },
      "outcome": "request-accepted",
      "receipts_queued": [
        "BP node receipt queued id=receipt:work-bp-node"
      ],
      "source_decisions": [
        "BP node source carried carrier=ingress-boundary author=sender-author"
      ],
      "step": "3 B admits, takes custody, dispatches to its application",
      "transport_accepted": 1
    },
    {
      "a_inbound_custody": [
        "BP accepted xfer=1 adu=3655 path=/tank/fn/scratch/signed-receipts/final/relay1-flipped/a-fnbs/lifecycle/00000000000000000001-00000000000000000000.fnb"
      ],
      "a_obligation": "BP obligation owner work=work-bp-node status=outstanding pinned=yes",
      "a_receipt_lines": [
        "BP node delivery receipt-refused"
      ],
      "a_release_lines": [
        "BP node release signature-refused carrier=return-boundary issuer=dtn://receiver/"
      ],
      "a_source_decisions": [
        "BP node source carried carrier=return-boundary author=receiver-author"
      ],
      "b_signed_lines": [
        "BP node receipt signed principal=4242424242424242 octets=3655"
      ],
      "flipped": [
        {
          "data_octets": 3655,
          "offset": 143
        }
      ],
      "logs": {
        "a-serve": {
          "file": "a-serve.log",
          "lines": [
            "BP FNBS recovered held=0",
            "BP queue recovered jobs=1",
            "BP NODE LISTENING 49607",
            "TCPCL bp-node event (:SEND :CONTACT 6)",
            "TCPCL bp-node event (:SEND :SESS-INIT 38)",
            "TCPCL bp-node event (:SESSION-UP 10 64000 64000 NIL)",
            "TCPCL bp-node event (:SEND :XFER-ACK 18)",
            "TCPCL bp-node event (:SEND :XFER-ACK 18)",
            "TCPCL bp-node event (:SEND :XFER-ACK 18)",
            "TCPCL bp-node event (:SEND :XFER-ACK 18)",
            "TCPCL bp-node event (:BUNDLE-RECEIVED 1 3781)",
            "BP accepted xfer=1 adu=3655 path=/tank/fn/scratch/signed-receipts/final/relay1-flipped/a-fnbs/lifecycle/00000000000000000001-00000000000000000000.fnb",
            "TCPCL bp-node accepted xfer=1 path=/tank/fn/scratch/signed-receipts/final/relay1-flipped/a-fnbs/lifecycle/00000000000000000001-00000000000000000000.fnb",
            "TCPCL bp-node event (:SEND :SESS-TERM 3)",
            "TCPCL bp-node event (:PEER-TERMINATING 1)",
            "TCPCL bp-node event (:CLOSE)",
            "TCPCL bp-node summary accepted=1 refused=0 uncertain=0 phase=closed",
            "BP node source carried carrier=return-boundary author=receiver-author",
            "BP node release signature-refused carrier=return-boundary issuer=dtn://receiver/",
            "BP application handoff durable",
            "BP node delivery receipt-refused"
          ],
          "sha256_16": "224f2fa6014cc65a"
        },
        "b-4-tick": {
          "file": "b-4-tick.log",
          "lines": [
            "BP FNBS recovered held=1",
            "BP queue recovered jobs=1",
            "BP contact open peer=dtn://sender/",
            "TCPCL bp-service aux (:SEND :CONTACT 6)",
            "TCPCL bp-service event (:SEND :SESS-INIT 40)",
            "TCPCL bp-service event (:SESSION-UP 10 64000 64000 NIL)",
            "TCPCL bp-service aux (:SEND :XFER-SEGMENT 3784)",
            "TCPCL bp-service event (:OUTBOUND-SENT 0 \"bp-service\")",
            "TCPCL bp-service accepted outbound xfer=0",
            "TCPCL bp-service aux (:SEND :SESS-TERM 3)",
            "TCPCL bp-service event (:PEER-TERMINATING 1)",
            "TCPCL bp-service event (:CLOSE)",
            "BP transport work=bp-receipt:receipt:work-bp-node:0 status=forwarded"
          ],
          "sha256_16": "a01b06b446c3ea5e"
        }
      },
      "outcome": "receipt-refused",
      "step": "4 B's receipt carried back and matched at A",
      "tick_outcome": "accepted"
    }
  ],
  "topology": [
    "fn-a",
    "dtn7-r1",
    "fn-b"
  ]
}
