$ fn bp-node serve 39259 /tank/fn/scratch/d23-bp/final/control/b-fnbs /tank/fn/scratch/d23-bp/final/control/b-store /tank/fn/scratch/d23-bp/final/control/b-fnrj /tank/fn/scratch/d23-bp/final/control/b-fnwf dtn://receiver/ dtn://sender/ dtn://receiver/ native-policy dtn://receiver/ 127.0.0.1 57411 0 3600000 2 32 1048576 843604227314 60000
BP FNBS recovered held=0
BP queue recovered jobs=0
BP NODE LISTENING 39259
TCPCL bp-node event (:SEND :CONTACT 6)
TCPCL bp-node event (:SEND :SESS-INIT 40)
TCPCL bp-node event (:SESSION-UP 10 1024 1048576 NIL)
TCPCL bp-node event (:SEND :XFER-ACK 18)
TCPCL bp-node event (:SEND :XFER-ACK 18)
TCPCL bp-node event (:SEND :XFER-ACK 18)
TCPCL bp-node event (:SEND :XFER-ACK 18)
TCPCL bp-node event (:SEND :XFER-ACK 18)
TCPCL bp-node event (:SEND :XFER-ACK 18)
TCPCL bp-node event (:SEND :XFER-ACK 18)
TCPCL bp-node event (:BUNDLE-RECEIVED 0 6419)
BP accepted xfer=0 adu=6314 path=/tank/fn/scratch/d23-bp/final/control/b-fnbs/lifecycle/00000000000000000001-00000000000000000000.fnb
TCPCL bp-node accepted xfer=0 path=/tank/fn/scratch/d23-bp/final/control/b-fnbs/lifecycle/00000000000000000001-00000000000000000000.fnb
TCPCL bp-node event (:SEND :SESS-TERM 3)
TCPCL bp-node event (:PEER-TERMINATING 0)
TCPCL bp-node event (:CLOSE)
TCPCL bp-node summary accepted=1 refused=0 uncertain=0 phase=closed
BP node source direct principal=ingress-boundary
BP application handoff durable
BP node delivery request-accepted
BP queue accepted work=bp-receipt:receipt:work-bp-node:0 attempt=return generation=0 status=durable
BP node receipt queued id=receipt:work-bp-node
