cut frontier-staged-durable
cut frontier-replaced
cut frontier-attempted
cut frontier-durable
cut frontier-reserved
cut record-staged-durable
cut record-linked
cut record-attempted
cut record-durable
cut record-completing
cut record-staging-cleaned
cut finish-consumed
cut finish-durable
cut recover-replayed
cut recover-barrier-1
cut recover-barrier-2
cut recover-barrier-3
cut recover-barrier-4
cut recover-barrier-5
cut recovery-stage-unlinked
faults
	Command being timed: "python3 -m tests.campaign.native_operator_campaign --images /tank/fn/gates/qual-1a9dd747-20260924/build --work /tank/fn/scratch/campaign-1a9dd747/work --out /tank/fn/scratch/campaign-1a9dd747/campaign.json"
	User time (seconds): 23.89
	System time (seconds): 29.63
	Percent of CPU this job got: 50%
	Elapsed (wall clock) time (h:mm:ss or m:ss): 1:45.67
	Average shared text size (kbytes): 0
	Average unshared data size (kbytes): 0
	Average stack size (kbytes): 0
	Average total size (kbytes): 0
	Maximum resident set size (kbytes): 319812
	Average resident set size (kbytes): 0
	Major (requiring I/O) page faults: 1565
	Minor (reclaiming a frame) page faults: 13708248
	Voluntary context switches: 9413
	Involuntary context switches: 3563
	Swaps: 0
	File system inputs: 182012
	File system outputs: 5906
	Socket messages sent: 0
	Socket messages received: 0
	Signals delivered: 0
	Page size (bytes): 4096
	Exit status: 0
rc=0
