CONTROL /tank/fn/scratch/matrix-6c0626c5/stores/a/control.sock
LISTENING 11190
accepted peer connection=0 peer=b time=2026-09-24T15:46:05Z
accepted peer connection=1 peer=b time=2026-09-24T15:46:06Z
accepted post path=served connection=1 message-id=<native-matrix-ce1adafbf392-a@example.invalid> agent=a.gate.example.invalid time=2026-09-24T15:46:06Z
accepted peer connection=2 peer=b time=2026-09-24T15:46:06Z
accepted peer connection=3 peer=b time=2026-09-24T15:46:06Z
refused post path=served connection=3 message-id=<native-matrix-ce1adafbf392-a@example.invalid> agent=a.gate.example.invalid time=2026-09-24T15:46:06Z
accepted peer connection=4 peer=b time=2026-09-24T15:46:06Z
accepted peer connection=5 peer=b time=2026-09-24T15:46:06Z
accepted peer connection=6 peer=b time=2026-09-24T15:46:06Z
accepted peer connection=7 peer=b time=2026-09-24T15:46:07Z
accepted peer connection=8 peer=b time=2026-09-24T15:46:07Z
accepted peer connection=9 peer=b time=2026-09-24T15:46:08Z
accepted peer connection=10 peer=b time=2026-09-24T15:46:08Z
accepted peer connection=11 peer=b time=2026-09-24T15:46:08Z
accepted peer connection=12 peer=b time=2026-09-24T15:46:08Z
accepted post path=served connection=12 message-id=<auth-a@example.invalid> agent=a.gate.example.invalid time=2026-09-24T15:46:08Z
accepted peer connection=13 peer=b time=2026-09-24T15:46:08Z
accepted post path=control message-id=<alpha@a.example.invalid> time=2026-09-24T15:46:09Z
duplicate post path=control message-id=<alpha@a.example.invalid> time=2026-09-24T15:46:09Z
refused post path=control message-id=<alpha@a.example.invalid> time=2026-09-24T15:46:10Z
accepted post path=control message-id=<stream-a@example.invalid> time=2026-09-24T15:46:11Z
accepted peer connection=14 peer=b time=2026-09-24T15:46:18Z
accepted peer connection=15 peer=b time=2026-09-24T15:46:19Z
accepted peer connection=16 peer=b time=2026-09-24T15:46:20Z
accepted peer connection=17 peer=b time=2026-09-24T15:46:20Z
accepted peer connection=18 peer=b time=2026-09-24T15:46:20Z
accepted peer connection=19 peer=b time=2026-09-24T15:46:20Z
accepted peer connection=20 peer=b time=2026-09-24T15:46:20Z
accepted peer connection=21 peer=b time=2026-09-24T15:46:20Z
accepted peer connection=22 peer=b time=2026-09-24T15:46:20Z
accepted peer connection=23 peer=b time=2026-09-24T15:46:20Z
accepted peer connection=24 peer=b time=2026-09-24T15:46:20Z
accepted peer connection=25 peer=b time=2026-09-24T15:46:20Z
accepted peer connection=26 peer=b time=2026-09-24T15:46:20Z
accepted peer connection=27 peer=b time=2026-09-24T15:46:20Z
accepted peer connection=28 peer=b time=2026-09-24T15:46:20Z
accepted peer connection=29 peer=b time=2026-09-24T15:46:20Z
accepted peer connection=30 peer=b time=2026-09-24T15:46:20Z
accepted peer connection=31 peer=b time=2026-09-24T15:46:20Z
accepted peer connection=32 peer=b time=2026-09-24T15:46:20Z
accepted peer connection=33 peer=b time=2026-09-24T15:46:20Z
accepted operator run
