# c17-campaign.images start 2026-09-26T10:25:10Z cwd /tank/fn/scratch/qual-harness-c18/tree
# FN_NATIVE_HOST /tank/fn/gates/qual-b6759850-20260926/build/images/b675985074cf14b009204f6eb3e5409f4a025a80/fn-host
# FN_NATIVE_CRASH_HOST /tank/fn/gates/qual-b6759850-20260926/build/images/b675985074cf14b009204f6eb3e5409f4a025a80/fn-host-developer
# FN_NATIVE_BP_HOST /tank/fn/gates/qual-b6759850-20260926/build/images/b675985074cf14b009204f6eb3e5409f4a025a80/fn-host-dtn FN_NATIVE_BP_NODE_HOST /tank/fn/gates/qual-b6759850-20260926/build/images/b675985074cf14b009204f6eb3e5409f4a025a80/fn-host-dtn-developer
# overlay ae80c7ed3bc632874882ef086d4e91ce16a6c689df4783f08ebbc6686a5be0bf  tests/test_native_served_crash_model.py 891462e47519c3831e76be038105399372a28685227f6fffd72fdf4631cbbf07  tests/campaign/model_images.py 4c0ae8f5ae186bf486c60f839f4cb9259e7b2db04f25724dda9c2e5470c316c9  tools/build_lists_check.py 623727d67c449f82f4fb8ffefc67caaa6358fdddd78d753cb3618aebf1edc12f  tests/test_native_operator_verbs.py bfddf0c1af39c487082fa3ce4e6530834e3fa39a6825e8f6e15155e8e81d093c  tests/native_bp_channel_admission_raw.lisp f0649e307c42499b222d3c510fb0432f4e570c0b3e38521e24c7c99b14693778  tests/native_bp_node_admission_lock_raw.lisp 4ed58cab00a068de1145a3ca183e300da59eb59b6a208e43d136cffd808a9ecb  tests/native_developer_selectors_raw.lisp 8405458a2948f3ad5527c77b382864cb8eec5459750c10114ffb57bdcaec7335  tests/campaign/test_native_operator_campaign.py f8d25f5fe769a76d3ace4a7b9d52566a1141ed16fb9434a70586b3f377dd2bac  tests/test_fn_web_native.py 
test_a_changed_body_is_not (tests.campaign.test_native_operator_campaign.InjectedFormTests.test_a_changed_body_is_not) ... ok
test_a_dropped_or_reordered_payload_field_is_not (tests.campaign.test_native_operator_campaign.InjectedFormTests.test_a_dropped_or_reordered_payload_field_is_not) ... ok
test_a_field_injected_twice_or_over_the_payloads_own_is_not (tests.campaign.test_native_operator_campaign.InjectedFormTests.test_a_field_injected_twice_or_over_the_payloads_own_is_not) ... ok
test_a_headless_octet_string_is_not (tests.campaign.test_native_operator_campaign.InjectedFormTests.test_a_headless_octet_string_is_not) ... ok
test_an_added_field_outside_the_injection_is_not (tests.campaign.test_native_operator_campaign.InjectedFormTests.test_an_added_field_outside_the_injection_is_not) ... ok
test_the_injected_article_is_the_payload_injected (tests.campaign.test_native_operator_campaign.InjectedFormTests.test_the_injected_article_is_the_payload_injected) ... ok
test_every_developer_selector_is_registered (tests.campaign.test_native_operator_campaign.NativeCutTableTests.test_every_developer_selector_is_registered) ... ok
test_the_recovery_program_cuts_are_selectable (tests.campaign.test_native_operator_campaign.NativeCutTableTests.test_the_recovery_program_cuts_are_selectable) ... ok
test_the_table_agrees_with_the_host (tests.campaign.test_native_operator_campaign.NativeCutTableTests.test_the_table_agrees_with_the_host) ... ok
test_served_owner_cuts_stop_and_production_refusals (tests.campaign.test_native_operator_campaign.NativeOperatorCampaignTests.test_served_owner_cuts_stop_and_production_refusals) ... cut record-attempted
cut recovery-stage-unlinked
faults
ok

----------------------------------------------------------------------
Ran 10 tests in 65.636s

OK
# rc=0 wall=66 end 2026-09-26T10:26:16Z
