test_the_default_profile_budget_is_reported_and_refused_by_name (tests.test_native_operator_verbs.NativeOperatorCapacityTests.test_the_default_profile_budget_is_reported_and_refused_by_name) ... FAIL
test_the_scale_profile_is_reachable_from_init (tests.test_native_operator_verbs.NativeOperatorCapacityTests.test_the_scale_profile_is_reachable_from_init) ... ok
test_a_locked_store_is_refused_without_the_lock_being_touched (tests.test_native_operator_verbs.NativeOperatorInitTests.test_a_locked_store_is_refused_without_the_lock_being_touched) ... ok
test_help_names_init (tests.test_native_operator_verbs.NativeOperatorInitTests.test_help_names_init) ... ok
test_init_creates_the_configured_store_and_then_refuses_it (tests.test_native_operator_verbs.NativeOperatorInitTests.test_init_creates_the_configured_store_and_then_refuses_it) ... FAIL
test_init_without_a_group_is_usage_and_writes_nothing (tests.test_native_operator_verbs.NativeOperatorInitTests.test_init_without_a_group_is_usage_and_writes_nothing) ... ok
test_init_outcome_is_acl2s_and_the_host_only_observes (tests.test_native_operator_verbs.NativeOperatorVerbCompositionTests.test_init_outcome_is_acl2s_and_the_host_only_observes) ... ok
test_peer_list_is_a_query_and_the_host_asks_acl2_which (tests.test_native_operator_verbs.NativeOperatorVerbCompositionTests.test_peer_list_is_a_query_and_the_host_asks_acl2_which) ... ok
test_the_uncertain_word_is_acl2s_control_vocabulary (tests.test_native_operator_verbs.NativeOperatorVerbCompositionTests.test_the_uncertain_word_is_acl2s_control_vocabulary) ... ok
test_uncertain_fault_is_gated_on_the_saved_image_profile (tests.test_native_operator_verbs.NativeOperatorVerbCompositionTests.test_uncertain_fault_is_gated_on_the_saved_image_profile) ... ok

======================================================================
FAIL: test_the_default_profile_budget_is_reported_and_refused_by_name (tests.test_native_operator_verbs.NativeOperatorCapacityTests.test_the_default_profile_budget_is_reported_and_refused_by_name)
----------------------------------------------------------------------
Traceback (most recent call last):
  File "/tank/fn/scratch/m5-capacity/tree-e45a5ab3/tests/test_native_operator_verbs.py", line 467, in test_the_default_profile_budget_is_reported_and_refused_by_name
    self.assertEqual(refused[2],
AssertionError: '441 posting failed; a different article with this Message-ID is stored here' != '441 posting failed; this article is already stored here'
- 441 posting failed; a different article with this Message-ID is stored here
+ 441 posting failed; this article is already stored here


======================================================================
FAIL: test_init_creates_the_configured_store_and_then_refuses_it (tests.test_native_operator_verbs.NativeOperatorInitTests.test_init_creates_the_configured_store_and_then_refuses_it)
----------------------------------------------------------------------
Traceback (most recent call last):
  File "/tank/fn/scratch/m5-capacity/tree-e45a5ab3/tests/test_native_operator_verbs.py", line 165, in test_init_creates_the_configured_store_and_then_refuses_it
    self.assertIn(b"refused operator init STORE-EXISTS", again.stderr.upper())
AssertionError: b'refused operator init STORE-EXISTS' not found in b'REFUSED OPERATOR INIT STORE-EXISTS\n'

----------------------------------------------------------------------
Ran 10 tests in 20.252s

FAILED (failures=2)
