2026-09-24T21:13:59Z
== acquire default
attempt 69f6cb4fcb57275d composed: loaded
profile=default image=build/fn-host artifact-set=69f6cb4fcb57275db22bed8a4993839c4cb466aff6b41b6581e7f617b88b6290 origin=composed books=289 source=690163185f784326eb813f39b6c050690cf0a0d310bc3e33d6fb616715ed634a toolchain=d5f2b9f0d2cf68c6074ea7046f4bd2e560d2984fe22d7e03f93045975ac889f0 rejected=0
== acquire dtn
attempt c04a02401a23dec5 composed: loaded
profile=dtn image=build/fn-host-dtn artifact-set=c04a02401a23dec58c34d0fc1892926a526e9a9b6de331e3b1bc0052388058ed origin=composed books=280 source=12635a85b0fd4146321004606bf670abda78eb32b795f1cabd17b48f20538d60 toolchain=d5f2b9f0d2cf68c6074ea7046f4bd2e560d2984fe22d7e03f93045975ac889f0 rejected=0
== validate default
profile=default image=build/fn-host roots=119 result=loaded
== validate dtn
profile=dtn image=build/fn-host-dtn roots=104 result=loaded
== build production
built build/fn-host profile=production (122M core)
== build developer
built build/fn-host-developer profile=developer (122M core)
== build dtn
built build/fn-host-dtn profile=production (120M core)
== build dtn developer
built build/fn-host-dtn-developer profile=developer (120M core)
== freeze
fn-host: OK
fn-host.core: OK
fn-host-developer: OK
fn-host-developer.core: OK
fn-host-dtn: OK
fn-host-dtn.core: OK
fn-host-dtn-developer: OK
fn-host-dtn-developer.core: OK
lib/libsodium.so.23: OK
openssl/lib/libcrypto.so.3: OK
openssl/lib/libssl.so.3: OK
runtime/sbcl: OK
runtime/sbcl-home/contrib/asdf.fasl: OK
runtime/sbcl-home/contrib/sb-aclrepl.asd: OK
runtime/sbcl-home/contrib/sb-aclrepl.fasl: OK
runtime/sbcl-home/contrib/sb-bsd-sockets.asd: OK
runtime/sbcl-home/contrib/sb-bsd-sockets.fasl: OK
runtime/sbcl-home/contrib/sb-capstone.asd: OK
runtime/sbcl-home/contrib/sb-capstone.fasl: OK
runtime/sbcl-home/contrib/sb-cltl2.asd: OK
runtime/sbcl-home/contrib/sb-cltl2.fasl: OK
runtime/sbcl-home/contrib/sb-concurrency.asd: OK
runtime/sbcl-home/contrib/sb-concurrency.fasl: OK
runtime/sbcl-home/contrib/sb-cover.asd: OK
runtime/sbcl-home/contrib/sb-cover.fasl: OK
runtime/sbcl-home/contrib/sb-executable.asd: OK
runtime/sbcl-home/contrib/sb-executable.fasl: OK
runtime/sbcl-home/contrib/sb-gmp.asd: OK
runtime/sbcl-home/contrib/sb-gmp.fasl: OK
runtime/sbcl-home/contrib/sb-grovel.asd: OK
runtime/sbcl-home/contrib/sb-grovel.fasl: OK
runtime/sbcl-home/contrib/sb-introspect.asd: OK
runtime/sbcl-home/contrib/sb-introspect.fasl: OK
runtime/sbcl-home/contrib/sb-manual.asd: OK
runtime/sbcl-home/contrib/sb-manual.fasl: OK
runtime/sbcl-home/contrib/sb-md5.asd: OK
runtime/sbcl-home/contrib/sb-md5.fasl: OK
runtime/sbcl-home/contrib/sb-mpfr.asd: OK
runtime/sbcl-home/contrib/sb-mpfr.fasl: OK
runtime/sbcl-home/contrib/sb-perf.asd: OK
runtime/sbcl-home/contrib/sb-perf.fasl: OK
runtime/sbcl-home/contrib/sb-posix.asd: OK
runtime/sbcl-home/contrib/sb-posix.fasl: OK
runtime/sbcl-home/contrib/sb-queue.asd: OK
runtime/sbcl-home/contrib/sb-queue.fasl: OK
runtime/sbcl-home/contrib/sb-rotate-byte.asd: OK
runtime/sbcl-home/contrib/sb-rotate-byte.fasl: OK
runtime/sbcl-home/contrib/sb-rt.asd: OK
runtime/sbcl-home/contrib/sb-rt.fasl: OK
runtime/sbcl-home/contrib/sb-simd.asd: OK
runtime/sbcl-home/contrib/sb-simd.fasl: OK
runtime/sbcl-home/contrib/sb-simple-streams.asd: OK
runtime/sbcl-home/contrib/sb-simple-streams.fasl: OK
runtime/sbcl-home/contrib/sb-sprof.asd: OK
runtime/sbcl-home/contrib/sb-sprof.fasl: OK
runtime/sbcl-home/contrib/uiop.fasl: OK
runtime/sbcl-home/sbcl.core: OK
runtime/sbcl-home/sbcl.mk: OK
793b937d6b0ac6b05fe1a6da49d720f40aac9ff2a3180eb2a6e670b4d6cea46a  /tank/fn/gates/qual-18c91321-20260924/build/images/18c91321/fn-host-developer.core
3a840c21bde057174e48968c20b6d79e7ebf728aa75d3d92ff5fb88bb500eaa5  /tank/fn/gates/qual-18c91321-20260924/build/images/18c91321/fn-host-dtn-developer.core
f2b07dda51e3d7c431f3b8783e9bc656da4c9abe2c973f1964047bab31893512  /tank/fn/gates/qual-18c91321-20260924/build/images/18c91321/fn-host-dtn.core
e623cfd21725e03f8381e709bc898ff2cf89d6e72be78562dd02f657b4801bd2  /tank/fn/gates/qual-18c91321-20260924/build/images/18c91321/fn-host.core
b115fe956aadee603459fac401e1ff2cc39321e14848544a0fe438788a2fc6d5  /tank/fn/gates/qual-18c91321-20260924/build/images/18c91321/runtime/sbcl
14d40ec690d4d2e4d49f95d9509ec8b3112c39089f9ad11fa8bde42796b99190  /tank/fn/gates/qual-18c91321-20260924/build/images/18c91321/openssl/lib/libcrypto.so.3
bb2d12bec3c53f997b5edf5e4ac3ed24584412008070eb731830f29896004ed4  /tank/fn/gates/qual-18c91321-20260924/build/images/18c91321/openssl/lib/libssl.so.3
7de3e60f9f7df83a7299aa1b8b7a88013ace3233f70c9f63698dd331781d557e  /tank/fn/gates/qual-18c91321-20260924/build/images/18c91321/lib/libsodium.so.23
9f73da2a84d664516033fb6e944c55b55d1f7206e9599cac46ca2b208de26aa8  /tank/fn/toolchains/w28/acl2-literal-4g
total 156312
drwxrwxr-x 5 hbox hbox        15 Sep 24 17:15 .
drwxrwxr-x 3 hbox hbox         3 Sep 24 17:15 ..
-rw-rw-r-- 1 hbox hbox     46144 Sep 24 17:15 build-source.sha256
-rwxr-xr-x 1 hbox hbox       544 Sep 24 17:15 fn-host
-rw-rw-r-- 1 hbox hbox 332148160 Sep 24 17:15 fn-host.core
-rwxr-xr-x 1 hbox hbox       554 Sep 24 17:15 fn-host-developer
-rw-rw-r-- 1 hbox hbox 332148160 Sep 24 17:15 fn-host-developer.core
-rwxr-xr-x 1 hbox hbox       548 Sep 24 17:15 fn-host-dtn
-rw-rw-r-- 1 hbox hbox 328641168 Sep 24 17:15 fn-host-dtn.core
-rwxr-xr-x 1 hbox hbox       558 Sep 24 17:15 fn-host-dtn-developer
-rw-rw-r-- 1 hbox hbox 328706720 Sep 24 17:15 fn-host-dtn-developer.core
-rw-rw-r-- 1 hbox hbox      5905 Sep 24 17:15 image.sha256
drwxrwxr-x 2 hbox hbox         3 Sep 24 17:15 lib
drwxrwxr-x 3 hbox hbox         3 Sep 24 17:15 openssl
drwxrwxr-x 3 hbox hbox         4 Sep 24 17:15 runtime
== done
rc=0
2026-09-24T21:15:52Z
