iteration 0 single late 81.71
iteration 1 single window 56.14
iteration 2 single over-limit 26.55
iteration 3 single window 122.08
iteration 4 single early 3.47
iteration 5 single late 60.36
iteration 6 single over-limit 6.75
iteration 7 single early 17.94
iteration 8 single window 38.66
iteration 9 single early 27.94
iteration 10 single late 109.1
iteration 11 single early 28.29
iteration 12 single mid-article 3.75
iteration 13 single window 22.64
iteration 14 single window 136.26
iteration 15 single window 87.2
iteration 16 concurrent early 0.15
iteration 17 single late 220.1
iteration 18 concurrent window 133.47
iteration 19 single window 22.83
iteration 20 concurrent window 128.52
iteration 21 single mid-article 3.7
iteration 22 single late 128.77
iteration 23 single window 42.03
iteration 24 single window 68.73
iteration 25 single mid-article 13.5
iteration 26 single window 106.56
iteration 27 single window 44.95
iteration 28 single over-limit 7.63
iteration 29 concurrent window 153.67
iteration 30 single window 136.78
iteration 31 single window 32.72
iteration 32 single window 76.1
iteration 33 single window 118.34
iteration 34 concurrent window 89.0
iteration 35 single window 24.34
iteration 36 single window 50.85
iteration 37 single over-limit 10.1
iteration 38 single window 111.88
iteration 39 single window 29.11
iteration 40 single late 56.6
iteration 41 single window 126.36
iteration 42 single late 135.06
iteration 43 concurrent window 124.83
iteration 44 concurrent late 79.8
iteration 45 single window 85.07
iteration 46 concurrent early 3.47
iteration 47 single early 19.07
iteration 48 single early 7.46
iteration 49 single early 103.58
iteration 50 single late 63.69
iteration 51 single over-limit 4.84
iteration 52 single early 79.64
iteration 53 single late 60.38
iteration 54 single mid-article 4.45
iteration 55 single window 31.49
iteration 56 single early 42.67
iteration 57 single early 6.56
iteration 58 single mid-article 1.94
iteration 59 single window 81.13
iteration 60 single early 13.2
iteration 61 single window 139.77
iteration 62 single window 36.44
iteration 63 single over-limit 21.19
iteration 64 single window 33.18
iteration 65 single early 42.43
iteration 66 single window 44.21
iteration 67 single early 29.03
iteration 68 concurrent window 77.33
iteration 69 single late 127.22
iteration 70 single mid-article 16.26
iteration 71 single mid-article 5.28
iteration 72 single early 67.23
iteration 73 single window 49.09
iteration 74 single window 30.72
iteration 75 single late 135.9
iteration 76 single window 146.55
iteration 77 concurrent late 192.38
iteration 78 single late 140.75
iteration 79 single early 11.91
iteration 80 single early 58.12
iteration 81 single mid-article 17.11
iteration 82 single late 132.39
iteration 83 single window 93.33
iteration 84 single late 134.34
iteration 85 single early 27.86
iteration 86 single early 6.17
iteration 87 single window 74.75
iteration 88 single early 76.73
iteration 89 single window 146.04
	Command being timed: "python3 -m tests.campaign.native_production_kill run --image /tank/fn/gates/qual-18c91321-20260924/build/images/18c91321/fn-host --work /tank/fn/scratch/qual-18c91321/campaign/pk-work --out /tank/fn/scratch/qual-18c91321/campaign/pk-run.json --seed 3 --kills 80 --concurrent 10"
	User time (seconds): 590.25
	System time (seconds): 61.08
	Percent of CPU this job got: 97%
	Elapsed (wall clock) time (h:mm:ss or m:ss): 11:09.88
	Average shared text size (kbytes): 0
	Average unshared data size (kbytes): 0
	Average stack size (kbytes): 0
	Average total size (kbytes): 0
	Maximum resident set size (kbytes): 1396972
	Average resident set size (kbytes): 0
	Major (requiring I/O) page faults: 1
	Minor (reclaiming a frame) page faults: 42483309
	Voluntary context switches: 14693
	Involuntary context switches: 9011
	Swaps: 0
	File system inputs: 1489263
	File system outputs: 37715
	Socket messages sent: 0
	Socket messages received: 0
	Signals delivered: 0
	Page size (bytes): 4096
	Exit status: 0
rc=0
