BP FNBS recovered held=6
BP queue recovered jobs=6
BP node budgets owner-backoff=5000 retry-budget=3
OWNER-OPEN open=full-replay reason=absent
BP NODE LISTENING 33901
TCPCL bp-node event (:SEND :CONTACT 6)
TCPCL bp-node event (:SEND :SESS-INIT 40)
TCPCL bp-node event (:SESSION-UP 10 64000 64000 NIL)
TCPCL bp-node event (:SEND :XFER-ACK 18)
TCPCL bp-node event (:SEND :XFER-ACK 18)
TCPCL bp-node event (:SEND :XFER-ACK 18)
TCPCL bp-node event (:SEND :XFER-ACK 18)
TCPCL bp-node event (:SEND :XFER-ACK 18)
TCPCL bp-node event (:SEND :XFER-ACK 18)
TCPCL bp-node event (:SEND :XFER-ACK 18)
TCPCL bp-node event (:SEND :XFER-ACK 18)
TCPCL bp-node event (:BUNDLE-RECEIVED 1 8141)
BP accepted xfer=1 adu=8015 path=/tank/fn/scratch/source-corpus-2/diag5/source-corpus-bp/b-fnbs/lifecycle/00000000000000000002-00000000000000000000.fnb
TCPCL bp-node accepted xfer=1 path=/tank/fn/scratch/source-corpus-2/diag5/source-corpus-bp/b-fnbs/lifecycle/00000000000000000002-00000000000000000000.fnb
TCPCL bp-node event (:SEND :SESS-TERM 3)
TCPCL bp-node event (:PEER-TERMINATING 1)
TCPCL bp-node event (:CLOSE)
TCPCL bp-node summary accepted=1 refused=0 uncertain=0 phase=closed
BP node source carried carrier=ingress-boundary author=sender-author
BP node delivery refused result=refused reason=history
BP application handoff durable
BP node delivery request-refused
