== service-run interrupted rc=3
-- stdout
BP FNBS recovered held=0
BP queue recovered jobs=0
BP queue accepted work=work-interrupted attempt=work-interrupted-attempt generation=0 status=durable
TCPCL bp-service aux (:SEND :CONTACT 6)
BP transport work=work-interrupted status=attempted
BP forwarding retained reason=uncertain
-- stderr

== first receiver rc=0
-- stdout
TCPCL passive aux (:SESSION-DOWN)
TCPCL passive summary accepted=0 refused=0 uncertain=0 phase=closed
BP summary accepted=0 refused=0 uncertain=0
-- stderr

== tick closed rc=0
-- stdout
BP FNBS recovered held=0
BP queue recovered jobs=1
BP contact closed peer=dtn://receiver/
-- stderr

receiver alive after closed tick: True
== tick open rc=1
-- stdout
BP FNBS recovered held=0
BP queue recovered jobs=1
BP contact open peer=dtn://receiver/
TCPCL bp-service aux (:SEND :CONTACT 6)
TCPCL bp-service event (:SEND :SESS-INIT 38)
TCPCL bp-service event (:SESSION-UP 10 1024 1048576 NIL)
TCPCL bp-service aux (:SEND :XFER-SEGMENT 153)
TCPCL bp-service event (:OUTBOUND-REFUSED 0 "bp-service" 4)
TCPCL bp-service refused outbound xfer=0 reason=4
TCPCL bp-service aux (:SEND :SESS-TERM 3)
TCPCL bp-service event (:PEER-TERMINATING 0)
TCPCL bp-service event (:CLOSE)
BP transport work=work-interrupted status=attempted
BP forwarding retained reason=refused
-- stderr

== restarted receiver rc=1
-- stdout
TCPCL passive event (:SEND :CONTACT 6)
TCPCL passive event (:SEND :SESS-INIT 40)
TCPCL passive event (:SESSION-UP 10 1024 1048576 NIL)
TCPCL passive event (:SEND :XFER-ACK 18)
TCPCL passive event (:BUNDLE-RECEIVED 0 131)
BP refused xfer=0 reason=receive-boundary
TCPCL passive refused inbound xfer=0 reason=RECEIVE-BOUNDARY
TCPCL passive event (:SEND :SESS-TERM 3)
TCPCL passive event (:PEER-TERMINATING 0)
TCPCL passive event (:CLOSE)
TCPCL passive summary accepted=0 refused=1 uncertain=0 phase=closed
BP summary accepted=0 refused=1 uncertain=0
-- stderr

== tree /tmp/fn-contact-relay-nqjkw7go/sender
  .spool.lock 0
  clock-domain.fnb 82
  lifecycle /
  lifecycle/00000000000000000000.fnb 337
  lifecycle/00000000000000000001.fnb 102
  lifecycle/00000000000000000002.fnb 104
  lifecycle/00000000000000000003.fnb 102
  lifecycle/00000000000000000004.fnb 104
  lifecycle.lock 0
  sequence /
  sequence/frontier.fnb 50
  sequence/frontier.lock 0
== tree /tmp/fn-contact-relay-nqjkw7go/receiver
  .spool.lock 0
  clock-domain.fnb 82
  lifecycle /
  lifecycle.lock 0
  receive-evidence /
  receive-evidence/00000000000000000000.refused 17
  receive-evidence/00000000000000000000.wire 131
