{
  "a_pinned_after": "BP obligation owner work=work-bp-node status=receipted pinned=no",
  "a_pinned_before": "BP obligation owner work=work-bp-node status=outstanding pinned=yes",
  "a_releases": "direct",
  "b_trusts": {
    "carried": false,
    "eid": "dtn://sender/",
    "mode": "carried"
  },
  "dtn_time_ms": "843636887765",
  "dtnd_processes": {},
  "image": "/tank/fn/gates/bp-budgets-dtn-d5d558fd/build/fn-host-dtn-developer",
  "native": false,
  "processes": [
    {
      "pid": 2766253,
      "stopped": "SIGKILL rc=-9",
      "tag": "b-serve-0"
    },
    {
      "pid": 2766262,
      "stopped": "SIGTERM rc=143",
      "tag": "b-serve-1"
    },
    {
      "pid": 2766558,
      "stopped": "SIGTERM rc=143",
      "tag": "a-serve"
    },
    {
      "pid": 2766578,
      "stopped": "SIGTERM rc=143",
      "tag": "b-4-serve"
    }
  ],
  "receipt_without_tick": true,
  "relays": 0,
  "request_adu": {
    "octets": 6314,
    "sha256": "fd1a3bd9c33af270"
  },
  "routes": {
    "mode": "present"
  },
  "setup_rcs": [
    0,
    0,
    0,
    0,
    0,
    0,
    0,
    0,
    0,
    0,
    0,
    0
  ],
  "steps": [
    {
      "bytes_forwarded_before_hold": [
        600
      ],
      "held": true,
      "logs": {
        "a-1-send": {
          "file": "a-1-send.log",
          "lines": [
            "BP FNBS recovered held=0",
            "BP queue recovered jobs=0",
            "BP queue accepted work=work-bp-node attempt=work-bp-node-attempt generation=0 status=durable",
            "TCPCL bp-service aux (:SEND :CONTACT 6)",
            "TCPCL bp-service event (:SEND :SESS-INIT 38)",
            "TCPCL bp-service event (:SESSION-UP 10 1024 1048576 NIL)",
            "TCPCL bp-service aux (:SEND :XFER-SEGMENT 1059)",
            "TCPCL bp-service aux (:SEND :XFER-SEGMENT 1042)",
            "TCPCL bp-service aux (:SEND :XFER-SEGMENT 1042)",
            "TCPCL bp-service aux (:SEND :XFER-SEGMENT 1042)",
            "TCPCL bp-service aux (:SEND :XFER-SEGMENT 1042)",
            "TCPCL bp-service aux (:SEND :XFER-SEGMENT 1042)",
            "TCPCL bp-service aux (:SEND :XFER-SEGMENT 293)",
            "TCPCL bp-service aux (:OUTBOUND-FAILED 0 \"bp-service\")",
            "TCPCL bp-service aux (:SESSION-DOWN)",
            "TCPCL bp-service uncertain outbound-failed xfer=0",
            "BP transport work=work-bp-node status=attempted",
            "BP forwarding retained reason=uncertain"
          ],
          "sha256_16": "206f7afb3b4b0677"
        }
      },
      "outcome": "uncertain",
      "sigkill": {
        "first_hop": "fn-b",
        "pid": 2766253
      },
      "step": "1 A request, held mid-transfer, first hop SIGKILLed"
    },
    {
      "logs": {
        "a-2-resume": {
          "file": "a-2-resume.log",
          "lines": [
            "BP FNBS recovered held=0",
            "BP queue recovered jobs=1",
            "TCPCL bp-service aux (:SEND :CONTACT 6)",
            "TCPCL bp-service event (:SEND :SESS-INIT 38)",
            "TCPCL bp-service event (:SESSION-UP 10 1024 1048576 NIL)",
            "TCPCL bp-service aux (:SEND :XFER-SEGMENT 1059)",
            "TCPCL bp-service aux (:SEND :XFER-SEGMENT 1042)",
            "TCPCL bp-service aux (:SEND :XFER-SEGMENT 1042)",
            "TCPCL bp-service aux (:SEND :XFER-SEGMENT 1042)",
            "TCPCL bp-service aux (:SEND :XFER-SEGMENT 1042)",
            "TCPCL bp-service aux (:SEND :XFER-SEGMENT 1042)",
            "TCPCL bp-service aux (:SEND :XFER-SEGMENT 293)",
            "TCPCL bp-service aux (:SEND-REFUSED \"bp-service\" :BUSY)",
            "TCPCL bp-service aux (:SEND-REFUSED \"bp-service\" :BUSY)",
            "TCPCL bp-service aux (:SEND-REFUSED \"bp-service\" :BUSY)",
            "TCPCL bp-service aux (:SEND-REFUSED \"bp-service\" :BUSY)",
            "TCPCL bp-service event (:OUTBOUND-SENT 0 \"bp-service\")",
            "TCPCL bp-service accepted outbound xfer=0",
            "TCPCL bp-service aux (:SEND :SESS-TERM 3)",
            "TCPCL bp-service event (:PEER-TERMINATING 0)",
            "TCPCL bp-service event (:CLOSE)",
            "BP transport work=work-bp-node status=forwarded"
          ],
          "sha256_16": "4e4c232f9107d7aa"
        }
      },
      "outcome": "accepted",
      "restarted": 2766262,
      "step": "2 first hop restarted, A resumes its durable job"
    },
    {
      "application": [
        "BP node delivery request-accepted"
      ],
      "b_fnbs_frame_names": [
        "00000000000000000000.fnb",
        "00000000000000000001-00000000000000000000.fnb",
        "00000000000000000001-00000000000000000002.fnb",
        "00000000000000000001.fnb",
        "00000000000000000002.fnb",
        "00000000000000000003.fnb",
        "00000000000000000004.fnb",
        "00000000000000000005.fnb",
        "00000000000000000006.fnb",
        "00000000000000000007.fnb",
        "00000000000000000008.fnb",
        "00000000000000000009.fnb",
        "00000000000000000010.fnb",
        "00000000000000000011.fnb",
        "00000000000000000012.fnb",
        "00000000000000000013.fnb",
        "00000000000000000014.fnb",
        "00000000000000000015.fnb",
        "00000000000000000016.fnb"
      ],
      "b_fnbs_lifecycle_frames": 19,
      "channel_refusals": [],
      "logs": {
        "b-serve-1": {
          "file": "b-serve-1.log",
          "lines": [
            "BP FNBS recovered held=0",
            "BP queue recovered jobs=0",
            "BP node budgets owner-backoff=5000 retry-budget=3",
            "BP NODE LISTENING 37295",
            "TCPCL bp-node event (:SEND :CONTACT 6)",
            "TCPCL bp-node event (:SEND :SESS-INIT 40)",
            "TCPCL bp-node event (:SESSION-UP 10 1024 1048576 NIL)",
            "TCPCL bp-node event (:SEND :XFER-ACK 18)",
            "TCPCL bp-node event (:SEND :XFER-ACK 18)",
            "TCPCL bp-node event (:SEND :XFER-ACK 18)",
            "TCPCL bp-node event (:SEND :XFER-ACK 18)",
            "TCPCL bp-node event (:SEND :XFER-ACK 18)",
            "TCPCL bp-node event (:SEND :XFER-ACK 18)",
            "TCPCL bp-node event (:SEND :XFER-ACK 18)",
            "TCPCL bp-node event (:BUNDLE-RECEIVED 0 6419)",
            "BP accepted xfer=0 adu=6314 path=/tank/fn/scratch/bp-budgets/lab/control-no-tick/b-fnbs/lifecycle/00000000000000000001-00000000000000000000.fnb",
            "TCPCL bp-node accepted xfer=0 path=/tank/fn/scratch/bp-budgets/lab/control-no-tick/b-fnbs/lifecycle/00000000000000000001-00000000000000000000.fnb",
            "TCPCL bp-node event (:SEND :SESS-TERM 3)",
            "TCPCL bp-node event (:PEER-TERMINATING 0)",
            "TCPCL bp-node event (:CLOSE)",
            "TCPCL bp-node summary accepted=1 refused=0 uncertain=0 phase=closed",
            "BP node source direct principal=ingress-boundary",
            "BP application handoff durable",
            "BP node delivery request-accepted",
            "BP queue accepted work=bp-receipt:receipt:work-bp-node:0 attempt=return generation=0 status=durable",
            "BP node receipt queued id=receipt:work-bp-node",
            "BP node receipt contact peer=dtn://sender/",
            "BP transport work=bp-receipt:receipt:work-bp-node:0 status=attempted",
            "BP forwarding retained reason=failed",
            "BP transport work=bp-receipt:receipt:work-bp-node:0 status=attempted",
            "BP forwarding retained reason=failed",
            "BP transport work=bp-receipt:receipt:work-bp-node:0 status=attempted",
            "BP forwarding retained reason=failed",
            "BP transport work=bp-receipt:receipt:work-bp-node:0 status=attempted",
            "BP forwarding retained reason=failed",
            "BP transport work=bp-receipt:receipt:work-bp-node:0 status=attempted",
            "BP forwarding retained reason=failed",
            "BP transport work=bp-receipt:receipt:work-bp-node:0 status=attempted",
            "BP forwarding retained reason=failed",
            "BP transport work=bp-receipt:receipt:work-bp-node:0 status=attempted",
            "BP forwarding retained reason=failed",
            "BP transport work=bp-receipt:receipt:work-bp-node:0 status=attempted",
            "BP forwarding retained reason=failed"
          ],
          "sha256_16": "934128b54d233fc2"
        }
      },
      "outcome": "request-accepted",
      "receipts_queued": [
        "BP node receipt queued id=receipt:work-bp-node"
      ],
      "source_decisions": [
        "BP node source direct principal=ingress-boundary"
      ],
      "step": "3 B admits, takes custody, dispatches to its application",
      "transport_accepted": 1
    },
    {
      "a_inbound_custody": [
        "BP accepted xfer=0 adu=228 path=/tank/fn/scratch/bp-budgets/lab/control-no-tick/a-fnbs/lifecycle/00000000000000000001-00000000000000000000.fnb"
      ],
      "a_obligation": "BP obligation owner work=work-bp-node status=receipted pinned=no",
      "a_receipt_lines": [
        "BP node delivery receipt-accepted"
      ],
      "a_release_lines": [
        "BP node release self-issued carrier=return-boundary issuer=dtn://receiver/"
      ],
      "a_source_decisions": [
        "BP node source direct principal=return-boundary"
      ],
      "b_receipt_contacts": [
        "BP node receipt contact peer=dtn://sender/"
      ],
      "b_signed_lines": [],
      "flipped": null,
      "logs": {
        "a-serve": {
          "file": "a-serve.log",
          "lines": [
            "BP FNBS recovered held=0",
            "BP queue recovered jobs=1",
            "BP node budgets owner-backoff=5000 retry-budget=3",
            "BP NODE LISTENING 46105",
            "TCPCL bp-node event (:SEND :CONTACT 6)",
            "TCPCL bp-node event (:SEND :SESS-INIT 38)",
            "TCPCL bp-node event (:SESSION-UP 10 1024 1048576 NIL)",
            "TCPCL bp-node event (:SEND :XFER-ACK 18)",
            "TCPCL bp-node event (:BUNDLE-RECEIVED 0 334)",
            "BP accepted xfer=0 adu=228 path=/tank/fn/scratch/bp-budgets/lab/control-no-tick/a-fnbs/lifecycle/00000000000000000001-00000000000000000000.fnb",
            "TCPCL bp-node accepted xfer=0 path=/tank/fn/scratch/bp-budgets/lab/control-no-tick/a-fnbs/lifecycle/00000000000000000001-00000000000000000000.fnb",
            "TCPCL bp-node event (:SEND :SESS-TERM 3)",
            "TCPCL bp-node event (:PEER-TERMINATING 0)",
            "TCPCL bp-node event (:CLOSE)",
            "TCPCL bp-node summary accepted=1 refused=0 uncertain=0 phase=closed",
            "BP node source direct principal=return-boundary",
            "BP node release self-issued carrier=return-boundary issuer=dtn://receiver/",
            "BP application handoff durable",
            "BP node delivery receipt-accepted"
          ],
          "sha256_16": "aad3123a8d91d951"
        },
        "b-4-serve": {
          "file": "b-4-serve.log",
          "lines": [
            "BP FNBS recovered held=1",
            "BP queue recovered jobs=1",
            "BP node budgets owner-backoff=5000 retry-budget=3",
            "BP node receipt contact peer=dtn://sender/",
            "TCPCL bp-service aux (:SEND :CONTACT 6)",
            "TCPCL bp-service event (:SEND :SESS-INIT 40)",
            "TCPCL bp-service event (:SESSION-UP 10 1024 1048576 NIL)",
            "TCPCL bp-service aux (:SEND :XFER-SEGMENT 356)",
            "TCPCL bp-service event (:OUTBOUND-SENT 0 \"bp-service\")",
            "TCPCL bp-service accepted outbound xfer=0",
            "TCPCL bp-service aux (:SEND :SESS-TERM 3)",
            "TCPCL bp-service event (:PEER-TERMINATING 0)",
            "TCPCL bp-service event (:CLOSE)",
            "BP transport work=bp-receipt:receipt:work-bp-node:0 status=forwarded",
            "BP NODE LISTENING 37295"
          ],
          "sha256_16": "c5cf71332af865e4"
        }
      },
      "outcome": "receipt-accepted",
      "step": "4 B's receipt carried back and matched at A",
      "tick_outcome": "no-tick"
    }
  ],
  "topology": [
    "fn-a",
    "fn-b"
  ]
}
