test_acl2_namespace_codec_rejects_alias_overflow_and_excess (tests.test_native_checkpoint.NativeCheckpointTests.test_acl2_namespace_codec_rejects_alias_overflow_and_excess) ... ok
test_active_reader_blocks_pack_reclaim_and_reopen_keeps_archive_pin (tests.test_native_checkpoint.NativeCheckpointTests.test_active_reader_blocks_pack_reclaim_and_reopen_keeps_archive_pin) ... ok
test_arbitrary_covered_deletion_image_recovers_and_resumes (tests.test_native_checkpoint.NativeCheckpointTests.test_arbitrary_covered_deletion_image_recovers_and_resumes) ... ok
test_clone_refuses_canonical_parent_alias_above_path_bound (tests.test_native_checkpoint.NativeCheckpointTests.test_clone_refuses_canonical_parent_alias_above_path_bound) ... skipped 'run only against a combined E2/checkpoint developer image'
test_clone_reopens_historical_authorship_verdict (tests.test_native_checkpoint.NativeCheckpointTests.test_clone_reopens_historical_authorship_verdict) ... skipped 'run only against a combined E2/T10/checkpoint developer image'
test_corrupt_unselected_generation_is_invisible (tests.test_native_checkpoint.NativeCheckpointTests.test_corrupt_unselected_generation_is_invisible) ... ok
test_death_after_each_covered_unlink_preserves_exact_suffix_and_resumes (tests.test_native_checkpoint.NativeCheckpointTests.test_death_after_each_covered_unlink_preserves_exact_suffix_and_resumes) ... ok
test_differential_mismatch_is_always_corruption (tests.test_native_checkpoint.NativeCheckpointTests.test_differential_mismatch_is_always_corruption) ... ok
test_fenced_clone_rollover_after_selected_pack_reclaim (tests.test_native_checkpoint.NativeCheckpointTests.test_fenced_clone_rollover_after_selected_pack_reclaim) ... skipped 'run only against a combined E2/checkpoint developer image'
test_known_and_ambiguous_failures_keep_distinct_exit_codes (tests.test_native_checkpoint.NativeCheckpointTests.test_known_and_ambiguous_failures_keep_distinct_exit_codes) ... ok
test_missing_retained_suffix_gap_fails_closed_without_reclamation (tests.test_native_checkpoint.NativeCheckpointTests.test_missing_retained_suffix_gap_fails_closed_without_reclamation) ... ok
test_native_and_python_frames_cross_open_byte_identically (tests.test_native_checkpoint.NativeCheckpointTests.test_native_and_python_frames_cross_open_byte_identically) ... ok
test_pack_generation_retirement_death_reopens_and_retries (tests.test_native_checkpoint.NativeCheckpointTests.test_pack_generation_retirement_death_reopens_and_retries) ... ok
test_pack_prefix_reclaim_process_death_recovers_from_selected_pack (tests.test_native_checkpoint.NativeCheckpointTests.test_pack_prefix_reclaim_process_death_recovers_from_selected_pack) ... ok
test_partial_multi_file_prefix_reclaim_resumes_from_selected_pack (tests.test_native_checkpoint.NativeCheckpointTests.test_partial_multi_file_prefix_reclaim_resumes_from_selected_pack) ... ok
test_process_death_at_every_native_checkpoint_cut_reopens (tests.test_native_checkpoint.NativeCheckpointTests.test_process_death_at_every_native_checkpoint_cut_reopens) ... ok
test_process_death_at_every_selection_cut_preserves_event_bytes (tests.test_native_checkpoint.NativeCheckpointTests.test_process_death_at_every_selection_cut_preserves_event_bytes) ... ok
test_reclaim_cuts_keep_served_view_and_next_number (tests.test_native_checkpoint.NativeCheckpointTests.test_reclaim_cuts_keep_served_view_and_next_number) ... ok
test_reclaim_keeps_served_view_watermarks_and_next_number (tests.test_native_checkpoint.NativeCheckpointTests.test_reclaim_keeps_served_view_watermarks_and_next_number) ... ok
test_retiring_old_pack_generations_keeps_exact_retained_sources (tests.test_native_checkpoint.NativeCheckpointTests.test_retiring_old_pack_generations_keeps_exact_retained_sources) ... ok
test_selected_corruption_is_reported_without_rollback_or_lost_replay (tests.test_native_checkpoint.NativeCheckpointTests.test_selected_corruption_is_reported_without_rollback_or_lost_replay) ... ok
test_selected_lossless_pack_splices_before_generic_replay (tests.test_native_checkpoint.NativeCheckpointTests.test_selected_lossless_pack_splices_before_generic_replay) ... ok
test_selected_pack_missing_or_corrupt_fails_closed (tests.test_native_checkpoint.NativeCheckpointTests.test_selected_pack_missing_or_corrupt_fails_closed) ... ok
test_selected_pack_reclaims_physical_prefix_and_replays_suffix (tests.test_native_checkpoint.NativeCheckpointTests.test_selected_pack_reclaims_physical_prefix_and_replays_suffix) ... ok
test_surviving_covered_transaction_conflict_fails_closed (tests.test_native_checkpoint.NativeCheckpointTests.test_surviving_covered_transaction_conflict_fails_closed) ... ok
test_actual_reclaim_calls_logical_plan_subject (tests.test_native_compaction_crash_map.NativeCompactionCrashMapTests.test_actual_reclaim_calls_logical_plan_subject) ... ok
test_each_native_cut_is_a_model_program_cut (tests.test_native_compaction_crash_map.NativeCompactionCrashMapTests.test_each_native_cut_is_a_model_program_cut) ... ok
test_recovery_calls_exact_observation_subject (tests.test_native_compaction_crash_map.NativeCompactionCrashMapTests.test_recovery_calls_exact_observation_subject) ... ok
test_saved_image_loads_reclaim_plan_definition (tests.test_native_compaction_crash_map.NativeCompactionCrashMapTests.test_saved_image_loads_reclaim_plan_definition) ... ok
test_checkpoint_cuts_match_native_and_reclaim_program (tests.test_native_cut_map.NativeCutMapTests.test_checkpoint_cuts_match_native_and_reclaim_program) ... ok
test_every_declared_native_cut_is_a_model_program_cut (tests.test_native_cut_map.NativeCutMapTests.test_every_declared_native_cut_is_a_model_program_cut) ... ok
test_outcomes_remain_explicit (tests.test_native_cut_map.NativeCutMapTests.test_outcomes_remain_explicit) ... ok
test_every_cut_reopens_with_the_old_or_the_new_profile (tests.test_native_profile_upgrade.ProfileUpgradeCutTests.test_every_cut_reopens_with_the_old_or_the_new_profile) ... ok
test_the_verb_is_acl2s_and_the_host_writes_the_program (tests.test_native_profile_upgrade.ProfileUpgradeSourceTests.test_the_verb_is_acl2s_and_the_host_writes_the_program) ... ok
test_a_running_owner_refuses_the_upgrade (tests.test_native_profile_upgrade.ProfileUpgradeTests.test_a_running_owner_refuses_the_upgrade) ... ok
test_same_profile_and_downgrade_write_nothing (tests.test_native_profile_upgrade.ProfileUpgradeTests.test_same_profile_and_downgrade_write_nothing) ... ok
test_three_articles_then_scale_then_the_next_post (tests.test_native_profile_upgrade.ProfileUpgradeTests.test_three_articles_then_scale_then_the_next_post) ... ok
test_fresh_v2_anchor_refuses_legacy_reopen (tests.test_native_topic_local.NativeTopicLocalTest.test_fresh_v2_anchor_refuses_legacy_reopen) ... skipped 'requires a source-matched topic saved image'
test_install_is_durable_and_absent_source_refuses (tests.test_native_topic_local.NativeTopicLocalTest.test_install_is_durable_and_absent_source_refuses) ... skipped 'requires a source-matched topic saved image'
test_root_and_report_admit_from_historical_signed_sources (tests.test_native_topic_local.NativeTopicLocalTest.test_root_and_report_admit_from_historical_signed_sources) ... skipped 'requires a source-matched topic saved image'
test_v1_history_reopens_under_v2 (tests.test_native_topic_local.NativeTopicLocalTest.test_v1_history_reopens_under_v2) ... skipped 'requires a source-matched topic saved image'

----------------------------------------------------------------------
Ran 41 tests in 54.409s

OK (skipped=7)
profile cuts: [(('profile-created', 'eio', 'operator'), 128), (('profile-created', 'eio', 'store'), 128), (('profile-created', 'kill', 'operator'), 128), (('profile-created', 'kill', 'store'), 128), (('profile-durable', 'eio', 'operator'), 4096), (('profile-durable', 'eio', 'store'), 4096), (('profile-durable', 'kill', 'operator'), 4096), (('profile-durable', 'kill', 'store'), 4096), (('profile-replaced', 'eio', 'operator'), 4096), (('profile-replaced', 'eio', 'store'), 4096), (('profile-replaced', 'kill', 'operator'), 4096), (('profile-replaced', 'kill', 'store'), 4096), (('profile-staged-durable', 'eio', 'operator'), 128), (('profile-staged-durable', 'eio', 'store'), 128), (('profile-staged-durable', 'kill', 'operator'), 128), (('profile-staged-durable', 'kill', 'store'), 128), (('profile-written', 'eio', 'operator'), 128), (('profile-written', 'eio', 'store'), 128), (('profile-written', 'kill', 'operator'), 128), (('profile-written', 'kill', 'store'), 128)]
