test_bare_init_is_the_default_profile (tests.test_native_operator_verbs.NativeOperatorCapacityTests.test_bare_init_is_the_default_profile) ... ok
test_init_refuses_a_profile_by_the_relation_it_breaks (tests.test_native_operator_verbs.NativeOperatorCapacityTests.test_init_refuses_a_profile_by_the_relation_it_breaks) ... ok
test_init_writes_the_operators_fields_and_status_prints_them (tests.test_native_operator_verbs.NativeOperatorCapacityTests.test_init_writes_the_operators_fields_and_status_prints_them) ... ok
test_the_development_profile_budget_is_reported_and_refused_by_name (tests.test_native_operator_verbs.NativeOperatorCapacityTests.test_the_development_profile_budget_is_reported_and_refused_by_name) ... ok
test_the_scale_profile_is_reachable_from_init (tests.test_native_operator_verbs.NativeOperatorCapacityTests.test_the_scale_profile_is_reachable_from_init) ... ok
test_a_locked_store_is_refused_without_the_lock_being_touched (tests.test_native_operator_verbs.NativeOperatorInitTests.test_a_locked_store_is_refused_without_the_lock_being_touched) ... ok
test_help_names_init (tests.test_native_operator_verbs.NativeOperatorInitTests.test_help_names_init) ... ok
test_init_creates_the_configured_store_and_then_refuses_it (tests.test_native_operator_verbs.NativeOperatorInitTests.test_init_creates_the_configured_store_and_then_refuses_it) ... ok
test_init_without_a_group_is_usage_and_writes_nothing (tests.test_native_operator_verbs.NativeOperatorInitTests.test_init_without_a_group_is_usage_and_writes_nothing) ... ok
test_an_added_peer_reads_back_in_the_grammar_that_wrote_it (tests.test_native_operator_verbs.NativeOperatorPeerListTests.test_an_added_peer_reads_back_in_the_grammar_that_wrote_it) ... ok
test_listing_a_locked_store_refuses_and_publishes_nothing (tests.test_native_operator_verbs.NativeOperatorPeerListTests.test_listing_a_locked_store_refuses_and_publishes_nothing) ... ok
test_peer_list_takes_no_argument (tests.test_native_operator_verbs.NativeOperatorPeerListTests.test_peer_list_takes_no_argument) ... ok
test_the_d23_rows_are_listed_one_word_per_row (tests.test_native_operator_verbs.NativeOperatorPeerListTests.test_the_d23_rows_are_listed_one_word_per_row) ... ok
test_reserved_names_are_refused_by_acl2_at_init_and_create (tests.test_native_operator_verbs.NativeOperatorReservedGroupSourceTests.test_reserved_names_are_refused_by_acl2_at_init_and_create) ... ok
test_group_create_poster_is_refused_and_publishes_nothing (tests.test_native_operator_verbs.NativeOperatorReservedGroupTests.test_group_create_poster_is_refused_and_publishes_nothing) ... ok
test_init_of_a_reserved_name_is_refused_and_writes_nothing (tests.test_native_operator_verbs.NativeOperatorReservedGroupTests.test_init_of_a_reserved_name_is_refused_and_writes_nothing) ... ok
test_a_lost_durable_outcome_exits_three_and_recover_resolves_it (tests.test_native_operator_verbs.NativeOperatorUncertainOutcomeTests.test_a_lost_durable_outcome_exits_three_and_recover_resolves_it) ... ok
test_the_production_image_refuses_the_selector (tests.test_native_operator_verbs.NativeOperatorUncertainOutcomeTests.test_the_production_image_refuses_the_selector) ... ok
test_init_outcome_is_acl2s_and_the_host_only_observes (tests.test_native_operator_verbs.NativeOperatorVerbCompositionTests.test_init_outcome_is_acl2s_and_the_host_only_observes) ... ok
test_peer_list_is_a_query_and_the_host_asks_acl2_which (tests.test_native_operator_verbs.NativeOperatorVerbCompositionTests.test_peer_list_is_a_query_and_the_host_asks_acl2_which) ... FAIL
test_the_uncertain_word_is_acl2s_control_vocabulary (tests.test_native_operator_verbs.NativeOperatorVerbCompositionTests.test_the_uncertain_word_is_acl2s_control_vocabulary) ... ok
test_uncertain_fault_is_gated_on_the_saved_image_profile (tests.test_native_operator_verbs.NativeOperatorVerbCompositionTests.test_uncertain_fault_is_gated_on_the_saved_image_profile) ... ok

======================================================================
FAIL: test_peer_list_is_a_query_and_the_host_asks_acl2_which (tests.test_native_operator_verbs.NativeOperatorVerbCompositionTests.test_peer_list_is_a_query_and_the_host_asks_acl2_which)
----------------------------------------------------------------------
Traceback (most recent call last):
  File "/tank/fn/scratch/caps-to-profile-2/native-after2/tree/tests/test_native_operator_verbs.py", line 93, in test_peer_list_is_a_query_and_the_host_asks_acl2_which
    self.assertIn("(fn-native-admin-peer-report (fn-cfg-peers value))",
AssertionError: '(fn-native-admin-peer-report (fn-cfg-peers value))' not found in '(defun fn-native-admin-query-report (plan value)\n  (declare (xargs :guard t))\n  (cond ((equal (fn-native-admin-result-kind plan) :list-control)\n         (fn-native-admin-control-report (fn-cfg-authorities value)))\n        (t (fn-native-admin-peer-budget-report (fn-cfg-peers value)))))\n\n'

----------------------------------------------------------------------
Ran 22 tests in 10.478s

FAILED (failures=1)
FN_TEST_BUDGET_RESULT {"module": "tests.test_native_operator_verbs", "tests": 22, "failures": 1, "errors": 0, "skipped": 0, "executed": 22, "skips": [], "timings": [["tests.test_native_operator_verbs.NativeOperatorCapacityTests.test_bare_init_is_the_default_profile", 0.417], ["tests.test_native_operator_verbs.NativeOperatorCapacityTests.test_init_refuses_a_profile_by_the_relation_it_breaks", 0.192], ["tests.test_native_operator_verbs.NativeOperatorCapacityTests.test_init_writes_the_operators_fields_and_status_prints_them", 0.294], ["tests.test_native_operator_verbs.NativeOperatorCapacityTests.test_the_development_profile_budget_is_reported_and_refused_by_name", 2.67], ["tests.test_native_operator_verbs.NativeOperatorCapacityTests.test_the_scale_profile_is_reachable_from_init", 0.327], ["tests.test_native_operator_verbs.NativeOperatorInitTests.test_a_locked_store_is_refused_without_the_lock_being_touched", 0.286], ["tests.test_native_operator_verbs.NativeOperatorInitTests.test_help_names_init", 0.079], ["tests.test_native_operator_verbs.NativeOperatorInitTests.test_init_creates_the_configured_store_and_then_refuses_it", 0.271], ["tests.test_native_operator_verbs.NativeOperatorInitTests.test_init_without_a_group_is_usage_and_writes_nothing", 0.285], ["tests.test_native_operator_verbs.NativeOperatorPeerListTests.test_an_added_peer_reads_back_in_the_grammar_that_wrote_it", 0.556], ["tests.test_native_operator_verbs.NativeOperatorPeerListTests.test_listing_a_locked_store_refuses_and_publishes_nothing", 0.294], ["tests.test_native_operator_verbs.NativeOperatorPeerListTests.test_peer_list_takes_no_argument", 0.186], ["tests.test_native_operator_verbs.NativeOperatorPeerListTests.test_the_d23_rows_are_listed_one_word_per_row", 0.423], ["tests.test_native_operator_verbs.NativeOperatorReservedGroupSourceTests.test_reserved_names_are_refused_by_acl2_at_init_and_create", 0.003], ["tests.test_native_operator_verbs.NativeOperatorReservedGroupTests.test_group_create_poster_is_refused_and_publishes_nothing", 0.316], ["tests.test_native_operator_verbs.NativeOperatorReservedGroupTests.test_init_of_a_reserved_name_is_refused_and_writes_nothing", 0.195], ["tests.test_native_operator_verbs.NativeOperatorUncertainOutcomeTests.test_a_lost_durable_outcome_exits_three_and_recover_resolves_it", 2.402], ["tests.test_native_operator_verbs.NativeOperatorUncertainOutcomeTests.test_the_production_image_refuses_the_selector", 1.279], ["tests.test_native_operator_verbs.NativeOperatorVerbCompositionTests.test_init_outcome_is_acl2s_and_the_host_only_observes", 0.001], ["tests.test_native_operator_verbs.NativeOperatorVerbCompositionTests.test_peer_list_is_a_query_and_the_host_asks_acl2_which", 0.001], ["tests.test_native_operator_verbs.NativeOperatorVerbCompositionTests.test_the_uncertain_word_is_acl2s_control_vocabulary", 0.001], ["tests.test_native_operator_verbs.NativeOperatorVerbCompositionTests.test_uncertain_fault_is_gated_on_the_saved_image_profile", 0.001]]}
