profile default articles 120 payload 2048 load_s 1.204 last_q_median_ms 1.473 rss_kib 391440 slope_kib 200.5 counts_per_post {'fn-octets$c-list': 1.0, 'fn-owner-chunk': 6.0, 'fn-owner-existing-action-buffer': 1.0, 'fn-owner-prepare-buffer': 1.0, 'fn-pbb-existing-action': 2.0, 'fn-sha256-of-prefixed-buffer': 1.0, 'fn-sha256-stobj': 6.0, 'fn-shb-subject-id': 1.0, 'fnn-frame': 1.0, 'fnn-metadata-buffer': 1.0, 'fnn-obligation-id': 1.0, 'fnn-octet-list': 24.0, 'fnn-octets-fill': 1.0, 'fnn-owner-attempt': 1.0, 'fnn-owner-handle-chunk': 6.0, 'fnn-subject-id-buffer': 1.0, 'fnn-trailer': 1.0} error None
profile default articles 120 payload 32768 load_s 3.227 last_q_median_ms 17.196 rss_kib 470456 slope_kib 715.7 counts_per_post None error None
profile default articles 120 payload 2048 load_s 0.2 last_q_median_ms 1.471 rss_kib 391120 slope_kib 215.5 counts_per_post None error None
Traceback (most recent call last):
  File "/tank/fn/scratch/rep-wave-c/load_prof.py", line 81, in <module>
    post(i)
  File "/tank/fn/scratch/rep-wave-c/load_prof.py", line 76, in post
    r = c.readline()
        ^^^^^^^^^^^^
  File "/tank/fn/scratch/rep-wave-c/base-tree/tools/msgid_measure.py", line 85, in readline
    return self.stream.readline()
           ^^^^^^^^^^^^^^^^^^^^^^
  File "/usr/lib/python3.12/socket.py", line 720, in readinto
    return self._sock.recv_into(b)
           ^^^^^^^^^^^^^^^^^^^^^^^
TimeoutError: timed out
profile default articles 120 payload 32768 load_s 2.155 last_q_median_ms 16.773 rss_kib 469044 slope_kib 704.0 counts_per_post None error None
Traceback (most recent call last):
  File "/tank/fn/scratch/rep-wave-c/load_prof.py", line 81, in <module>
    post(i)
  File "/tank/fn/scratch/rep-wave-c/load_prof.py", line 76, in post
    r = c.readline()
        ^^^^^^^^^^^^
  File "/tank/fn/scratch/rep-wave-c/base-tree/tools/msgid_measure.py", line 85, in readline
    return self.stream.readline()
           ^^^^^^^^^^^^^^^^^^^^^^
  File "/usr/lib/python3.12/socket.py", line 720, in readinto
    return self._sock.recv_into(b)
           ^^^^^^^^^^^^^^^^^^^^^^^
TimeoutError: timed out
 08:11:13 up 71 days, 13:55, 57 users,  load average: 3.14, 3.29, 3.48
