memo cert rc=0 Certification evidence: build/acl2/certify-20260925T172457Z-3517286
memo build rc=1 profile=default image=build/fn-host result=no complete current artifact set passed an ACL2 load rejected=0
0
after r4 n=120 o=32768 rc=0
{"image": "/tank/fn/scratch/spike-representation/after-tree/build/fn-host-developer", "launcher_sha256": "20bb3cced29977fe7d46a4a0286e549f8857e21b7f7181134bf68aa1905e3aaa", "core_sha256": "24029eaf99d8cf3192c0560359e5411e5bb253e1f71ed804f58b567d83a084b8", "articles": 120, "octets": 32768, "article0_octets": 32759, "samples": 16, "port": 58183, "init": "init --profile default --max-article-octets 65536 fn.test", "first_open_seconds": 0.06057114992290735, "load_seconds": 2.843798781745136, "rss_after_load_kib": 454536, "group_reply": "211 120 1 120 fn.test", "article_octets_read": 525422, "rss_after_reads_kib": 467400}
post_all median 22.881 ms  p95 26.685 ms  max 33.572 ms
post_first_quarter median 22.894 ms  p95 27.589 ms  max 33.572 ms
post_last_quarter median 22.910 ms  p95 25.187 ms  max 26.417 ms
stat_present median 0.102 ms  p95 0.109 ms  max 0.116 ms
article_present median 33.510 ms  p95 35.825 ms  max 43.095 ms
over_present median 1.496 ms  p95 1.685 ms  max 1.691 ms
memo r4 n=120 o=32768 rc=0
{"image": "/tank/fn/scratch/spike-representation/memo-tree/build/fn-host-developer", "launcher_sha256": "20bb3cced29977fe7d46a4a0286e549f8857e21b7f7181134bf68aa1905e3aaa", "core_sha256": "24029eaf99d8cf3192c0560359e5411e5bb253e1f71ed804f58b567d83a084b8", "articles": 120, "octets": 32768, "article0_octets": 32759, "samples": 16, "port": 48859, "init": "init --profile default --max-article-octets 65536 fn.test", "first_open_seconds": 0.06589276995509863, "load_seconds": 2.6888124588876963, "rss_after_load_kib": 454348, "group_reply": "211 120 1 120 fn.test", "article_octets_read": 525422, "rss_after_reads_kib": 461068}
post_all median 21.559 ms  p95 25.803 ms  max 33.749 ms
post_first_quarter median 21.547 ms  p95 26.193 ms  max 33.749 ms
post_last_quarter median 21.541 ms  p95 24.327 ms  max 25.047 ms
stat_present median 0.099 ms  p95 0.221 ms  max 0.337 ms
article_present median 33.577 ms  p95 35.244 ms  max 37.804 ms
over_present median 1.596 ms  p95 1.656 ms  max 1.693 ms
after r4 n=120 o=2048 rc=0
{"image": "/tank/fn/scratch/spike-representation/after-tree/build/fn-host-developer", "launcher_sha256": "20bb3cced29977fe7d46a4a0286e549f8857e21b7f7181134bf68aa1905e3aaa", "core_sha256": "24029eaf99d8cf3192c0560359e5411e5bb253e1f71ed804f58b567d83a084b8", "articles": 120, "octets": 2048, "article0_octets": 2027, "samples": 16, "port": 44595, "init": "init --profile default --max-article-octets 65536 fn.test", "first_open_seconds": 0.061481830663979053, "load_seconds": 0.24298951402306557, "rss_after_load_kib": 387332, "group_reply": "211 120 1 120 fn.test", "article_octets_read": 33710, "rss_after_reads_kib": 387524}
post_all median 1.889 ms  p95 2.383 ms  max 4.281 ms
post_first_quarter median 2.273 ms  p95 2.406 ms  max 2.724 ms
post_last_quarter median 1.837 ms  p95 1.894 ms  max 1.967 ms
stat_present median 0.159 ms  p95 0.165 ms  max 0.168 ms
article_present median 2.469 ms  p95 2.843 ms  max 4.031 ms
over_present median 0.499 ms  p95 0.545 ms  max 0.560 ms
memo r4 n=120 o=2048 rc=0
{"image": "/tank/fn/scratch/spike-representation/memo-tree/build/fn-host-developer", "launcher_sha256": "20bb3cced29977fe7d46a4a0286e549f8857e21b7f7181134bf68aa1905e3aaa", "core_sha256": "24029eaf99d8cf3192c0560359e5411e5bb253e1f71ed804f58b567d83a084b8", "articles": 120, "octets": 2048, "article0_octets": 2027, "samples": 16, "port": 35535, "init": "init --profile default --max-article-octets 65536 fn.test", "first_open_seconds": 0.06077302433550358, "load_seconds": 0.24014667235314846, "rss_after_load_kib": 387576, "group_reply": "211 120 1 120 fn.test", "article_octets_read": 33710, "rss_after_reads_kib": 387768}
post_all median 1.852 ms  p95 2.270 ms  max 4.305 ms
post_first_quarter median 2.188 ms  p95 2.284 ms  max 3.534 ms
post_last_quarter median 1.809 ms  p95 1.856 ms  max 1.889 ms
stat_present median 0.084 ms  p95 0.158 ms  max 0.191 ms
article_present median 2.298 ms  p95 2.317 ms  max 2.345 ms
over_present median 0.287 ms  p95 0.333 ms  max 0.339 ms
after r5 n=120 o=32768 rc=0
{"image": "/tank/fn/scratch/spike-representation/after-tree/build/fn-host-developer", "launcher_sha256": "20bb3cced29977fe7d46a4a0286e549f8857e21b7f7181134bf68aa1905e3aaa", "core_sha256": "24029eaf99d8cf3192c0560359e5411e5bb253e1f71ed804f58b567d83a084b8", "articles": 120, "octets": 32768, "article0_octets": 32759, "samples": 16, "port": 48259, "init": "init --profile default --max-article-octets 65536 fn.test", "first_open_seconds": 0.06161991972476244, "load_seconds": 2.747350748628378, "rss_after_load_kib": 454592, "group_reply": "211 120 1 120 fn.test", "article_octets_read": 525422, "rss_after_reads_kib": 461312}
post_all median 22.295 ms  p95 25.956 ms  max 34.079 ms
post_first_quarter median 22.081 ms  p95 26.410 ms  max 34.079 ms
post_last_quarter median 22.756 ms  p95 25.323 ms  max 26.433 ms
stat_present median 0.085 ms  p95 0.174 ms  max 0.180 ms
article_present median 33.997 ms  p95 35.562 ms  max 38.750 ms
over_present median 1.584 ms  p95 1.747 ms  max 1.754 ms
memo r5 n=120 o=32768 rc=0
{"image": "/tank/fn/scratch/spike-representation/memo-tree/build/fn-host-developer", "launcher_sha256": "20bb3cced29977fe7d46a4a0286e549f8857e21b7f7181134bf68aa1905e3aaa", "core_sha256": "24029eaf99d8cf3192c0560359e5411e5bb253e1f71ed804f58b567d83a084b8", "articles": 120, "octets": 32768, "article0_octets": 32759, "samples": 16, "port": 53515, "init": "init --profile default --max-article-octets 65536 fn.test", "first_open_seconds": 0.06261112447828054, "load_seconds": 2.818467882461846, "rss_after_load_kib": 454440, "group_reply": "211 120 1 120 fn.test", "article_octets_read": 525422, "rss_after_reads_kib": 461544}
post_all median 22.709 ms  p95 26.548 ms  max 34.194 ms
post_first_quarter median 22.980 ms  p95 28.247 ms  max 34.194 ms
post_last_quarter median 22.737 ms  p95 25.970 ms  max 27.653 ms
stat_present median 0.083 ms  p95 0.165 ms  max 0.168 ms
article_present median 33.484 ms  p95 34.815 ms  max 37.441 ms
over_present median 1.387 ms  p95 1.489 ms  max 1.576 ms
after r5 n=120 o=2048 rc=0
{"image": "/tank/fn/scratch/spike-representation/after-tree/build/fn-host-developer", "launcher_sha256": "20bb3cced29977fe7d46a4a0286e549f8857e21b7f7181134bf68aa1905e3aaa", "core_sha256": "24029eaf99d8cf3192c0560359e5411e5bb253e1f71ed804f58b567d83a084b8", "articles": 120, "octets": 2048, "article0_octets": 2027, "samples": 16, "port": 44755, "init": "init --profile default --max-article-octets 65536 fn.test", "first_open_seconds": 0.062442466616630554, "load_seconds": 0.24036912340670824, "rss_after_load_kib": 387292, "group_reply": "211 120 1 120 fn.test", "article_octets_read": 33710, "rss_after_reads_kib": 387484}
post_all median 1.827 ms  p95 2.340 ms  max 4.323 ms
post_first_quarter median 2.187 ms  p95 2.464 ms  max 3.527 ms
post_last_quarter median 1.802 ms  p95 1.864 ms  max 1.941 ms
stat_present median 0.169 ms  p95 0.254 ms  max 0.268 ms
article_present median 2.469 ms  p95 2.610 ms  max 3.058 ms
over_present median 0.296 ms  p95 0.501 ms  max 0.532 ms
memo r5 n=120 o=2048 rc=0
{"image": "/tank/fn/scratch/spike-representation/memo-tree/build/fn-host-developer", "launcher_sha256": "20bb3cced29977fe7d46a4a0286e549f8857e21b7f7181134bf68aa1905e3aaa", "core_sha256": "24029eaf99d8cf3192c0560359e5411e5bb253e1f71ed804f58b567d83a084b8", "articles": 120, "octets": 2048, "article0_octets": 2027, "samples": 16, "port": 51797, "init": "init --profile default --max-article-octets 65536 fn.test", "first_open_seconds": 0.062167477793991566, "load_seconds": 0.23489220906049013, "rss_after_load_kib": 387440, "group_reply": "211 120 1 120 fn.test", "article_octets_read": 33710, "rss_after_reads_kib": 387824}
post_all median 1.808 ms  p95 2.207 ms  max 4.423 ms
post_first_quarter median 2.143 ms  p95 2.207 ms  max 3.490 ms
post_last_quarter median 1.773 ms  p95 1.818 ms  max 1.846 ms
stat_present median 0.116 ms  p95 0.146 ms  max 0.205 ms
article_present median 2.303 ms  p95 2.353 ms  max 2.481 ms
over_present median 0.292 ms  p95 0.394 ms  max 0.396 ms
after r6 n=120 o=32768 rc=0
{"image": "/tank/fn/scratch/spike-representation/after-tree/build/fn-host-developer", "launcher_sha256": "20bb3cced29977fe7d46a4a0286e549f8857e21b7f7181134bf68aa1905e3aaa", "core_sha256": "24029eaf99d8cf3192c0560359e5411e5bb253e1f71ed804f58b567d83a084b8", "articles": 120, "octets": 32768, "article0_octets": 32759, "samples": 16, "port": 36525, "init": "init --profile default --max-article-octets 65536 fn.test", "first_open_seconds": 0.061731886118650436, "load_seconds": 2.7266186643391848, "rss_after_load_kib": 454368, "group_reply": "211 120 1 120 fn.test", "article_octets_read": 525422, "rss_after_reads_kib": 461280}
post_all median 21.692 ms  p95 26.928 ms  max 33.828 ms
post_first_quarter median 22.974 ms  p95 28.423 ms  max 33.828 ms
post_last_quarter median 21.526 ms  p95 24.478 ms  max 24.988 ms
stat_present median 0.085 ms  p95 0.174 ms  max 0.174 ms
article_present median 33.901 ms  p95 35.826 ms  max 38.565 ms
over_present median 1.589 ms  p95 1.661 ms  max 1.692 ms
memo r6 n=120 o=32768 rc=0
{"image": "/tank/fn/scratch/spike-representation/memo-tree/build/fn-host-developer", "launcher_sha256": "20bb3cced29977fe7d46a4a0286e549f8857e21b7f7181134bf68aa1905e3aaa", "core_sha256": "24029eaf99d8cf3192c0560359e5411e5bb253e1f71ed804f58b567d83a084b8", "articles": 120, "octets": 32768, "article0_octets": 32759, "samples": 16, "port": 55645, "init": "init --profile default --max-article-octets 65536 fn.test", "first_open_seconds": 0.06229720264673233, "load_seconds": 2.857672981917858, "rss_after_load_kib": 454004, "group_reply": "211 120 1 120 fn.test", "article_octets_read": 525422, "rss_after_reads_kib": 460916}
post_all median 22.813 ms  p95 28.181 ms  max 35.331 ms
post_first_quarter median 23.083 ms  p95 27.805 ms  max 35.331 ms
post_last_quarter median 22.634 ms  p95 25.457 ms  max 26.560 ms
stat_present median 0.081 ms  p95 0.086 ms  max 0.170 ms
article_present median 33.851 ms  p95 35.672 ms  max 38.230 ms
over_present median 1.581 ms  p95 1.696 ms  max 1.721 ms
after r6 n=120 o=2048 rc=0
{"image": "/tank/fn/scratch/spike-representation/after-tree/build/fn-host-developer", "launcher_sha256": "20bb3cced29977fe7d46a4a0286e549f8857e21b7f7181134bf68aa1905e3aaa", "core_sha256": "24029eaf99d8cf3192c0560359e5411e5bb253e1f71ed804f58b567d83a084b8", "articles": 120, "octets": 2048, "article0_octets": 2027, "samples": 16, "port": 57433, "init": "init --profile default --max-article-octets 65536 fn.test", "first_open_seconds": 0.06340336054563522, "load_seconds": 0.24061931483447552, "rss_after_load_kib": 387536, "group_reply": "211 120 1 120 fn.test", "article_octets_read": 33710, "rss_after_reads_kib": 387920}
post_all median 1.872 ms  p95 2.264 ms  max 4.659 ms
post_first_quarter median 2.180 ms  p95 2.384 ms  max 3.142 ms
post_last_quarter median 1.843 ms  p95 1.911 ms  max 1.937 ms
stat_present median 0.164 ms  p95 0.203 ms  max 0.235 ms
article_present median 2.307 ms  p95 2.374 ms  max 4.044 ms
over_present median 0.292 ms  p95 0.389 ms  max 0.405 ms
memo r6 n=120 o=2048 rc=0
{"image": "/tank/fn/scratch/spike-representation/memo-tree/build/fn-host-developer", "launcher_sha256": "20bb3cced29977fe7d46a4a0286e549f8857e21b7f7181134bf68aa1905e3aaa", "core_sha256": "24029eaf99d8cf3192c0560359e5411e5bb253e1f71ed804f58b567d83a084b8", "articles": 120, "octets": 2048, "article0_octets": 2027, "samples": 16, "port": 49343, "init": "init --profile default --max-article-octets 65536 fn.test", "first_open_seconds": 0.0640511866658926, "load_seconds": 0.24105462804436684, "rss_after_load_kib": 387200, "group_reply": "211 120 1 120 fn.test", "article_octets_read": 33710, "rss_after_reads_kib": 387392}
post_all median 1.847 ms  p95 2.257 ms  max 4.696 ms
post_first_quarter median 2.194 ms  p95 2.377 ms  max 3.453 ms
post_last_quarter median 1.820 ms  p95 1.848 ms  max 1.864 ms
stat_present median 0.159 ms  p95 0.175 ms  max 0.256 ms
article_present median 2.437 ms  p95 4.228 ms  max 4.287 ms
over_present median 0.300 ms  p95 0.440 ms  max 0.464 ms
MEMO-120-DONE
after r4 n=120 o=32768 rc=0 stats 48 seconds 1.1619569947943091 per_ms 24.20743739154811
memo r4 n=120 o=32768 rc=0 stats 48 seconds 1.1652387976646423 per_ms 24.27580828468005
after r5 n=120 o=32768 rc=0 stats 48 seconds 1.154746102169156 per_ms 24.05721046185742
memo r5 n=120 o=32768 rc=0 stats 48 seconds 1.1580038089305162 per_ms 24.125079352719087
MEMO-PROF-DONE
ROUNDS4-DONE
