base r1 n=120 o=2048 rc=0
{"image": "/tank/fn/scratch/spike-representation/base-tree/build/fn-host-developer", "launcher_sha256": "7b2c7b78a3ed803de38d0da3cf51bd91472ff5daddecdc4f84920e46726e6e63", "core_sha256": "1b1373ae80f8d1b5ba156992e6e4d19f8d7303693e82d5adb6ea5d06734d9c20", "articles": 120, "octets": 2048, "article0_octets": 2027, "samples": 16, "port": 54329, "init": "init --profile default --max-article-octets 65536 fn.test", "first_open_seconds": 0.1062235301360488, "load_seconds": 0.24563325382769108, "rss_after_load_kib": 390704, "rss_after_census_kib": 532920, "group_reply": "211 120 1 120 fn.test", "article_octets_read": 33710, "rss_after_reads_kib": 545592, "reopen_seconds": 1.5282757617533207, "rss_after_reopen_kib": 412176, "reopen_last_stat": "223 0 <t17-000119@example.invalid> retrieved"}
post_all median 1.879 ms  p95 2.498 ms  max 4.967 ms
post_first_quarter median 2.326 ms  p95 3.627 ms  max 4.967 ms
post_last_quarter median 1.890 ms  p95 1.961 ms  max 4.566 ms
stat_present median 0.181 ms  p95 0.196 ms  max 0.264 ms
article_present median 2.254 ms  p95 4.364 ms  max 4.408 ms
over_present median 0.338 ms  p95 0.402 ms  max 0.515 ms
after r1 n=120 o=2048 rc=0
{"image": "/tank/fn/scratch/spike-representation/after-tree/build/fn-host-developer", "launcher_sha256": "20bb3cced29977fe7d46a4a0286e549f8857e21b7f7181134bf68aa1905e3aaa", "core_sha256": "24029eaf99d8cf3192c0560359e5411e5bb253e1f71ed804f58b567d83a084b8", "articles": 120, "octets": 2048, "article0_octets": 2027, "samples": 16, "port": 46651, "init": "init --profile default --max-article-octets 65536 fn.test", "first_open_seconds": 0.10271303355693817, "load_seconds": 0.2323355870321393, "rss_after_load_kib": 393468, "rss_after_census_kib": 533456, "group_reply": "211 120 1 120 fn.test", "article_octets_read": 33710, "rss_after_reads_kib": 547280, "reopen_seconds": 1.5650842608883977, "rss_after_reopen_kib": 394124, "reopen_last_stat": "223 0 <t17-000119@example.invalid> retrieved"}
post_all median 1.795 ms  p95 2.311 ms  max 4.724 ms
post_first_quarter median 2.124 ms  p95 2.361 ms  max 4.724 ms
post_last_quarter median 1.792 ms  p95 1.854 ms  max 4.720 ms
stat_present median 0.094 ms  p95 0.206 ms  max 0.256 ms
article_present median 2.535 ms  p95 4.608 ms  max 4.656 ms
over_present median 0.426 ms  p95 0.646 ms  max 0.737 ms
base r1 n=120 o=32768 rc=0
{"image": "/tank/fn/scratch/spike-representation/base-tree/build/fn-host-developer", "launcher_sha256": "7b2c7b78a3ed803de38d0da3cf51bd91472ff5daddecdc4f84920e46726e6e63", "core_sha256": "1b1373ae80f8d1b5ba156992e6e4d19f8d7303693e82d5adb6ea5d06734d9c20", "articles": 120, "octets": 32768, "article0_octets": 32759, "samples": 16, "port": 50935, "init": "init --profile default --max-article-octets 65536 fn.test", "first_open_seconds": 0.1117084501311183, "load_seconds": 2.9987485222518444, "rss_after_load_kib": 472696, "rss_after_census_kib": 683628, "group_reply": "211 120 1 120 fn.test", "article_octets_read": 525422, "rss_after_reads_kib": 751404, "reopen_seconds": 9.191272820346057, "rss_after_reopen_kib": 708764, "reopen_last_stat": "223 0 <t17-000119@example.invalid> retrieved"}
post_all median 23.918 ms  p95 29.334 ms  max 36.180 ms
post_first_quarter median 24.074 ms  p95 29.990 ms  max 36.180 ms
post_last_quarter median 23.892 ms  p95 27.479 ms  max 28.140 ms
stat_present median 0.101 ms  p95 0.177 ms  max 0.232 ms
article_present median 34.911 ms  p95 35.736 ms  max 40.236 ms
over_present median 1.556 ms  p95 1.745 ms  max 1.766 ms
after r1 n=120 o=32768 rc=0
{"image": "/tank/fn/scratch/spike-representation/after-tree/build/fn-host-developer", "launcher_sha256": "20bb3cced29977fe7d46a4a0286e549f8857e21b7f7181134bf68aa1905e3aaa", "core_sha256": "24029eaf99d8cf3192c0560359e5411e5bb253e1f71ed804f58b567d83a084b8", "articles": 120, "octets": 32768, "article0_octets": 32759, "samples": 16, "port": 57877, "init": "init --profile default --max-article-octets 65536 fn.test", "first_open_seconds": 0.10144802089780569, "load_seconds": 2.7910304004326463, "rss_after_load_kib": 460492, "rss_after_census_kib": 684872, "group_reply": "211 120 1 120 fn.test", "article_octets_read": 525422, "rss_after_reads_kib": 752264, "reopen_seconds": 9.36335305031389, "rss_after_reopen_kib": 457460, "reopen_last_stat": "223 0 <t17-000119@example.invalid> retrieved"}
post_all median 22.439 ms  p95 26.520 ms  max 34.944 ms
post_first_quarter median 22.416 ms  p95 28.301 ms  max 34.944 ms
post_last_quarter median 22.450 ms  p95 25.641 ms  max 27.061 ms
stat_present median 0.093 ms  p95 0.115 ms  max 0.120 ms
article_present median 35.488 ms  p95 38.480 ms  max 41.127 ms
over_present median 1.576 ms  p95 1.661 ms  max 1.919 ms
base r2 n=120 o=2048 rc=0
{"image": "/tank/fn/scratch/spike-representation/base-tree/build/fn-host-developer", "launcher_sha256": "7b2c7b78a3ed803de38d0da3cf51bd91472ff5daddecdc4f84920e46726e6e63", "core_sha256": "1b1373ae80f8d1b5ba156992e6e4d19f8d7303693e82d5adb6ea5d06734d9c20", "articles": 120, "octets": 2048, "article0_octets": 2027, "samples": 16, "port": 37383, "init": "init --profile default --max-article-octets 65536 fn.test", "first_open_seconds": 0.10607828944921494, "load_seconds": 0.2528006313368678, "rss_after_load_kib": 390800, "rss_after_census_kib": 533024, "group_reply": "211 120 1 120 fn.test", "article_octets_read": 33710, "rss_after_reads_kib": 546080, "reopen_seconds": 1.5279057463631034, "rss_after_reopen_kib": 412388, "reopen_last_stat": "223 0 <t17-000119@example.invalid> retrieved"}
post_all median 1.926 ms  p95 3.126 ms  max 5.165 ms
post_first_quarter median 2.340 ms  p95 3.793 ms  max 5.165 ms
post_last_quarter median 1.946 ms  p95 2.020 ms  max 4.735 ms
stat_present median 0.182 ms  p95 0.190 ms  max 0.204 ms
article_present median 2.554 ms  p95 4.579 ms  max 4.605 ms
over_present median 0.496 ms  p95 0.588 ms  max 0.608 ms
after r2 n=120 o=2048 rc=0
{"image": "/tank/fn/scratch/spike-representation/after-tree/build/fn-host-developer", "launcher_sha256": "20bb3cced29977fe7d46a4a0286e549f8857e21b7f7181134bf68aa1905e3aaa", "core_sha256": "24029eaf99d8cf3192c0560359e5411e5bb253e1f71ed804f58b567d83a084b8", "articles": 120, "octets": 2048, "article0_octets": 2027, "samples": 16, "port": 56569, "init": "init --profile default --max-article-octets 65536 fn.test", "first_open_seconds": 0.10078766103833914, "load_seconds": 0.24174106493592262, "rss_after_load_kib": 392964, "rss_after_census_kib": 534124, "group_reply": "211 120 1 120 fn.test", "article_octets_read": 33710, "rss_after_reads_kib": 546412, "reopen_seconds": 1.5708935977891088, "rss_after_reopen_kib": 394580, "reopen_last_stat": "223 0 <t17-000119@example.invalid> retrieved"}
post_all median 1.840 ms  p95 2.394 ms  max 5.128 ms
post_first_quarter median 2.257 ms  p95 3.165 ms  max 5.128 ms
post_last_quarter median 1.846 ms  p95 2.084 ms  max 5.082 ms
stat_present median 0.089 ms  p95 0.094 ms  max 0.101 ms
article_present median 2.411 ms  p95 2.479 ms  max 2.579 ms
over_present median 0.337 ms  p95 0.437 ms  max 0.442 ms
base r2 n=120 o=32768 rc=0
{"image": "/tank/fn/scratch/spike-representation/base-tree/build/fn-host-developer", "launcher_sha256": "7b2c7b78a3ed803de38d0da3cf51bd91472ff5daddecdc4f84920e46726e6e63", "core_sha256": "1b1373ae80f8d1b5ba156992e6e4d19f8d7303693e82d5adb6ea5d06734d9c20", "articles": 120, "octets": 32768, "article0_octets": 32759, "samples": 16, "port": 49355, "init": "init --profile default --max-article-octets 65536 fn.test", "first_open_seconds": 0.10545512940734625, "load_seconds": 2.966009745374322, "rss_after_load_kib": 471848, "rss_after_census_kib": 684060, "group_reply": "211 120 1 120 fn.test", "article_octets_read": 525422, "rss_after_reads_kib": 751836, "reopen_seconds": 9.364456925541162, "rss_after_reopen_kib": 708484, "reopen_last_stat": "223 0 <t17-000119@example.invalid> retrieved"}
post_all median 23.698 ms  p95 27.406 ms  max 37.779 ms
post_first_quarter median 23.898 ms  p95 31.262 ms  max 37.779 ms
post_last_quarter median 23.639 ms  p95 26.952 ms  max 27.358 ms
stat_present median 0.109 ms  p95 0.255 ms  max 0.270 ms
article_present median 35.763 ms  p95 36.048 ms  max 41.153 ms
over_present median 1.390 ms  p95 1.430 ms  max 1.635 ms
after r2 n=120 o=32768 rc=0
{"image": "/tank/fn/scratch/spike-representation/after-tree/build/fn-host-developer", "launcher_sha256": "20bb3cced29977fe7d46a4a0286e549f8857e21b7f7181134bf68aa1905e3aaa", "core_sha256": "24029eaf99d8cf3192c0560359e5411e5bb253e1f71ed804f58b567d83a084b8", "articles": 120, "octets": 32768, "article0_octets": 32759, "samples": 16, "port": 53763, "init": "init --profile default --max-article-octets 65536 fn.test", "first_open_seconds": 0.1064115846529603, "load_seconds": 3.0589135996997356, "rss_after_load_kib": 460220, "rss_after_census_kib": 684388, "group_reply": "211 120 1 120 fn.test", "article_octets_read": 525422, "rss_after_reads_kib": 752164, "reopen_seconds": 9.838715797290206, "rss_after_reopen_kib": 457604, "reopen_last_stat": "223 0 <t17-000119@example.invalid> retrieved"}
post_all median 24.615 ms  p95 29.540 ms  max 34.576 ms
post_first_quarter median 23.842 ms  p95 31.554 ms  max 34.576 ms
post_last_quarter median 24.770 ms  p95 27.901 ms  max 29.525 ms
stat_present median 0.092 ms  p95 0.105 ms  max 0.120 ms
article_present median 36.415 ms  p95 37.083 ms  max 41.254 ms
over_present median 1.444 ms  p95 1.551 ms  max 1.639 ms
base r3 n=120 o=2048 rc=0
{"image": "/tank/fn/scratch/spike-representation/base-tree/build/fn-host-developer", "launcher_sha256": "7b2c7b78a3ed803de38d0da3cf51bd91472ff5daddecdc4f84920e46726e6e63", "core_sha256": "1b1373ae80f8d1b5ba156992e6e4d19f8d7303693e82d5adb6ea5d06734d9c20", "articles": 120, "octets": 2048, "article0_octets": 2027, "samples": 16, "port": 40907, "init": "init --profile default --max-article-octets 65536 fn.test", "first_open_seconds": 0.1068319957703352, "load_seconds": 0.2601154921576381, "rss_after_load_kib": 391080, "rss_after_census_kib": 533216, "group_reply": "211 120 1 120 fn.test", "article_octets_read": 33710, "rss_after_reads_kib": 546080, "reopen_seconds": 1.6576156187802553, "rss_after_reopen_kib": 412448, "reopen_last_stat": "223 0 <t17-000119@example.invalid> retrieved"}
post_all median 1.933 ms  p95 3.662 ms  max 5.397 ms
post_first_quarter median 2.481 ms  p95 3.744 ms  max 4.860 ms
post_last_quarter median 1.915 ms  p95 1.995 ms  max 5.397 ms
stat_present median 0.094 ms  p95 0.196 ms  max 0.280 ms
article_present median 2.508 ms  p95 2.606 ms  max 2.630 ms
over_present median 0.374 ms  p95 0.550 ms  max 0.553 ms
after r3 n=120 o=2048 rc=0
{"image": "/tank/fn/scratch/spike-representation/after-tree/build/fn-host-developer", "launcher_sha256": "20bb3cced29977fe7d46a4a0286e549f8857e21b7f7181134bf68aa1905e3aaa", "core_sha256": "24029eaf99d8cf3192c0560359e5411e5bb253e1f71ed804f58b567d83a084b8", "articles": 120, "octets": 2048, "article0_octets": 2027, "samples": 16, "port": 48269, "init": "init --profile default --max-article-octets 65536 fn.test", "first_open_seconds": 0.11076008901000023, "load_seconds": 0.2577065611258149, "rss_after_load_kib": 393348, "rss_after_census_kib": 533272, "group_reply": "211 120 1 120 fn.test", "article_octets_read": 33710, "rss_after_reads_kib": 546904, "reopen_seconds": 1.6858689924702048, "rss_after_reopen_kib": 394456, "reopen_last_stat": "223 0 <t17-000119@example.invalid> retrieved"}
post_all median 1.982 ms  p95 2.487 ms  max 5.155 ms
post_first_quarter median 2.324 ms  p95 3.684 ms  max 5.066 ms
post_last_quarter median 1.941 ms  p95 2.193 ms  max 5.155 ms
stat_present median 0.195 ms  p95 0.305 ms  max 0.311 ms
article_present median 2.567 ms  p95 2.662 ms  max 2.685 ms
over_present median 0.352 ms  p95 0.480 ms  max 0.486 ms
base r3 n=120 o=32768 rc=0
{"image": "/tank/fn/scratch/spike-representation/base-tree/build/fn-host-developer", "launcher_sha256": "7b2c7b78a3ed803de38d0da3cf51bd91472ff5daddecdc4f84920e46726e6e63", "core_sha256": "1b1373ae80f8d1b5ba156992e6e4d19f8d7303693e82d5adb6ea5d06734d9c20", "articles": 120, "octets": 32768, "article0_octets": 32759, "samples": 16, "port": 49053, "init": "init --profile default --max-article-octets 65536 fn.test", "first_open_seconds": 0.11162951681762934, "load_seconds": 5.01764483936131, "rss_after_load_kib": 473212, "rss_after_census_kib": 683912, "group_reply": "211 120 1 120 fn.test", "article_octets_read": 525422, "rss_after_reads_kib": 751496, "reopen_seconds": 12.40030949190259, "rss_after_reopen_kib": 708496, "reopen_last_stat": "223 0 <t17-000119@example.invalid> retrieved"}
post_all median 44.541 ms  p95 50.594 ms  max 53.924 ms
post_first_quarter median 30.344 ms  p95 44.821 ms  max 50.537 ms
post_last_quarter median 42.246 ms  p95 47.183 ms  max 49.089 ms
stat_present median 0.309 ms  p95 0.326 ms  max 0.342 ms
article_present median 88.900 ms  p95 96.918 ms  max 97.822 ms
over_present median 2.943 ms  p95 3.015 ms  max 3.101 ms
after r3 n=120 o=32768 rc=0
{"image": "/tank/fn/scratch/spike-representation/after-tree/build/fn-host-developer", "launcher_sha256": "20bb3cced29977fe7d46a4a0286e549f8857e21b7f7181134bf68aa1905e3aaa", "core_sha256": "24029eaf99d8cf3192c0560359e5411e5bb253e1f71ed804f58b567d83a084b8", "articles": 120, "octets": 32768, "article0_octets": 32759, "samples": 16, "port": 35001, "init": "init --profile default --max-article-octets 65536 fn.test", "first_open_seconds": 0.16483689658343792, "load_seconds": 5.114070033654571, "rss_after_load_kib": 460500, "rss_after_census_kib": 684868, "group_reply": "211 120 1 120 fn.test", "article_octets_read": 525422, "rss_after_reads_kib": 752836, "reopen_seconds": 13.62314883992076, "rss_after_reopen_kib": 457392, "reopen_last_stat": "223 0 <t17-000119@example.invalid> retrieved"}
post_all median 43.059 ms  p95 49.152 ms  max 57.306 ms
post_first_quarter median 39.557 ms  p95 51.063 ms  max 57.306 ms
post_last_quarter median 43.344 ms  p95 49.109 ms  max 52.058 ms
stat_present median 0.281 ms  p95 0.371 ms  max 0.389 ms
article_present median 93.445 ms  p95 95.381 ms  max 102.715 ms
over_present median 3.002 ms  p95 3.187 ms  max 3.319 ms
ROUNDS-120-DONE
base r1 n=10000 o=2048 rc=1
    proc, out["reopen_seconds"], stderr = start_owner(image, config, env, work / "owner-reopen.stderr")
after r1 n=10000 o=2048 rc=1
    proc, out["reopen_seconds"], stderr = start_owner(image, config, env, work / "owner-reopen.stderr")
base r1 n=10000 o=32768 rc=1
after r1 n=10000 o=32768 rc=1
base r2 n=10000 o=2048 rc=1
    proc, out["reopen_seconds"], stderr = start_owner(image, config, env, work / "owner-reopen.stderr")
after r2 n=10000 o=2048 rc=1
    proc, out["reopen_seconds"], stderr = start_owner(image, config, env, work / "owner-reopen.stderr")
base r2 n=10000 o=32768 rc=1
after r2 n=10000 o=32768 rc=1
base r3 n=10000 o=2048 rc=1
    proc, out["reopen_seconds"], stderr = start_owner(image, config, env, work / "owner-reopen.stderr")
after r3 n=10000 o=2048 rc=1
    proc, out["reopen_seconds"], stderr = start_owner(image, config, env, work / "owner-reopen.stderr")
base r3 n=10000 o=32768 rc=1
after r3 n=10000 o=32768 rc=1
ROUNDS-10000-DONE
base r1 n=120 o=2048 rc=1 AssertionError: b'refused operator init MAX-HISTORY-OCTETS-BELOW-MAX-RECORD-OCTETS
'
after r1 n=120 o=2048 rc=1 AssertionError: b'refused operator init MAX-HISTORY-OCTETS-BELOW-MAX-RECORD-OCTETS
'
base r1 n=120 o=32768 rc=1 AssertionError: b'refused operator init MAX-HISTORY-OCTETS-BELOW-MAX-RECORD-OCTETS
'
after r1 n=120 o=32768 rc=1 AssertionError: b'refused operator init MAX-HISTORY-OCTETS-BELOW-MAX-RECORD-OCTETS
'
base r2 n=120 o=2048 rc=1 AssertionError: b'refused operator init MAX-HISTORY-OCTETS-BELOW-MAX-RECORD-OCTETS
'
after r2 n=120 o=2048 rc=1 AssertionError: b'refused operator init MAX-HISTORY-OCTETS-BELOW-MAX-RECORD-OCTETS
'
base r2 n=120 o=32768 rc=1 AssertionError: b'refused operator init MAX-HISTORY-OCTETS-BELOW-MAX-RECORD-OCTETS
'
after r2 n=120 o=32768 rc=1 AssertionError: b'refused operator init MAX-HISTORY-OCTETS-BELOW-MAX-RECORD-OCTETS
'
base r3 n=120 o=2048 rc=1 AssertionError: b'refused operator init MAX-HISTORY-OCTETS-BELOW-MAX-RECORD-OCTETS
'
after r3 n=120 o=2048 rc=1 AssertionError: b'refused operator init MAX-HISTORY-OCTETS-BELOW-MAX-RECORD-OCTETS
'
base r3 n=120 o=32768 rc=1 AssertionError: b'refused operator init MAX-HISTORY-OCTETS-BELOW-MAX-RECORD-OCTETS
'
after r3 n=120 o=32768 rc=1 AssertionError: b'refused operator init MAX-HISTORY-OCTETS-BELOW-MAX-RECORD-OCTETS
'
PROF-120-DONE
base r1 n=10000 o=2048 rc=1 AssertionError: b'refused operator init MAX-RECORD-OCTETS-BELOW-THE-ARTICLE-RECORD
'
after r1 n=10000 o=2048 rc=1 AssertionError: b'refused operator init MAX-RECORD-OCTETS-BELOW-THE-ARTICLE-RECORD
'
base r1 n=10000 o=32768 rc=1 AssertionError: b'refused operator init MAX-RECORD-OCTETS-BELOW-THE-ARTICLE-RECORD
'
after r1 n=10000 o=32768 rc=1 AssertionError: b'refused operator init MAX-RECORD-OCTETS-BELOW-THE-ARTICLE-RECORD
'
PROF-10000-DONE
ALL-DONE
