	Command being timed: "python3 tests/reclaim_lifecycle_native.py /tank/fn/gates/qual-69046a76-20260926/build/images/69046a76798b8be6169eeed5a66cc46fbe399e51/fn-host-developer /tank/fn/scratch/qual-69046a76/s15/tight 0 1024 300000 --headroom-only"
	User time (seconds): 6.64
	System time (seconds): 1.58
	Percent of CPU this job got: 14%
	Elapsed (wall clock) time (h:mm:ss or m:ss): 0:55.30
	Average shared text size (kbytes): 0
	Average unshared data size (kbytes): 0
	Average stack size (kbytes): 0
	Average total size (kbytes): 0
	Maximum resident set size (kbytes): 484416
	Average resident set size (kbytes): 0
	Major (requiring I/O) page faults: 5
	Minor (reclaiming a frame) page faults: 669608
	Voluntary context switches: 4806
	Involuntary context switches: 154
	Swaps: 0
	File system inputs: 16596
	File system outputs: 2528
	Socket messages sent: 0
	Socket messages received: 0
	Signals delivered: 0
	Page size (bytes): 4096
	Exit status: 0
