$ fn bp-node serve 55815 /tank/fn/scratch/d23-bp/final2/four-dtn7/four-node-cdg3t17_/dtn7/a-fnbs /tank/fn/scratch/d23-bp/final2/four-dtn7/four-node-cdg3t17_/dtn7/a-store /tank/fn/scratch/d23-bp/final2/four-dtn7/four-node-cdg3t17_/dtn7/a-fnrj /tank/fn/scratch/d23-bp/final2/four-dtn7/four-node-cdg3t17_/dtn7/a-fnwf dtn://sender/ dtn://receiver/ dtn://sender/ native-policy dtn://sender/ 127.0.0.1 39219 0 3600000 2 32 1048576 843604679410 60000
BP FNBS recovered held=0
BP queue recovered jobs=1
BP NODE LISTENING 55815
TCPCL bp-node event (:SEND :CONTACT 6)
TCPCL bp-node event (:SEND :SESS-INIT 38)
TCPCL bp-node event (:SESSION-UP 10 64000 64000 NIL)
TCPCL bp-node event (:SEND :XFER-ACK 18)
TCPCL bp-node event (:BUNDLE-RECEIVED 1 353)
BP accepted xfer=1 adu=228 path=/tank/fn/scratch/d23-bp/final2/four-dtn7/four-node-cdg3t17_/dtn7/a-fnbs/lifecycle/00000000000000000001-00000000000000000000.fnb
TCPCL bp-node accepted xfer=1 path=/tank/fn/scratch/d23-bp/final2/four-dtn7/four-node-cdg3t17_/dtn7/a-fnbs/lifecycle/00000000000000000001-00000000000000000000.fnb
TCPCL bp-node event (:SEND :XFER-ACK 18)
TCPCL bp-node event (:SEND :XFER-ACK 18)
TCPCL bp-node event (:SEND :XFER-ACK 18)
TCPCL bp-node event (:SEND :XFER-ACK 18)
TCPCL bp-node event (:SEND :XFER-ACK 18)
TCPCL bp-node event (:SEND :XFER-ACK 18)
TCPCL bp-node event (:SEND :XFER-ACK 18)
TCPCL bp-node event (:BUNDLE-RECEIVED 2 6440)
BP accepted xfer=2 adu=6314 path=/tank/fn/scratch/d23-bp/final2/four-dtn7/four-node-cdg3t17_/dtn7/a-fnbs/lifecycle/00000000000000000001-00000000000000000001.fnb
TCPCL bp-node accepted xfer=2 path=/tank/fn/scratch/d23-bp/final2/four-dtn7/four-node-cdg3t17_/dtn7/a-fnbs/lifecycle/00000000000000000001-00000000000000000001.fnb
TCPCL bp-node aux (:SEND :KEEPALIVE 1)
TCPCL bp-node event (:SEND :SESS-TERM 3)
TCPCL bp-node event (:PEER-TERMINATING 1)
TCPCL bp-node event (:CLOSE)
TCPCL bp-node event peer gone before send: [Errno 32] Broken pipe
TCPCL bp-node summary accepted=2 refused=0 uncertain=0 phase=closed
BP node source carried carrier=return-boundary author=receiver-author
BP application handoff durable
BP node delivery receipt-accepted
BP received carrier dispatch durable
TCPCL bp-node-forward aux (:SEND :CONTACT 6)
TCPCL bp-node-forward event (:SEND :SESS-INIT 38)
TCPCL bp-node-forward event (:SEND :SESS-TERM 3)
TCPCL bp-node-forward event (:PEER-TERMINATING 4)
TCPCL bp-node-forward event (:CLOSE)
