cut frontier-created kill
cut frontier-created eio
cut frontier-written kill
cut frontier-written eio
cut frontier-staged-durable kill
cut frontier-staged-durable eio
cut frontier-replaced kill
cut frontier-replaced eio
cut frontier-attempted kill
cut frontier-attempted eio
cut frontier-durable kill
cut frontier-durable eio
cut frontier-reserved kill
cut frontier-reserved eio
cut record-created kill
cut record-created eio
cut record-written kill
cut record-written eio
cut record-staged-durable kill
cut record-staged-durable eio
cut record-linked kill
cut record-linked eio
cut record-attempted kill
cut record-attempted eio
cut record-durable kill
cut record-durable eio
cut record-completing kill
cut record-completing eio
cut record-stage-unlinked kill
cut record-stage-unlinked eio
cut record-staging-cleaned kill
cut record-staging-cleaned eio
cut finish-consumed kill
cut finish-consumed eio
cut finish-durable kill
cut finish-durable eio
controls
frontier-created kill                pass  rc=-9   present=False reply='' repost='240 article received OK\r\n'
frontier-created eio                 FAIL  rc=0    present=False reply='441 posting failed; the store could not write the article, nothing was stored\r\n' repost='240 article received OK\r\n'
    reply '441 posting failed; the store could not write the article, nothing was stored\r\n' not in ['441 posting failed; the outcome is uncertain, do not repost\r\n']
    owner exit 0 != 3
frontier-written kill                pass  rc=-9   present=False reply='' repost='240 article received OK\r\n'
frontier-written eio                 FAIL  rc=0    present=False reply='441 posting failed; the store could not write the article, nothing was stored\r\n' repost='240 article received OK\r\n'
    reply '441 posting failed; the store could not write the article, nothing was stored\r\n' not in ['441 posting failed; the outcome is uncertain, do not repost\r\n']
    owner exit 0 != 3
frontier-staged-durable kill         pass  rc=-9   present=False reply='' repost='240 article received OK\r\n'
frontier-staged-durable eio          pass  rc=0    present=False reply='441 posting failed; the store could not write the article, nothing was stored\r\n' repost='240 article received OK\r\n'
frontier-replaced kill               pass  rc=-9   present=False reply='' repost='240 article received OK\r\n'
frontier-replaced eio                pass  rc=3    present=False reply='441 posting failed; the outcome is uncertain, do not repost\r\n' repost='240 article received OK\r\n'
frontier-attempted kill              pass  rc=-9   present=False reply='' repost='240 article received OK\r\n'
frontier-attempted eio               pass  rc=3    present=False reply='441 posting failed; the outcome is uncertain, do not repost\r\n' repost='240 article received OK\r\n'
frontier-durable kill                pass  rc=-9   present=False reply='' repost='240 article received OK\r\n'
frontier-durable eio                 pass  rc=3    present=False reply='441 posting failed; the outcome is uncertain, do not repost\r\n' repost='240 article received OK\r\n'
frontier-reserved kill               pass  rc=-9   present=False reply='' repost='240 article received OK\r\n'
frontier-reserved eio                pass  rc=3    present=False reply='441 posting failed; the outcome is uncertain, do not repost\r\n' repost='240 article received OK\r\n'
record-created kill                  pass  rc=-9   present=False reply='' repost='240 article received OK\r\n'
record-created eio                   FAIL  rc=0    present=False reply='441 posting failed; the store could not write the article, nothing was stored\r\n' repost='240 article received OK\r\n'
    reply '441 posting failed; the store could not write the article, nothing was stored\r\n' not in ['441 posting failed; the outcome is uncertain, do not repost\r\n']
    owner exit 0 != 3
record-written kill                  pass  rc=-9   present=False reply='' repost='240 article received OK\r\n'
record-written eio                   FAIL  rc=0    present=False reply='441 posting failed; the store could not write the article, nothing was stored\r\n' repost='240 article received OK\r\n'
    reply '441 posting failed; the store could not write the article, nothing was stored\r\n' not in ['441 posting failed; the outcome is uncertain, do not repost\r\n']
    owner exit 0 != 3
record-staged-durable kill           pass  rc=-9   present=False reply='' repost='240 article received OK\r\n'
record-staged-durable eio            pass  rc=0    present=False reply='441 posting failed; the store could not write the article, nothing was stored\r\n' repost='240 article received OK\r\n'
record-linked kill                   pass  rc=-9   present=True  reply='' repost='441 posting failed; a different article with this Message-ID is stored here\r\n'
record-linked eio                    pass  rc=3    present=True  reply='441 posting failed; the outcome is uncertain, do not repost\r\n' repost='441 posting failed; this article is already stored here\r\n'
record-attempted kill                pass  rc=-9   present=True  reply='' repost='441 posting failed; this article is already stored here\r\n'
record-attempted eio                 pass  rc=3    present=True  reply='441 posting failed; the outcome is uncertain, do not repost\r\n' repost='441 posting failed; this article is already stored here\r\n'
record-durable kill                  pass  rc=-9   present=True  reply='' repost='441 posting failed; a different article with this Message-ID is stored here\r\n'
record-durable eio                   pass  rc=3    present=True  reply='441 posting failed; the outcome is uncertain, do not repost\r\n' repost='441 posting failed; this article is already stored here\r\n'
record-completing kill               pass  rc=-9   present=True  reply='' repost='441 posting failed; this article is already stored here\r\n'
record-completing eio                pass  rc=3    present=True  reply='441 posting failed; the outcome is uncertain, do not repost\r\n' repost='441 posting failed; a different article with this Message-ID is stored here\r\n'
record-stage-unlinked kill           pass  rc=-9   present=True  reply='' repost='441 posting failed; a different article with this Message-ID is stored here\r\n'
record-stage-unlinked eio            FAIL  rc=0    present=True  reply='240 article received OK\r\n' repost='441 posting failed; a different article with this Message-ID is stored here\r\n'
    reply '240 article received OK\r\n' not in ['441 posting failed; the outcome is uncertain, do not repost\r\n']
    owner exit 0 != 3
record-staging-cleaned kill          pass  rc=-9   present=True  reply='' repost='441 posting failed; this article is already stored here\r\n'
record-staging-cleaned eio           pass  rc=3    present=True  reply='441 posting failed; the outcome is uncertain, do not repost\r\n' repost='441 posting failed; this article is already stored here\r\n'
finish-consumed kill                 pass  rc=-9   present=True  reply='' repost='441 posting failed; a different article with this Message-ID is stored here\r\n'
finish-consumed eio                  pass  rc=3    present=True  reply='441 posting failed; the outcome is uncertain, do not repost\r\n' repost='441 posting failed; a different article with this Message-ID is stored here\r\n'
finish-durable kill                  pass  rc=-9   present=True  reply='' repost='441 posting failed; a different article with this Message-ID is stored here\r\n'
finish-durable eio                   pass  rc=3    present=True  reply='441 posting failed; the outcome is uncertain, do not repost\r\n' repost='441 posting failed; this article is already stored here\r\n'
dev-accepted-then-sigkill            pass  rc=-9   present=True  reply='240 article received OK\r\n' repost='441 posting failed; this article is already stored here\r\n'
dev-refused-no-from                  pass  rc=0    present=False reply='441 posting failed; From is required\r\n' repost='441 posting failed; From is required\r\n'
prod-accepted-then-sigkill           pass  rc=-9   present=True  reply='240 article received OK\r\n' repost='441 posting failed; this article is already stored here\r\n'
prod-sigkill-mid-article             pass  rc=-9   present=False reply=None repost=None
35 of 40 rows pass
Command exited with non-zero status 1
	Command being timed: "python3 -m tests.campaign.native_nntp_post_probe --images /tank/fn/gates/qual-6c0626c5-20260924/build/images/6c0626c5 --work /tank/fn/scratch/campaign-6c0626c5/probe-work --out /tank/fn/scratch/campaign-6c0626c5/nntp-probe.json"
	User time (seconds): 12.81
	System time (seconds): 12.89
	Percent of CPU this job got: 39%
	Elapsed (wall clock) time (h:mm:ss or m:ss): 1:05.56
	Average shared text size (kbytes): 0
	Average unshared data size (kbytes): 0
	Average stack size (kbytes): 0
	Average total size (kbytes): 0
	Maximum resident set size (kbytes): 320608
	Average resident set size (kbytes): 0
	Major (requiring I/O) page faults: 0
	Minor (reclaiming a frame) page faults: 7094117
	Voluntary context switches: 7458
	Involuntary context switches: 1292
	Swaps: 0
	File system inputs: 95096
	File system outputs: 8589
	Socket messages sent: 0
	Socket messages received: 0
	Signals delivered: 0
	Page size (bytes): 4096
	Exit status: 1
rc=1
