test_article_of_1_2_3_mib_and_a_4_mb_over_leave_the_owner_serving (tests.test_native_bounds_join.LargeReplyTests.test_article_of_1_2_3_mib_and_a_4_mb_over_leave_the_owner_serving) ... POST 1048576 ('240 article received OK', True)
POST 2097152 ('240 article received OK', False)
FAIL

======================================================================
FAIL: test_article_of_1_2_3_mib_and_a_4_mb_over_leave_the_owner_serving (tests.test_native_bounds_join.LargeReplyTests.test_article_of_1_2_3_mib_and_a_4_mb_over_leave_the_owner_serving)
----------------------------------------------------------------------
Traceback (most recent call last):
  File "/tank/fn/scratch/exposure-reply-size/native-fix/tree/tests/test_native_bounds_join.py", line 175, in test_article_of_1_2_3_mib_and_a_4_mb_over_leave_the_owner_serving
    rows = self.post_and_reread([1048576, 2097152, 3145728])
           ^^^^^^^^^^^^^^^^^^^^^^^^^^^^^^^^^^^^^^^^^^^^^^^^^
  File "/tank/fn/scratch/exposure-reply-size/native-fix/tree/tests/test_native_bounds_join.py", line 107, in post_and_reread
    reply = client.post(data)
            ^^^^^^^^^^^^^^^^^
  File "/tank/fn/scratch/exposure-reply-size/native-fix/tree/tests/test_native_bounds_join.py", line 65, in post
    assert self.stream.readline().startswith(b"340")
           ^^^^^^^^^^^^^^^^^^^^^^^^^^^^^^^^^^^^^^^^^
AssertionError

----------------------------------------------------------------------
Ran 1 test in 3.071s

FAILED (failures=1)
