python3 tools/check_scaffold.py
WARN: ledger: export hygiene: books/article-invariants.lisp:299: fn-article-unfold-join-is-concat: accessor-equality: an enabled equality between two different one-argument applications
WARN: ledger: export hygiene: books/article-invariants.lisp:565: fn-article-parse-lines-fields-recompose-header: accessor-equality: an enabled equality between two different one-argument applications
WARN: ledger: export hygiene: books/article-invariants.lisp:626: fn-article-successful-parse-fields-recompose-header: accessor-equality: an enabled equality between two different one-argument applications
WARN: ledger: export hygiene: books/article-public-work.lisp:145: fn-article-parse-work-value: accessor-equality: an enabled equality between two different one-argument applications
WARN: ledger: export hygiene: books/article-work-primitives.lisp:22: fn-aw-len-cost: accessor-equality: an enabled equality between two different one-argument applications
WARN: ledger: export hygiene: books/article-work-primitives.lisp:31: fn-aw-append-cost: accessor-equality: an enabled equality between two different one-argument applications
WARN: ledger: export hygiene: books/article-work-primitives.lisp:41: fn-aw-revappend-cost: accessor-equality: an enabled equality between two different one-argument applications
WARN: ledger: export hygiene: books/article-work-primitives.lisp:49: fn-aw-reverse-value: accessor-equality: an enabled equality between two different one-argument applications
WARN: ledger: export hygiene: books/article-work-primitives.lisp:51: fn-aw-reverse-list-cost: accessor-equality: an enabled equality between two different one-argument applications
WARN: ledger: export hygiene: books/article-work-primitives.lisp:78: fn-aw-octets-value: accessor-equality: an enabled equality between two different one-argument applications
WARN: ledger: export hygiene: books/article-work-primitives.lisp:91: fn-aw-header-bytes-value: accessor-equality: an enabled equality between two different one-argument applications
WARN: ledger: export hygiene: books/article-work-primitives.lisp:104: fn-aw-ftext-value: accessor-equality: an enabled equality between two different one-argument applications
WARN: ledger: export hygiene: books/article-work-primitives.lisp:117: fn-aw-has-vchar-value: accessor-equality: an enabled equality between two different one-argument applications
WARN: ledger: export hygiene: books/article-work-primitives.lisp:129: fn-aw-downcase-value: accessor-equality: an enabled equality between two different one-argument applications
WARN: ledger: export hygiene: books/article-work-primitives.lisp:131: fn-aw-downcase-cost: accessor-equality: an enabled equality between two different one-argument applications
WARN: ledger: export hygiene: books/article-work-primitives.lisp:147: fn-aw-body-value: accessor-equality: an enabled equality between two different one-argument applications
WARN: ledger: export hygiene: books/article-work-scanners.lisp:40: fn-aw-next-line-value: accessor-equality: an enabled equality between two different one-argument applications
WARN: ledger: export hygiene: books/article-work.lisp:56: fn-aw-name-value: accessor-equality: an enabled equality between two different one-argument applications
WARN: ledger: export hygiene: books/article-work.lisp:97: fn-aw-new-field-value: accessor-equality: an enabled equality between two different one-argument applications
WARN: ledger: export hygiene: books/article-work.lisp:138: fn-aw-fold-line-value: accessor-equality: an enabled equality between two different one-argument applications
WARN: ledger: export hygiene: books/bp-outbound.lisp:183: fn-bpo-request-result-value: accessor-equality: an enabled equality between two different one-argument applications
WARN: ledger: export hygiene: books/bp-primary-cbor.lisp:1175: fn-bpc-decode-refuses-overlong-input: accessor-equality: an enabled equality between two different one-argument applications
WARN: ledger: export hygiene: books/bp-primary-invariants.lisp:225: fn-bpp-decode-of-encode: accessor-equality: an enabled equality between two different one-argument applications
WARN: ledger: export hygiene: books/bp-primary-invariants.lisp:278: fn-bpp-accepted-block-has-valid-crc: accessor-equality: an enabled equality between two different one-argument applications
WARN: ledger: export hygiene: books/bp-receiver-state-invariants.lisp:46: fn-bpr-record-metadata-is-bpa-metadata: accessor-equality: an enabled equality between two different one-argument applications
WARN: ledger: export hygiene: books/bp-workflow-records-invariants.lisp:455: fn-bp-recover-event-effects-actionable: accessor-equality: an enabled equality between two different one-argument applications
WARN: ledger: export hygiene: books/bp-workflow-records-invariants.lisp:467: fn-bp-complete-event-effects-actionable: accessor-equality: an enabled equality between two different one-argument applications
WARN: ledger: export hygiene: books/bp-workflow-records-invariants.lisp:525: fn-bp-actionable-trace-effects-of-record-events: accessor-equality: an enabled equality between two different one-argument applications
WARN: ledger: export hygiene: books/checkpoint-publish.lisp:529: fn-cpp-crash-marker-is-authority-before-selection-attempted: accessor-equality: an enabled equality between two different one-argument applications
WARN: ledger: export hygiene: books/checkpoint.lisp:68: fn-checkpoint-groups-of-fn-checkpoint-make: accessor-equality: an enabled equality between two different one-argument applications
WARN: ledger: export hygiene: books/checkpoint.lisp:71: fn-checkpoint-capacity-of-fn-checkpoint-make: accessor-equality: an enabled equality between two different one-argument applications
WARN: ledger: export hygiene: books/config-records.lisp:84: fn-jrec-article-sequence-agrees: accessor-equality: an enabled equality between two different one-argument applications
WARN: ledger: export hygiene: books/config-records.lisp:87: fn-jrec-config-sequence-agrees: accessor-equality: an enabled equality between two different one-argument applications
WARN: ledger: export hygiene: books/frame-trailer.lisp:82: fn-frame-trailer-of-octets: accessor-equality: an enabled equality between two different one-argument applications
WARN: ledger: export hygiene: books/identity-invariants.lisp:213: fn-id-obligation-preimage-msgid-length-is-recoverable: len-backchaining: an enabled len equality backchained to a len hypothesis
WARN: ledger: export hygiene: books/identity-invariants.lisp:256: fn-id-obligation-preimage-subject-length-is-recoverable: len-backchaining: an enabled len equality backchained to a len hypothesis
WARN: ledger: export hygiene: books/nntp-overview.lisp:147: fn-nov-lines-counts-the-retained-body-lines: accessor-equality: an enabled equality between two different one-argument applications
WARN: ledger: export hygiene: books/nntp-syntax.lisp:31: fn-ng-reverse-is-reverse: accessor-equality: an enabled equality between two different one-argument applications
WARN: ledger: export hygiene: books/nntp-syntax.lisp:39: fn-ng-char-code-is-char-code: accessor-equality: an enabled equality between two different one-argument applications
WARN: ledger: export hygiene: books/nntp-syntax.lisp:49: fn-ng-code-char-is-code-char: accessor-equality: an enabled equality between two different one-argument applications
WARN: ledger: export hygiene: books/statement-invariants.lisp:270: fn-stmt-header-round-trip: accessor-equality: an enabled equality between two different one-argument applications
WARN: ledger: export hygiene: books/statement-invariants.lisp:362: fn-stmt-round-trip: accessor-equality: an enabled equality between two different one-argument applications
WARN: ledger: export hygiene: books/statement-invariants.lisp:481: fn-stmt-receipt-round-trip: accessor-equality: an enabled equality between two different one-argument applications
WARN: ledger: export hygiene: books/store-files-invariants.lisp:313: fn-sf-completed-frontier-barrier-removes-old-choice: accessor-equality: an enabled equality between two different one-argument applications
WARN: ledger: export hygiene: books/stx-carrier.lisp:360: fn-stx-b64-round-trip: accessor-equality: an enabled equality between two different one-argument applications
WARN: ledger: export hygiene: books/stx-carrier.lisp:467: fn-stx-strip-wsp-of-b64-encode: accessor-equality: an enabled equality between two different one-argument applications
WARN: ledger: export hygiene: books/stx-index.lisp:268: fn-stx-record-creator-of-fn-stx-equivocation-record: accessor-equality: an enabled equality between two different one-argument applications
WARN: ledger: export hygiene: books/stx-index.lisp:271: fn-stx-record-incarnation-of-fn-stx-equivocation-record: accessor-equality: an enabled equality between two different one-argument applications
WARN: ledger: export hygiene: books/stx-index.lisp:274: fn-stx-record-sequence-of-fn-stx-equivocation-record: accessor-equality: an enabled equality between two different one-argument applications
WARN: ledger: export hygiene: books/stx-index.lisp:277: fn-stx-record-id-held-of-fn-stx-equivocation-record: accessor-equality: an enabled equality between two different one-argument applications
WARN: ledger: export hygiene: books/stx-index.lisp:281: fn-stx-record-id-new-of-fn-stx-equivocation-record: accessor-equality: an enabled equality between two different one-argument applications
WARN: ledger: export hygiene: books/stx-invariants.lisp:134: fn-stx-detached-round-trip: accessor-equality: an enabled equality between two different one-argument applications
WARN: ledger: export hygiene: books/stx-invariants.lisp:217: fn-stx-field-round-trip: accessor-equality: an enabled equality between two different one-argument applications
WARN: ledger: export hygiene: books/transfer-public-work.lisp:370: fn-transfer-octet-list-work-value: accessor-equality: an enabled equality between two different one-argument applications
WARN: ledger: export hygiene: books/transfer-public-work.lisp:387: fn-transfer-octet-list-work-car-value: accessor-equality: an enabled equality between two different one-argument applications
WARN: ledger: export hygiene: books/transfer-public-work.lisp:392: fn-transfer-profile-work-value: accessor-equality: an enabled equality between two different one-argument applications
WARN: ledger: export hygiene: books/transfer-public-work.lisp:492: fn-transfer-distinct-labels-work-value: accessor-equality: an enabled equality between two different one-argument applications
WARN: ledger: export hygiene: books/transfer-public-work.lisp:501: fn-transfer-distinct-labels-work-car-value: accessor-equality: an enabled equality between two different one-argument applications
WARN: ledger: export hygiene: books/transfer-public-work.lisp:506: fn-transfer-reserved-bytes-work-value: accessor-equality: an enabled equality between two different one-argument applications
WARN: ledger: export hygiene: books/transfer-public-work.lisp:515: fn-transfer-reserved-bytes-work-car-value: accessor-equality: an enabled equality between two different one-argument applications
WARN: ledger: export hygiene: books/transfer-public-work.lisp:520: fn-transfer-state-work-value: accessor-equality: an enabled equality between two different one-argument applications
WARN: ledger: export hygiene: books/transfer-work.lisp:197: fn-transfer-entry-candidate-work-value: accessor-equality: an enabled equality between two different one-argument applications
WARN: ledger: export hygiene: books/transfer.lisp:49: fn-transfer-guard-inc-is-inc: accessor-equality: an enabled equality between two different one-argument applications
WARN: ledger: export hygiene: books/transfer.lisp:56: fn-transfer-guard-dec-is-dec: accessor-equality: an enabled equality between two different one-argument applications
WARN: ledger: export hygiene: books/wildmat-work.lisp:125: fn-wm-false-row-work-value: accessor-equality: an enabled equality between two different one-argument applications
WARN: ledger: export hygiene: books/wildmat-work.lisp:131: fn-wm-initial-row-work-value: accessor-equality: an enabled equality between two different one-argument applications
WARN: ledger: export hygiene: books/wildmat-work.lisp:186: fn-wm-row-last-work-value: accessor-equality: an enabled equality between two different one-argument applications
WARN: ledger: export hygiene: books/wildmat-work.lisp:230: fn-wm-initial-row-work-cost: accessor-equality: an enabled equality between two different one-argument applications
WARN: ledger: export hygiene: books/wildmat-work.lisp:246: fn-wm-step-character-work-cost: accessor-equality: an enabled equality between two different one-argument applications
WARN: ledger: export hygiene: books/wildmat-work.lisp:251: fn-wm-step-star-work-cost: accessor-equality: an enabled equality between two different one-argument applications
WARN: ledger: export hygiene: books/wildmat-work.lisp:351: fn-wildmat-pattern-row-length: len-backchaining: an enabled len equality backchained to a len hypothesis
WARN: ledger: export hygiene: books/wildmat-work.lisp:358: fn-wm-pattern-row-work-length: len-backchaining: an enabled len equality backchained to a len hypothesis
WARN: ledger: export hygiene: books/wildmat-work.lisp:369: fn-wm-final-row-last-work-cost: accessor-equality: an enabled equality between two different one-argument applications
WARN: ledger: enabled projection: books/article-work-primitives.lisp:10: fn-aw-v: enabled-projection: the definition rune ships enabled and 3 books state theorems over it, so one downstream unfold stops those theorems matching (books/article-public-work.lisp, books/article-work-scanners.lisp, books/article-work.lisp)
WARN: ledger: enabled projection: books/article-work-primitives.lisp:11: fn-aw-c: enabled-projection: the definition rune ships enabled and 4 books state theorems over it, so one downstream unfold stops those theorems matching (books/article-public-bound.lisp, books/article-public-work.lisp, books/article-work-scanners.lisp, books/article-work.lisp)
WARN: ledger: enabled projection: books/article.lisp:91: fn-article-header: enabled-projection: the definition rune ships enabled and 2 books state theorems over it, so one downstream unfold stops those theorems matching (books/article-invariants.lisp, books/article-properties.lisp)
WARN: ledger: enabled projection: books/article.lisp:94: fn-article-body: enabled-projection: the definition rune ships enabled and 1 book states theorems over it, so one downstream unfold stops those theorems matching (books/article-properties.lisp)
WARN: ledger: enabled projection: books/article.lisp:97: fn-article-fields: enabled-projection: the definition rune ships enabled and 2 books state theorems over it, so one downstream unfold stops those theorems matching (books/article-invariants.lisp, books/article-properties.lisp)
WARN: ledger: enabled projection: books/article.lisp:112: fn-article-field-raw-lines: enabled-projection: the definition rune ships enabled and 1 book states theorems over it, so one downstream unfold stops those theorems matching (books/article-work.lisp)
WARN: ledger: enabled projection: books/article.lisp:115: fn-article-field-name: enabled-projection: the definition rune ships enabled and 1 book states theorems over it, so one downstream unfold stops those theorems matching (books/stx-invariants.lisp)
WARN: ledger: enabled projection: books/article.lisp:118: fn-article-field-unfolded-value: enabled-projection: the definition rune ships enabled and 1 book states theorems over it, so one downstream unfold stops those theorems matching (books/article-work.lisp)
WARN: ledger: enabled projection: books/article.lisp:153: fn-article-result-article: enabled-projection: the definition rune ships enabled and 6 books state theorems over it, so one downstream unfold stops those theorems matching (books/article-invariants.lisp, books/article-properties.lisp, books/injection-invariants.lisp, books/nntp-legacy.lisp)
WARN: ledger: enabled projection: books/article.lisp:193: fn-article-line-value: enabled-projection: the definition rune ships enabled and 5 books state theorems over it, so one downstream unfold stops those theorems matching (books/article-invariants.lisp, books/article-properties.lisp, books/article-public-bound.lisp, books/article-public-work.lisp)
WARN: ledger: enabled projection: books/article.lisp:196: fn-article-line-rest: enabled-projection: the definition rune ships enabled and 4 books state theorems over it, so one downstream unfold stops those theorems matching (books/article-invariants.lisp, books/article-properties.lisp, books/article-public-bound.lisp, books/article-work-scanners.lisp)
WARN: ledger: enabled projection: books/bp-fragment.lisp:66: fn-bpf-bytes: enabled-projection: the definition rune ships enabled and 1 book states theorems over it, so one downstream unfold stops those theorems matching (books/bp-fragment-invariants.lisp)
WARN: ledger: enabled projection: books/bp-fragment.lisp:298: fn-bpf-result-tag: enabled-projection: the definition rune ships enabled and 1 book states theorems over it, so one downstream unfold stops those theorems matching (books/bp-fragment-invariants.lisp)
WARN: ledger: enabled projection: books/bp-fragment.lisp:302: fn-bpf-result-bytes: enabled-projection: the definition rune ships enabled and 1 book states theorems over it, so one downstream unfold stops those theorems matching (books/bp-fragment-invariants.lisp)
WARN: ledger: enabled projection: books/bp-primary.lisp:394: fn-bpp-flags: enabled-projection: the definition rune ships enabled and 3 books state theorems over it, so one downstream unfold stops those theorems matching (books/bp-fragment-invariants.lisp, books/bp-node.lisp, books/bp-primary-invariants.lisp)
WARN: ledger: enabled projection: books/bp-primary.lisp:395: fn-bpp-crc-type: enabled-projection: the definition rune ships enabled and 1 book states theorems over it, so one downstream unfold stops those theorems matching (books/bp-primary-invariants.lisp)
WARN: ledger: enabled projection: books/bp-primary.lisp:397: fn-bpp-source: enabled-projection: the definition rune ships enabled and 1 book states theorems over it, so one downstream unfold stops those theorems matching (books/bp-primary-invariants.lisp)
WARN: ledger: enabled projection: books/bp-primary.lisp:399: fn-bpp-creation-time: enabled-projection: the definition rune ships enabled and 1 book states theorems over it, so one downstream unfold stops those theorems matching (books/bp-primary-invariants.lisp)
WARN: ledger: enabled projection: books/bp-primary.lisp:400: fn-bpp-sequence: enabled-projection: the definition rune ships enabled and 1 book states theorems over it, so one downstream unfold stops those theorems matching (books/bp-primary-invariants.lisp)
WARN: ledger: enabled projection: books/bp-primary.lisp:599: fn-bpp-result-block: enabled-projection: the definition rune ships enabled and 1 book states theorems over it, so one downstream unfold stops those theorems matching (books/bp-primary-invariants.lisp)
WARN: ledger: enabled projection: books/transfer-work.lisp:13: fn-transfer-work-value: enabled-projection: the definition rune ships enabled and 1 book states theorems over it, so one downstream unfold stops those theorems matching (books/transfer-public-work.lisp)
WARN: ledger: enabled projection: books/transfer-work.lisp:14: fn-transfer-work-cost: enabled-projection: the definition rune ships enabled and 1 book states theorems over it, so one downstream unfold stops those theorems matching (books/transfer-public-bound.lisp)
WARN: ledger: enabled projection: books/wildmat.lisp:52: fn-wildmat-result-value: enabled-projection: the definition rune ships enabled and 2 books state theorems over it, so one downstream unfold stops those theorems matching (books/wildmat-parser-invariants.lisp, books/wildmat-utf8-invariants.lisp)
WARN: ledger: enabled projection: books/wildmat.lisp:59: fn-wildmat-utf8-rest: enabled-projection: the definition rune ships enabled and 1 book states theorems over it, so one downstream unfold stops those theorems matching (books/wildmat-utf8-invariants.lisp)
WARN: ledger: enabled projection: books/wildmat.lisp:273: fn-wildmat-pattern-items: enabled-projection: the definition rune ships enabled and 1 book states theorems over it, so one downstream unfold stops those theorems matching (books/wildmat-work.lisp)
WARN: ledger: enabled projection: books/wildmat.lisp:332: fn-wildmat-scan-items: enabled-projection: the definition rune ships enabled and 2 books state theorems over it, so one downstream unfold stops those theorems matching (books/wildmat-parser-invariants.lisp, books/wildmat-utf8-invariants.lisp)
WARN: ledger: enabled projection: books/wildmat.lisp:335: fn-wildmat-scan-rest: enabled-projection: the definition rune ships enabled and 1 book states theorems over it, so one downstream unfold stops those theorems matching (books/wildmat-parser-invariants.lisp)
WARN: ledger: include hygiene: books/acceptance.lisp:16: books/acceptance-alloc.lisp: re-export: the included book ends with no theory withdrawal, so every rule it leaves enabled is enabled here and above
WARN: ledger: include hygiene: books/article-properties.lisp:10: books/article-invariants.lisp: re-export: the included book ends with no theory withdrawal, so every rule it leaves enabled is enabled here and above
WARN: ledger: include hygiene: books/article-public-bound.lisp:3: books/article-public-work.lisp: re-export: the included book ends with no theory withdrawal, so every rule it leaves enabled is enabled here and above
WARN: ledger: include hygiene: books/article-public-work.lisp:3: books/article-work.lisp: re-export: the included book ends with no theory withdrawal, so every rule it leaves enabled is enabled here and above
WARN: ledger: include hygiene: books/article-public-work.lisp:4: books/article-work-budget.lisp: re-export: the included book ends with no theory withdrawal, so every rule it leaves enabled is enabled here and above
WARN: ledger: include hygiene: books/article-work-primitives.lisp:3: books/article-properties.lisp: re-export: the included book ends with no theory withdrawal, so every rule it leaves enabled is enabled here and above
WARN: ledger: include hygiene: books/article-work-scanners.lisp:3: books/article-work-primitives.lisp: re-export: the included book ends with no theory withdrawal, so every rule it leaves enabled is enabled here and above
WARN: ledger: include hygiene: books/article-work.lisp:3: books/article-work-scanners.lisp: re-export: the included book ends with no theory withdrawal, so every rule it leaves enabled is enabled here and above
WARN: ledger: include hygiene: books/bp-fragment-invariants.lisp:15: books/bp-fragment.lisp: re-export: the included book ends with no theory withdrawal, so every rule it leaves enabled is enabled here and above
WARN: ledger: include hygiene: books/bp-ingress.lisp:9: books/article-fields.lisp: re-export: the included book ends with no theory withdrawal, so every rule it leaves enabled is enabled here and above
WARN: ledger: include hygiene: books/bp-outbound.lisp:7: books/bp-workflow-records.lisp: re-export: the included book ends with no theory withdrawal, so every rule it leaves enabled is enabled here and above
WARN: ledger: include hygiene: books/bp-receiver-context-invariants.lisp:2: books/bp-receiver-store-invariants.lisp: re-export: the included book ends with no theory withdrawal, so every rule it leaves enabled is enabled here and above
WARN: ledger: include hygiene: books/bp-receiver-evolving-history-invariants.lisp:7: books/bp-receiver-trace-invariants.lisp: re-export: the included book ends with no theory withdrawal, so every rule it leaves enabled is enabled here and above
WARN: ledger: include hygiene: books/bp-receiver-evolving-node-invariants.lisp:7: books/bp-receiver-evolving-history-invariants.lisp: re-export: the included book ends with no theory withdrawal, so every rule it leaves enabled is enabled here and above
WARN: ledger: include hygiene: books/bp-receiver-evolving-store-invariants.lisp:6: books/bp-receiver-evolving-node-invariants.lisp: re-export: the included book ends with no theory withdrawal, so every rule it leaves enabled is enabled here and above
WARN: ledger: include hygiene: books/bp-receiver-invariants.lisp:2: books/bp-receiver-journal-invariants.lisp: re-export: the included book ends with no theory withdrawal, so every rule it leaves enabled is enabled here and above
WARN: ledger: include hygiene: books/bp-receiver-journal-invariants.lisp:2: books/bp-receiver-context-invariants.lisp: re-export: the included book ends with no theory withdrawal, so every rule it leaves enabled is enabled here and above
WARN: ledger: include hygiene: books/bp-receiver-retention-invariants.lisp:2: books/bp-receiver-invariants.lisp: re-export: the included book ends with no theory withdrawal, so every rule it leaves enabled is enabled here and above
WARN: ledger: include hygiene: books/bp-receiver-trace-invariants.lisp:2: books/bp-receiver-retention-invariants.lisp: re-export: the included book ends with no theory withdrawal, so every rule it leaves enabled is enabled here and above
WARN: ledger: include hygiene: books/bp-receiver-trace-invariants.lisp:3: books/bp-receiver-state-invariants.lisp: re-export: the included book ends with no theory withdrawal, so every rule it leaves enabled is enabled here and above
WARN: ledger: include hygiene: books/bp-release-invariants.lisp:21: books/bp-release.lisp: re-export: the included book ends with no theory withdrawal, so every rule it leaves enabled is enabled here and above
WARN: ledger: include hygiene: books/bp-release-invariants.lisp:22: books/bp-workflow-binding-core.lisp: re-export: the included book ends with no theory withdrawal, so every rule it leaves enabled is enabled here and above
WARN: ledger: include hygiene: books/bp-release.lisp:29: books/bp-workflow-records.lisp: re-export: the included book ends with no theory withdrawal, so every rule it leaves enabled is enabled here and above
WARN: ledger: include hygiene: books/bp-workflow-binding-core.lisp:4: books/bp-workflow-invariants.lisp: re-export: the included book ends with no theory withdrawal, so every rule it leaves enabled is enabled here and above
WARN: ledger: include hygiene: books/bp-workflow-binding-invariants.lisp:4: books/bp-workflow-binding-core.lisp: re-export: the included book ends with no theory withdrawal, so every rule it leaves enabled is enabled here and above
WARN: ledger: include hygiene: books/bp-workflow-invariants.lisp:3: books/bp-workflow.lisp: re-export: the included book ends with no theory withdrawal, so every rule it leaves enabled is enabled here and above
WARN: ledger: include hygiene: books/bp-workflow-records-invariants.lisp:14: books/bp-workflow-records.lisp: re-export: the included book ends with no theory withdrawal, so every rule it leaves enabled is enabled here and above
WARN: ledger: include hygiene: books/bp-workflow-records-invariants.lisp:15: books/bp-workflow-binding-invariants.lisp: re-export: the included book ends with no theory withdrawal, so every rule it leaves enabled is enabled here and above
WARN: ledger: include hygiene: books/bp-workflow-records.lisp:5: books/bp-workflow.lisp: re-export: the included book ends with no theory withdrawal, so every rule it leaves enabled is enabled here and above
WARN: ledger: include hygiene: books/bp-workflow-replay-status.lisp:17: books/bp-workflow-records-invariants.lisp: re-export: the included book ends with no theory withdrawal, so every rule it leaves enabled is enabled here and above
WARN: ledger: include hygiene: books/bp-workflow-transport-invariants.lisp:2: books/bp-workflow-invariants.lisp: re-export: the included book ends with no theory withdrawal, so every rule it leaves enabled is enabled here and above
WARN: ledger: include hygiene: books/byte-store.lisp:34: books/acceptance-alloc.lisp: re-export: the included book ends with no theory withdrawal, so every rule it leaves enabled is enabled here and above
WARN: ledger: include hygiene: books/exchange.lisp:14: books/acceptance-alloc.lisp: re-export: the included book ends with no theory withdrawal, so every rule it leaves enabled is enabled here and above
WARN: ledger: include hygiene: books/injection.lisp:43: books/article-fields.lisp: re-export: the included book ends with no theory withdrawal, so every rule it leaves enabled is enabled here and above
WARN: ledger: include hygiene: books/nntp-responses.lisp:7: books/article-fields.lisp: re-export: the included book ends with no theory withdrawal, so every rule it leaves enabled is enabled here and above
WARN: ledger: include hygiene: books/owner-feed.lisp:51: books/article-fields.lisp: re-export: the included book ends with no theory withdrawal, so every rule it leaves enabled is enabled here and above
WARN: ledger: include hygiene: books/path.lisp:21: books/article-fields.lisp: re-export: the included book ends with no theory withdrawal, so every rule it leaves enabled is enabled here and above
WARN: ledger: include hygiene: books/provenance.lisp:41: books/acceptance-alloc.lisp: re-export: the included book ends with no theory withdrawal, so every rule it leaves enabled is enabled here and above
WARN: ledger: include hygiene: books/relay-invariants.lisp:18: books/relay.lisp: re-export: the included book ends with no theory withdrawal, so every rule it leaves enabled is enabled here and above
WARN: ledger: include hygiene: books/relay.lisp:29: books/bp-workflow-binding-invariants.lisp: re-export: the included book ends with no theory withdrawal, so every rule it leaves enabled is enabled here and above
WARN: ledger: include hygiene: books/retention.lisp:16: books/acceptance-alloc.lisp: re-export: the included book ends with no theory withdrawal, so every rule it leaves enabled is enabled here and above
WARN: ledger: include hygiene: books/scheduler-invariants.lisp:15: books/bp-workflow-invariants.lisp: re-export: the included book ends with no theory withdrawal, so every rule it leaves enabled is enabled here and above
WARN: ledger: include hygiene: books/scheduler.lisp:47: books/bp-workflow.lisp: re-export: the included book ends with no theory withdrawal, so every rule it leaves enabled is enabled here and above
WARN: ledger: include hygiene: books/transfer-assembly-invariants.lisp:9: books/transfer.lisp: re-export: the included book ends with no theory withdrawal, so every rule it leaves enabled is enabled here and above
WARN: ledger: include hygiene: books/transfer-invariants.lisp:10: books/transfer-union.lisp: re-export: the included book ends with no theory withdrawal, so every rule it leaves enabled is enabled here and above
WARN: ledger: include hygiene: books/transfer-journal-invariants.lisp:17: books/transfer-invariants.lisp: re-export: the included book ends with no theory withdrawal, so every rule it leaves enabled is enabled here and above
WARN: ledger: include hygiene: books/transfer-journal.lisp:38: books/transfer.lisp: re-export: the included book ends with no theory withdrawal, so every rule it leaves enabled is enabled here and above
WARN: ledger: include hygiene: books/transfer-public-bound.lisp:9: books/transfer-public-work.lisp: re-export: the included book ends with no theory withdrawal, so every rule it leaves enabled is enabled here and above
WARN: ledger: include hygiene: books/transfer-public-bound.lisp:10: books/transfer-invariants.lisp: re-export: the included book ends with no theory withdrawal, so every rule it leaves enabled is enabled here and above
WARN: ledger: include hygiene: books/transfer-public-work.lisp:9: books/transfer-work.lisp: re-export: the included book ends with no theory withdrawal, so every rule it leaves enabled is enabled here and above
WARN: ledger: include hygiene: books/transfer-reservation.lisp:7: books/transfer.lisp: re-export: the included book ends with no theory withdrawal, so every rule it leaves enabled is enabled here and above
WARN: ledger: include hygiene: books/transfer-union.lisp:8: books/transfer-reservation.lisp: re-export: the included book ends with no theory withdrawal, so every rule it leaves enabled is enabled here and above
WARN: ledger: include hygiene: books/transfer-work.lisp:8: books/transfer.lisp: re-export: the included book ends with no theory withdrawal, so every rule it leaves enabled is enabled here and above
WARN: ledger: include hygiene: books/wildmat-parser-invariants.lisp:10: books/wildmat-utf8-invariants.lisp: re-export: the included book ends with no theory withdrawal, so every rule it leaves enabled is enabled here and above
WARN: ledger: include hygiene: tests/acl2/anchor-teeth-tests.lisp:22: tests/acl2/anchor-tests.lisp: re-export: the included book ends with no theory withdrawal, so every rule it leaves enabled is enabled here and above
WARN: ledger: include hygiene: tests/acl2/article-fields-tests.lisp:3: books/article-fields.lisp: re-export: the included book ends with no theory withdrawal, so every rule it leaves enabled is enabled here and above
WARN: ledger: include hygiene: tests/acl2/article-teeth-tests.lisp:10: books/article-invariants.lisp: re-export: the included book ends with no theory withdrawal, so every rule it leaves enabled is enabled here and above
WARN: ledger: include hygiene: tests/acl2/article-tests.lisp:4: books/article-invariants.lisp: re-export: the included book ends with no theory withdrawal, so every rule it leaves enabled is enabled here and above
WARN: ledger: include hygiene: tests/acl2/article-work-tests.lisp:3: books/article-public-bound.lisp: re-export: the included book ends with no theory withdrawal, so every rule it leaves enabled is enabled here and above
WARN: ledger: include hygiene: tests/acl2/bp-fragment-tests.lisp:10: books/bp-fragment-invariants.lisp: re-export: the included book ends with no theory withdrawal, so every rule it leaves enabled is enabled here and above
WARN: ledger: include hygiene: tests/acl2/bp-outbound-guards-tests.lisp:3: books/bp-outbound.lisp: re-export: the included book ends with no theory withdrawal, so every rule it leaves enabled is enabled here and above
WARN: ledger: include hygiene: tests/acl2/bp-outbound-tests.lisp:4: books/bp-outbound.lisp: re-export: the included book ends with no theory withdrawal, so every rule it leaves enabled is enabled here and above
WARN: ledger: include hygiene: tests/acl2/bp-receipt-records-tests.lisp:3: tests/acl2/bp-receipt-tests.lisp: re-export: the included book ends with no theory withdrawal, so every rule it leaves enabled is enabled here and above
WARN: ledger: include hygiene: tests/acl2/bp-receiver-evolving-tests.lisp:12: books/bp-receiver-evolving-store-invariants.lisp: re-export: the included book ends with no theory withdrawal, so every rule it leaves enabled is enabled here and above
WARN: ledger: include hygiene: tests/acl2/bp-receiver-evolving-tests.lisp:13: tests/acl2/bp-receipt-records-tests.lisp: re-export: the included book ends with no theory withdrawal, so every rule it leaves enabled is enabled here and above
WARN: ledger: include hygiene: tests/acl2/bp-receiver-invariants-tests.lisp:2: books/bp-receiver-trace-invariants.lisp: re-export: the included book ends with no theory withdrawal, so every rule it leaves enabled is enabled here and above
WARN: ledger: include hygiene: tests/acl2/bp-receiver-invariants-tests.lisp:3: tests/acl2/bp-receipt-records-tests.lisp: re-export: the included book ends with no theory withdrawal, so every rule it leaves enabled is enabled here and above
WARN: ledger: include hygiene: tests/acl2/bp-receiver-teeth-tests.lisp:11: books/bp-receiver-retention-invariants.lisp: re-export: the included book ends with no theory withdrawal, so every rule it leaves enabled is enabled here and above
WARN: ledger: include hygiene: tests/acl2/bp-receiver-teeth-tests.lisp:12: tests/acl2/bp-receipt-records-tests.lisp: re-export: the included book ends with no theory withdrawal, so every rule it leaves enabled is enabled here and above
WARN: ledger: include hygiene: tests/acl2/bp-workflow-binding-invariants-tests.lisp:3: books/bp-workflow-binding-invariants.lisp: re-export: the included book ends with no theory withdrawal, so every rule it leaves enabled is enabled here and above
WARN: ledger: include hygiene: tests/acl2/bp-workflow-records-guards-tests.lisp:3: books/bp-workflow-records.lisp: re-export: the included book ends with no theory withdrawal, so every rule it leaves enabled is enabled here and above
WARN: ledger: include hygiene: tests/acl2/bp-workflow-teeth-tests.lisp:11: books/bp-workflow-invariants.lisp: re-export: the included book ends with no theory withdrawal, so every rule it leaves enabled is enabled here and above
WARN: ledger: include hygiene: tests/acl2/bp-workflow-tests.lisp:3: books/bp-workflow-transport-invariants.lisp: re-export: the included book ends with no theory withdrawal, so every rule it leaves enabled is enabled here and above
WARN: ledger: include hygiene: tests/acl2/clock-tests.lisp:9: books/clock-invariants.lisp: re-export: the included book ends with no theory withdrawal, so every rule it leaves enabled is enabled here and above
WARN: ledger: include hygiene: tests/acl2/defrecord-tests.lisp:34: books/acceptance-alloc.lisp: re-export: the included book ends with no theory withdrawal, so every rule it leaves enabled is enabled here and above
WARN: ledger: include hygiene: tests/acl2/injection-tests.lisp:11: books/injection-invariants.lisp: re-export: the included book ends with no theory withdrawal, so every rule it leaves enabled is enabled here and above
WARN: ledger: include hygiene: tests/acl2/lace-tests.lisp:5: tests/acl2/crypto-seam-tests.lisp: re-export: the included book ends with no theory withdrawal, so every rule it leaves enabled is enabled here and above
WARN: ledger: include hygiene: tests/acl2/peer-inbound-tests.lisp:8: books/peer-inbound-invariants.lisp: re-export: the included book ends with no theory withdrawal, so every rule it leaves enabled is enabled here and above
WARN: ledger: include hygiene: tests/acl2/policy-tests.lisp:5: tests/acl2/crypto-seam-tests.lisp: re-export: the included book ends with no theory withdrawal, so every rule it leaves enabled is enabled here and above
WARN: ledger: include hygiene: tests/acl2/principal-tests.lisp:3: tests/acl2/crypto-seam-tests.lisp: re-export: the included book ends with no theory withdrawal, so every rule it leaves enabled is enabled here and above
WARN: ledger: include hygiene: tests/acl2/relay-tests.lisp:11: books/relay-crash-invariants.lisp: re-export: the included book ends with no theory withdrawal, so every rule it leaves enabled is enabled here and above
WARN: ledger: include hygiene: tests/acl2/statement-tests.lisp:3: tests/acl2/crypto-seam-tests.lisp: re-export: the included book ends with no theory withdrawal, so every rule it leaves enabled is enabled here and above
WARN: ledger: include hygiene: tests/acl2/stx-tests.lisp:14: tests/acl2/crypto-seam-tests.lisp: re-export: the included book ends with no theory withdrawal, so every rule it leaves enabled is enabled here and above
WARN: ledger: include hygiene: tests/acl2/stx-transit-tests.lisp:16: tests/acl2/crypto-seam-tests.lisp: re-export: the included book ends with no theory withdrawal, so every rule it leaves enabled is enabled here and above
WARN: ledger: include hygiene: tests/acl2/transfer-tests.lisp:4: books/transfer-public-bound.lisp: re-export: the included book ends with no theory withdrawal, so every rule it leaves enabled is enabled here and above
WARN: ledger: include hygiene: tests/acl2/wildmat-parser-invariants-tests.lisp:3: books/wildmat-parser-invariants.lisp: re-export: the included book ends with no theory withdrawal, so every rule it leaves enabled is enabled here and above
WARN: ledger: include hygiene: tests/acl2/wildmat-teeth-tests.lisp:12: books/wildmat-matcher-invariants.lisp: re-export: the included book ends with no theory withdrawal, so every rule it leaves enabled is enabled here and above
WARN: ledger: include hygiene: tests/acl2/wildmat-teeth-tests.lisp:95: books/wildmat-parser-invariants.lisp: re-export: the included book ends with no theory withdrawal, so every rule it leaves enabled is enabled here and above
WARN: ledger: host names: host/native/bp.lisp:36: fnn-core: defined in host/native/io.lisp, which this file neither includes nor `ld`s: it resolves only because something else loaded that file into the same session first
WARN: ledger: host names: host/native/bp.lisp:36: fnn-octet-list: defined in host/native/io.lisp, which this file neither includes nor `ld`s: it resolves only because something else loaded that file into the same session first
WARN: ledger: host names: host/native/bp.lisp:36: fnn-string-octets: defined in host/native/io.lisp, which this file neither includes nor `ld`s: it resolves only because something else loaded that file into the same session first
WARN: ledger: host names: host/native/bp.lisp:36: fnn-refuse: defined in host/native/io.lisp, which this file neither includes nor `ld`s: it resolves only because something else loaded that file into the same session first
WARN: ledger: host names: host/native/bp.lisp:52: fnn-tcl-now: defined in host/native/tcpcl.lisp, which this file neither includes nor `ld`s: it resolves only because something else loaded that file into the same session first
WARN: ledger: host names: host/native/bp.lisp:80: fnn-mkdir: defined in host/native/io.lisp, which this file neither includes nor `ld`s: it resolves only because something else loaded that file into the same session first
WARN: ledger: host names: host/native/bp.lisp:80: fnn-os-errno: defined in host/native/io.lisp, which this file neither includes nor `ld`s: it resolves only because something else loaded that file into the same session first
WARN: ledger: host names: host/native/bp.lisp:85: fnn-join: defined in host/native/io.lisp, which this file neither includes nor `ld`s: it resolves only because something else loaded that file into the same session first
WARN: ledger: host names: host/native/bp.lisp:85: fnn-random-hex: defined in host/native/io.lisp, which this file neither includes nor `ld`s: it resolves only because something else loaded that file into the same session first
WARN: ledger: host names: host/native/bp.lisp:85: fnn-write-staged: defined in host/native/io.lisp, which this file neither includes nor `ld`s: it resolves only because something else loaded that file into the same session first
WARN: ledger: host names: host/native/bp.lisp:85: fnn-octets: defined in host/native/io.lisp, which this file neither includes nor `ld`s: it resolves only because something else loaded that file into the same session first
WARN: ledger: host names: host/native/bp.lisp:85: fnn-replace: defined in host/native/io.lisp, which this file neither includes nor `ld`s: it resolves only because something else loaded that file into the same session first
WARN: ledger: host names: host/native/bp.lisp:85: fnn-fsync-dir: defined in host/native/io.lisp, which this file neither includes nor `ld`s: it resolves only because something else loaded that file into the same session first
WARN: ledger: host names: host/native/bp.lisp:85: fnn-unlink: defined in host/native/io.lisp, which this file neither includes nor `ld`s: it resolves only because something else loaded that file into the same session first
WARN: ledger: host names: host/native/bp.lisp:85: fnn-indeterminate: defined in host/native/io.lisp, which this file neither includes nor `ld`s: it resolves only because something else loaded that file into the same session first
WARN: ledger: host names: host/native/bp.lisp:100: fnn-tclc-tag: defined in host/native/tcpcl.lisp, which this file neither includes nor `ld`s: it resolves only because something else loaded that file into the same session first
WARN: ledger: host names: host/native/bp.lisp:100: ecase: undefined: nothing in this tree defines it and it is not in tools/acl2-builtins.txt, so the bridge that loads this file fails at start-up
WARN: ledger: host names: host/native/bp.lisp:136: plusp: undefined: nothing in this tree defines it and it is not in tools/acl2-builtins.txt, so the bridge that loads this file fails at start-up
WARN: ledger: host names: host/native/bp.lisp:136: fnn-tclc-outcome: defined in host/native/tcpcl.lisp, which this file neither includes nor `ld`s: it resolves only because something else loaded that file into the same session first
WARN: ledger: host names: host/native/bp.lisp:145: fnn-out: defined in host/native/io.lisp, which this file neither includes nor `ld`s: it resolves only because something else loaded that file into the same session first
WARN: ledger: host names: host/native/bp.lisp:153: fnn-read-regular-bounded: defined in host/native/io.lisp, which this file neither includes nor `ld`s: it resolves only because something else loaded that file into the same session first
WARN: ledger: host names: host/native/bp.lisp:153: fnn-tcl-connect: defined in host/native/tcpcl.lisp, which this file neither includes nor `ld`s: it resolves only because something else loaded that file into the same session first
WARN: ledger: host names: host/native/bp.lisp:153: fnn-tcl-session: defined in host/native/tcpcl.lisp, which this file neither includes nor `ld`s: it resolves only because something else loaded that file into the same session first
WARN: ledger: host names: host/native/bp.lisp:153: fnn-socket-fd: defined in host/native/io.lisp, which this file neither includes nor `ld`s: it resolves only because something else loaded that file into the same session first
WARN: ledger: host names: host/native/bp.lisp:153: fnn-tcl-params: defined in host/native/tcpcl.lisp, which this file neither includes nor `ld`s: it resolves only because something else loaded that file into the same session first
WARN: ledger: host names: host/native/bp.lisp:153: fnn-tcl-summary: defined in host/native/tcpcl.lisp, which this file neither includes nor `ld`s: it resolves only because something else loaded that file into the same session first
WARN: ledger: host names: host/native/bp.lisp:153: fnn-socket-shut: defined in host/native/io.lisp, which this file neither includes nor `ld`s: it resolves only because something else loaded that file into the same session first
WARN: ledger: host names: host/native/bp.lisp:196: fnn-tcl-listen: defined in host/native/tcpcl.lisp, which this file neither includes nor `ld`s: it resolves only because something else loaded that file into the same session first
WARN: ledger: host names: host/native/bp.lisp:196: fnn-accept-loop: defined in host/native/io.lisp, which this file neither includes nor `ld`s: it resolves only because something else loaded that file into the same session first
WARN: ledger: host names: host/native/bp.lisp:196: fnn-err: defined in host/native/io.lisp, which this file neither includes nor `ld`s: it resolves only because something else loaded that file into the same session first
WARN: ledger: host names: host/native/bp.lisp:286: fnn-tcl-number: defined in host/native/tcpcl.lisp, which this file neither includes nor `ld`s: it resolves only because something else loaded that file into the same session first
WARN: ledger: host names: host/native/bp.lisp:286: fnn-tcl-arg: defined in host/native/tcpcl.lisp, which this file neither includes nor `ld`s: it resolves only because something else loaded that file into the same session first
WARN: ledger: host names: host/native/bp.lisp:343: fnn-register-verb: defined in host/native/io.lisp, which this file neither includes nor `ld`s: it resolves only because something else loaded that file into the same session first
WARN: ledger: hand-written record: books/bp-ingress.lisp:87: fn-bpi-context-shapep: hand-written record: 2 shape predicate(s) (fn-bpi-context-shapep, fn-bpi-policy-shapep) and 14 one-argument selector accessors over `x` are written out; books/defrecord.lisp generates this pattern with fn-defrecord
WARN: ledger: hand-written record: books/bp-receipt.lisp:14: fn-bpr-config-shapep: hand-written record: 4 shape predicate(s) (fn-bpr-config-shapep, fn-bpr-context-shapep, fn-bpr-receipt-entry-shapep, fn-bpr-state-shapep) and 19 one-argument selector accessors over `x` are written out; books/defrecord.lisp generates this pattern with fn-defrecord
WARN: ledger: hand-written record: books/cbor.lisp:83: fn-cbor-result-shapep: hand-written record: 1 shape predicate(s) (fn-cbor-result-shapep) and 4 one-argument selector accessors over `x` are written out; books/defrecord.lisp generates this pattern with fn-defrecord
WARN: ledger: hand-written record: books/checkpoint.lisp:18: fn-checkpoint-shapep: hand-written record: 1 shape predicate(s) (fn-checkpoint-shapep) and 5 one-argument selector accessors over `x` are written out; books/defrecord.lisp generates this pattern with fn-defrecord
WARN: ledger: hand-written record: books/ideal.lisp:32: fn-ideal-state-shapep: hand-written record: 1 shape predicate(s) (fn-ideal-state-shapep) and 7 one-argument selector accessors over `x` are written out; books/defrecord.lisp generates this pattern with fn-defrecord
WARN: ledger: hand-written record: books/injection.lisp:381: fn-inj-config-shapep: hand-written record: 2 shape predicate(s) (fn-inj-config-shapep, fn-inj-decision-shapep) and 16 one-argument selector accessors over `x` are written out; books/defrecord.lisp generates this pattern with fn-defrecord
WARN: ledger: hand-written record: books/nntp-auth.lisp:96: fn-auth-config-shapep: hand-written record: 3 shape predicate(s) (fn-auth-config-shapep, fn-auth-cred-shapep, fn-auth-session-shapep) and 14 one-argument selector accessors over `x` are written out; books/defrecord.lisp generates this pattern with fn-defrecord
WARN: ledger: hand-written record: books/nntp-post.lisp:59: fn-post-result-shapep: hand-written record: 2 shape predicate(s) (fn-post-result-shapep, fn-post-session-shapep) and 5 one-argument selector accessors over `x` are written out; books/defrecord.lisp generates this pattern with fn-defrecord
WARN: ledger: hand-written record: books/owner-config.lisp:47: fn-ocfg-shapep: hand-written record: 1 shape predicate(s) (fn-ocfg-shapep) and 4 one-argument selector accessors over `x` are written out; books/defrecord.lisp generates this pattern with fn-defrecord
WARN: ledger: hand-written record: books/owner.lisp:90: fn-own-conn-shapep: hand-written record: 5 shape predicate(s) (fn-own-conn-shapep, fn-own-group-fact-shapep, fn-own-shapep, fn-own-sub-shapep, fn-own-view-shapep) and 6 one-argument selector accessors over `x` are written out; books/defrecord.lisp generates this pattern with fn-defrecord
WARN: ledger: hand-written record: books/peer-feed.lisp:143: fn-feed-entry-shapep: hand-written record: 3 shape predicate(s) (fn-feed-entry-shapep, fn-feed-limits-shapep, fn-feed-shapep) and 15 one-argument selector accessors over `x` are written out; books/defrecord.lisp generates this pattern with fn-defrecord
WARN: ledger: hand-written record: books/peer-inbound.lisp:63: fn-peer-decision-shapep: hand-written record: 3 shape predicate(s) (fn-peer-decision-shapep, fn-peer-session-shapep, fn-peer-submission-shapep) and 10 one-argument selector accessors over `x` are written out; books/defrecord.lisp generates this pattern with fn-defrecord
WARN: ledger: hand-written record: books/records.lisp:218: fn-record-parse-shapep: hand-written record: 1 shape predicate(s) (fn-record-parse-shapep) and 3 one-argument selector accessors over `result` are written out; books/defrecord.lisp generates this pattern with fn-defrecord
WARN: ledger: hand-written record: books/replay.lisp:52: fn-replay-fault-shapep: hand-written record: 2 shape predicate(s) (fn-replay-fault-shapep, fn-replay-ok-shapep) and 4 one-argument selector accessors over `x` are written out; books/defrecord.lisp generates this pattern with fn-defrecord
WARN: ledger: hand-written record: books/served.lisp:72: fn-served-conn-shapep: hand-written record: 2 shape predicate(s) (fn-served-conn-shapep, fn-served-result-shapep) and 8 one-argument selector accessors over `x` are written out; books/defrecord.lisp generates this pattern with fn-defrecord
WARN: ledger: hand-written record: books/store-files.lisp:279: fn-sf-phase-shapep: hand-written record: 1 shape predicate(s) (fn-sf-phase-shapep) and 8 one-argument selector accessors over `s` are written out; books/defrecord.lisp generates this pattern with fn-defrecord
WARN: ledger: hand-written record: books/stx-index.lisp:195: fn-stx-index-shapep: hand-written record: 1 shape predicate(s) (fn-stx-index-shapep) and 3 one-argument selector accessors over `x` are written out; books/defrecord.lisp generates this pattern with fn-defrecord
WARN: ledger: hand-written record: books/tcpcl-records.lisp:18: fn-tcl-contact-shapep: hand-written record: 15 shape predicate(s) (fn-tcl-contact-shapep, fn-tcl-inbound-shapep, fn-tcl-item-shapep, fn-tcl-keepalive-shapep, fn-tcl-msg-reject-shapep, fn-tcl-negotiated-shapep, fn-tcl-outbound-shapep, fn-tcl-params-shapep, fn-tcl-result-shapep, fn-tcl-sess-init-shapep, fn-tcl-sess-term-shapep, fn-tcl-session-shapep, fn-tcl-xfer-ack-shapep, fn-tcl-xfer-refuse-shapep, fn-tcl-xfer-segment-shapep) and 62 one-argument selector accessors over `x` are written out; books/defrecord.lisp generates this pattern with fn-defrecord
Scaffold OK: 269 Markdown files, 57 requirements, 36 proof targets, 25 scenario specifications.
Ledger OK: cited events exist, are not SUSPECT, and planning/ledger.md is current.
Ledger lints: 239 warnings (export hygiene, teeth form, hand-written record, include hygiene, host names); see planning/ledger.json.
v0 matrix OK: 190 rows at c3b99f8, 111 accepted, 25 refused, 2 uncertain, 29 not exercised, 23 not built, 10 disagreed; the rows match their digest.
Structural checks only; no ACL2 certification or scenario execution performed.
python3 tools/host_check.py
host_check: SKIPPED -- FN_ACL2 is unset or does not name an executable, so no host file was loaded.  This check is not evidence until it runs with a real ACL2.
python3 tools/transcribe_check.py
syscall-drift: checkpoint:select() issues [':create', ':write-all', ':fsync-file', ':rename', ':unlink', ':fsync-dir'] and fn-bs-checkpoint-select-program has [':create', ':write-all', ':fsync-file', ':rename', ':fsync-dir']
syscall-drift: receipt:publish() issues [':create', ':fsync-file', ':write-all', ':link', ':fsync-dir', ':unlink'] and fn-bs-receipt-program has [':create', ':write-all', ':fsync-file', ':link', ':fsync-dir', ':unlink']
syscall-drift: store:initialize() issues [':fsync-dir', ':fsync-file', ':fsync-file', ':fsync-file', ':fsync-dir', ':fsync-dir', ':fsync-dir'] and fn-bs-init-program has [':mkdir', ':mkdir', ':mkdir', ':fsync-file', ':fsync-file', ':fsync-dir', ':fsync-dir', ':fsync-dir']
syscall-drift: workflow:publish() issues [':create', ':write-all', ':fsync-file', ':unlink', ':link', ':fsync-dir', ':unlink'] and fn-bs-workflow-program has [':create', ':write-all', ':fsync-file', ':link', ':fsync-dir', ':unlink']
syscall-drift: workflow:stage_inbound() issues [':fsync-dir', ':create', ':fsync-file', ':write-all', ':link', ':fsync-dir', ':unlink'] and fn-bs-inbox-program has [':create', ':write-all', ':fsync-file', ':link', ':fsync-dir', ':unlink']
unmodelled: receive:_delete_after_decision(): bpa-deleted -- BPA delete only: a transport side effect outside the storage model
unmodelled: receive:_durably_decide(): receipt-intent,receipt-committed,receipt-regenerated -- receipt decision machine over the receipt journal; its storage boundary is receipt:publish
unmodelled: receive:receive_bpa_request(): staged,context-persisted,store-published,context-persisted -- composite receiver: its cuts are store and journal cuts in sequence, not a storage program of its own (crash model v2 §3.4 covers the journals it drives)
unmodelled: workflow:retry_staged_delete(): inbound-retry-deleted -- retry_staged_delete issues no storage syscall: its only boundary is the BPA delete, a transport side effect outside the storage model
transcriptions=10 fidelity-defects=0 missing-host-cuts=0 syscall-drift=5 unmodelled=4
python3 tools/session_depth.py
/private/tmp/fn-review-wt-7413733/books/owner-invariants.lisp:1416: CHAIN: defthm fn-own-conn-boundedp-is-post-session: a hand-spelled walk fn-auth-session-base then fn-peer-session-base: say fn-auth-post-session instead
/private/tmp/fn-review-wt-7413733/books/owner-invariants.lisp:1440: CHAIN: local: a hand-spelled walk fn-auth-session-base then fn-peer-session-base: say fn-auth-post-session instead
/private/tmp/fn-review-wt-7413733/books/owner-invariants.lisp:1486: CHAIN: local: a hand-spelled walk fn-peer-session-base then fn-post-session-base: say fn-peer-reader-session instead
/private/tmp/fn-review-wt-7413733/books/owner-invariants.lisp:1487: CHAIN: local: a hand-spelled walk fn-auth-session-base then fn-peer-session-base: say fn-auth-post-session instead
/private/tmp/fn-review-wt-7413733/books/owner-invariants.lisp:1491: CHAIN: local: a hand-spelled walk fn-peer-session-base then fn-post-session-base: say fn-peer-reader-session instead
/private/tmp/fn-review-wt-7413733/books/owner-invariants.lisp:1492: CHAIN: local: a hand-spelled walk fn-auth-session-base then fn-peer-session-base: say fn-auth-post-session instead
/private/tmp/fn-review-wt-7413733/books/owner-invariants.lisp:1496: CHAIN: local: a hand-spelled walk fn-auth-session-base then fn-peer-session-base: say fn-auth-post-session instead
/private/tmp/fn-review-wt-7413733/books/owner-invariants.lisp:1511: CHAIN: local: a hand-spelled walk fn-peer-session-base then fn-post-session-base: say fn-peer-reader-session instead
/private/tmp/fn-review-wt-7413733/books/owner-invariants.lisp:1512: CHAIN: local: a hand-spelled walk fn-auth-session-base then fn-peer-session-base: say fn-auth-post-session instead
/private/tmp/fn-review-wt-7413733/books/owner-invariants.lisp:1516: CHAIN: local: a hand-spelled walk fn-peer-session-base then fn-post-session-base: say fn-peer-reader-session instead
/private/tmp/fn-review-wt-7413733/books/owner-invariants.lisp:1517: CHAIN: local: a hand-spelled walk fn-auth-session-base then fn-peer-session-base: say fn-auth-post-session instead
/private/tmp/fn-review-wt-7413733/books/owner-invariants.lisp:1526: CHAIN: local: a hand-spelled walk fn-peer-session-base then fn-post-session-base: say fn-peer-reader-session instead
/private/tmp/fn-review-wt-7413733/books/owner-invariants.lisp:1527: CHAIN: local: a hand-spelled walk fn-auth-session-base then fn-peer-session-base: say fn-auth-post-session instead
/private/tmp/fn-review-wt-7413733/books/owner-invariants.lisp:1531: CHAIN: local: a hand-spelled walk fn-peer-session-base then fn-post-session-base: say fn-peer-reader-session instead
/private/tmp/fn-review-wt-7413733/books/owner-invariants.lisp:1532: CHAIN: local: a hand-spelled walk fn-auth-session-base then fn-peer-session-base: say fn-auth-post-session instead
/private/tmp/fn-review-wt-7413733/books/owner-invariants.lisp:1536: CHAIN: local: a hand-spelled walk fn-auth-session-base then fn-peer-session-base: say fn-auth-post-session instead
/private/tmp/fn-review-wt-7413733/books/owner-invariants.lisp:1631: CHAIN: local: a hand-spelled walk fn-peer-session-base then fn-post-session-base: say fn-peer-reader-session instead
/private/tmp/fn-review-wt-7413733/books/owner-invariants.lisp:1632: CHAIN: local: a hand-spelled walk fn-auth-session-base then fn-peer-session-base: say fn-auth-post-session instead
/private/tmp/fn-review-wt-7413733/books/owner-invariants.lisp:1637: CHAIN: local: a hand-spelled walk fn-peer-session-base then fn-post-session-base: say fn-peer-reader-session instead
/private/tmp/fn-review-wt-7413733/books/owner-invariants.lisp:1638: CHAIN: local: a hand-spelled walk fn-auth-session-base then fn-peer-session-base: say fn-auth-post-session instead
/private/tmp/fn-review-wt-7413733/books/owner-invariants.lisp:1643: CHAIN: local: a hand-spelled walk fn-auth-session-base then fn-peer-session-base: say fn-auth-post-session instead
/private/tmp/fn-review-wt-7413733/books/owner-invariants.lisp:1764: CHAIN: defthm fn-own-durable-reply-names-a-durable-record: a hand-spelled walk fn-auth-session-base then fn-peer-session-base: say fn-auth-post-session instead
/private/tmp/fn-review-wt-7413733/books/owner-invariants.lisp:1775: CHAIN: defthm fn-own-durable-reply-names-a-durable-record: a hand-spelled walk fn-auth-session-base then fn-peer-session-base: say fn-auth-post-session instead
/private/tmp/fn-review-wt-7413733/tests/acl2/served-tests.lisp:231: ARGUMENT: assert-event: fn-post-sessionp argument 0 wants a post session, (fn-served-conn-session *fn-t-served-forged*) is auth [waived: the point of this witness is a session at the WRONG level]
/private/tmp/fn-review-wt-7413733/tests/acl2/served-tests.lisp:542: ARGUMENT: assert-event: fn-peer-sessionp argument 0 wants a peer session, (fn-served-conn-session *fn-t-served-conn*) is auth [waived: the whole point of this line is that the served session]
/private/tmp/fn-review-wt-7413733/tests/acl2/served-tests.lisp:582: ARGUMENT: assert-event: fn-peer-transit-outcome argument 0 wants a peer session, (fn-served-conn-session *fn-t-served-conn*) is auth [waived: this assertion deliberately calls fn-peer-transit-outcome]
session_depth: 304 books, 112 typed formals, 0 defects, 23 hand-spelled walks, 0 open elsewhere, 3 waived, 0 conflicting formals
python3 tools/evidence_manifests.py check
certification run ids cited in tracked files: 325; manifests committed under planning/evidence/manifests/: 148; cited and resolvable: 148; cited and unresolvable: 177, of which 177 are the recorded backlog in planning/evidence/manifests/LOST.txt
python3 tools/teeth_check.py --summary
teeth: 5627 assert-events in 98 test books (535 guard-world audits, 5092 witnesses), values not evaluated (run --evaluate)
teeth: 85 keystones have two or more hypotheses and a test book names 16 of them, so one-must-fail-per-hypothesis is unchecked for 69
teeth: 1 hypotheses-without-teeth
teeth: 23 keystone-without-witness
teeth: 8 no-subject
teeth: 37 predicate-never-anchored
python3 tools/cite_check.py --summary --strict
cite_check: 72 citations of 46 absent paths (54 phantom, 18 drift); by citer: 0 load-bearing, 35 spec, 1 tool, 36 planning; 32 annotated, 116 catalogue, 268 placeholder, 1 wrapped, 33 prose, 14 system, 239 fixture, 211 record not raised.
