$ fn bp-node serve 49607 /tank/fn/scratch/signed-receipts/final/relay1-flipped/a-fnbs /tank/fn/scratch/signed-receipts/final/relay1-flipped/a-store /tank/fn/scratch/signed-receipts/final/relay1-flipped/a-fnrj /tank/fn/scratch/signed-receipts/final/relay1-flipped/a-fnwf dtn://sender/ dtn://receiver/ dtn://sender/ native-policy dtn://sender/ 127.0.0.1 38633 0 3600000 2 32 1048576 843614749472 60000
BP FNBS recovered held=0
BP queue recovered jobs=1
BP NODE LISTENING 49607
TCPCL bp-node event (:SEND :CONTACT 6)
TCPCL bp-node event (:SEND :SESS-INIT 38)
TCPCL bp-node event (:SESSION-UP 10 64000 64000 NIL)
TCPCL bp-node event (:SEND :XFER-ACK 18)
TCPCL bp-node event (:SEND :XFER-ACK 18)
TCPCL bp-node event (:SEND :XFER-ACK 18)
TCPCL bp-node event (:SEND :XFER-ACK 18)
TCPCL bp-node event (:BUNDLE-RECEIVED 1 3781)
BP accepted xfer=1 adu=3655 path=/tank/fn/scratch/signed-receipts/final/relay1-flipped/a-fnbs/lifecycle/00000000000000000001-00000000000000000000.fnb
TCPCL bp-node accepted xfer=1 path=/tank/fn/scratch/signed-receipts/final/relay1-flipped/a-fnbs/lifecycle/00000000000000000001-00000000000000000000.fnb
TCPCL bp-node event (:SEND :SESS-TERM 3)
TCPCL bp-node event (:PEER-TERMINATING 1)
TCPCL bp-node event (:CLOSE)
TCPCL bp-node summary accepted=1 refused=0 uncertain=0 phase=closed
BP node source carried carrier=return-boundary author=receiver-author
BP node release signature-refused carrier=return-boundary issuer=dtn://receiver/
BP application handoff durable
BP node delivery receipt-refused
