$ fn bp-node serve 42443 /tank/fn/scratch/signed-receipts/final/relay1-flipped/b-fnbs /tank/fn/scratch/signed-receipts/final/relay1-flipped/b-store /tank/fn/scratch/signed-receipts/final/relay1-flipped/b-fnrj /tank/fn/scratch/signed-receipts/final/relay1-flipped/b-fnwf dtn://receiver/ dtn://sender/ dtn://receiver/ native-policy dtn://receiver/ 127.0.0.1 32953 0 3600000 2 32 1048576 843614749472 60000 0 /tank/fn/scratch/signed-receipts/final/relay1-flipped/b-signer
BP FNBS recovered held=0
BP queue recovered jobs=0
BP NODE LISTENING 42443
TCPCL bp-node event (:SEND :CONTACT 6)
TCPCL bp-node event (:SEND :SESS-INIT 40)
TCPCL bp-node event (:SESSION-UP 10 64000 64000 NIL)
TCPCL bp-node event (:SEND :XFER-ACK 18)
TCPCL bp-node event (:SEND :XFER-ACK 18)
TCPCL bp-node event (:SEND :XFER-ACK 18)
TCPCL bp-node event (:SEND :XFER-ACK 18)
TCPCL bp-node event (:SEND :XFER-ACK 18)
TCPCL bp-node event (:SEND :XFER-ACK 18)
TCPCL bp-node event (:SEND :XFER-ACK 18)
TCPCL bp-node event (:BUNDLE-RECEIVED 1 6438)
BP accepted xfer=1 adu=6314 path=/tank/fn/scratch/signed-receipts/final/relay1-flipped/b-fnbs/lifecycle/00000000000000000001-00000000000000000000.fnb
TCPCL bp-node accepted xfer=1 path=/tank/fn/scratch/signed-receipts/final/relay1-flipped/b-fnbs/lifecycle/00000000000000000001-00000000000000000000.fnb
TCPCL bp-node event (:SEND :SESS-TERM 3)
TCPCL bp-node event (:PEER-TERMINATING 1)
TCPCL bp-node event (:CLOSE)
TCPCL bp-node summary accepted=1 refused=0 uncertain=0 phase=closed
BP node source carried carrier=ingress-boundary author=sender-author
BP application handoff durable
BP node delivery request-accepted
BP node receipt signed principal=4242424242424242 octets=3655
BP queue accepted work=bp-receipt:receipt:work-bp-node:0 attempt=return generation=0 status=durable
BP node receipt queued id=receipt:work-bp-node
