profile=dtn image=build/fn-host-dtn roots=121 result=loaded
built build/fn-host-dtn-developer profile=developer (125M core)
developer undefined lines: 0
built build/fn-host-dtn-production profile=production (125M core)
production undefined lines: 0
profile=default image=build/fn-host roots=135 result=loaded
built build/fn-host profile=production (126M core)
30f4104104ec35bf673ec3f79c8693d1e066eefa3627279a2983cf1b2eeff462  build/fn-host-dtn-developer
a1cdc25a0da82afae8316d9e0468b24a2bf922a1278181237e377c219ebbc943  build/fn-host-dtn-developer.core
359e7a993b8d2c0af8b909a8f729f096e23965e3a5f53756e4b01d9c6692338e  build/fn-host-dtn-production
a9d0b6b4a16a26ee81ec81b2ffdaaf054a1698ebfe2dd2c050ce39bf83fb16f0  build/fn-host-dtn-production.core
2919ac30a8977b14cd43003bcf3ca33767679ad3fcb2b7c59938b8ab6fe9f10b  build/fn-host
ee27d5847e717b0f0ba195fb523bc37d8b2b24191cdce85764881b675987cd94  build/fn-host.core
test_bp_node_native rc=1 wall=826s
FAILED (failures=12)
test_bp_fragment_node_native rc=0 wall=64s
OK
lab-r1-present rc=0 wall=75s
lab-r1-removed rc=0 wall=76s
lab-r0-fragment rc=0 wall=59s
lab-r3-present rc=0 wall=71s
lab-r3-signed rc=1 wall=174s
ALLDONE
