fn-host: OK
fn-host.core: OK
fn-host-developer: OK
fn-host-developer.core: OK
fn-host-dtn: OK
fn-host-dtn.core: OK
fn-host-dtn-developer: OK
fn-host-dtn-developer.core: OK
lib/libsodium.so.23: OK
openssl/lib/libcrypto.so.3: OK
openssl/lib/libssl.so.3: OK
runtime/sbcl: OK
runtime/sbcl-home/contrib/asdf.fasl: OK
runtime/sbcl-home/contrib/sb-aclrepl.asd: OK
runtime/sbcl-home/contrib/sb-aclrepl.fasl: OK
runtime/sbcl-home/contrib/sb-bsd-sockets.asd: OK
runtime/sbcl-home/contrib/sb-bsd-sockets.fasl: OK
runtime/sbcl-home/contrib/sb-capstone.asd: OK
runtime/sbcl-home/contrib/sb-capstone.fasl: OK
runtime/sbcl-home/contrib/sb-cltl2.asd: OK
runtime/sbcl-home/contrib/sb-cltl2.fasl: OK
runtime/sbcl-home/contrib/sb-concurrency.asd: OK
runtime/sbcl-home/contrib/sb-concurrency.fasl: OK
runtime/sbcl-home/contrib/sb-cover.asd: OK
runtime/sbcl-home/contrib/sb-cover.fasl: OK
runtime/sbcl-home/contrib/sb-executable.asd: OK
runtime/sbcl-home/contrib/sb-executable.fasl: OK
runtime/sbcl-home/contrib/sb-gmp.asd: OK
runtime/sbcl-home/contrib/sb-gmp.fasl: OK
runtime/sbcl-home/contrib/sb-grovel.asd: OK
runtime/sbcl-home/contrib/sb-grovel.fasl: OK
runtime/sbcl-home/contrib/sb-introspect.asd: OK
runtime/sbcl-home/contrib/sb-introspect.fasl: OK
runtime/sbcl-home/contrib/sb-manual.asd: OK
runtime/sbcl-home/contrib/sb-manual.fasl: OK
runtime/sbcl-home/contrib/sb-md5.asd: OK
runtime/sbcl-home/contrib/sb-md5.fasl: OK
runtime/sbcl-home/contrib/sb-mpfr.asd: OK
runtime/sbcl-home/contrib/sb-mpfr.fasl: OK
runtime/sbcl-home/contrib/sb-perf.asd: OK
runtime/sbcl-home/contrib/sb-perf.fasl: OK
runtime/sbcl-home/contrib/sb-posix.asd: OK
runtime/sbcl-home/contrib/sb-posix.fasl: OK
runtime/sbcl-home/contrib/sb-queue.asd: OK
runtime/sbcl-home/contrib/sb-queue.fasl: OK
runtime/sbcl-home/contrib/sb-rotate-byte.asd: OK
runtime/sbcl-home/contrib/sb-rotate-byte.fasl: OK
runtime/sbcl-home/contrib/sb-rt.asd: OK
runtime/sbcl-home/contrib/sb-rt.fasl: OK
runtime/sbcl-home/contrib/sb-simd.asd: OK
runtime/sbcl-home/contrib/sb-simd.fasl: OK
runtime/sbcl-home/contrib/sb-simple-streams.asd: OK
runtime/sbcl-home/contrib/sb-simple-streams.fasl: OK
runtime/sbcl-home/contrib/sb-sprof.asd: OK
runtime/sbcl-home/contrib/sb-sprof.fasl: OK
runtime/sbcl-home/contrib/uiop.fasl: OK
runtime/sbcl-home/sbcl.core: OK
runtime/sbcl-home/sbcl.mk: OK
rc=0
