iteration 0 single late 87.2
iteration 1 single window 58.81
iteration 2 single over-limit 26.55
iteration 3 single window 49.38
iteration 4 single early 3.56
iteration 5 single late 64.45
iteration 6 single over-limit 6.75
iteration 7 single early 18.4
iteration 8 single window 50.44
iteration 9 single early 20.33
iteration 10 single late 72.78
iteration 11 single early 20.58
iteration 12 single mid-article 3.75
iteration 13 single window 23.76
iteration 14 single window 61.05
iteration 15 single window 54.41
iteration 16 concurrent early 0.11
iteration 17 single late 110.21
iteration 18 concurrent window 58.75
iteration 19 single window 24.09
iteration 20 concurrent window 54.68
iteration 21 single mid-article 3.7
iteration 22 single late 86.03
iteration 23 single window 56.06
iteration 24 single window 38.79
iteration 25 single mid-article 13.5
iteration 26 single window 70.79
iteration 27 single window 60.92
iteration 28 single over-limit 7.63
iteration 29 concurrent window 75.38
iteration 30 single window 61.47
iteration 31 single window 24.21
iteration 32 single window 45.03
iteration 33 single window 46.29
iteration 34 concurrent window 55.94
iteration 35 single window 26.6
iteration 36 single window 51.0
iteration 37 single over-limit 10.1
iteration 38 single window 40.98
iteration 39 single window 34.54
iteration 40 single late 76.73
iteration 41 single window 52.9
iteration 42 single late 90.26
iteration 43 concurrent window 51.64
iteration 44 concurrent late 85.16
iteration 45 single window 52.61
iteration 46 concurrent early 1.21
iteration 47 single early 13.88
iteration 48 single early 5.43
iteration 49 single early 35.98
iteration 50 single late 86.26
iteration 51 single over-limit 4.84
iteration 52 single early 27.67
iteration 53 single late 81.8
iteration 54 single mid-article 4.45
iteration 55 single window 38.5
iteration 56 single early 14.82
iteration 57 single early 6.73
iteration 58 single mid-article 1.94
iteration 59 single window 49.28
iteration 60 single early 13.53
iteration 61 single window 63.94
iteration 62 single window 46.76
iteration 63 single over-limit 21.19
iteration 64 single window 41.32
iteration 65 single early 14.74
iteration 66 single window 59.7
iteration 67 single early 15.42
iteration 68 concurrent window 46.07
iteration 69 single late 84.98
iteration 70 single mid-article 16.26
iteration 71 single mid-article 5.28
iteration 72 single early 23.35
iteration 73 single window 48.4
iteration 74 single window 37.22
iteration 75 single late 90.82
iteration 76 single window 69.52
iteration 77 concurrent late 96.21
iteration 78 single late 94.09
iteration 79 single early 8.66
iteration 80 single early 20.19
iteration 81 single mid-article 17.11
iteration 82 single late 88.46
iteration 83 single window 59.6
iteration 84 single late 89.78
iteration 85 single early 9.68
iteration 86 single early 4.49
iteration 87 single window 43.89
iteration 88 single early 26.65
iteration 89 single window 69.1
	Command being timed: "python3 -m tests.campaign.native_production_kill run --image /tank/fn/gates/qual-69046a76-20260926/build/images/69046a76798b8be6169eeed5a66cc46fbe399e51/fn-host --work /tank/fn/scratch/qual-69046a76/campaign/pk-work --out /tank/fn/scratch/qual-69046a76/campaign/pk-run.json --seed 3 --kills 80 --concurrent 10"
	User time (seconds): 128.44
	System time (seconds): 29.83
	Percent of CPU this job got: 88%
	Elapsed (wall clock) time (h:mm:ss or m:ss): 2:58.17
	Average shared text size (kbytes): 0
	Average unshared data size (kbytes): 0
	Average stack size (kbytes): 0
	Average total size (kbytes): 0
	Maximum resident set size (kbytes): 518760
	Average resident set size (kbytes): 0
	Major (requiring I/O) page faults: 5
	Minor (reclaiming a frame) page faults: 18703152
	Voluntary context switches: 19869
	Involuntary context switches: 3943
	Swaps: 0
	File system inputs: 1863971
	File system outputs: 40538
	Socket messages sent: 0
	Socket messages received: 0
	Signals delivered: 0
	Page size (bytes): 4096
	Exit status: 0
rc=0
