init rc 0 initialized /tank/fn/scratch/qual-b6759850/ckpt/maxart/store

size 1000 article octets 1000 -> 240 article received OK
size 70000 article octets 70000 -> 441 posting failed; the article exceeds the configured size
size 35500 article octets 35500 -> 441 posting failed; the article exceeds the configured size
size 18250 article octets 18250 -> 240 article received OK
size 26875 article octets 26875 -> 240 article received OK
size 31187 article octets 31187 -> 240 article received OK
size 33343 article octets 33343 -> 441 posting failed; the article exceeds the configured size
size 32265 article octets 32265 -> 240 article received OK
size 32804 article octets 32804 -> 441 posting failed; the article exceeds the configured size
size 32534 article octets 32534 -> 240 article received OK
size 32669 article octets 32669 -> 240 article received OK
size 32736 article octets 32736 -> 441 posting failed; the article exceeds the configured size
size 32702 article octets 32702 -> 441 posting failed; the article exceeds the configured size
size 32685 article octets 32685 -> 240 article received OK
size 32693 article octets 32693 -> 240 article received OK
size 32697 article octets 32697 -> 441 posting failed; the article exceeds the configured size
size 32695 article octets 32695 -> 441 posting failed; the article exceeds the configured size
size 32694 article octets 32694 -> 441 posting failed; the article exceeds the configured size
LARGEST-ADMITTED 32693 REFUSED-AT 32694 {"1000": [1000, "240 article received OK"], "18250": [18250, "240 article received OK"], "26875": [26875, "240 article received OK"], "31187": [31187, "240 article received OK"], "32265": [32265, "240 article received OK"], "32534": [32534, "240 article received OK"], "32669": [32669, "240 article received OK"], "32685": [32685, "240 article received OK"], "32693": [32693, "240 article received OK"], "32694": [32694, "441 posting failed; the article exceeds the configured size"], "32695": [32695, "441 posting failed; the article exceeds the configured size"], "32697": [32697, "441 posting failed; the article exceeds the configured size"], "32702": [32702, "441 posting failed; the article exceeds the configured size"], "32736": [32736, "441 posting failed; the article exceeds the configured size"], "32804": [32804, "441 posting failed; the article exceeds the configured size"], "33343": [33343, "441 posting failed; the article exceeds the configured size"], "35500": [35500, "441 posting failed; the article exceeds the configured size"], "70000": [70000, "441 posting failed; the article exceeds the configured size"]}
transactions=9 articles=9 staging-orphans=0 unsigned-legacy-experiment
profile format=8 max-transactions=4096 max-history-octets=805306368 max-record-octets=17138486 max-article-octets=32768 max-groups-per-article=65535 max-group-name-octets=256 max-open-suffix=4096 max-consumers=1048576 max-bp-rows=1048576 max-config-generations=1048576 max-credentials=1048576 max-policy-members=1048576 history-marker=unmarked
open-cost replay-records=4096 list-memory-octets=25769803776
headroom transactions-used=9 transactions-budget=4096 bytes-used=243488 history-bound=805306368 charge-reserved=70 charge-capacity=1048576
maintenance-reserve octets=4096 transactions=1 held
open=full-replay reason=absent
reclaim rule=keep-forever reclaimable=0 reclaimable-octets=0 held=0 reclaimed=0 freed-octets=0
checkpoint-file=absent
pins=9 reserved=70 connections=0

rc=0
