== acquire default
attempt 08e32696b2704710 composed: loaded
profile=default image=build/fn-host artifact-set=08e32696b2704710321ed2768637babe7241165f204e16b918d8803f8ca262f6 origin=composed books=375 source=8a11bc3430a956e22b71faa577b6da8bab98df3a68b900ea18d95c49c8aaed38 toolchain=d5f2b9f0d2cf68c6074ea7046f4bd2e560d2984fe22d7e03f93045975ac889f0 rejected=0
== acquire dtn
attempt 2ef4edb7554b6409 composed: loaded
profile=dtn image=build/fn-host-dtn artifact-set=2ef4edb7554b640941c00ab802c0509328c2205993ea1b20157b8f480639fd37 origin=composed books=368 source=4a2356969d7c155d2ad5e54c729f1cfaf5ff101b719a895e5c5fcf6cff16cfea toolchain=d5f2b9f0d2cf68c6074ea7046f4bd2e560d2984fe22d7e03f93045975ac889f0 rejected=0
== validate default
profile=default image=build/fn-host roots=166 result=loaded
== validate dtn
profile=dtn image=build/fn-host-dtn roots=151 result=loaded
== build production
built build/fn-host profile=production (136M core)
== build developer
built build/fn-host-developer profile=developer (136M core)
== build dtn
built build/fn-host-dtn profile=production (133M core)
== build dtn developer
built build/fn-host-dtn-developer profile=developer (133M core)
== freeze
fn-host: OK
fn-host.core: OK
fn-host-developer: OK
fn-host-developer.core: OK
fn-host-dtn: OK
fn-host-dtn.core: OK
fn-host-dtn-developer: OK
fn-host-dtn-developer.core: OK
lib/libsodium.so.23: OK
openssl/lib/libcrypto.so.3: OK
openssl/lib/libssl.so.3: OK
runtime/sbcl: OK
runtime/sbcl-home/contrib/asdf.fasl: OK
runtime/sbcl-home/contrib/sb-aclrepl.asd: OK
runtime/sbcl-home/contrib/sb-aclrepl.fasl: OK
runtime/sbcl-home/contrib/sb-bsd-sockets.asd: OK
runtime/sbcl-home/contrib/sb-bsd-sockets.fasl: OK
runtime/sbcl-home/contrib/sb-capstone.asd: OK
runtime/sbcl-home/contrib/sb-capstone.fasl: OK
runtime/sbcl-home/contrib/sb-cltl2.asd: OK
runtime/sbcl-home/contrib/sb-cltl2.fasl: OK
runtime/sbcl-home/contrib/sb-concurrency.asd: OK
runtime/sbcl-home/contrib/sb-concurrency.fasl: OK
runtime/sbcl-home/contrib/sb-cover.asd: OK
runtime/sbcl-home/contrib/sb-cover.fasl: OK
runtime/sbcl-home/contrib/sb-executable.asd: OK
runtime/sbcl-home/contrib/sb-executable.fasl: OK
runtime/sbcl-home/contrib/sb-gmp.asd: OK
runtime/sbcl-home/contrib/sb-gmp.fasl: OK
runtime/sbcl-home/contrib/sb-grovel.asd: OK
runtime/sbcl-home/contrib/sb-grovel.fasl: OK
runtime/sbcl-home/contrib/sb-introspect.asd: OK
runtime/sbcl-home/contrib/sb-introspect.fasl: OK
runtime/sbcl-home/contrib/sb-manual.asd: OK
runtime/sbcl-home/contrib/sb-manual.fasl: OK
runtime/sbcl-home/contrib/sb-md5.asd: OK
runtime/sbcl-home/contrib/sb-md5.fasl: OK
runtime/sbcl-home/contrib/sb-mpfr.asd: OK
runtime/sbcl-home/contrib/sb-mpfr.fasl: OK
runtime/sbcl-home/contrib/sb-perf.asd: OK
runtime/sbcl-home/contrib/sb-perf.fasl: OK
runtime/sbcl-home/contrib/sb-posix.asd: OK
runtime/sbcl-home/contrib/sb-posix.fasl: OK
runtime/sbcl-home/contrib/sb-queue.asd: OK
runtime/sbcl-home/contrib/sb-queue.fasl: OK
runtime/sbcl-home/contrib/sb-rotate-byte.asd: OK
runtime/sbcl-home/contrib/sb-rotate-byte.fasl: OK
runtime/sbcl-home/contrib/sb-rt.asd: OK
runtime/sbcl-home/contrib/sb-rt.fasl: OK
runtime/sbcl-home/contrib/sb-simd.asd: OK
runtime/sbcl-home/contrib/sb-simd.fasl: OK
runtime/sbcl-home/contrib/sb-simple-streams.asd: OK
runtime/sbcl-home/contrib/sb-simple-streams.fasl: OK
runtime/sbcl-home/contrib/sb-sprof.asd: OK
runtime/sbcl-home/contrib/sb-sprof.fasl: OK
runtime/sbcl-home/contrib/uiop.fasl: OK
runtime/sbcl-home/sbcl.core: OK
runtime/sbcl-home/sbcl.mk: OK
474ad73cfe2cf4260a6ece6fc3afcdab485a4b69539d701e5f0ae702daf14ac7  /tank/fn/gates/friends-peer-r1/build/images/8fb3768e84393929efab4f6ec4e975fd8bcf1f9d/fn-host-developer.core
6adb842765fb095ecbaf779032968780ab2e32611a4c435112ce77b583814dea  /tank/fn/gates/friends-peer-r1/build/images/8fb3768e84393929efab4f6ec4e975fd8bcf1f9d/fn-host-dtn-developer.core
2f26a76510d17cb9518ce7082343fe6496c253637f9bd1346df49e9223a094ac  /tank/fn/gates/friends-peer-r1/build/images/8fb3768e84393929efab4f6ec4e975fd8bcf1f9d/fn-host-dtn.core
7d58345ef1e7581e77d199b8ad7a2e7a3b2a4b622724dbb756ac9507523c70d4  /tank/fn/gates/friends-peer-r1/build/images/8fb3768e84393929efab4f6ec4e975fd8bcf1f9d/fn-host.core
b115fe956aadee603459fac401e1ff2cc39321e14848544a0fe438788a2fc6d5  /tank/fn/gates/friends-peer-r1/build/images/8fb3768e84393929efab4f6ec4e975fd8bcf1f9d/runtime/sbcl
14d40ec690d4d2e4d49f95d9509ec8b3112c39089f9ad11fa8bde42796b99190  /tank/fn/gates/friends-peer-r1/build/images/8fb3768e84393929efab4f6ec4e975fd8bcf1f9d/openssl/lib/libcrypto.so.3
bb2d12bec3c53f997b5edf5e4ac3ed24584412008070eb731830f29896004ed4  /tank/fn/gates/friends-peer-r1/build/images/8fb3768e84393929efab4f6ec4e975fd8bcf1f9d/openssl/lib/libssl.so.3
7de3e60f9f7df83a7299aa1b8b7a88013ace3233f70c9f63698dd331781d557e  /tank/fn/gates/friends-peer-r1/build/images/8fb3768e84393929efab4f6ec4e975fd8bcf1f9d/lib/libsodium.so.23
9f73da2a84d664516033fb6e944c55b55d1f7206e9599cac46ca2b208de26aa8  /tank/fn/toolchains/w28/acl2-literal-4g
total 35424
drwxrwxr-x 5 hbox hbox        15 Sep 26 03:25 .
drwxrwxr-x 3 hbox hbox         3 Sep 26 03:24 ..
-rw-rw-r-- 1 hbox hbox     59509 Sep 26 03:25 build-source.sha256
-rwxr-xr-x 1 hbox hbox       544 Sep 26 03:24 fn-host
-rw-rw-r-- 1 hbox hbox 373344504 Sep 26 03:21 fn-host.core
-rwxr-xr-x 1 hbox hbox       554 Sep 26 03:25 fn-host-developer
-rw-rw-r-- 1 hbox hbox 373344504 Sep 26 03:22 fn-host-developer.core
-rwxr-xr-x 1 hbox hbox       548 Sep 26 03:25 fn-host-dtn
-rw-rw-r-- 1 hbox hbox 362660688 Sep 26 03:23 fn-host-dtn.core
-rwxr-xr-x 1 hbox hbox       558 Sep 26 03:25 fn-host-dtn-developer
-rw-rw-r-- 1 hbox hbox 362660688 Sep 26 03:24 fn-host-dtn-developer.core
-rw-rw-r-- 1 hbox hbox      5905 Sep 26 03:25 image.sha256
drwxrwxr-x 2 hbox hbox         3 Sep 26 03:24 lib
drwxrwxr-x 3 hbox hbox         3 Sep 26 03:24 openssl
drwxrwxr-x 3 hbox hbox         4 Sep 26 03:24 runtime
== done
IMAGE-BUILD-EXIT 0
