== verify the download
fn-8fb3768e8439-linux-x86_64.tar.gz: OK
== unpack
SHA256SUMS ok
== mission
wrote /home/ember/fn-node-friends/node/fn.toml
accepted operator mission
== tls
== init
initialized /home/ember/fn-node-friends/node/store
accepted operator init
== path identity
configured generation=2 record=00000002.cfg verification=VERIFIED
accepted operator policy
== operator login
Password: Confirm password: ember principal=172aaffef4c349ec0e2136f5dde6ab6aa6e5b393443ed0942b2d6d8cb15a338d posting=true
accepted operator principal set-password effective-at-next-start
== node keys
principal 607792851af81f99899a21cb728087edcb137e42883e11d83e9fc458d4d33033
accepted operator peer
== run
Running as unit: fn-friends-p.service; invocation ID: 8a6ed4f8da984cd1869d89551cd642fd
