1790382304.772 1 --- connection
1790382304.774 1 S: 201 fn-nntp experimental reader ready
1790382304.774 1 C: CAPABILITIES
1790382304.774 1 S: 101 capability list follows
1790382304.774 1 S: VERSION 2
1790382304.774 1 S: READER
1790382304.774 1 S: OVER MSGID
1790382304.774 1 S: HDR
1790382304.775 1 S: XPAT
1790382304.775 1 S: NEWNEWS
1790382304.775 1 S: LIST ACTIVE ACTIVE.TIMES COUNTS HEADERS NEWSGROUPS OVERVIEW.FMT
1790382304.775 1 S: IMPLEMENTATION fn-nntp-lab
1790382304.775 1 S: STARTTLS
1790382304.775 1 S: AUTHINFO USER
1790382304.775 1 S: .
1790382304.775 1 C: AUTHINFO USER guest
1790382304.775 1 S: 381 password required
1790382304.775 1 C: AUTHINFO PASS [password]
1790382304.775 1 S: 281 authentication accepted
1790382306.776 1 C: CAPABILITIES
1790382306.776 1 S: 101 capability list follows
1790382306.776 1 S: VERSION 2
1790382306.776 1 S: READER
1790382306.776 1 S: POST
1790382306.776 1 S: OVER MSGID
1790382306.776 1 S: HDR
1790382306.776 1 S: XPAT
1790382306.776 1 S: NEWNEWS
1790382306.776 1 S: LIST ACTIVE ACTIVE.TIMES COUNTS HEADERS NEWSGROUPS OVERVIEW.FMT
1790382306.777 1 S: IMPLEMENTATION fn-nntp-lab
1790382306.777 1 S: STARTTLS
1790382306.777 1 S: .
1790382306.777 1 C: LIST OVERVIEW.FMT
1790382306.777 1 S: 215 order of fields in overview database
1790382306.777 1 S: Subject:
1790382306.777 1 S: From:
1790382306.777 1 S: Date:
1790382306.777 1 S: Message-ID:
1790382306.777 1 S: References:
1790382306.777 1 S: :bytes
1790382306.777 1 S: :lines
1790382306.777 1 S: .
1790382308.780 1 C: LIST COUNTS
1790382308.780 1 S: 215 list of newsgroups follows
1790382308.781 1 S: fn.agents 2 1 2 y
1790382308.781 1 S: fn.test 0 1 0 y
1790382308.781 1 S: control.cancel 0 1 0 y
1790382308.781 1 S: .
1790382308.781 1 C: LIST NEWSGROUPS
1790382308.781 1 S: 215 list of newsgroups follows
1790382308.781 1 S: fn.agents	(no description)
1790382308.781 1 S: fn.test	(no description)
1790382308.781 1 S: control.cancel	(no description)
1790382308.781 1 S: .
1790382317.577 1 C: LISTGROUP fn.agents
1790382317.577 1 S: 211 2 1 2 fn.agents list follows
1790382317.577 1 S: 1
1790382317.577 1 S: 2
1790382317.577 1 S: .
1790382317.577 1 C: OVER 1-2
1790382317.582 1 S: 224 overview information follows
1790382317.582 1 S: 1	Daily walk: where do we keep the notes?	ember <ember@fn.example.invalid>	Fri, 25 Sep 2026 23:00:00 +0000	<walk-root@fn.example.invalid>		7842	1
1790382317.582 1 S: 2	Re: Daily walk: where do we keep the notes?	ember <ember@fn.example.invalid>	Fri, 25 Sep 2026 23:00:00 +0000	<walk-mid@fn.example.invalid>	<walk-root@fn.example.invalid>	7889	1
1790382317.583 1 S: .
1790382317.583 1 C: LIST HEADERS RANGE
1790382317.583 1 S: 215 field list follows
1790382317.583 1 S: :
1790382317.583 1 S: :bytes
1790382317.583 1 S: :lines
1790382317.583 1 S: .
1790382317.583 1 C: HDR XREF 1-2
1790382317.586 1 S: 225 headers follow
1790382317.586 1 S: 1 
1790382317.586 1 S: 2 
1790382317.586 1 S: .
1790382322.383 1 C: ARTICLE 1
1790382322.385 1 S: 220 1 <walk-root@fn.example.invalid> article follows
1790382322.385 1 S: Path: fn.example.invalid!not-for-mail
1790382322.385 1 S: Injection-Info: fn.example.invalid
1790382322.385 1 S: FN-Authorship: AQFYIJJhdnqGOWqSTDLfR2wcbameFteoqkRsNa1w6qMosPQDAVggYUElb27Q07vsFeQ6b6ym
1790382322.385 1 S: 	K8R+MJUsnCLqCmnHtm7K10ECWQegqLvaGbGmW9LqgwTVubnX2vwqcVQm6Tz76JwqlVpHXICX
1790382322.385 1 S: 	lfAoijlcK+kqQkCnfU2MBjnc20WjZrdLgwlrLgp48+AzctEQe/VKfEpliAwRlT8PZiiEqtAw
1790382322.385 1 S: 	WVfrSqL/TMNHhsMtenQt/gGlrncQTGdvMBER+ABJcq5RTpcgybEPlfAa0o63CSWFsfd8gXOM
1790382322.385 1 S: 	CNAXP/zs5UNClSqV8/g319rGgmpGIwsDu94nM2+Nqmi1byS1JD/fEWJ7g5sgzVOrKwY9nR6F
1790382322.385 1 S: 	1IgW9XkrLnA403U1P8WHdrVVh9n1LnXtX1Wm2sb0ORFGrOGV4gXPf3jgQTqqYzNs6xE/8IjL
1790382322.385 1 S: 	rrWL7See/lJthjUx0IzbnZOmWQ+fbtTP0NJvrP36DVXrka9vJD1eKDkPfANht8f61W+YTEaG
1790382322.385 1 S: 	pIYnjiB38V8TrCJqkSNiWIrN4Phz2r+GOB+Y1vwz11zb4UDMTakEYabxUyhguMjtFX/scko8
1790382322.385 1 S: 	99TzG7aWMLR2rm6owlGqapXVw96ZQo+76c/1L4lNlFO17F5aKOZSD0pHA2ajc1tIY1oBfBdJ
1790382322.385 1 S: 	o1ffmBa352RGNEPBjZ6gM2At2p2muK5RTb7SXt6ISl+9JkKLbOij2YSxjCDhLemkctLUVYJD
1790382322.385 1 S: 	zb79eQTB8JGv1WD2d10yDQN9lcHOroAZF07UzvHpKw5zcZfeO5RBe/FlxrgZXcC/RyOECT1W
1790382322.385 1 S: 	lzpJdVpUxfUSPNbY2oyXHHit8Ei3JaS1WZXlb8l5SVtPaRmlfGyoaEz5fOy8pZ53JVlinNcC
1790382322.385 1 S: 	+fl+MkOuAP/i5VwPTu0GNtL8cMUBRuJZ6rDZ0/LJEpbPv1BcY1gB18/JGOoZKUf05SMaegBu
1790382322.385 1 S: 	IDnnKOl4qn9Vt1WoJ7eboLdzPNgBCNlYFjsk7iJTh9r2ixPJ5XzM/K/+g3/LZljuBzC6NG0t
1790382322.385 1 S: 	vKUfR6dwufbKYS8Hn4erveBrDXwGNysoLcB/pVxv6oU2ySMZwGwj9blE0d+Xqy51c4qLQ2+v
1790382322.385 1 S: 	1X3Ejxnbde5Fzo3Fb7aQ99XB00mPmaCucxrnVU9iMPSxcfSorpYRY/UcVbM43UtOuX8NRMwh
1790382322.385 1 S: 	q8bpozDCuQmefV5YWbrovNoyDGyD2p9OOxuE1dgR3ZvIWsQ9p3D560gS7CGblVHtOeMUgnWM
1790382322.385 1 S: 	7RoSI+iXG2EHXOwu8jLE6IVOQ4qocY1o6JyDVMPLhIJy4A3g06gckgHCu7ppaozsVp0DGUML
1790382322.385 1 S: 	ON3CQyrDCIgY4HxkWZIKmqGGSjheI+upO519dbH7fDT1+wFVDxFAtea2HX0JFNhvdHOk+kfh
1790382322.385 1 S: 	BauSVIExmH32AyLNyxtZdzzUOaEMqDSr4cuEwU2wF48aoqDh2Z6DaWPgg/khsBxQ2ANL4fut
1790382322.385 1 S: 	o7rN6L7EjjYWWNjgxQv77RJLLiebXSsH3SBoA5x4KOFjMxiQiScuQXgXQJVh938ZeBpP2ScS
1790382322.385 1 S: 	KAkJqlgQw/89sBX75hxmLWoh+/MnCN+mJrZ6fLrLBwiu0TCjs8BKHP5P+/Wif/7jwxfnciju
1790382322.385 1 S: 	g6o4jZ8+iwUGqqN2AhECzLSZBENBU7IctxffMW4TGhtY0dMOF2RXwA0VNy3Z4yQtZYso6Tng
1790382322.385 1 S: 	ZL9f9coTDFyJFunSghUtyV/s/gEmy9ahbprafosmqpq78C2DwhZTKlmArC8b8qLQnvI12mBV
1790382322.385 1 S: 	IEAzuDf3J+sOF55oIX7WhaJ1N+J/hdpsBuVyr4yfAULrmO7jplWiPPOPFsDa9x8z9mdAa/yB
1790382322.385 1 S: 	OfzEh9drLrKRhNAIqBRUUVd5BnUw8SLFstg9J5YGFRh8H/Y++WjYddSPwRlryqnOdPmYie0T
1790382322.385 1 S: 	zCdEF2a0jPYMkIJcw/gaNJyRJ8h6sVOEnlKG9eyPClRLml04Jt9TKqylFFrFIsz6g9ElPAen
1790382322.385 1 S: 	eD5eG38Rwx6ONl+IJowc8q6fH80Pyzp8Ubt6qkJiRjXqCbcfdE91swpLGzDP+j5QNfnGj/td
1790382322.385 1 S: 	0A1QXUE3lOjOsi/GY0BR4+L/9xLGtx671Ot19Z6W9IhGsdaPqWqTpwfsVHGayo+W4x/4wko6
1790382322.385 1 S: 	DFTPoZKqqOIk/EU21VSZLuJFHlj+2kOExdkOqbf1M4JZp8l8pNfEtGPfYF4F6neTYvY+yMZV
1790382322.385 1 S: 	51b9CZCwIpMe/YbD30Hqf2gdViWaMU9UBKLj/Eh5St2jI4DrCzXlmRRrqCV5XeBSaycCzJD8
1790382322.385 1 S: 	3mEi0wiFegkAZPeQVL2HylV8xhskDa85g5ZEq37+T/KY4miijyf4AUrH793/7EXtNr/K7H3h
1790382322.385 1 S: 	frCEZifn461kKO35A6XErBqteF2/IZOAbZXqXG/WnwzrEsEEtYXoVmmDrNNApf3Cmc8YFnmG
1790382322.385 1 S: 	a7B/WqZiZWuRfPxeiePV/YtsCYSFYZpOm25HOZhy6BYPB+oNeAV5cm33IyzecB1ntkjq9jY4
1790382322.385 1 S: 	kZu7by+YZxJXMEjMIJogBSATPnSxrSe0M0G+7Ds+3lJd+LXe7BsBRQmhOcT5JUiAN3MHY8LX
1790382322.385 1 S: 	tVHo/MhJ0ujzkZh9YLwYt7PYde90QDJJyGAqeLmaaSY3iKVWd+pR1OYzRbZtGlHPXJL2e9I4
1790382322.385 1 S: 	GQBX1neP1MLGJ7wi5UFCFdyVKc7CXCA637Xrq8YtYiMxu6S1+xJbnQ5BnAIoxiQfnQljzm1l
1790382322.385 1 S: 	c/Ag7QIFfcaKKz9g89jYaWBxeWCoKX9NDKu8j/hYQEphroWgbluuhmTlXL6TK08TQlySCERe
1790382322.385 1 S: 	QQvgEaUasQYYo/3sQCn30N7Y/CpO8HQDiOx5xZwpab5sJMRoyrAIawtZDO2MG2ztM2TUaPm1
1790382322.385 1 S: 	P1DcSPbDOjuDGakIXKECgWRI8fcl8Bf51BH6CFyY1jVAQzziYz4hGzzBLDySyqvvC7esLrl7
1790382322.385 1 S: 	eLhGQYyV3T7j4OSnMjieWJ6u2Ei+TF0O0q7ASajhWDltmXhm8SQe2qB98vwI17mmWIdMym3A
1790382322.385 1 S: 	gWoT13IMkKuBadSjtUkR4D+MXAWzMh2PYuoa5yh54ADEaUlmEwgflO3bD6ybQlYQq8sKKmOh
1790382322.385 1 S: 	ew8Wn+drcAuUnxbGfXJpwe/Jm/AYVzG8zdkJE2tgqH3vvdUSxCoEjf45y8x6CkmNC1RmLiEC
1790382322.385 1 S: 	+JFJGartHjpRyQ99Lt+yfxEpgPC95n5mVk1GXegJMeTcci554eg/Rg5vwKz8XdjcC8ZsiqWQ
1790382322.385 1 S: 	jv59PlSVF6reI9PolTe5/nllLRo5OuNpgula+ahhV8SPi5AiIXTgA1CFN2Xk21zpBIgdzvj9
1790382322.385 1 S: 	Ejbz4BTypPTnlqeisBUimRF3yFBcbxvtVmwTVBcuG5aSmhf1nyqNQa6VtGkGDzC+8A1n/4k6
1790382322.385 1 S: 	dktXuxZXS80Zys3jylGZSaEwdvvJGIsjAb09+xE6tosCkRIe8YB5/eYgsdBuO/HYpFm6mF99
1790382322.385 1 S: 	CCZ278xKWe7JKyAMIFZivhlybxC6GPnd5ZsZOG0YOfAKsey1qpDk73jVuE4ZexoOqqt28T35
1790382322.385 1 S: 	aDu5jO14WoxjEQZ7meaKfTvvf0tXhRaPZ+2OQYBQvM8AolE9BO9Vgyeq+IvDF5QsVLH9fRDN
1790382322.385 1 S: 	KXcYMMOjW2MfWEzmcIUVEXvM41PzbzvirjopRDDdcObTt2KsL8xz6J24b0qUw0AnDltvj9fV
1790382322.385 1 S: 	hfribLzPIAPgp2uLj+WIh6nfrbLNr7u5V+ftYG6FUygmF9Vqpowzl1IPPocXnVWuv6ixFimk
1790382322.385 1 S: 	9RGD0nk8Z3iBm3oxEXEEGr7B3E1Ax1J3dFkzBKKNkAaVt8Q7mA5C3bSZWcQh6puMAGPVDxZG
1790382322.385 1 S: 	axrLYZc5qW/TKlXTlubs9sk8VICMYaopK6iK+EUECgloqps6cqAvX0ZOBWbeZrc7j4AjbNcg
1790382322.385 1 S: 	6arhK/Zl96dnrqYyWrysghpgll1vu+8rCK/j6XHwvHzZt7YlS46vH2Xbq0nzlRjEfnMPzB65
1790382322.385 1 S: 	gBNWV7tn+rKtJzNFW8vtdSA+is06rVdhvSarwfLiRzuizemntKng83FfmcHHFCbtmS4dF3FB
1790382322.385 1 S: 	QxKgdOqAgrlyzaXDPYDesg7ipV8ELR1G7ODGnKofr+wE0jOG3/7rZ9nNjKwAJRKqmMZYEsuS
1790382322.385 1 S: 	6RlXsvpnn1iDViALISifeOSZ3RN3gWHJcrBnEvziGaRi/eGdHL4140Wr33cM5jI+ZmDOJRRb
1790382322.385 1 S: 	nm+8ZC0Ckqfs5ruNclSfJyaasG+/knZWHy6OkchUmKz1l+MueVsdF6iDGSfy1qrmVGkXRrU3
1790382322.385 1 S: 	7UjTBIbU9qfC+08kXgqu8UCvqM1VKGhEhGY73yyX9ki+ipH3/Gc9OKGNyRvKf+NOvr7np/mL
1790382322.385 1 S: 	My2zskALZ9SAqZ+G8YKnLAOTYtf59FzIkpAaTzhgy8oSFtXJkuTF+6ho+A7aSYoARhycyYEg
1790382322.385 1 S: 	oA5VmcoHq/g63yqjgS34iD6dR38ZFKcEKxjgbQYm0NbJwip0wruda+bz8Ij1QzECxzkbVe5d
1790382322.385 1 S: 	PddH9UaYRG3sq3JzApZBXdcnL1Q/gdU2O4EE38oYk94w5O3lks0lEm8yMqlGW0fhY1PTx3sR
1790382322.385 1 S: 	BTADOV/rbfyD9kDIh+6/dqgqS/QYi+XgllPpPgltQ6hweY2+xeV0p64UcNW+FkNWlsWY3G2R
1790382322.385 1 S: 	Hzb2x2+gkPQh2PSyBAAibSjKIYqlOQQGoDrMROjHD1BddILXxgBmmmbjcXsK+uDi+4bs44nH
1790382322.385 1 S: 	XTQBx0dhKOoqp7bXL65IKPFYX+/0zG5Fyg3xUmE7K5prLlxNe9hGFZM5x9xQxj095YCFrngg
1790382322.385 1 S: 	GO4BsKqVNDrqs1DZdtZI4JgByTzkzPUKsIVcb05JmHSPFtr9ubqls5DDDBvLmZv4os3Ex+aT
1790382322.385 1 S: 	32jjQCh1orsaIPuVWvYd3qHgK7OLELYZIs6UDLPlozf/3ymIJVEMd3elteUgvzVzsUsSbRZV
1790382322.385 1 S: 	RjZRYN9RonCHpbo59s1j8nPJebAt7NQQsCUyWZy++RcDkU+B3ki/l0h6ky1VbnAiaws/hht7
1790382322.385 1 S: 	yMORzilxbLVNcViDbxhvlJXOOmEvlbrkCoXKP4ZlrWfPef3pfE+AdPLWMXcXMS13gCJCnu6S
1790382322.385 1 S: 	orqrIexiwUXHryCZBqeV8Ca1AtALvHfELbHpaKQ73f4FX1IrjrtPxOq65q/XMb5IBKeRdlo/
1790382322.385 1 S: 	Z8mUop+BSPrzgdrdwmmkLD6/gTXAPS7i33S8VNaTu4wsSvqlvclYfylBGHVxrFS9/nNqRLOa
1790382322.385 1 S: 	dqGW4S1ZraTurF6hzuWY7GTMsjdEdVZn9WBzHSEk6PM4dPyNnUvV7UeyVhx3fTSO4m6zaaDi
1790382322.385 1 S: 	ZYP44Ro3LsVwWyIcCku8kdRWmntTRwqx7/OZYp4A2PVkOdrmhpT9pOBovgjSvadiz5Ycjr64
1790382322.386 1 S: 	L6GmCOUweNd/tBgAgA+bS/gnUiyij11Yg27m9T2Zo8yty1SKUArE3ICRCw4nqT/6rxJ3QYyB
1790382322.386 1 S: 	kKVmYvt/GROmGs5KU461+I9ufl1TcuhK+CV6WgcNM4qqEWebeNI0YCyyOU4OgQHadbwCiHfd
1790382322.386 1 S: 	W14t8zDbdqaDW27ZLWSQvD7b6NVtaACx2F3TAzJCXsxMraBa/dkxm7CronpJQGXtoIYlJckB
1790382322.386 1 S: 	JyAc8RVvikCo5Y3cbNMkYysAhXNQXCKgcbyk3/UTwkrG7q0dayjtfX80Q74O27agrQit6hQu
1790382322.386 1 S: 	DXZZ/wrdJmTMXv7HSnf7ZRtnLz12NlGGsfiZQfxbLXx9tCfRqQO1+NMhRi+qij8hTbS+nm7C
1790382322.386 1 S: 	J3SYhBSXVc4C3csRqnPJ4aXu14sA/VpraY7hW/V5KxNAmaNi2KvcopDwpakYH1aFR5JG+BOB
1790382322.386 1 S: 	wklti7xYTLG1XSDeKBku8Ecfz0q/k5tcUFX/OlFUvqjAfnOfRh8NfqBrYXCOXe0aWd8pI/Z6
1790382322.386 1 S: 	/UvfPLuXjNaReSV6qNFAD+wgwFO3cZ9TvnhZYN002RHh5WJtXBI/1oLs/c+XS1HiCrg0Koto
1790382322.386 1 S: 	xJKJplLkrZQ2rucCRQotO48/MY5tBpxHPr5nyQ9zbf9mSYG06hhgFl6mtCXEyvU5YzHbUcbl
1790382322.386 1 S: 	/YDcwwwaFXap14CBJXY3Q2UfLN0bjrV/KLyjQc6rOZYqmatAfhDYzcgCDg0mtnifHCHLRtTc
1790382322.386 1 S: 	Ll9Qk8DEfGLPTzZA5yzUajn6OlRPmkQwL7JPD9Ks71HbdAWWi5iuOsM6Rb15gXqvB2EUR7Ln
1790382322.386 1 S: 	nAAMH7pbGZKEjp1NmYvYvjkqvI/XHREInabwrCFK3yK+eNq/pVQ885uMOK/SyO9gnGZrElFL
1790382322.386 1 S: 	JTetH6xUpUyuixYJIfGO32HZpy29U+Rq0XSpAqSYPztO4VHiEnUiOV8dfsD6z/k+Vs6T0z2G
1790382322.386 1 S: 	k/cNU6ihzAsLcI53tlsSgruDZLmaJl5LOqXFRPlBUrZn48nM4dZGvv3tLZ67mNcY7AsP3Yeg
1790382322.386 1 S: 	Hn1xL55/g3TgpNKf0aqxUbCcToGC2FJP7BIbq51AUbVvD2oXr8Zlk7UQoa7PTrUByiKUqCZk
1790382322.386 1 S: 	OixJy2wxYz5yyfwldKeTeJ7lkXC7NuiP5R0525WQV/eaNIpgaoZErxnNX+AClzXiXfUDbNMY
1790382322.386 1 S: 	7NV0qjocPtBB/lSQEfThiJYUNMBA3bEr5vUrdDvmb1ih6MRdev1XN6AMoeFVu/VPqgCZZNDb
1790382322.386 1 S: 	UoeHNXnZDvXaOJDu+ZeDOVe3GNnms2HK2JKqCqGXdFPRb2cKgq7QEkCsbxLlvFj3gnG4StJU
1790382322.386 1 S: 	9n1wc0SQ36xqmhVGxctjtWkLTvtYtraT07k7KHcO+kCa2UsQsQi7n7Vyf94fwFYqtwNwMIXU
1790382322.386 1 S: 	SQaykGiGXd/jVfT20W8OR7nIsdKzrYpq5bqJ5ncK7Rl5+kfiIUemf19u81sQm4G0Ibywk1kY
1790382322.386 1 S: 	FRnAKKpIJAdCBXkJeo9IJGCN1SSSz8287ZCPKMdTv+bOTB5ZtR3hXBZBL7h4aKqSLd8nCxm9
1790382322.386 1 S: 	IoX/ZxiJbWpWHjd6yexsLZUJS7ELGTmFmQJZYb1ayN+jnrYY3oENR62Q0ylXsJVpv7Dp3pY9
1790382322.386 1 S: 	1lrqcUqqybvSxgjzEQTMCtZCEwYTN7ApEk6CSnTAHCZASQH2Yl+SVHHvuviw+WeBQSudGn+W
1790382322.386 1 S: 	1/IcrObWBVSa9+mUUoi7UFpjYHtc2VWeBfn+gNshPxRUe7Xy1IR4vLZijJR8UcPmIxUisWZd
1790382322.386 1 S: 	7GkNLPjLAPZeWOa4vydi0hZdtJS3CO9Wnu0tuO97qeZZovGZsIxOdkqZcEzAtQ+Qpiy1G4uP
1790382322.386 1 S: 	Y173dfXcAnZBfyWvuD7p7YpvUbpwSBIL0okUe6tCUzZQXYz45iJJV0yR8K2W2/JD04UQxzBM
1790382322.386 1 S: 	TXl/mqfJ5QcvQkZfn+QVL0p5sbwaVVh72QE1fJLH2gYRK2R1g+rvAAAAAAAAAAAAAAAAAAAJ
1790382322.386 1 S: 	EBYbISk=
1790382322.386 1 S: From: ember <ember@fn.example.invalid>
1790382322.386 1 S: Newsgroups: fn.agents
1790382322.386 1 S: Subject: Daily walk: where do we keep the notes?
1790382322.386 1 S: Date: Fri, 25 Sep 2026 23:00:00 +0000
1790382322.386 1 S: Message-ID: <walk-root@fn.example.invalid>
1790382322.386 1 S: 
1790382322.386 1 S: Signed by ember for the reader-daily walk.
1790382322.386 1 S: .
1790382327.191 1 C: ARTICLE 2
1790382327.192 1 S: 220 2 <walk-mid@fn.example.invalid> article follows
1790382327.192 1 S: Path: fn.example.invalid!not-for-mail
1790382327.192 1 S: Injection-Info: fn.example.invalid
1790382327.192 1 S: FN-Authorship: AQFYIJJhdnqGOWqSTDLfR2wcbameFteoqkRsNa1w6qMosPQDAVggYUElb27Q07vsFeQ6b6ym
1790382327.192 1 S: 	K8R+MJUsnCLqCmnHtm7K10ECWQegqLvaGbGmW9LqgwTVubnX2vwqcVQm6Tz76JwqlVpHXICX
1790382327.192 1 S: 	lfAoijlcK+kqQkCnfU2MBjnc20WjZrdLgwlrLgp48+AzctEQe/VKfEpliAwRlT8PZiiEqtAw
1790382327.192 1 S: 	WVfrSqL/TMNHhsMtenQt/gGlrncQTGdvMBER+ABJcq5RTpcgybEPlfAa0o63CSWFsfd8gXOM
1790382327.193 1 S: 	CNAXP/zs5UNClSqV8/g319rGgmpGIwsDu94nM2+Nqmi1byS1JD/fEWJ7g5sgzVOrKwY9nR6F
1790382327.193 1 S: 	1IgW9XkrLnA403U1P8WHdrVVh9n1LnXtX1Wm2sb0ORFGrOGV4gXPf3jgQTqqYzNs6xE/8IjL
1790382327.193 1 S: 	rrWL7See/lJthjUx0IzbnZOmWQ+fbtTP0NJvrP36DVXrka9vJD1eKDkPfANht8f61W+YTEaG
1790382327.193 1 S: 	pIYnjiB38V8TrCJqkSNiWIrN4Phz2r+GOB+Y1vwz11zb4UDMTakEYabxUyhguMjtFX/scko8
1790382327.193 1 S: 	99TzG7aWMLR2rm6owlGqapXVw96ZQo+76c/1L4lNlFO17F5aKOZSD0pHA2ajc1tIY1oBfBdJ
1790382327.193 1 S: 	o1ffmBa352RGNEPBjZ6gM2At2p2muK5RTb7SXt6ISl+9JkKLbOij2YSxjCDhLemkctLUVYJD
1790382327.193 1 S: 	zb79eQTB8JGv1WD2d10yDQN9lcHOroAZF07UzvHpKw5zcZfeO5RBe/FlxrgZXcC/RyOECT1W
1790382327.193 1 S: 	lzpJdVpUxfUSPNbY2oyXHHit8Ei3JaS1WZXlb8l5SVtPaRmlfGyoaEz5fOy8pZ53JVlinNcC
1790382327.193 1 S: 	+fl+MkOuAP/i5VwPTu0GNtL8cMUBRuJZ6rDZ0/LJEpbPv1BcY1gB18/JGOoZKUf05SMaegBu
1790382327.193 1 S: 	IDnnKOl4qn9Vt1WoJ7eboLdzPNgBCNlYFjsk7iJTh9r2ixPJ5XzM/K/+g3/LZljuBzC6NG0t
1790382327.193 1 S: 	vKUfR6dwufbKYS8Hn4erveBrDXwGNysoLcB/pVxv6oU2ySMZwGwj9blE0d+Xqy51c4qLQ2+v
1790382327.193 1 S: 	1X3Ejxnbde5Fzo3Fb7aQ99XB00mPmaCucxrnVU9iMPSxcfSorpYRY/UcVbM43UtOuX8NRMwh
1790382327.193 1 S: 	q8bpozDCuQmefV5YWbrovNoyDGyD2p9OOxuE1dgR3ZvIWsQ9p3D560gS7CGblVHtOeMUgnWM
1790382327.193 1 S: 	7RoSI+iXG2EHXOwu8jLE6IVOQ4qocY1o6JyDVMPLhIJy4A3g06gckgHCu7ppaozsVp0DGUML
1790382327.193 1 S: 	ON3CQyrDCIgY4HxkWZIKmqGGSjheI+upO519dbH7fDT1+wFVDxFAtea2HX0JFNhvdHOk+kfh
1790382327.193 1 S: 	BauSVIExmH32AyLNyxtZdzzUOaEMqDSr4cuEwU2wF48aoqDh2Z6DaWPgg/khsBxQ2ANL4fut
1790382327.193 1 S: 	o7rN6L7EjjYWWNjgxQv77RJLLiebXSsH3SBoA5x4KOFjMxiQiScuQXgXQJVh938ZeBpP2ScS
1790382327.193 1 S: 	KAkJqlgQw/89sBX75hxmLWoh+/MnCN+mJrZ6fLrLBwiu0TCjs8BKHP5P+/Wif/7jwxfnciju
1790382327.193 1 S: 	g6o4jZ8+iwUGqqN2AhECzLSZBENBU7IctxffMW4TGhtY0dMOF2RXwA0VNy3Z4yQtZYso6Tng
1790382327.193 1 S: 	ZL9f9coTDFyJFunSghUtyV/s/gEmy9ahbprafosmqpq78C2DwhZTKlmArC8b8qLQnvI12mBV
1790382327.193 1 S: 	IEAzuDf3J+sOF55oIX7WhaJ1N+J/hdpsBuVyr4yfAULrmO7jplWiPPOPFsDa9x8z9mdAa/yB
1790382327.193 1 S: 	OfzEh9drLrKRhNAIqBRUUVd5BnUw8SLFstg9J5YGFRh8H/Y++WjYddSPwRlryqnOdPmYie0T
1790382327.193 1 S: 	zCdEF2a0jPYMkIJcw/gaNJyRJ8h6sVOEnlKG9eyPClRLml04Jt9TKqylFFrFIsz6g9ElPAen
1790382327.193 1 S: 	eD5eG38Rwx6ONl+IJowc8q6fH80Pyzp8Ubt6qkJiRjXqCbcfdE91swpLGzDP+j5QNfnGj/td
1790382327.193 1 S: 	0A1QXUE3lOjOsi/GY0BR4+L/9xLGtx671Ot19Z6W9IhGsdaPqWqTpwfsVHGayo+W4x/4wko6
1790382327.193 1 S: 	DFTPoZKqqOIk/EU21VSZLuJFHlj+2kOExdkOqbf1M4JZp8l8pNfEtGPfYF4F6neTYvY+yMZV
1790382327.193 1 S: 	51b9CZCwIpMe/YbD30Hqf2gdViWaMU9UBKLj/Eh5St2jI4DrCzXlmRRrqCV5XeBSaycCzJD8
1790382327.193 1 S: 	3mEi0wiFegkAZPeQVL2HylV8xhskDa85g5ZEq37+T/KY4miijyf4AUrH793/7EXtNr/K7H3h
1790382327.193 1 S: 	frCEZifn461kKO35A6XErBqteF2/IZOAbZXqXG/WnwzrEsEEtYXoVmmDrNNApf3Cmc8YFnmG
1790382327.193 1 S: 	a7B/WqZiZWuRfPxeiePV/YtsCYSFYZpOm25HOZhy6BYPB+oNeAV5cm33IyzecB1ntkjq9jY4
1790382327.193 1 S: 	kZu7by+YZxJXMEjMIJogBSATPnSxrSe0M0G+7Ds+3lJd+LXe7BsBRQmhOcT5JUiAN3MHY8LX
1790382327.193 1 S: 	tVHo/MhJ0ujzkZh9YLwYt7PYde90QDJJyGAqeLmaaSY3iKVWd+pR1OYzRbZtGlHPXJL2e9I4
1790382327.193 1 S: 	GQBX1neP1MLGJ7wi5UFCFdyVKc7CXCA637Xrq8YtYiMxu6S1+xJbnQ5BnAIoxiQfnQljzm1l
1790382327.193 1 S: 	c/Ag7QIFfcaKKz9g89jYaWBxeWCoKX9NDKu8j/hYQBNPnMELrIR4FanIcI9wU+Jx14zhm2Wz
1790382327.193 1 S: 	mMTju24dnawW3HoX1EAF9egcyjX6mo91iEdoz+TvFA1VE6UgDJtB/w1ZDO2pGbkOu0o9hRJB
1790382327.193 1 S: 	WfTgLO8C3a+z9ijIOaktmqkxsJDKsOTBXQSSO7iPktQtB/6tLKt49/XcfHq/7vLGJqujh4tA
1790382327.193 1 S: 	+tx7ODgJj8cb/yz8B+J6rJ8JzIBry1T3BYEzn681cMchoCein1Q80HRUTAxNAoWWIQHozV3b
1790382327.193 1 S: 	AfOFYXlnAU146owUZwd8J1KNQke7CrGuLRnUq9SYoQ7hzJ0AkCTrONgbHpreOqWHQn5D5xxc
1790382327.193 1 S: 	0remthfJf2ylliXDPDpCwP2ddk0d6ln0NrQKAAgaHBGfJGYmfgKF6Q2jY5GhPxSwSe6U+7an
1790382327.193 1 S: 	qyxjvSZnJuqRBuy6WFOeXTHuhSH+gzAZF0lfDaW8F/W6yIcb+V7hCDy3I1PmYIHjY2EEo3Ec
1790382327.193 1 S: 	ptzi0LIOfFHHvTJwsHy3wU18DznPtnVV7IdBPzXS+qr8w3gOjCGVk1d0quYzNXhh4pFn3zxK
1790382327.193 1 S: 	IPGzNvQaCLoihoC76uihBCsqoGq8mb1nf639UCe6Glg3wri9ZFaE7CqMivrcm+B2B7ceyWCR
1790382327.193 1 S: 	lYJCvwQHH9GLm5JWXr6B3zBzJt3Fjxvap0F6aIki6IiYJl/D/+lCUjc9o4cfeEGfswfVOQUk
1790382327.193 1 S: 	rp6Ln7TPllZm7B5y2dTuKSuYlRPjyvD02m1MRDKR8MunoifzJZweubE2eJ6J0EW9rIuKts3l
1790382327.193 1 S: 	fL8smTP1QcmWR/t63pdzrsYonKjFG3+pN8yY8lp82QGnUAwlSgQBbnOLdfNfWi3BRINGNHhR
1790382327.193 1 S: 	X9I00A668LdCe/u98mpwJ4U/GPGLUfGA1AmuY2JAMI9/Z7z1hBsFz9hKiwlwLO+n7bNo0Q1r
1790382327.193 1 S: 	KBR1ME9Ohz0KY6uy8CMMqDAjWKhh1Zkw1KTy+tL8yPLGDqCrEGsopOMW4JNjvBMUhQd4mff2
1790382327.193 1 S: 	oU7DxxaYIuUrxPXYpT9hhRNEkgk3z3c2ug6RNONKMMkXIs2yuQ8falnwPZEVTIDCpyY415CA
1790382327.193 1 S: 	IHgACHBdATcE0fvDAMRIHZCSJiVucvyKz89kIWmxB+it7aTxFJfQEXNRd4Tpc9X/mjn08Ucy
1790382327.193 1 S: 	hoev1Xtp25fbyjZ1sqvsuS1ww+pslVaqMwXEzwOqEencKA51sw7x88zB0xjy1QqukT6Ibw9X
1790382327.193 1 S: 	aRYR7I+a6cFYBGOo7do27k592v7Viz6mMw+uz/tHA/IX6XLbTz0NM4D7Kjz+0KEXigVIQ0lh
1790382327.193 1 S: 	AEtrGByM0Jjt5etKdC1McJAHLIoucPU21xtuWjVeCVT8GsmmgGV2u6NGHnc90UvfSdrIN+sx
1790382327.193 1 S: 	FIkMpMxINE7qQnXcSPRMEYpHIgZfD6T/JCPuuYHlpHhu0FH8tQvMZGmR31n4Xz2/ab2W2aUD
1790382327.193 1 S: 	hlFpWMZELfh0GhhzC9SrSqNN4KYEc3Lcq0Xb29nofOWME/gpFc1QQc4Txm4zsRofDyRCiAR7
1790382327.193 1 S: 	NaZf6nObjPbAnF0r/VEdqMZcyNPx8G4gx8x439UblRge0OQw7eHVGDGi06ccmD7zK3A8y0ZA
1790382327.193 1 S: 	/IJsjUSS4GykYsFbHqxkEfqvnUepQWXVG6svXKYvoXS1A9bMEBdQwfzNgrZWByay4Q57TBO7
1790382327.193 1 S: 	r705gxwUxqaVAmlKu0yfEsqQt9ffk8lQXO4FLZkq06o38yhgUAqxlh1kU45/HDJyLAAiwrX1
1790382327.193 1 S: 	fWJZHMq3rPaoW7H4ffD1Q9xyvvmhL2BiiuQyKb/E73To4axAxo3wA646of3zJjVhaUUW9hUy
1790382327.193 1 S: 	41fpKCH4DuX7/bJNHaMWTbzPtoM6ed4/Qpa6o58kc4wsGkRsdrOhNCrYLyE5VQXfq2CNiaxj
1790382327.193 1 S: 	ODXkNgkewB9msboZVfNQvTQ3wHt+hQRGyXkhzJbtNXgxKClJ8COs2VGo38mZD41ObCicRt86
1790382327.193 1 S: 	lc6OreaVZ9wvVrAHldhDjUHgZpAdOw0EsAcx/vJtcxBjorFo4NNpYUsLal99joOO8PS6ijJZ
1790382327.193 1 S: 	Pk0WQEymWIXNEF8Etflk7hnusYkYDbWRv6ixAnqLLTqI4OUlpJyayqXsO6Nu5ZEOYMcT03Z6
1790382327.193 1 S: 	wenfzorHVavqWh25IfiB+MNSCvTdFby7D6EdaueLk91Tz5yc7MmDnf9gRdtd3mNtrZZVJsUk
1790382327.193 1 S: 	bN835wuNPuqtQKqpOSE243x75WmHKfNmwElNKH46SgZYyKWs9hWHGr2TTIuUfN0vJ/f+Vemh
1790382327.193 1 S: 	KFQeDaTuTZXNHXI6+yRf1Qh+6zY0l2UovYCfaCWEugup9zQ3h749OcwUYUgkoGjAUf7u0xh2
1790382327.193 1 S: 	6BnZvlbgJiLcvgoeTw2luMVmXUP0Su7cyeW5pIxOxgMH0JMEkcXq/dBLH+iYOqKQYp/IQntK
1790382327.193 1 S: 	1iQL2I43khoKkRDku6T6AdLrWKyWdr6eN6hC2a1YIqI3To4MRdKYx/vocM/iw7KeVmIT++2S
1790382327.193 1 S: 	JUvsH0SRxjHSNsN1ZkULazQ1w+GGj65B8OO+I1cRrmaWj+cV720g7fwJuE+z4bo9dWnbzS/J
1790382327.193 1 S: 	bLJ0HNTDl0xThKXs8YVhawMs+mvC8EHQjgyZj93IHcYw0WC2fCL0p8ypKd/nCNI0CGJGk7rH
1790382327.193 1 S: 	cHt+shYwJFqSv8HX9OwwqAk+5ckwYdhuicGTrj1+WcjsD05ZUv7zvr6NILonL1UpU1UPtMEM
1790382327.193 1 S: 	heBODuDMVPZq1WZon0a+yAT3pUFEGSF9SH68U6m8CTkGujsF8dKmKQ0r9P8fr61xI9J6Apj8
1790382327.193 1 S: 	LyAf9PcfO7XW/nFZT8y0MUxJEWCGg+BKQYA+1RH6JW9VNN3S3mcS4vEmOu1xGHETZDTmxv8G
1790382327.193 1 S: 	goeiryAvqiEdW+m+dHeiGYYoBldpPYuxY7SBHIx8Sf987ZiuSqIsQvQRVf1qO7pH51fmsoKw
1790382327.193 1 S: 	K9IuFbXU9afc7GpC1inaLMdancnK3el2IcjlMOSp9yVtUVykWXT9PEAV5nEnH/Gg8hwgiZE7
1790382327.193 1 S: 	7nEat1irgJ+kkAwlTHwRkvnQDyXmO26sRy67xWhZSVkATejowSvI4kwmQvsdtGmsh27vnBW1
1790382327.193 1 S: 	YcwzXOpc5Yz+/WY/jcAoOCkV0txkfiop9nW7VR6/kzphn4D3c6NU8J3Tv5NOwHR+aSe32rLS
1790382327.193 1 S: 	eINSKTCkUEhkVym9Ov6ARCiVgvrfVeCdmTProB1e0xa8O9RmDXsxXZDAa478IsZHNKxuVseG
1790382327.193 1 S: 	u7TJZzWx/esCyApPfdhRLJc2OzqJWGpMYY3/Kof20hvYR+zWfoBGhZEJtmvpKWYfzSXaokCg
1790382327.193 1 S: 	XV33fmUfZX/ymOImLcyDCJ9ytac7MQDZqLE67CpluVtP2F/2yQceYfT69y5lLxVDOMxry6Lg
1790382327.193 1 S: 	kVgleLVkpXKUmJ6i1+wp2cU1cjhWFt5i5IxyyRoFRI+dXy2VB4wVBK5TzV/S8aN9jj6Nqz37
1790382327.193 1 S: 	wjUMVvlaqgIFZrQChds+5GmTrhP+WIPyWXxsRLYeCdgj0BFxAbD80BadRIq3wDEYUh/M82Ms
1790382327.193 1 S: 	wA1Mt69T0PAKMjHIQGuxhDRfpcWW6Gk455k7jhCC6/+SE8qzMkcat1tRpIOuwF8/Bw5h9xtv
1790382327.193 1 S: 	iWrPScXiHe2llsVfdIK8h5pg1lW6F1t1/xk3rssPt9+gaztMkdlIdrdI7wVp+Wgndw2U+b9X
1790382327.193 1 S: 	9NQNtdf46mXUn8EYnBDxjC9/0r2dYgHeTlacdqlkXrR/rISqQN5cbwcSMZQMy2XS3mVhonfH
1790382327.193 1 S: 	VQ5v7XPJf2WTYwKnSdY4sOz2UVUzJ7nG4eqE7P6649C8aIZe5q9nOKbtTCocMFsrwa/LmYFC
1790382327.193 1 S: 	O6HpKsL+fo93nBGXlV7whs0RI15BhT4xDIjij0Xc4FWDHCLB1n08fog7IU49hLd/i+EXJeOP
1790382327.193 1 S: 	+hNKIpDl4Twg/EPwEMuBix3U3ojda6qMGnRK9qHSGMDgfCSKvRlU+JE7PVCsxxBPxgs0gKPU
1790382327.193 1 S: 	XPphed+rbeNgDvjz7Y3Mxhvyy+dULvn0lkiEhWaIFwWacdGy2a7U3Sc4bKLakiNprFf73xVa
1790382327.193 1 S: 	ZRYFKFKSIDR5QiLIUVmGAeOmSR0jskJ0mcu7PoTpclhX3N7WKu3pnLmqOY5UlMcLxfcyMd0n
1790382327.193 1 S: 	8IIb8m2IeBepJ0E5MvMLkM4GhaGDHhkUPFtzMRlYgq0ApzZ/0/Uv6OqMVJFcyAl57nDUZz45
1790382327.193 1 S: 	/ffzXmg6RlpMlpXqqJNDWfe2/fhha7zApaKpO86v8CmDH5izj63ZyKsd+bmyNajk/bMn/Wve
1790382327.193 1 S: 	mExRE/v+B34dyfS8nkB9Xe5nxXG3r67KYGdWm6ANcO7kXM5K9NvSKHOzV2WgURT5c7uNq90h
1790382327.193 1 S: 	oCPjQ8kYVIQMG6Gq7Jw5qkFdiFEIJaPdeOVZ2aaiAlgxsmCZAHLlb0Lh97QT8fqWqoQllbic
1790382327.194 1 S: 	lpVyZmuItaTveDT256pBbWOAuAGG04MXx1QUfBrqg0OgCd9K0rE+RbBMYivtaQoyv0EfnrNB
1790382327.194 1 S: 	GK+iMqzoAlRJpNNoZdaydOruiZ8r/oshTXPhwtiE9NMF7jleb38FY0ibOzXaHrif67je4xhI
1790382327.194 1 S: 	c6vUa3vCBB0zPT5Kw+w/YHqFkaX8DiEwNEptiZG75QolMztQUXl8irsAAAAAAAAAAAAAAAAF
1790382327.194 1 S: 	CBAXISs=
1790382327.194 1 S: From: ember <ember@fn.example.invalid>
1790382327.194 1 S: Newsgroups: fn.agents
1790382327.194 1 S: Subject: Re: Daily walk: where do we keep the notes?
1790382327.194 1 S: Date: Fri, 25 Sep 2026 23:00:00 +0000
1790382327.194 1 S: Message-ID: <walk-mid@fn.example.invalid>
1790382327.194 1 S: References: <walk-root@fn.example.invalid>
1790382327.194 1 S: 
1790382327.194 1 S: Signed by ember for the reader-daily walk.
1790382327.194 1 S: .
1790382336.807 1 C: POST
1790382336.807 1 S: 340 send article to be posted
1790382336.808 1 C: Path: not-for-mail
1790382336.808 1 C: From: <hbox@example.org>
1790382336.808 1 C: Subject: Re: Daily walk: where do we keep the notes?
1790382336.808 1 C: Newsgroups: fn.agents
1790382336.808 1 C: References: <walk-root@fn.example.invalid> <walk-mid@fn.example.invalid>
1790382336.808 1 C: User-Agent: tin/2.6.2-20221225 ("Pittyvaich") (Linux/6.11.0-29-generic (x86_64))
1790382336.808 1 C: 
1790382336.808 1 C: ember <ember@fn.example.invalid> wrote:
1790382336.808 1 C: > Signed by ember for the reader-daily walk.
1790382336.808 1 C: 
1790382336.808 1 C: guest here from tin: the notes live in the shared doc.
1790382336.808 1 C: .
1790382336.974 1 S: 240 article received OK
1790382359.842 1 C: POST
1790382359.842 1 S: 340 send article to be posted
1790382359.842 1 C: Path: not-for-mail
1790382359.842 1 C: From: <hbox@example.org>
1790382359.842 1 C: Subject: tin walk: a new thread
1790382359.842 1 C: Newsgroups: fn.agents
1790382359.842 1 C: User-Agent: tin/2.6.2-20221225 ("Pittyvaich") (Linux/6.11.0-29-generic (x86_64))
1790382359.842 1 C: 
1790382359.842 1 C: 
1790382359.842 1 C: 
1790382359.842 1 C: A new thread from tin for the walk.
1790382359.842 1 C: .
1790382359.988 1 S: 240 article received OK
1790382372.457 1 C: LISTGROUP fn.agents
1790382372.457 1 S: 211 4 1 4 fn.agents list follows
1790382372.457 1 S: 1
1790382372.457 1 S: 2
1790382372.457 1 S: 3
1790382372.457 1 S: 4
1790382372.457 1 S: .
1790382372.457 1 C: OVER 1-4
1790382372.460 1 S: 224 overview information follows
1790382372.460 1 S: 1	Daily walk: where do we keep the notes?	ember <ember@fn.example.invalid>	Fri, 25 Sep 2026 23:00:00 +0000	<walk-root@fn.example.invalid>		7842	1
1790382372.460 1 S: 2	Re: Daily walk: where do we keep the notes?	ember <ember@fn.example.invalid>	Fri, 25 Sep 2026 23:00:00 +0000	<walk-mid@fn.example.invalid>	<walk-root@fn.example.invalid>	7889	1
1790382372.460 1 S: 3	Re: Daily walk: where do we keep the notes?	<hbox@example.org>	Sat, 26 Sep 2026 00:25:36 +0000	<00000000843697536807.00000000000000049852.fn@fn.example.invalid>	<walk-root@fn.example.invalid> <walk-mid@fn.example.invalid>	648	4
1790382372.460 1 S: 4	tin walk: a new thread	<hbox@example.org>	Sat, 26 Sep 2026 00:25:59 +0000	<00000000843697559841.00000000000000072887.fn@fn.example.invalid>		449	3
1790382372.460 1 S: .
1790382372.460 1 C: HDR XREF 1-4
1790382372.463 1 S: 225 headers follow
1790382372.463 1 S: 1 
1790382372.463 1 S: 2 
1790382372.463 1 S: 3 
1790382372.463 1 S: 4 
1790382372.463 1 S: .
1790382377.264 1 C: ARTICLE 4
1790382377.264 1 S: 220 4 <00000000843697559841.00000000000000072887.fn@fn.example.invalid> article follows
1790382377.264 1 S: Injection-Date: Sat, 26 Sep 2026 00:25:59 +0000
1790382377.264 1 S: Message-ID: <00000000843697559841.00000000000000072887.fn@fn.example.invalid>
1790382377.264 1 S: Date: Sat, 26 Sep 2026 00:25:59 +0000
1790382377.264 1 S: Injection-Info: fn.example.invalid
1790382377.264 1 S: Path: fn.example.invalid!not-for-mail
1790382377.264 1 S: From: <hbox@example.org>
1790382377.264 1 S: Subject: tin walk: a new thread
1790382377.264 1 S: Newsgroups: fn.agents
1790382377.264 1 S: User-Agent: tin/2.6.2-20221225 ("Pittyvaich") (Linux/6.11.0-29-generic (x86_64))
1790382377.264 1 S: 
1790382377.264 1 S: 
1790382377.264 1 S: 
1790382377.264 1 S: A new thread from tin for the walk.
1790382377.264 1 S: .
1790382392.687 1 C: POST
1790382392.687 1 S: 340 send article to be posted
1790382392.687 1 C: Path: not-for-mail
1790382392.687 1 C: From: <hbox@example.org>
1790382392.687 1 C: Subject: cmsg cancel <00000000843697559841.00000000000000072887.fn@fn.example.invalid>
1790382392.687 1 C: Newsgroups: fn.agents
1790382392.687 1 C: Control: cancel <00000000843697559841.00000000000000072887.fn@fn.example.invalid>
1790382392.687 1 C: User-Agent: tin/2.6.2-20221225 ("Pittyvaich") (Linux/6.11.0-29-generic (x86_64))
1790382392.687 1 C: 
1790382392.687 1 C: Article cancelled by author.
1790382392.687 1 C: .
1790382392.989 1 S: 240 article received OK
1790382413.917 1 C: QUIT
1790382413.917 1 S: 205 closing connection
