1790380984.728 1 --- connection
1790380984.731 1 S: 201 fn-nntp experimental reader ready
1790380984.731 1 C: CAPABILITIES
1790380984.731 1 S: 101 capability list follows
1790380984.731 1 S: VERSION 2
1790380984.731 1 S: READER
1790380984.731 1 S: OVER MSGID
1790380984.731 1 S: HDR
1790380984.731 1 S: XPAT
1790380984.731 1 S: NEWNEWS
1790380984.731 1 S: LIST ACTIVE ACTIVE.TIMES COUNTS HEADERS NEWSGROUPS OVERVIEW.FMT
1790380984.731 1 S: IMPLEMENTATION fn-nntp-lab
1790380984.731 1 S: STARTTLS
1790380984.731 1 S: AUTHINFO USER
1790380984.731 1 S: .
1790380984.731 1 C: AUTHINFO USER guest
1790380984.732 1 S: 381 password required
1790380984.732 1 C: AUTHINFO PASS [password]
1790380984.732 1 S: 281 authentication accepted
1790380986.733 1 C: CAPABILITIES
1790380986.734 1 S: 101 capability list follows
1790380986.734 1 S: VERSION 2
1790380986.734 1 S: READER
1790380986.734 1 S: POST
1790380986.734 1 S: OVER MSGID
1790380986.734 1 S: HDR
1790380986.734 1 S: XPAT
1790380986.734 1 S: NEWNEWS
1790380986.734 1 S: LIST ACTIVE ACTIVE.TIMES COUNTS HEADERS NEWSGROUPS OVERVIEW.FMT
1790380986.734 1 S: IMPLEMENTATION fn-nntp-lab
1790380986.734 1 S: STARTTLS
1790380986.734 1 S: .
1790380986.734 1 C: LIST OVERVIEW.FMT
1790380986.734 1 S: 215 order of fields in overview database
1790380986.734 1 S: Subject:
1790380986.734 1 S: From:
1790380986.734 1 S: Date:
1790380986.734 1 S: Message-ID:
1790380986.734 1 S: References:
1790380986.734 1 S: :bytes
1790380986.734 1 S: :lines
1790380986.734 1 S: .
1790380988.737 1 C: LIST COUNTS
1790380988.738 1 S: 215 list of newsgroups follows
1790380988.738 1 S: fn.agents 2 1 2 y
1790380988.738 1 S: fn.test 0 1 0 y
1790380988.738 1 S: control.cancel 0 1 0 y
1790380988.738 1 S: .
1790380988.738 1 C: LIST NEWSGROUPS
1790380988.738 1 S: 215 list of newsgroups follows
1790380988.738 1 S: fn.agents	(no description)
1790380988.738 1 S: fn.test	(no description)
1790380988.738 1 S: control.cancel	(no description)
1790380988.738 1 S: .
1790381008.569 1 C: LISTGROUP fn.agents
1790381008.570 1 S: 211 2 1 2 fn.agents list follows
1790381008.570 1 S: 1
1790381008.571 1 S: 2
1790381008.571 1 S: .
1790381008.571 1 C: OVER 1-2
1790381008.589 1 S: 224 overview information follows
1790381008.589 1 S: 1	Daily walk: where do we keep the notes?	ember <ember@fn.example.invalid>	Fri, 25 Sep 2026 23:00:00 +0000	<walk-root@fn.example.invalid>		7842	1
1790381008.589 1 S: 2	Re: Daily walk: where do we keep the notes?	ember <ember@fn.example.invalid>	Fri, 25 Sep 2026 23:00:00 +0000	<walk-mid@fn.example.invalid>	<walk-root@fn.example.invalid>	7889	1
1790381008.590 1 S: .
1790381008.590 1 C: LIST HEADERS RANGE
1790381008.590 1 S: 215 field list follows
1790381008.590 1 S: :
1790381008.590 1 S: :bytes
1790381008.590 1 S: :lines
1790381008.590 1 S: .
1790381008.590 1 C: HDR XREF 1-2
1790381008.599 1 S: 225 headers follow
1790381008.599 1 S: 1 
1790381008.599 1 S: 2 
1790381008.599 1 S: .
1790381012.649 1 C: ARTICLE 1
1790381012.651 1 S: 220 1 <walk-root@fn.example.invalid> article follows
1790381012.651 1 S: Path: fn.example.invalid!not-for-mail
1790381012.651 1 S: Injection-Info: fn.example.invalid
1790381012.651 1 S: FN-Authorship: AQFYIJJhdnqGOWqSTDLfR2wcbameFteoqkRsNa1w6qMosPQDAVggxxjUjJ2enpFm47p9aV2K
1790381012.651 1 S: 	Zol5rcUDYYb4O7sejx9CoR8CWQegGG5tYM/TjzlIknwS1qYLctvSN3Nksi9mSViZ1TcRZw1Y
1790381012.651 1 S: 	sYJuyn0Y/O8LpMuKc/gi02vgahn9FPOAG0EL8DK2Ntf4CBsPJq89oq/fTve+Dvq7oMe1z377
1790381012.651 1 S: 	Y3SD+2xLmQzJsFr0HKXMWCEEv2oydTDGxH175fHFmoEbCYhXY+N0ST8W345q0nU3CBkN20wQ
1790381012.651 1 S: 	XpUCFo+cv3heq4UybjMuSdg4N9zvcBwP0VJXBvHLXenYU4U+I2dO6JVyLXRhh5PJ6DGWsbuR
1790381012.651 1 S: 	4yDcCWP/c8MrF2ZDT9PcD6nTYEwC2oZN+PkTnd92e6ik9IWtQ2C9FIjDweI3aQEGYkhUMqjm
1790381012.651 1 S: 	Oawp3HLkiD4+V00NT4vN3OkqHBCEJAWbqY9VTaTz2+foOnKpxsnSx+JioBs6d/D0C2x8Lm69
1790381012.651 1 S: 	kk3jp1tsxnwonls5KlxaQaxiGS5WFO314O7gsKOFwH+9nsu/R7bWgcHOHSyddM05TrGD3GwE
1790381012.651 1 S: 	xmdj9saGKKI2UjujpbeB4Bg4+I6mJmUWMFLRRiBBKj4HIee0MlIr6n8pU/hg+1LcVpCH9iQ2
1790381012.651 1 S: 	A75R+zrqGTkmjK67NGMo473De/nPN0JSKMPwuFf3X1vL99mVMwVCiqHCMbxGNahgNMpZgbXV
1790381012.651 1 S: 	u8NNFYRH7kvSxDGX0xmEziHlqMwCMFz87TjP//x1bpMTWBV+ljEZaSaQzHPVPhoD7ZxjCjkP
1790381012.651 1 S: 	KdqZu8GsVicIohZxrGZsCW5zO/f1Uxa1Xdv42SLmgSHGl3aMFrT9Dcq6XYTYtR3rNhZ4HR3c
1790381012.651 1 S: 	xSWyTNnX5T134WDnp5ljqx08Y7JIHnS9u1yuOCYlRTA6cly8RNPA3McCQnAZeMyjwC1eA2vw
1790381012.651 1 S: 	upmZqSy268sDA9AHi23pwLa66Af2tbC/CsfpHHY5Nx01tANMcDSQIU2u+0Zn3dMK4geUtEto
1790381012.651 1 S: 	kGcUq2iuXb6WzV7sKtR7M5qM7rlsqRDWAnSabh42uJ9CgMw6Vyzdrgvp9ojaEWThnxB6D4nh
1790381012.651 1 S: 	/8FjrYeXvfq0+itvVKVRAp1hdemdg/VsKNgteNh0cTTCH2Ht+jJNYb+EBGMLZzWXoFVJi1oX
1790381012.651 1 S: 	J90jQ63CBQZZtq5Om9Uy5xDrDQ45pV9Yub++Mno4ikvUt6CRVLf4imZ2CA5pI3eGx6qf8VZF
1790381012.651 1 S: 	6L2uI6OQyTjy0iekdcGL+6J1D5rJYPPP2senntlfvBL3uuxDnqYXUZrc3klLgTnV8TBT+Jfj
1790381012.651 1 S: 	srQkE2I6P7QJOjTU5tzmFouQOzht7+Cc6oN90p852QmYcXfGAojQEBQwDTI3Zyw+5hGvrDSm
1790381012.651 1 S: 	jceeQFYVkS0H1+eV5CLe+bP0hvx4m4utEBwJrBatooMLfQeRnLxrNGE+oYcUhCvAI0RU05Db
1790381012.651 1 S: 	kAfibjnwNv5TcUlDgx/LqodKE7n+PEe05uUZX2BnmbyUTsJ5nTVMvNLgB2I/+ZaWUMxHpnB9
1790381012.651 1 S: 	xbZBWdEZD+R7NlxLLERzRHWkxk1FLPaMnxH6VLoQ4Qxjfj7I15aZn3I9ZpGn0tKhBjEI46KH
1790381012.651 1 S: 	D3SQ4LxqMbKvZZ/rZmdgtc6vTbHtjZbdKQcmtQhn+V3SOUD9dxJLd6n19U44+7yUV+CWuoyh
1790381012.651 1 S: 	EDOQPi2HwJFqveMRsMyD1L9KCSev2kH4ZZCfa7CJLDbGnbgA4zeXwf62Q4dwS88nJnQ+Mp0m
1790381012.651 1 S: 	Mvbbreuvmfys0hlehJwlePQFAi3NM1WVD2li4qnV1KmD899S6i3bIDc+PQFSlMbF38QXq8XY
1790381012.651 1 S: 	wo0JuA3+mVo/1+l/krdM+GxIiHph9Osr5k1WeqEnp/qa8ZSiptPs+dN/Naiw5hHtGIGWmPI9
1790381012.651 1 S: 	R7CXlEcLn1H4rtVoNXfyK4oKS6X7jfZYSUK9cQWZ8drdy838HzDKZ4sKBIRCoqHW7IqmVhcf
1790381012.651 1 S: 	IgTpoTWaSMRpJWCE98gnbb3EnAbaGtz27/YuclqwCNazWT8NPKIJScw8TcHBCEnndklJJGQO
1790381012.651 1 S: 	C+RgKiX+MfZIyXLMb2wycay7W+0ra3GJTV8+5F00Eu0bQTZf8ki57RRm1m2W/K7EgZaNuz2r
1790381012.651 1 S: 	lTfNu4s+RMnTklvydMh5LKog0oDX+PvAhxSW3H+nQliKu6C+ms+dJMiR5BUFuZMgMJewBMdZ
1790381012.651 1 S: 	gnvGReuR292WpL6tKblvj7HX9Tf5+DT/FFIWgUnqp/hSgAsOA1nN0HoSp6Iup6fGUuKsxI+b
1790381012.651 1 S: 	9Uh6K2+Q/PLxp7DSE1i2c6OVHiSlFJBOBRrD7S4qrPNyQEkcvzjI5uYdzzeO3yrtLxHZNj/K
1790381012.651 1 S: 	npxfLRUNxB7sW+mqqr7Tw6IyT7Rzg2dYiIFWsB9nrmg5h+kCnsulS9FkiRPHaFIELxFP4erR
1790381012.651 1 S: 	Dj+FbAAWF6OtFisat6xQ5R47g0cUuSrWUfxqhHvYravsXIhuM/XFCE7WaFkXjZuYVX/lHZWU
1790381012.651 1 S: 	xx+qR1pUerl2Q1s+s5yd8jrcajVJ8tzP7xr4Xros8au6BuwPiYqh3LTpHsb9ClbD0nuCR+K6
1790381012.651 1 S: 	h6G7F1K66mRFa3IAhaKWnub1DZ6NryAuhu3CBFo7xA6PdP4d6Cwwd+DpgIhrx2HZKQWqQMlB
1790381012.651 1 S: 	FA/LmRbK4l3ricde8AwRci8CUSCNOMAIBNo6pLoUutcg9fx7wrZBnOLS5AzP7EUzFC6RWnAW
1790381012.651 1 S: 	6t5SqK5i5JswLDElXNjvV76M7QXCi4a1ntv/6zRYQEqL3gF3UDtsyEeB1KSe5nzIdrPpHYNO
1790381012.651 1 S: 	1BRdaBck4XOmsC8JSYYeJuNmny5y8/ysmZ+qghnIC5frVtezDnb49gJZDO1bea0cwtp9gdER
1790381012.651 1 S: 	ey+NPpXL6rDVvHQDcg71GLhbdVQ9l435wcvocvuzQJLnNV1rFnVr7U5k15YoUmB8uKEjNm5+
1790381012.651 1 S: 	NoR2/+VBjyWi6LORbAvfGgrXoAimNBLoTVpS3CoOg9cDWuLS4qWMjSEihmrog/9s8A2ebMfG
1790381012.651 1 S: 	kZyqXj+my43dmsbM53+eO48iP3qGFfZwRC9O8fdI+MafaasYUSM27dZ01bB6khy/Ao//8Lwy
1790381012.651 1 S: 	2/HZnYHWJBqCc5qUAmnwLP9gNAZHf78ZGa8s/HT9wJMMdCTIsZBrLvu7hhC8KNsDB3NOgG9t
1790381012.652 1 S: 	ifwYzVvfX8sXfmEqSik5FsuxNqk0OcDBCrqBBXqHz1FxBt/Ds6VJ4g8R2KiUMNID+JN4xNVX
1790381012.652 1 S: 	0s36OnzH79H4vidM4snQdF2TpEfV2n79AZKhhn5o7nnho+IzBA2h4Wz4UpuoWQvk8uEvzUQq
1790381012.652 1 S: 	1DuqnNvhLsF5cCwKrdVMv2TeOyQcuAIK3uVKU4mXPc1aq69b5SmAM4UsSyUUBFi0CLW+lN+h
1790381012.652 1 S: 	tVND4IHAAsaq40nXFASnWwR68q+lJiRb1+0LVrEbQFSKsepH4flO37cAuCMaWJutlHhM/YjH
1790381012.652 1 S: 	FCP8+gTQMGVMAGGvYHueAxFnGsO62TeCWM1WNRyqShC3zwH8W3sR76U2EvBGTXU2vuVacCkJ
1790381012.652 1 S: 	y3ZGQV1Njg3P7VYnTheRE4ft+hGol90hNzGoZ24WQHvVwUsFNKdFxbb+smKNoYoCRa/qu8x2
1790381012.652 1 S: 	NQ+0BufBgKPOgoKBdqKP7Nufxle7uLXZLuzMsr/dly87jHpNK7kp1xa86acppi8CN2M+MHQy
1790381012.652 1 S: 	yv/yE4EM0K/3qlkVJYqLk6EJ2ltwJ13lvBlJoqbhVNlFd0es5vTmjORqMuSjJmFoacv+GWQZ
1790381012.652 1 S: 	pYRClHFpZzfNpWc6SZkdl6n/5mtdAdMKKWgujgCM2ZBkpspafn+JN9GQfV9wm0bUUAvxbNp/
1790381012.652 1 S: 	yBGxbLizltXzOJ7CIyCInM1fWazV6qTMcD8YlwQF3F8oplchY7uYnSExfJske+TUVTpFcUTv
1790381012.652 1 S: 	/jziqWPwc0f0QzufI76/k+80D2OS8C7vW1bLSYN4BZLjUMyu7SbldWr8CvL2oHh9SFnWEiK+
1790381012.652 1 S: 	iofOtoXVNG5XQdgoZ7EFHeiaDINXP+5NgZPvGzwK/2+7zr03MjcgjPPi6N6I4DT5Wx0BNEYK
1790381012.652 1 S: 	3rAXmoW3d3IX8bFFydysLPCmbS/wJY7GF2fVgLEmkx1rVyOzh87uDPUcmhvQ6TZY3o3PpRLM
1790381012.652 1 S: 	UIB/ylJS3y3QBB0OgBrSwTEu+m/BVwf6P+dhoUPA3WbOi93fTVGjenVEucDvYvG+Dbll1Dm5
1790381012.652 1 S: 	t8igx3vRNPOf3gWsUQKpgoLtHVTrMaAl8DCRhqNSLRZvjdxx4cmMw/teESh0e2X1Zr7ulmvQ
1790381012.652 1 S: 	oLP5PuGWUOOPn+g3nbT4IGuB+HTGuFsez2ucxNmDv4bd0gtSJGANtFeU4niDJ72iAv6neoSh
1790381012.652 1 S: 	LsefCGW92KpjFl7dZnXgPCmLlvVaO6wmLwoRsAyOcpNKzIVGVVEHndteqB28OXhHxc1Wy9sX
1790381012.652 1 S: 	Bi5YITosHV2p6kdyd3Tx5ycDuFZ2Uoe0cbQvA7H+2CIo+HLrRuRANYu/hzPVz+msELOSYNFR
1790381012.652 1 S: 	fKjmnnKeNIAufeJFk1pJBtPzUuxwiQ/D7CV+J+Btmdp5sm8DzBxYFX9z/Lh6CS8ZIo7/2kud
1790381012.652 1 S: 	rkMcYs7M3TVIUlJTc/hKPUZQt0/LNAcRIWHHG1Q1PEWIF8JriGLGVTnJBZ2fmsASaUpd+Hlj
1790381012.652 1 S: 	AeSCrucAH65vXhj6X+JuLJZJf8CdeGKYQO2AiwCt+J3hp0ysoLg5Ge9cRXh4hyre+dT0EWN2
1790381012.652 1 S: 	wWh2PJFyKxPeGRKc+Gh58i/QLkDlzz1yHWBbmEeTverKpAglvREdXwA/Vbkr4XPzThc9hZSY
1790381012.652 1 S: 	1f/vYgN/5zEwBSdst0ie+t0YB8mTgNf1k0a2idqULOSBHC/bz5ptP1IPDSEdUUENWKV7Bra9
1790381012.652 1 S: 	QrYPNj/w+6ONYg7eM1k95B+AeXHLAV+zzLNLxiUOmOGfgUvh2iAeMn5jIzcCek8XnxNKhmXe
1790381012.652 1 S: 	b0TqcA+V2Lj86h3ePMouOtQikoQvnKuLxeznTrwYR8l3nb+JT3Bn+kwAYXQfo/sZX7K5Bd6s
1790381012.652 1 S: 	4Dfjxkn0nLszJvhA8fnQvArHh1glX2/QuUmc4lF6+dTyTgK4Btg0PB4V6cz+WgllbWs998pB
1790381012.652 1 S: 	pA9Z/V28rWgv7kq6MB8VC3vpWvHrw2N62YRtFrmX/mrYbUWLFi9JXFHKpXI2DvTgjKR/rMQx
1790381012.652 1 S: 	eOq6hHFVaDoDl2eXrZiZPAsYp37jjfmr3Iix/zRyc9aEAWm62JCo0P/C7trachzTXxPZUgEF
1790381012.652 1 S: 	OhqNt7Bqi0yCccMH0P93qgpWwWLcS0s1AYJZJ2Gw3CTMgv/kUztSvsU27OZQjA23hi1WzHm8
1790381012.652 1 S: 	cxSzXq8hVnIZliPyqTL0yI+aDFfr7tZt0ivy2p3eT/dLKMbETqcwQVx2CM87SDkSi1G0p2YZ
1790381012.652 1 S: 	xUpOmS0fAUIMwv993smLKDtDdwYeGHl36B0pgoT5AiivB4mnf3yMB7nxX1yLJq8eRz6+48yK
1790381012.652 1 S: 	vBO3W+Rvj7B4Ai3bbvNTBUjaLzv6ngBOtwqYyOijEPkgrCK5kWNPFMmrLZehLXe/pRdntN43
1790381012.652 1 S: 	S0MG7GVnBnlEqhB4ktnUeLfyojiFH+xjoifhgF84tc84Kgjw0O/ptzDK4KGh7dMiHQdYjFKQ
1790381012.652 1 S: 	Ag8s5NJF+QPRFe9r/JLUAcw9YH28V1KacTK07w9JuMe+R4DlPEvJLZZQkje25Bmi79ARE1DZ
1790381012.652 1 S: 	6j49LyuoDJfEmIAO+Egq2QvZIhLcy6LyzTejj0DozyBKNQihpp2PBg2MOe8TJXVqe6ZHzj6L
1790381012.652 1 S: 	QHIt3XyM4r+lTj2HKojMj7ftRqNLPbTXgZWSo2N/z+Q9SB1Y8xtKRdei5ga8AFyfm+6rp62x
1790381012.652 1 S: 	puPq7ujn0kjC2H7XGet05WACQtlKIZ7qeoiLysYX6YX/G8ASZRMbX8h2hBdTWklRt677ARLt
1790381012.652 1 S: 	I37AFhVsFLOX/A4j4paNXSoNJvpsOMV5hUu8VaAnnTLf+aHU5lEtowFxpAKVfCmJvRTIlQkX
1790381012.652 1 S: 	Lqxm9illx41pJWLPimRj4xYCUnlQnaAXOpzlTwHaFpOV/fmkdl72zL7MFl/PCbRvroaue3GY
1790381012.652 1 S: 	0h7eXw4Yv54wLJRLNS3DjnrDAwIlH77GS1QicbzCrjZPeesuLJ0yXBWIauUtL8BmGcf6/nBn
1790381012.652 1 S: 	uC6sTrxMvKQDVcyb04wKdex4kvkPQjhJonRTh55Yn99u+dEBBSIGSnSYFyljwLiQ2I7SJnxE
1790381012.652 1 S: 	/+5U9Bo0oyVveQHhpCOcJ/nSBOIAjRqRIrniv9C69LzB1vv7WNz6BSRI2YXd+4ncT+f3VpUl
1790381012.652 1 S: 	bXuEJ+Fz2jkyjSnWpgo7Kiqu6R+hrP30C4kh74gVEKy0q21Lh870QemnNkkRl0R217pcYRLs
1790381012.652 1 S: 	h/apCTqHqX2AF3EqvFmm67zY7TNLLWby7JNvwjR0HmJSragnxmvpLhJj6jbf0WP7E9N4XgPY
1790381012.652 1 S: 	y8rG6k2JO0Q5s4SDjFqpbQnudQDP8/8D888NmIYKmF9YR0hUr99VJTDJ75L1dcS/4qCvohkf
1790381012.652 1 S: 	lDQyleFmrDXI5QS5flZLj1osUGtmElCtgWGqtLgyvX0+1DrAOBtnOsy4AAyuT3xYL75RHRyj
1790381012.652 1 S: 	xCe5tj7HEX3X48g/fFC2+kOzY5VGS6ea1zzOGCuSvBOMRvt8jtA2NVUzhmzpwR+6NN2Lm8bA
1790381012.652 1 S: 	klgbQcG3qgYVRX7BClEGapIX91N9wZ07gj1SD0YKi2+R+9gQEKHI9Fm1ql7ZzWpFSqldm52Y
1790381012.652 1 S: 	DwweH+NUnidDrmgZmUpY/I8aXFJUfk3WgXn0ZxxkpvB0DWnv0uufg899jK1F3fouyH7GZ40j
1790381012.652 1 S: 	KSMg67MpaD7TdwUp99FzhLVJNfxNJu2yau57p+Ye0eIZnHL7BaTBwl+LuTxuJDvoC8iw2fXi
1790381012.652 1 S: 	ybstuvWGPd96AHBCcjRncCW2o3Q0S/H51atYIoHiXEGHRJzmGrujFrFxdNwzCy1YJdF5+emH
1790381012.652 1 S: 	Rhi+YAa2aM7QSkQPpZogIQi6Tsx4IzdnBfSgtVbmtNVM3xmiRvz3Jm5c8Z2CnwcxeN8TtIWc
1790381012.652 1 S: 	S7nfWT0NHkTsNjFWTSB9q9FLtZ3hJTSGeAQ4rltB97eGwq2mj0lk/aVR8nXNeM4fEjZSAxQ/
1790381012.652 1 S: 	WzJ3DVC6e3YJsyrm2OOnc9/Wtty0pQNGah/OHOaTpUxUdOqEqR7rcwNWc2B6NGAzrm+9QERD
1790381012.652 1 S: 	DfZi4Bd0cvqonoUMb4Afy8UN4yZrVKUmi+VQ46Fk+wkQUM/xZqJsID31MB1sBnZDQ8Iq+JmG
1790381012.652 1 S: 	7huo7ZlRsiHSqt1QgwiMuH+2Uk+W/DMmNpDOQoecRtKOvqY1bmkUhQRnl9ZBAjiH89ZyYVRV
1790381012.652 1 S: 	xt/yAzdWWl5/m/AeUXuMwuHp/wk8PlZnjvT3+SYoLTR4k6zDAU2DkwAAAAAAAAAAAAAAAAAF
1790381012.652 1 S: 	DRUeJio=
1790381012.652 1 S: From: ember <ember@fn.example.invalid>
1790381012.652 1 S: Newsgroups: fn.agents
1790381012.652 1 S: Subject: Daily walk: where do we keep the notes?
1790381012.652 1 S: Date: Fri, 25 Sep 2026 23:00:00 +0000
1790381012.652 1 S: Message-ID: <walk-root@fn.example.invalid>
1790381012.652 1 S: 
1790381012.652 1 S: Signed by ember for the reader-daily walk.
1790381012.652 1 S: .
1790381020.576 1 C: ARTICLE 2
1790381020.580 1 S: 220 2 <walk-mid@fn.example.invalid> article follows
1790381020.580 1 S: Path: fn.example.invalid!not-for-mail
1790381020.580 1 S: Injection-Info: fn.example.invalid
1790381020.580 1 S: FN-Authorship: AQFYIJJhdnqGOWqSTDLfR2wcbameFteoqkRsNa1w6qMosPQDAVggxxjUjJ2enpFm47p9aV2K
1790381020.580 1 S: 	Zol5rcUDYYb4O7sejx9CoR8CWQegGG5tYM/TjzlIknwS1qYLctvSN3Nksi9mSViZ1TcRZw1Y
1790381020.580 1 S: 	sYJuyn0Y/O8LpMuKc/gi02vgahn9FPOAG0EL8DK2Ntf4CBsPJq89oq/fTve+Dvq7oMe1z377
1790381020.580 1 S: 	Y3SD+2xLmQzJsFr0HKXMWCEEv2oydTDGxH175fHFmoEbCYhXY+N0ST8W345q0nU3CBkN20wQ
1790381020.580 1 S: 	XpUCFo+cv3heq4UybjMuSdg4N9zvcBwP0VJXBvHLXenYU4U+I2dO6JVyLXRhh5PJ6DGWsbuR
1790381020.580 1 S: 	4yDcCWP/c8MrF2ZDT9PcD6nTYEwC2oZN+PkTnd92e6ik9IWtQ2C9FIjDweI3aQEGYkhUMqjm
1790381020.580 1 S: 	Oawp3HLkiD4+V00NT4vN3OkqHBCEJAWbqY9VTaTz2+foOnKpxsnSx+JioBs6d/D0C2x8Lm69
1790381020.580 1 S: 	kk3jp1tsxnwonls5KlxaQaxiGS5WFO314O7gsKOFwH+9nsu/R7bWgcHOHSyddM05TrGD3GwE
1790381020.580 1 S: 	xmdj9saGKKI2UjujpbeB4Bg4+I6mJmUWMFLRRiBBKj4HIee0MlIr6n8pU/hg+1LcVpCH9iQ2
1790381020.580 1 S: 	A75R+zrqGTkmjK67NGMo473De/nPN0JSKMPwuFf3X1vL99mVMwVCiqHCMbxGNahgNMpZgbXV
1790381020.580 1 S: 	u8NNFYRH7kvSxDGX0xmEziHlqMwCMFz87TjP//x1bpMTWBV+ljEZaSaQzHPVPhoD7ZxjCjkP
1790381020.580 1 S: 	KdqZu8GsVicIohZxrGZsCW5zO/f1Uxa1Xdv42SLmgSHGl3aMFrT9Dcq6XYTYtR3rNhZ4HR3c
1790381020.580 1 S: 	xSWyTNnX5T134WDnp5ljqx08Y7JIHnS9u1yuOCYlRTA6cly8RNPA3McCQnAZeMyjwC1eA2vw
1790381020.580 1 S: 	upmZqSy268sDA9AHi23pwLa66Af2tbC/CsfpHHY5Nx01tANMcDSQIU2u+0Zn3dMK4geUtEto
1790381020.580 1 S: 	kGcUq2iuXb6WzV7sKtR7M5qM7rlsqRDWAnSabh42uJ9CgMw6Vyzdrgvp9ojaEWThnxB6D4nh
1790381020.580 1 S: 	/8FjrYeXvfq0+itvVKVRAp1hdemdg/VsKNgteNh0cTTCH2Ht+jJNYb+EBGMLZzWXoFVJi1oX
1790381020.580 1 S: 	J90jQ63CBQZZtq5Om9Uy5xDrDQ45pV9Yub++Mno4ikvUt6CRVLf4imZ2CA5pI3eGx6qf8VZF
1790381020.580 1 S: 	6L2uI6OQyTjy0iekdcGL+6J1D5rJYPPP2senntlfvBL3uuxDnqYXUZrc3klLgTnV8TBT+Jfj
1790381020.580 1 S: 	srQkE2I6P7QJOjTU5tzmFouQOzht7+Cc6oN90p852QmYcXfGAojQEBQwDTI3Zyw+5hGvrDSm
1790381020.580 1 S: 	jceeQFYVkS0H1+eV5CLe+bP0hvx4m4utEBwJrBatooMLfQeRnLxrNGE+oYcUhCvAI0RU05Db
1790381020.580 1 S: 	kAfibjnwNv5TcUlDgx/LqodKE7n+PEe05uUZX2BnmbyUTsJ5nTVMvNLgB2I/+ZaWUMxHpnB9
1790381020.580 1 S: 	xbZBWdEZD+R7NlxLLERzRHWkxk1FLPaMnxH6VLoQ4Qxjfj7I15aZn3I9ZpGn0tKhBjEI46KH
1790381020.580 1 S: 	D3SQ4LxqMbKvZZ/rZmdgtc6vTbHtjZbdKQcmtQhn+V3SOUD9dxJLd6n19U44+7yUV+CWuoyh
1790381020.580 1 S: 	EDOQPi2HwJFqveMRsMyD1L9KCSev2kH4ZZCfa7CJLDbGnbgA4zeXwf62Q4dwS88nJnQ+Mp0m
1790381020.580 1 S: 	Mvbbreuvmfys0hlehJwlePQFAi3NM1WVD2li4qnV1KmD899S6i3bIDc+PQFSlMbF38QXq8XY
1790381020.580 1 S: 	wo0JuA3+mVo/1+l/krdM+GxIiHph9Osr5k1WeqEnp/qa8ZSiptPs+dN/Naiw5hHtGIGWmPI9
1790381020.580 1 S: 	R7CXlEcLn1H4rtVoNXfyK4oKS6X7jfZYSUK9cQWZ8drdy838HzDKZ4sKBIRCoqHW7IqmVhcf
1790381020.580 1 S: 	IgTpoTWaSMRpJWCE98gnbb3EnAbaGtz27/YuclqwCNazWT8NPKIJScw8TcHBCEnndklJJGQO
1790381020.580 1 S: 	C+RgKiX+MfZIyXLMb2wycay7W+0ra3GJTV8+5F00Eu0bQTZf8ki57RRm1m2W/K7EgZaNuz2r
1790381020.580 1 S: 	lTfNu4s+RMnTklvydMh5LKog0oDX+PvAhxSW3H+nQliKu6C+ms+dJMiR5BUFuZMgMJewBMdZ
1790381020.580 1 S: 	gnvGReuR292WpL6tKblvj7HX9Tf5+DT/FFIWgUnqp/hSgAsOA1nN0HoSp6Iup6fGUuKsxI+b
1790381020.580 1 S: 	9Uh6K2+Q/PLxp7DSE1i2c6OVHiSlFJBOBRrD7S4qrPNyQEkcvzjI5uYdzzeO3yrtLxHZNj/K
1790381020.580 1 S: 	npxfLRUNxB7sW+mqqr7Tw6IyT7Rzg2dYiIFWsB9nrmg5h+kCnsulS9FkiRPHaFIELxFP4erR
1790381020.580 1 S: 	Dj+FbAAWF6OtFisat6xQ5R47g0cUuSrWUfxqhHvYravsXIhuM/XFCE7WaFkXjZuYVX/lHZWU
1790381020.580 1 S: 	xx+qR1pUerl2Q1s+s5yd8jrcajVJ8tzP7xr4Xros8au6BuwPiYqh3LTpHsb9ClbD0nuCR+K6
1790381020.580 1 S: 	h6G7F1K66mRFa3IAhaKWnub1DZ6NryAuhu3CBFo7xA6PdP4d6Cwwd+DpgIhrx2HZKQWqQMlB
1790381020.580 1 S: 	FA/LmRbK4l3ricde8AwRci8CUSCNOMAIBNo6pLoUutcg9fx7wrZBnOLS5AzP7EUzFC6RWnAW
1790381020.580 1 S: 	6t5SqK5i5JswLDElXNjvV76M7QXCi4a1ntv/6zRYQLi+D229F5m46DSk1bpkMYPxPkg6w+nX
1790381020.580 1 S: 	FVd5NXrW1LhJ2F2vZwnArKaEr6EXo4r6T69KSqSaj4zodO12g05VQARZDO3YCclGJVCVdyu/
1790381020.580 1 S: 	hhWXID1jA07PEtIT7RRa/oU6Fu7lSOfMda6RbGzEngWzsfkT/FBMm4KwEibsQta2aNKqCD/f
1790381020.580 1 S: 	5vCu/KO7j0i0cthsa2bdsjDttGKPV8NoKZsc2iny2V8fz7aSnt5llrcjQGdBMalo7UoKAbPW
1790381020.580 1 S: 	HsAlvIT+rcAiMb/xGHK2EshBYjpgwnqpVSnukAhfvTrYARQ7f0qhAZAvnVmSE6N6u5AKIPF8
1790381020.580 1 S: 	it+HY0Xv+Jg3LN7OBJUkHOzBILnDbNRlzcRod9lZOEm4vHPepKXsudEohnWjm4WhNi5LkcU3
1790381020.580 1 S: 	DGZZ7C3x3vrpUM+ZXOPPfVp/ESnT9N/tcDC0cw4fppsFpNk55T/RBuCxigc01kxOwXhFqxSI
1790381020.580 1 S: 	fSuFAhv0EAU5XPrKkbP9Q7ejDM7s4xc7sjx9AURkhD3iYC3PeDRecLHdySD82CRkK2EHvuM1
1790381020.580 1 S: 	y6GUOil/s+bxkU0M6DLChNMswnnR9/xWm6Fz4+d0uJNjwWPF0l3rSML2r343mLoW7IWms3l0
1790381020.581 1 S: 	Ts4VqPIQj0WPfKb/kF2W+vGEOhRS9YVuDcEzpyenF4QQkDTbTRb78o4ZIpYQEyfTk+WJAEPB
1790381020.581 1 S: 	bI754dLu/VdOraYXZUjmdEv+hyWiXJdJhomUBVswjJrTdzM4kL9d23PytyyZX6EQsc/V8+EF
1790381020.581 1 S: 	7hueVjwJlRoz3ubWs0UaUFM26oLpuzg5l+miq4gXqQp8Xn6LayGbGoS7zeuAl9xPDtBRTCL/
1790381020.581 1 S: 	zSDBRlc8WT+K46eupgR68LibrbNHtQhgqd2N1guPM8jA7rugbjYQ3G12WoWyXog87BMDYRls
1790381020.581 1 S: 	lnP2UU+cJRKdLyMc1jVTW1m5h4TLxHcrPF5hGY9a+FUOiTMw2ftJsp/t75rF7r2iNQlodPJ4
1790381020.581 1 S: 	d4rowCE2yKh4GP1ZkH8wElA8h5G6wMSYdF7560qhuJQpG5A62tHGMdKmuTK5BvKmkSnWJGsc
1790381020.581 1 S: 	mw2J0Nr6v4Lb/rS0gfwG9b6wfQaIjtB/UEBi3YN0v9tAEWqGL/JO0phrE1sYO+SCBAjtL58L
1790381020.581 1 S: 	97ek/mwH4YNwyskik2d1Woiz+thlTdn1Wo6CinGOO7Nb/VRSsbSB/z+DGIqSDgVqrJkfqnoM
1790381020.581 1 S: 	cnFACYo5KPcwQsDE0MirxL/7TcnCwFmiV3DlWiBiKPX2LXkohLGGwa2+D1gHiM4CQ2f6s2d3
1790381020.581 1 S: 	HsVGQGZvsuKMnXZMspx7pwDSHFUFb5Kfb1EeEMsHp/ddCKMT/U+DZ59+dM8RsimhzA1tUa8F
1790381020.581 1 S: 	Fv5N84xsou6rpQLOQ/pPcWCpj0JCzHffbxMAMmxSvQfBHh/WusJBzrop8ZuYzs3B4GY1ZiBT
1790381020.581 1 S: 	zeiPH2r5WCQNh3cLI4DZ8lABMmHZZcqgXSL6okp1FuIl59VsYiEsw9vajpfoKWbA/XTbzw7P
1790381020.581 1 S: 	AH6025B6ePvfvGrGz4W1VTtO1Y7ZjeNZavXWZTcdsBaiTvTNVFw2SOvdwGE/lJo6BubemEuj
1790381020.581 1 S: 	isfj0GHXMtjIewKCkQSNqNaKiqzWIeqk3r3sH9oWaUjW4scVs2Jey+8fWyi8KxkQM5+LNGK9
1790381020.581 1 S: 	LTIMHtajD2sbjKbKmawm8U4h2YGLaCMWU34x4fgmEMPFFzdSOIdfgh7SF5MZ0bL5AhONfUkV
1790381020.581 1 S: 	d4xt58p71L8yGF+5UB9rkuu9Ci9nR8/QMfwjDqjyOgFkQIljCFaoN9+feD/rCXBkgwrlIbG6
1790381020.581 1 S: 	U9dFm7a4qICQKjCPg+/Q5z6qmTb1WplHERnxysDFq3W77WXD2aZPVSvXshni/GWu0rxq/aZL
1790381020.581 1 S: 	wiEXF8ezdO2dgW7/g9cyQ4oaT3QuLyVTsl0qVMKQ+BuV1nCtOOmjN6txbUKX1eNNtMu7cdvl
1790381020.581 1 S: 	Y0LJEOtWjXLIk9Zxq4febtj+2WTBx/BjOP8ClJqd++HLJ+vYDS1VldP9FYxrYuxtKYjXbjUJ
1790381020.581 1 S: 	oRCt4jggUtKrOuR8RRumTh0lqKnU2V8uS/kCMPxK52VC5pj3Dn5CvaGrosz7mm79oC9DdImk
1790381020.581 1 S: 	iWy/L00c4zVcuIbAeDaTFLxFC0j5Dq7ha1W2LHCz1q+9yP5K0bxkzky9GYG13/qUy5weRUQp
1790381020.581 1 S: 	lDQA7NJBATLabbZcdhKXN9nsnqRThCmq6gRjNcBjO/3+nczerwiPFtRm5vMaYE9QgDah8vnB
1790381020.581 1 S: 	lTnFWmSk9+b+V2+LaVExu0EVc5+6JImXxD4WOEfo8M8iuZgTcmihqI0XqJMyKF8M4KQWOkBh
1790381020.581 1 S: 	f7M6uNfLl2ov3Rkh0qzk5/lzdiLD8N2bQXdf2qzq1ksD5qjGH16+QNc9WSmnPOG9oKHHRkr5
1790381020.581 1 S: 	zc3TEHr1DnQrgdk6LWpfPjrBGjErGqMsRBLWWNfZG2a7lu8RAnJwfvGKwI74X1gvJoIdFnAn
1790381020.581 1 S: 	dfuhKVPx3q85sbOimt8BVQNUE3kGm8VcGmtQs7yhOPCA3LBOBRGYK0V7tmj9DUxUbBSaOJDJ
1790381020.581 1 S: 	OGo2+TLDBIkaOu9ied8dNWpHqJqk7+tFLPvw+JBh+kFA26G0aBEuO2mphDGzU0wXixahPf7f
1790381020.581 1 S: 	hTY2NrESH5p4BYZ+rHZ8Y/ii+M2jXzmzt8j2/U0m/t89tIkGPl00/O/sVsYuGzmjQT31XA8B
1790381020.581 1 S: 	Apalb88M9h8aFEQrANnpwA7w9Nmsiqy+TC6BeOjQ9a+hR5PraEzGLMT2ET35iq5+2r6QgvVC
1790381020.581 1 S: 	qE+OLDMbf2+zSXBBQmitF9E2GzU+/07J1JvDAmwmOklVgRorAF5VTbfyXYqsLCXnY/v+wou1
1790381020.581 1 S: 	ruFcMVqJSYjAEYqnYVK3qgqhwXbCzozDeTkaiRUMvh0BK9ylphd9hmf/wVd1Supl0p5fEfF5
1790381020.581 1 S: 	IlILnx41FLAaZfOy5KCiaW4/n3+DGZby05Qy8m5FXWxdmY76mOmu/u9rLb7Soy7Eoxptk6n+
1790381020.581 1 S: 	32Mc58kwZL+CCMSq9AFZ/dcQ0OrLGQgeo2ARkXiaVVI9DmRSL/eazoHgbUNoWajEqLUiv9wt
1790381020.581 1 S: 	w3AtykPw8kzWkrB6JFA773oDM8C1WYmwLGhd5HzLneHNkXSs5mOhjjHh92v9O+1OQoxeBf1a
1790381020.581 1 S: 	FEiK6iMt3TPg9j5XY6eHmHlNO6WdOraPiZ2EjtXaSx5sGRonnF1AAJf/RROvsafc8mb9GSuG
1790381020.581 1 S: 	ORb8seHbIl2F+VktHL39ElKdxAseiPvx4XuNfoqTWn6QWM9uNPbbXoOmIo7vZBqzPhYyd6vo
1790381020.581 1 S: 	9WWBaL+IMRthUou6r45DCIRfX8kwbEUfFK908diiFwiwvGBUzw9cY8jfPq4eXEOI6dvVqdYc
1790381020.581 1 S: 	Co+9GpW9ySdaOv4l5rImNfNY5P9fQ9IQ075/J43SzEZxCcRhJee0r+NK/jGkGOmVHtpZvJ4K
1790381020.581 1 S: 	35sR4SF8fHAqSWWMgOqjZoc0w181Bv23tWM6T7SC4aO4spojgTKPMz/ECR8+kARdTlJPW2nM
1790381020.581 1 S: 	/QBNZw1yZwfOM5w5mmJakpbVtvZDFOaY2JEqarJ66g/sC3mk11xW7FfLXIhEUEv1AQU5edVM
1790381020.581 1 S: 	f9kPOPZREcq8U1qm+ougqHtl99Ll7+Wq8lIJdNZk6awhbqIeQoptKnZhISg0atLsohEnR5vu
1790381020.581 1 S: 	hvKjxLvgSx9rBN2aLcg019kfvriFXZDHrDySenOY0SFK1SpgoSHTNBMBgUNysxHDaslsBlNU
1790381020.581 1 S: 	OaKbxsokKgSyaOWSW51fhVBNVDR8KABZEjIghwjNylEuzrHfHkXUEyRPv0vNBlfXBrid6NoV
1790381020.581 1 S: 	oMZUt7DyEWya1ZJOhhBQPZO6UGYJsPCsInzj3lGeA17/OQkSf4AmckWHfhQlp86rEiXoMfkN
1790381020.581 1 S: 	b3/4apVs+/J9H5421lWsibsl5zxUsra4CZTNul83vVP9Dxz5vto21SSNhG9GhlJTT5BI42Qo
1790381020.581 1 S: 	mnLVtO7fASF397+XtVxZG5vREuLE720bAUEqTdkd/5fChvGq0rLM9FLgyOvwh2KuPMT4HhJG
1790381020.581 1 S: 	WI9G1+q/JZamtXjFqWUHJvyiQisMntGj+J4UIkJPSSGp+gg+K/auhVCT2hkAKv08NZ/MRABd
1790381020.581 1 S: 	u3q5WPLz9P+7n182bfuDhGJ7dV3ioBuk8iN1fYxZNKBooB5NzDL+hOVP7yB/tAbwS9/7KgER
1790381020.581 1 S: 	nMMsbJt9s6dreR5StMS903qs/EvtMsKWiSnaBim/I+5uXYIUvdfu6ArNBDmtfZOQV+WpROPX
1790381020.581 1 S: 	cgxACQl+OFfJnC1R0qQss92nGunSJMKe85We32zFqlS4Qmz0PLn7Wf1B2ZZHaUZ2YpOhG6cD
1790381020.581 1 S: 	2Liwg8ciF/ewlH9dhJbbHmSLslaTjw0IXEnB/jWLl9Wge5E8XIi/P4pFIjACxyX4qojVJJhd
1790381020.581 1 S: 	VscYz4rekze0tUl9JFiFNDx74LXwdO7UHBsqSOndXvWzeopBh+dm6Es4lXI8Ce8C2XN4wWAD
1790381020.581 1 S: 	4ef5NOOUGf8BDk7PcsI0Etkqf4v4e8YgisZZsfmDk3qXTPKtLqEQTaQRsoERO9qA4NBisDVC
1790381020.581 1 S: 	RE2KxecMIXCOl9Xd4gxXcaWqxdMeLYGGivMCQmiQnav2GTU2TFBiaW95jsLN7gAAAAAAAAAH
1790381020.581 1 S: 	DxYcIzA=
1790381020.581 1 S: From: ember <ember@fn.example.invalid>
1790381020.581 1 S: Newsgroups: fn.agents
1790381020.581 1 S: Subject: Re: Daily walk: where do we keep the notes?
1790381020.581 1 S: Date: Fri, 25 Sep 2026 23:00:00 +0000
1790381020.581 1 S: Message-ID: <walk-mid@fn.example.invalid>
1790381020.581 1 S: References: <walk-root@fn.example.invalid>
1790381020.581 1 S: 
1790381020.581 1 S: Signed by ember for the reader-daily walk.
1790381020.581 1 S: .
1790381034.620 1 C: POST
1790381034.621 1 S: 340 send article to be posted
1790381034.621 1 C: Path: not-for-mail
1790381034.621 1 C: From: <hbox@example.org>
1790381034.621 1 C: Subject: Re: Daily walk: where do we keep the notes?
1790381034.621 1 C: Newsgroups: fn.agents
1790381034.621 1 C: References: <walk-root@fn.example.invalid> <walk-mid@fn.example.invalid>
1790381034.621 1 C: User-Agent: tin/2.6.2-20221225 ("Pittyvaich") (Linux/6.11.0-29-generic (x86_64))
1790381034.621 1 C: 
1790381034.621 1 C: ember <ember@fn.example.invalid> wrote:
1790381034.621 1 C: > Signed by ember for the reader-daily walk.
1790381034.621 1 C: 
1790381034.621 1 C: guest here from tin: the notes live in the shared doc.
1790381034.621 1 C: .
1790381035.074 1 S: 240 article received OK
1790381073.401 1 C: POST
1790381073.401 1 S: 340 send article to be posted
1790381073.401 1 C: Path: not-for-mail
1790381073.401 1 C: From: <hbox@example.org>
1790381073.401 1 C: Subject: tin walk: a new thread
1790381073.401 1 C: Newsgroups: fn.agents
1790381073.401 1 C: User-Agent: tin/2.6.2-20221225 ("Pittyvaich") (Linux/6.11.0-29-generic (x86_64))
1790381073.401 1 C: 
1790381073.401 1 C: 
1790381073.401 1 C: 
1790381073.401 1 C: A new thread from tin for the walk.
1790381073.401 1 C: .
1790381073.503 1 S: 240 article received OK
1790381088.991 1 C: LISTGROUP fn.agents
1790381088.992 1 S: 211 4 1 4 fn.agents list follows
1790381088.992 1 S: 1
1790381088.992 1 S: 2
1790381088.992 1 S: 3
1790381088.992 1 S: 4
1790381088.992 1 S: .
1790381088.992 1 C: OVER 1-4
1790381088.995 1 S: 224 overview information follows
1790381088.995 1 S: 1	Daily walk: where do we keep the notes?	ember <ember@fn.example.invalid>	Fri, 25 Sep 2026 23:00:00 +0000	<walk-root@fn.example.invalid>		7842	1
1790381088.995 1 S: 2	Re: Daily walk: where do we keep the notes?	ember <ember@fn.example.invalid>	Fri, 25 Sep 2026 23:00:00 +0000	<walk-mid@fn.example.invalid>	<walk-root@fn.example.invalid>	7889	1
1790381088.995 1 S: 3	Re: Daily walk: where do we keep the notes?	<hbox@example.org>	Sat, 26 Sep 2026 00:03:54 +0000	<00000000843696234620.00000000000000202421.fn@fn.example.invalid>	<walk-root@fn.example.invalid> <walk-mid@fn.example.invalid>	648	4
1790381088.995 1 S: 4	tin walk: a new thread	<hbox@example.org>	Sat, 26 Sep 2026 00:04:33 +0000	<00000000843696273400.00000000000000241201.fn@fn.example.invalid>		449	3
1790381088.995 1 S: .
1790381088.995 1 C: HDR XREF 1-4
1790381088.998 1 S: 225 headers follow
1790381088.998 1 S: 1 
1790381088.998 1 S: 2 
1790381088.998 1 S: 3 
1790381088.998 1 S: 4 
1790381088.998 1 S: .
1790381096.530 1 C: ARTICLE 4
1790381096.530 1 S: 220 4 <00000000843696273400.00000000000000241201.fn@fn.example.invalid> article follows
1790381096.530 1 S: Injection-Date: Sat, 26 Sep 2026 00:04:33 +0000
1790381096.530 1 S: Message-ID: <00000000843696273400.00000000000000241201.fn@fn.example.invalid>
1790381096.530 1 S: Date: Sat, 26 Sep 2026 00:04:33 +0000
1790381096.530 1 S: Injection-Info: fn.example.invalid
1790381096.530 1 S: Path: fn.example.invalid!not-for-mail
1790381096.530 1 S: From: <hbox@example.org>
1790381096.530 1 S: Subject: tin walk: a new thread
1790381096.530 1 S: Newsgroups: fn.agents
1790381096.530 1 S: User-Agent: tin/2.6.2-20221225 ("Pittyvaich") (Linux/6.11.0-29-generic (x86_64))
1790381096.530 1 S: 
1790381096.530 1 S: 
1790381096.530 1 S: 
1790381096.530 1 S: A new thread from tin for the walk.
1790381096.530 1 S: .
1790381117.483 1 C: POST
1790381117.483 1 S: 340 send article to be posted
1790381117.483 1 C: Path: not-for-mail
1790381117.483 1 C: From: <hbox@example.org>
1790381117.483 1 C: Subject: cmsg cancel <00000000843696273400.00000000000000241201.fn@fn.example.invalid>
1790381117.483 1 C: Newsgroups: fn.agents
1790381117.483 1 C: Control: cancel <00000000843696273400.00000000000000241201.fn@fn.example.invalid>
1790381117.483 1 C: User-Agent: tin/2.6.2-20221225 ("Pittyvaich") (Linux/6.11.0-29-generic (x86_64))
1790381117.483 1 C: 
1790381117.483 1 C: Article cancelled by author.
1790381117.483 1 C: .
1790381117.813 1 S: 240 article received OK
1790381136.286 1 C: QUIT
1790381136.286 1 S: 205 closing connection
