iteration 0 single late 203.93
iteration 1 single window 137.52
iteration 2 single over-limit 26.55
iteration 3 single window 119.71
iteration 4 single early 10.44
iteration 5 single late 151.41
iteration 6 single over-limit 6.75
iteration 7 single early 53.95
iteration 8 single window 119.81
iteration 9 single early 41.83
iteration 10 single late 176.49
iteration 11 single early 42.35
iteration 12 single mid-article 3.75
iteration 13 single window 68.23
iteration 14 single window 165.27
iteration 15 single window 130.57
iteration 16 concurrent early 0.22
iteration 17 single late 326.29
iteration 18 concurrent window 156.3
iteration 19 single window 68.86
iteration 20 concurrent window 140.38
iteration 21 single mid-article 3.7
iteration 22 single late 208.09
iteration 23 single window 130.65
iteration 24 single window 91.47
iteration 25 single mid-article 13.5
iteration 26 single window 171.56
iteration 27 single window 140.05
iteration 28 single over-limit 7.63
iteration 29 concurrent window 221.18
iteration 30 single window 166.92
iteration 31 single window 50.19
iteration 32 single window 107.08
iteration 33 single window 107.67
iteration 34 concurrent window 134.39
iteration 35 single window 73.73
iteration 36 single window 117.79
iteration 37 single over-limit 10.1
iteration 38 single window 86.95
iteration 39 single window 89.06
iteration 40 single late 175.43
iteration 41 single window 133.44
iteration 42 single late 218.19
iteration 43 concurrent window 128.54
iteration 44 concurrent late 199.23
iteration 45 single window 126.07
iteration 46 concurrent early 2.35
iteration 47 single early 28.56
iteration 48 single early 11.18
iteration 49 single early 70.06
iteration 50 single late 196.9
iteration 51 single over-limit 4.84
iteration 52 single early 53.87
iteration 53 single late 186.86
iteration 54 single mid-article 4.45
iteration 55 single window 96.73
iteration 56 single early 28.86
iteration 57 single early 19.73
iteration 58 single mid-article 1.94
iteration 59 single window 117.72
iteration 60 single early 39.67
iteration 61 single window 176.54
iteration 62 single window 112.68
iteration 63 single over-limit 21.19
iteration 64 single window 102.17
iteration 65 single early 28.7
iteration 66 single window 137.69
iteration 67 single early 35.92
iteration 68 concurrent window 109.69
iteration 69 single late 205.61
iteration 70 single mid-article 16.26
iteration 71 single mid-article 5.28
iteration 72 single early 45.47
iteration 73 single window 111.25
iteration 74 single window 94.24
iteration 75 single late 219.54
iteration 76 single window 198.33
iteration 77 concurrent late 285.32
iteration 78 single late 227.34
iteration 79 single early 17.83
iteration 80 single early 39.31
iteration 81 single mid-article 17.11
iteration 82 single late 213.91
iteration 83 single window 143.56
iteration 84 single late 217.04
iteration 85 single early 18.85
iteration 86 single early 9.24
iteration 87 single window 104.22
iteration 88 single early 51.89
iteration 89 single window 196.69
	Command being timed: "python3 -m tests.campaign.native_production_kill run --image /tank/fn/gates/qual-bbf52159-20260925/build/images/bbf52159dcab19228bd6cd0b855b99dd6d68758d/fn-host --work /tank/fn/scratch/qual-bbf52159/campaign/pk-work --out /tank/fn/scratch/qual-bbf52159/campaign/pk-run.json --seed 3 --kills 80 --concurrent 10"
	User time (seconds): 120.46
	System time (seconds): 38.31
	Percent of CPU this job got: 71%
	Elapsed (wall clock) time (h:mm:ss or m:ss): 3:40.91
	Average shared text size (kbytes): 0
	Average unshared data size (kbytes): 0
	Average stack size (kbytes): 0
	Average total size (kbytes): 0
	Maximum resident set size (kbytes): 620048
	Average resident set size (kbytes): 0
	Major (requiring I/O) page faults: 0
	Minor (reclaiming a frame) page faults: 27610143
	Voluntary context switches: 17010
	Involuntary context switches: 5342
	Swaps: 0
	File system inputs: 1809392
	File system outputs: 40728
	Socket messages sent: 0
	Socket messages received: 0
	Signals delivered: 0
	Page size (bytes): 4096
	Exit status: 0
rc=0
