installed native fn under /tmp/fn-release.JXgw32/opt/fn-ba61acd72080
release /tank/fn/scratch/friends-peer-2/tarball-t2/release/fn-ba61acd72080-linux-x86_64.tar.gz
0af33c957a4de562f4953038433ca4822e18a65197c9924ede057d688a4e0e72  fn-ba61acd72080-linux-x86_64.tar.gz
fn-ba61acd72080-linux-x86_64.tar.gz: OK
friends_tarball: installed /tank/fn/scratch/friends-peer-2/tarball-t2/friend/fn-ba61acd72080
test_a_cancel_reaches_the_friend_through_the_ordinary_feed (tests.test_native_friends_feed.NativeFriendsFeedTests.test_a_cancel_reaches_the_friend_through_the_ordinary_feed) ... ok
test_bare_fn_and_version (tests.test_native_friends_feed.NativeFriendsFeedTests.test_bare_fn_and_version) ... ok

----------------------------------------------------------------------
Ran 2 tests in 4.343s

OK
NATIVE-FRIENDS a init local.general -> 0
NATIVE-FRIENDS a policy set -> 0
NATIVE-FRIENDS f init local.general -> 0
NATIVE-FRIENDS f policy set -> 0
NATIVE-FRIENDS a peer keygen -> 0
NATIVE-FRIENDS f peer keygen -> 0
NATIVE-FRIENDS a peer keygen -> 1
NATIVE-FRIENDS a peer invite -> 0
NATIVE-FRIENDS f peer accept -> 0
NATIVE-FRIENDS a peer confirm -> 0
NATIVE-FRIENDS a peer add -> 0
NATIVE-FRIENDS f peer add -> 0
NATIVE-FRIENDS a hybrid-author target -> 0
NATIVE-FRIENDS f STAT <friends-t@a.example> -> 223 0 <friends-t@a.example> retrieved
NATIVE-FRIENDS a hybrid-author cancel -> 0
NATIVE-FRIENDS a STAT <friends-t@a.example> -> 430 withdrawn
NATIVE-FRIENDS f STAT <friends-t@a.example> -> 430 withdrawn
NATIVE-FRIENDS f STAT <friends-c@a.example> -> 223 0 <friends-c@a.example> retrieved
NATIVE-FRIENDS a-log accepted feed peer=f message-id=<friends-t@a.example> code=239 time=2026-09-26T09:40:28Z
NATIVE-FRIENDS a-log accepted feed peer=f message-id=<friends-c@a.example> code=239 time=2026-09-26T09:40:29Z
NATIVE-FRIENDS bare fn -> 0 usage: fn operator CONFIG {help|init|run|post|show|mission|status|health|pins|obligations|recover|store|group|capacity|r
NATIVE-FRIENDS fn --version -> 1 store: this image records no source revision (no /tank/fn/scratch/friends-peer-2/tarball-t2/frozen/source-revision)
NATIVE-FRIENDS bare fn -> 0 usage: fn operator CONFIG {help|init|run|post|show|mission|status|health|pins|obligations|recover|store|group|capacity|r
NATIVE-FRIENDS fn --version -> 0 fn ba61acd72080bcedfc599e1316f6c2ae5d30a050
