Running as unit: qual-69046a76-ckptrb.scope; invocation ID: 28230efe422642c497c77a5f37f7dd55
6e569af117ba4afcf52bfd74f2a40ac222ead7701bb0b84bac799c53521bfe9e  /tank/fn/gates/qual-bbf52159-20260925/build/images/bbf52159dcab19228bd6cd0b855b99dd6d68758d/fn-host.core
dc3b8919ab8d43750d9b9fb521c7c40039eaf29086d5f7b55293ba85d2faea7a  /tank/fn/gates/qual-69046a76-20260926/build/images/69046a76798b8be6169eeed5a66cc46fbe399e51/fn-host.core
== bbf52159 status (before)
  | transactions=13 articles=13 staging-orphans=0 unsigned-legacy-experiment
  | profile format=8 max-transactions=4096 max-history-octets=805306368 max-record-octets=17138486 max-article-octets=32768 max-groups-per-article=65535 max-group-name-octets=256 max-open-suffix=4096 max-consumers=1048576 max-bp-rows=1048576 max-config-generations=1048576 max-credentials=1048576 max-policy-members=1048576 history-marker=unmarked
  | open-cost replay-records=4096 list-memory-octets=25769803776
  | headroom transactions-used=13 transactions-budget=4096 bytes-used=10960 history-bound=805306368 charge-reserved=26 charge-capacity=1048576
  | open=full-replay reason=absent
  | reclaim rule=keep-forever reclaimable=0 reclaimable-octets=0 held=0 reclaimed=0 freed-octets=0
  | checkpoint-file=absent
  | pins=13 reserved=26 connections=0
  | accepted operator status
  rc=0 wall=.210682086
== bbf52159 store checkpoint
  | checkpoint sequence=13 octets=27546 open=full-replay reason=absent
  | accepted operator checkpoint
  rc=0 wall=.216093665
== bbf52159 status (opens its own checkpoint)
  | transactions=13 articles=13 staging-orphans=0 unsigned-legacy-experiment
  | profile format=8 max-transactions=4096 max-history-octets=805306368 max-record-octets=17138486 max-article-octets=32768 max-groups-per-article=65535 max-group-name-octets=256 max-open-suffix=4096 max-consumers=1048576 max-bp-rows=1048576 max-config-generations=1048576 max-credentials=1048576 max-policy-members=1048576 history-marker=unmarked
  | open-cost replay-records=4096 list-memory-octets=25769803776
  | headroom transactions-used=13 transactions-budget=4096 bytes-used=10960 history-bound=805306368 charge-reserved=26 charge-capacity=1048576
  | open=checkpoint:13 suffix=0
  | reclaim rule=keep-forever reclaimable=0 reclaimable-octets=0 held=0 reclaimed=0 freed-octets=0
  | checkpoint-file octets=27546 modified=1790435996
  | pins=13 reserved=26 connections=0
  | accepted operator status
  rc=0 wall=.156346115
total 7
drwx------ 5 hbox hbox    14 Sep 26 11:19 .
drwxrwxr-x 3 hbox hbox     4 Sep 26 11:19 ..
-rw------- 1 hbox hbox    43 Sep 25 18:40 allocation-frontier.json
-rw------- 1 hbox hbox  1155 Sep 22 16:40 auth.toml
-rw------- 1 hbox hbox     0 Sep 22 16:40 auth.toml.lock
-rw------- 1 hbox hbox    43 Sep 25 18:40 committed-history.json
drwx------ 2 hbox hbox     7 Sep 22 16:40 config
-rw------- 1 hbox hbox   190 Sep 25 17:57 config.json
-rw------- 1 hbox hbox   129 Sep 24 17:43 config.json.format-7
-rw------- 1 hbox hbox     0 Sep 22 16:41 control.sock.lock
drwx------ 2 hbox hbox     2 Sep 26 11:19 staging
-rw------- 1 hbox hbox 27546 Sep 26 11:19 store-checkpoint.fnsc
drwx------ 2 hbox hbox    15 Sep 25 18:40 transactions
-rw------- 1 hbox hbox     0 Sep 22 16:40 writer.lock
== 69046a76 status on the bbf52159 checkpoint
  | transactions=13 articles=13 staging-orphans=0 unsigned-legacy-experiment
  | profile format=8 max-transactions=4096 max-history-octets=805306368 max-record-octets=17138486 max-article-octets=32768 max-groups-per-article=65535 max-group-name-octets=256 max-open-suffix=4096 max-consumers=1048576 max-bp-rows=1048576 max-config-generations=1048576 max-credentials=1048576 max-policy-members=1048576 history-marker=unmarked
  | open-cost replay-records=4096 list-memory-octets=25769803776
  | headroom transactions-used=13 transactions-budget=4096 bytes-used=10960 history-bound=805306368 charge-reserved=26 charge-capacity=1048576
  | maintenance-reserve octets=4096 transactions=1 debt=0 held
  | open=full-replay reason=checkpoint-open-refused
  | reclaim rule=keep-forever reclaimable=0 reclaimable-octets=0 held=0 reclaimed=0 freed-octets=0
  | checkpoint-file octets=27546 modified=1790435996
  | pins=13 reserved=26 connections=0
  | pack-chain none
  | accepted operator status
  rc=0 wall=.092742451
== 69046a76 status again
  | transactions=13 articles=13 staging-orphans=0 unsigned-legacy-experiment
  | profile format=8 max-transactions=4096 max-history-octets=805306368 max-record-octets=17138486 max-article-octets=32768 max-groups-per-article=65535 max-group-name-octets=256 max-open-suffix=4096 max-consumers=1048576 max-bp-rows=1048576 max-config-generations=1048576 max-credentials=1048576 max-policy-members=1048576 history-marker=unmarked
  | open-cost replay-records=4096 list-memory-octets=25769803776
  | headroom transactions-used=13 transactions-budget=4096 bytes-used=10960 history-bound=805306368 charge-reserved=26 charge-capacity=1048576
  | maintenance-reserve octets=4096 transactions=1 debt=0 held
  | open=full-replay reason=checkpoint-open-refused
  | reclaim rule=keep-forever reclaimable=0 reclaimable-octets=0 held=0 reclaimed=0 freed-octets=0
  | checkpoint-file octets=27546 modified=1790435996
  | pins=13 reserved=26 connections=0
  | pack-chain none
  | accepted operator status
  rc=0 wall=.171003312
== 69046a76 recover
  | recovered transactions=13 articles=13 staging-orphans=0 anchor=none checkpoint=none
  | open=full-replay reason=checkpoint-open-refused
  | accepted operator recover
  rc=0 wall=.092124939
