ENV FN_NATIVE_HOST in the children's environment: None
STEP OLD bin/fn --version rc=5
  | fn-host: error: unknown verb --version
STEP NEW bin/fn --version rc=0
  | fn 69046a76798b8be6169eeed5a66cc46fbe399e51
# rollback3 start 2026-09-26T15:13:33Z
QUOTE-DOC Once an account code is redeemed on a release with accounts, releases before it cannot open the store; roll back only from the pre-upgrade snapshot (PKT-440: an older image refuses configuration delta kinds 15 and 16 at decode; a store that never issued a code is unaffected). The same rule covers the login-binding rows (delta code 17, `principal bind|unbind` applied live through the running node since 2026-09-26): a store that ever published a binding is refused by releases
QUOTE-DOC The same rule covers the login-binding rows (delta code 17, `principal bind|unbind` applied live through the running node since 2026-09-26): a store that ever published a binding is refused by releases before it; roll back only from the pre-upgrade snapshot. There are two rollbacks, and they are not the same: - **Restoring the kept `config.json`** (the old release reads the new history under the old profile). `rollback-check KEPT` says `rollback sound transactions=N` wh
QUOTE-DOC **The pull journals** (`<store>/pull/*.fnpl`). A release from before 2026-09-26 refuses a pull journal that holds the `:pull-unavailable` record (the per-article count that bounds a peer's repeated 430s), so rolling a node back to such a release means deleting its `pull/` journals first; the cursor then restarts one day back, which is bounded duplicate replay with no skipped accepted work (the NEWNEWS pull's own contract). ## Back up Stop the service, then copy th
## (i-a) an account code on a copy of the live store
STEP snapshot-pre-upgrade (cp -a of the stopped copy)
STEP 69046a76 account invite OFFLINE on a side copy rc=0
  invite rc=0 printed-a-code=True
STEP bbf52159 status on the issued-only copy rc=4
  | fault operator status ACL2 refused configuration namespace observation
OWNER dfa8-acct pid=2209374 announce='LISTENING 53639'
STEP 69046a76 account invite (live) rc=0
  a code was printed once (not logged here)
  (clear) greeting 201 fn-nntp experimental reader ready
  (clear) > XREDEEM 45668f69c40132f8465768a3e05aa4fa friend1  -> 483 a protected channel is required; use STARTTLS
  (clear) > QUIT  -> 205 closing connection
  XREDEEM over STARTTLS -> 381 send the password with XREDEEM PASS / PASS -> 281 account bound; authenticate with AUT
  > QUIT  -> 205 closing connection
  AUTHINFO USER friend1 -> 381 password required
  AUTHINFO PASS -> 281 authentication accepted
  > GROUP fn.agents  -> 211 12 1 12 fn.agents
  > POST  -> 340 send article to be posted
  > POST <158 octets>  -> 240 article received OK
  POST as friend1 -> 240 article received OK
  > QUIT  -> 205 closing connection
  same code, another login -> 381 send the password with XREDEEM PASS
  > QUIT  -> 205 closing connection
OWNER dfa8-acct pid=2209374 exit=0 stdout-lines-after-LISTENING=0 blank=0 invariant-risk-lines=0
STEP 69046a76 account list rc=0
  | redeemed friend1 ce64d8e7dc59a7a96d432d1970d113b6d3bc533380eb93280fd44ec0842e4529
  | accepted operator account
  the code is absent from account list: True
STEP 69046a76 status after the redeem rc=0 OK
  | transactions=14 articles=14 staging-orphans=0 unsigned-legacy-experiment
  | profile format=8 max-transactions=4096 max-history-octets=805306368 max-record-octets=17138486 max-article-octets=32768 max-groups-per-article=65535 max-group-name-octets=256 max-open-suffix=4096 max-consumers=1048576 max-bp-rows=1048576 max-config-generations=1048576 max-credentials=1048576 max-policy-members=1048576 history-marker=unmarked
  | open-cost replay-records=4096 list-memory-octets=25769803776
  | headroom transactions-used=14 transactions-budget=4096 bytes-used=11615 history-bound=805306368 charge-reserved=28 charge-capacity=1048576
  | maintenance-reserve octets=4096 transactions=1 debt=0 held
  | open=full-replay reason=absent
  | reclaim rule=keep-forever reclaimable=0 reclaimable-octets=0 held=0 reclaimed=0 freed-octets=0
  | checkpoint-file=absent
  | pins=14 reserved=28 connections=0
  | pack-chain none
  | accepted operator status
STEP ROLLBACK: bbf52159 status on the redeemed store (want 4) rc=4 OK
  | fault operator status ACL2 refused configuration namespace observation
STEP ROLLBACK: bbf52159 recover on the redeemed store (want 4) rc=4 OK
  | fault operator recover ACL2 refused configuration namespace observation
OWNER bbf5-on-redeemed pid=2209615 announce=''
OWNER bbf5-on-redeemed pid=2209615 exit=4 stdout-lines-after-LISTENING=0 blank=0 invariant-risk-lines=0
STEP RESTORE: bbf52159 recover on the pre-upgrade snapshot rc=0 OK
  | recovered transactions=13 articles=13 staging-orphans=0 anchor=none checkpoint=none
  | open=full-replay reason=absent
  | accepted operator recover
STEP RESTORE: bbf52159 status on the pre-upgrade snapshot rc=0 OK
  | transactions=13 articles=13 staging-orphans=0 unsigned-legacy-experiment
  | profile format=8 max-transactions=4096 max-history-octets=805306368 max-record-octets=17138486 max-article-octets=32768 max-groups-per-article=65535 max-group-name-octets=256 max-open-suffix=4096 max-consumers=1048576 max-bp-rows=1048576 max-config-generations=1048576 max-credentials=1048576 max-policy-members=1048576 history-marker=unmarked
  | open-cost replay-records=4096 list-memory-octets=25769803776
  | headroom transactions-used=13 transactions-budget=4096 bytes-used=10960 history-bound=805306368 charge-reserved=26 charge-capacity=1048576
  | open=full-replay reason=absent
  | reclaim rule=keep-forever reclaimable=0 reclaimable-octets=0 held=0 reclaimed=0 freed-octets=0
  | checkpoint-file=absent
  | pins=13 reserved=26 connections=0
  | accepted operator status
OWNER bbf5-restored-acct pid=2210016 announce='LISTENING 48473'
  > GROUP fn.agents  -> 480 authentication required
  > QUIT  -> 205 closing connection
OWNER bbf5-restored-acct pid=2210016 exit=0 stdout-lines-after-LISTENING=0 blank=0 invariant-risk-lines=0
## (i-b) a login binding applied live on a copy of the live store
STEP principal set-password qual (no signing binding) rc=0
  | qual principal=5555555555555555555555555555555555555555555555555555555555555555 posting=true
  | Password: Confirm password: accepted operator principal set-password effective-at-next-start
OWNER dfa8-bind pid=2210077 announce='LISTENING 45561'
  > AUTHINFO USER qual  -> 381 password required
  session open before the bind: AUTHINFO -> 281 authentication accepted
STEP 69046a76 principal bind qual P (live) rc=0
  | qual principal=5555555555555555555555555555555555555555555555555555555555555555 posting=true signing=5555555555555555555555555555555555555555555555555555555555555555
  | accepted operator principal bind applied
  bind's last word: applied
  > GROUP fn.agents  -> 211 12 1 12 fn.agents
  > QUIT  -> 205 closing connection
OWNER dfa8-bind pid=2210077 exit=0 stdout-lines-after-LISTENING=0 blank=0 invariant-risk-lines=0
STEP principal list rc=0
  | ember principal=172aaffef4c349ec0e2136f5dde6ab6aa6e5b393443ed0942b2d6d8cb15a338d posting=true
  | qual principal=5555555555555555555555555555555555555555555555555555555555555555 posting=true signing=5555555555555555555555555555555555555555555555555555555555555555
  | tulip principal=a95202662c41dbc48192e485b49845432f1ec96290ac1e01c242ae51f86bd849 posting=true
  | yue principal=d4b77126cded9c40e91ac771ad01ba8f04938c09738022d49501f0682c2464d9 posting=true
  | accepted operator principal list
STEP ROLLBACK: bbf52159 status on the store with a published binding (want 4) rc=4 OK
  | fault operator status ACL2 refused configuration namespace observation
STEP ROLLBACK: bbf52159 recover (want 4) rc=4 OK
  | fault operator recover ACL2 refused configuration namespace observation
STEP principal set-password qual (control copy) rc=0
  | qual principal=5555555555555555555555555555555555555555555555555555555555555555 posting=true
  | Password: Confirm password: accepted operator principal set-password effective-at-next-start
OWNER dfa8-bind-control pid=2210250 announce='LISTENING 56437'
OWNER dfa8-bind-control pid=2210250 exit=0 stdout-lines-after-LISTENING=0 blank=0 invariant-risk-lines=0
STEP CONTROL: bbf52159 status after a 69046a76 owner ran with no binding (want 0) rc=0 OK
  | transactions=13 articles=13 staging-orphans=0 unsigned-legacy-experiment
  | profile format=8 max-transactions=4096 max-history-octets=805306368 max-record-octets=17138486 max-article-octets=32768 max-groups-per-article=65535 max-group-name-octets=256 max-open-suffix=4096 max-consumers=1048576 max-bp-rows=1048576 max-config-generations=1048576 max-credentials=1048576 max-policy-members=1048576 history-marker=unmarked
  | open-cost replay-records=4096 list-memory-octets=25769803776
  | headroom transactions-used=13 transactions-budget=4096 bytes-used=10960 history-bound=805306368 charge-reserved=26 charge-capacity=1048576
  | open=full-replay reason=absent
  | reclaim rule=keep-forever reclaimable=0 reclaimable-octets=0 held=0 reclaimed=0 freed-octets=0
  | checkpoint-file=absent
  | pins=13 reserved=26 connections=0
  | accepted operator status
STEP RESTORE: bbf52159 status on the pre-upgrade snapshot (the pristine copy) rc=0 OK
  | transactions=13 articles=13 staging-orphans=0 unsigned-legacy-experiment
  | profile format=8 max-transactions=4096 max-history-octets=805306368 max-record-octets=17138486 max-article-octets=32768 max-groups-per-article=65535 max-group-name-octets=256 max-open-suffix=4096 max-consumers=1048576 max-bp-rows=1048576 max-config-generations=1048576 max-credentials=1048576 max-policy-members=1048576 history-marker=unmarked
  | open-cost replay-records=4096 list-memory-octets=25769803776
  | headroom transactions-used=13 transactions-budget=4096 bytes-used=10960 history-bound=805306368 charge-reserved=26 charge-capacity=1048576
  | open=full-replay reason=absent
  | reclaim rule=keep-forever reclaimable=0 reclaimable-octets=0 held=0 reclaimed=0 freed-octets=0
  | checkpoint-file=absent
  | pins=13 reserved=26 connections=0
  | accepted operator status
## (ii) the pull journal's :pull-unavailable record
STEP bbf52159 image: store init fn.test (the node as deployed) rc=0 OK
  | initialized /tank/fn/scratch/qual-69046a76/upgrade-live/rollback3/pull/store
STEP bbf52159 image: policy set path-identity rc=0 OK
  | configured generation=2 record=00000002.cfg verification=VERIFIED
  | accepted operator policy
STEP bbf52159 image: peer add S rc=0 OK
  | configured generation=3 record=00000003.cfg verification=VERIFIED
  | accepted operator peer
STEP bbf52159 image: peer pull S 2 (its grammar: no ROUNDS) rc=0 OK
  | configured generation=4 record=00000004.cfg verification=VERIFIED
  | accepted operator peer
STEP bbf52159 status before the upgrade rc=0 OK
  | transactions=0 articles=0 staging-orphans=0 unsigned-legacy-experiment
  | profile format=8 max-transactions=128 max-history-octets=25165824 max-record-octets=17138486 max-article-octets=32768 max-groups-per-article=65535 max-group-name-octets=256 max-open-suffix=128 max-consumers=1048576 max-bp-rows=1048576 max-config-generations=1048576 max-credentials=1048576 max-policy-members=1048576 history-marker=unmarked
  | open-cost replay-records=128 list-memory-octets=805306368
  | headroom transactions-used=0 transactions-budget=128 bytes-used=0 history-bound=25165824 charge-reserved=0 charge-capacity=1048576
  | open=full-replay reason=absent
  | reclaim rule=keep-forever reclaimable=0 reclaimable-octets=0 held=0 reclaimed=0 freed-octets=0
  | checkpoint-file=absent
  | pins=0 reserved=0 connections=0
  | accepted operator status
OWNER dfa8-pull pid=2210456 announce='LISTENING 57483'
OWNER dfa8-pull pid=2210456 exit=0 stdout-lines-after-LISTENING=0 blank=0 invariant-risk-lines=0
  log| pull peer=S round=done cursor=held unavailable=1 transport=clear
  log| pull peer=S round=done cursor=held unavailable=1 transport=clear
  pull journal files: ['pull/S.fnfd']
  journal octets 369; contains 'pull-unavailable': False
STEP ROLLBACK: bbf52159 status with the :pull-unavailable journal rc=0
  | transactions=2 articles=2 staging-orphans=0 unsigned-legacy-experiment
  | profile format=8 max-transactions=128 max-history-octets=25165824 max-record-octets=17138486 max-article-octets=32768 max-groups-per-article=65535 max-group-name-octets=256 max-open-suffix=128 max-consumers=1048576 max-bp-rows=1048576 max-config-generations=1048576 max-credentials=1048576 max-policy-members=1048576 history-marker=unmarked
  | open-cost replay-records=128 list-memory-octets=805306368
  | headroom transactions-used=2 transactions-budget=128 bytes-used=1076 history-bound=25165824 charge-reserved=4 charge-capacity=1048576
  | open=full-replay reason=absent
  | reclaim rule=keep-forever reclaimable=0 reclaimable-octets=0 held=0 reclaimed=0 freed-octets=0
  | checkpoint-file=absent
  | pins=2 reserved=4 connections=0
  | accepted operator status
STEP ROLLBACK: bbf52159 recover with the journal rc=0
  | recovered transactions=2 articles=2 staging-orphans=0 anchor=none checkpoint=none
  | open=full-replay reason=absent
  | accepted operator recover
STEP ROLLBACK: bbf52159 owner with the journal exited rc=4
  | CONTROL /tank/fn/scratch/qual-69046a76/upgrade-live/rollback3/pull/control.sock
  | LISTENING 57483
  | OWNER-OPEN open=full-replay reason=absent
  | owner core/store fault; process stopped: invalid complete FNPL evidence: /tank/fn/scratch/qual-69046a76/upgrade-live/rollback3/pull/store/pull/S.fnfd
  | fault operator run
  fn.log| pull peer=S round=done cursor=held unavailable=1 transport=clear
  fn.log| accepted peer connection=2 peer=S time=2026-09-26T15:13:53Z
  fn.log| accepted peer connection=3 peer=S time=2026-09-26T15:13:53Z
  fn.log| pull peer=S round=done cursor=held unavailable=1 transport=clear
STEP ROLLBACK: b6759850 status with the :pull-unavailable journal rc=0
  | transactions=2 articles=2 staging-orphans=0 unsigned-legacy-experiment
  | profile format=8 max-transactions=128 max-history-octets=25165824 max-record-octets=17138486 max-article-octets=32768 max-groups-per-article=65535 max-group-name-octets=256 max-open-suffix=128 max-consumers=1048576 max-bp-rows=1048576 max-config-generations=1048576 max-credentials=1048576 max-policy-members=1048576 history-marker=unmarked
  | open-cost replay-records=128 list-memory-octets=805306368
  | headroom transactions-used=2 transactions-budget=128 bytes-used=1076 history-bound=25165824 charge-reserved=4 charge-capacity=1048576
  | maintenance-reserve octets=4096 transactions=1 held
  | open=full-replay reason=absent
  | reclaim rule=keep-forever reclaimable=0 reclaimable-octets=0 held=0 reclaimed=0 freed-octets=0
  | checkpoint-file=absent
  | pins=2 reserved=4 connections=0
  | accepted operator status
STEP ROLLBACK: b6759850 recover with the journal rc=0
  | recovered transactions=2 articles=2 staging-orphans=0 anchor=none checkpoint=none
  | open=full-replay reason=absent
  | accepted operator recover
STEP ROLLBACK: b6759850 owner with the journal exited rc=4
  | CONTROL /tank/fn/scratch/qual-69046a76/upgrade-live/rollback3/pull/control.sock
  | LISTENING 57483
  | OWNER-OPEN open=full-replay reason=absent
  | owner core/store fault; process stopped: invalid complete FNPL evidence: /tank/fn/scratch/qual-69046a76/upgrade-live/rollback3/pull/store/pull/S.fnfd
  | fault operator run
  fn.log| pull peer=S round=done cursor=held unavailable=1 transport=clear
  fn.log| accepted peer connection=2 peer=S time=2026-09-26T15:13:53Z
  fn.log| accepted peer connection=3 peer=S time=2026-09-26T15:13:53Z
  fn.log| pull peer=S round=done cursor=held unavailable=1 transport=clear
STEP delete pull/ (the documented rollback step)
OWNER bbf5-pull-deleted pid=2210922 announce='LISTENING 57483'
OWNER bbf5-pull-deleted pid=2210922 exit=0 stdout-lines-after-LISTENING=0 blank=0 invariant-risk-lines=0
  NEWNEWS asked by the upgraded image: ['NEWNEWS fn.* 20260925 151351 GMT', 'NEWNEWS fn.* 20260925 151351 GMT']
  NEWNEWS asked by bbf52159 after pull/ was deleted: ['NEWNEWS fn.* 20260925 151356 GMT', 'NEWNEWS fn.* 20260925 151356 GMT']
  wall clock now (UTC): 20260926 151359
STEP bbf52159 status after the rollback rc=0 OK
  | transactions=2 articles=2 staging-orphans=0 unsigned-legacy-experiment
  | profile format=8 max-transactions=128 max-history-octets=25165824 max-record-octets=17138486 max-article-octets=32768 max-groups-per-article=65535 max-group-name-octets=256 max-open-suffix=128 max-consumers=1048576 max-bp-rows=1048576 max-config-generations=1048576 max-credentials=1048576 max-policy-members=1048576 history-marker=unmarked
  | open-cost replay-records=128 list-memory-octets=805306368
  | headroom transactions-used=2 transactions-budget=128 bytes-used=1076 history-bound=25165824 charge-reserved=4 charge-capacity=1048576
  | open=full-replay reason=absent
  | reclaim rule=keep-forever reclaimable=0 reclaimable-octets=0 held=0 reclaimed=0 freed-octets=0
  | checkpoint-file=absent
  | pins=2 reserved=4 connections=0
  | accepted operator status
## (iii) the pre-C1 witness store
  fixture files: ['SHA256SUMS', 'ordinary/allocation-frontier.json', 'ordinary/committed-history.json', 'ordinary/config.json', 'ordinary/config/00000001.cfg', 'ordinary/transactions/00000000000000000000.txn', 'ordinary/transactions/00000000000000000001.txn', 'witness/allocation-frontier.json', 'witness/committed-history.json', 'witness/config.json', 'witness/config/00000001.cfg', 'witness/transactions/00000000000000000000.txn']
STEP 69046a76 store witness recover rc=1 OK
  | store: pre-C1 control record (txid 2, <prec1-cancel@example.invalid>): run store repair-control
STEP 69046a76 store witness inspect <prec1-target@example.invalid> rc=1 OK
  | store: pre-C1 control record (txid 2, <prec1-cancel@example.invalid>): run store repair-control
STEP 69046a76 store witness checkpoint rc=1 OK
  | store: pre-C1 control record (txid 2, <prec1-cancel@example.invalid>): run store repair-control
STEP 69046a76 store witness repair-control (want refusal) rc=1
  | store: repair semantics undecided (PKT-444)
STEP 69046a76 operator health (offline) on the witness rc=1
  | refused operator health pre-C1 control record (txid 2, <prec1-cancel@example.invalid>): run store repair-control
STEP 69046a76 operator run on the witness (want refusal, exit 1) rc=1 OK
  | refused operator run pre-C1 control record (txid 2, <prec1-cancel@example.invalid>): run store repair-control
STEP bbf52159 (deployed) store witness recover rc=4
  | store: ACL2 replay rejected committed transaction history or configuration history
STEP 69046a76 store ordinary recover rc=0
  | recovered transactions=2 articles=1 staging-orphans=0 anchor=none checkpoint=none
  | open=full-replay reason=absent
STEP 69046a76 store ordinary inspect <prec1-target@example.invalid> rc=0
  | 	PH0vJbMMnwch/xK1MdVL6vYjxcac6qGVwLbj75ibkrf4AwS9bKJWuze889ktCxpW+fgLaCgI
  | 	TjWYFxLrkQjl99g+qBvn5enXBgOe74lgIf5o/bjPw+EldJ/LsB3ujswjk6tO7vVy6Acs4Sso
  | 	R0+iyzwBnWaHW0YXxajk5zsVuqnQ34YP5S6s5zQZ41f6KOU3uttuLXJtoWAkb4qfBVhoGEA2
  | 	o/i0sgEzSiUVoIiYiKWVo4VTH4B+jJ0OxmIEFezRYArc2iDQM59QVM5etnXw7exGj3qr4znx
  | 	h8mCWOfs0MBvdF+yI25ebiztCcGgUPzyfe8EJg0YUs3wZ28UuJPRTkdmfieKdTjfXWXgYCQe
  | 	HHj59P8pz7nGDf8GXoLLM86RBHRc1O99SK/SiXkO1NdyHIKfiZ9sz3BmyYBDFJfQEcod2sGx
  | 	95J7qJp3sL0ALpzYEkrYju/B43JwYU98QWwUc7I2KBo+VeLL2ZNnRejcDNStSzATogEdCHSB
  | 	6VFWM0FoIOFRB/TJPmmX9EVJnKBLKTJEu/GTqKQFb7N/rvt338sANa0fX0z3aPOv6+hzk4kQ
  | 	ru369MigCOrcmaUP5/xvMpjvj56IdEhbXb9M69GL/i6ErHHt+xYsXkVe409MO0DjEiIbTmTu
  | 	FphrsRhrwjDmeHxoW8BBRais5vhEWmfax3nkBzXVa0ZltmLsxa2BU/F7acJ7Sc48AoI5Yy1u
  | 	LpqFfyCVcF6WqFdvFHxghhQBTIfz3aN1HV1/2GxmxgFnKGpnVGmHxv/tf2LS2gefR8R+fSzm
  | 	CqvXE7TPCzCmupXEehEWv191jB3VUtbl2tSvS8Vd/WDS3yWI04bVLnGcqHuh0Yotno9zSU92
  | 	kgrCp5S0sq81iB4BL3NXHidd6VpdBpRgwp7HVXcZJU6eF0yQVgfCNU2SkyPmB0tzcMzm7QBS
  | 	Pv7nAl/7cEfDuIO8DoXRQ6eVEHgcQgSmAwF34mRXd3Vzj95xWDXPv5CwLPPXthZQMEStTG+W
  | 	gGDsj/IYVBSrNsvjIUq5jYKndbzVHmtPTD+Hm7pv4DXbwy+G7vZzhVaaUdH4EB7ebylNklKu
  | 	cLuYy3dxgAGaiqAOJQK842Ur7zpz79U8CDu2jpKUquibyZkpYWWMK//dBQhNCRpGMCIiAkqK
  | 	1OYhX2+Yp6rwQ12LmfIgR1dxgoufoMb6BCQ/a3T8ChKrssDpAAAAAAAAAAAAAAAAAAAAAAAE
  | 	CxAaICY=
  | From: poster@example.invalid
  | Newsgroups: fn.test
  | Subject: pre-C1 target
  | Date: Fri, 25 Sep 2026 03:00:00 +0000
  | Message-ID: <prec1-target@example.invalid>
  | 
  | body
STEP 69046a76 store ordinary checkpoint rc=0
  | ACL2 Warning [Invariant-risk] in FN-STORE-SCO-PUBLISH-PLAN:  Invariant-
  | risk has been detected for a call of function FN-STORE-SCO-PUBLISH-PLAN
  | (as possibly leading to an ill-guarded call of UPDATE-FN-OCTETS$C-FILL);
  | see :DOC invariant-risk.
  | 
  | checkpoint sequence=2 octets=40523 open=full-replay reason=absent
QUOTE-DOC-iii A store written by a release before 2026-09-25 (C1) that holds a signed control article, such as a cancel, filed under its Newsgroups is refused by name by every open (`recover`, `run`, `health`, `inspect`, `checkpoint`): `pre-C1 control record (txid N, <message-id>): run store repair-control`, exit 1. Nothing is changed or replayed. The repair verb `fn store ROOT repair-control` exists but refuses (`repair semantics undecided (PKT-444)`) until what such a repair means is decided; keep the store as it is until then. `fn status` reports what the store is: the configuration generation, the transaction and article
# rollback3 end 2026-09-26T15:14:02Z
rc=0
