test_append_uses_recovered_frontier_without_namespace_rescan (tests.test_bp_service_native.NativeBpServiceTests.test_append_uses_recovered_frontier_without_namespace_rescan) ... ok
test_cleanup_barrier_failure_does_not_retract_durable_record (tests.test_bp_service_native.NativeBpServiceTests.test_cleanup_barrier_failure_does_not_retract_durable_record) ... ok
test_corrupt_clock_domain_fences_before_replay (tests.test_bp_service_native.NativeBpServiceTests.test_corrupt_clock_domain_fences_before_replay) ... ok
test_hidden_stage_is_bounded_recovery_evidence (tests.test_bp_service_native.NativeBpServiceTests.test_hidden_stage_is_bounded_recovery_evidence) ... ok
test_legacy_durable_records_without_clock_domain_fence (tests.test_bp_service_native.NativeBpServiceTests.test_legacy_durable_records_without_clock_domain_fence) ... ok
test_monotonic_age_expires_interrupted_work (tests.test_bp_service_native.NativeBpServiceTests.test_monotonic_age_expires_interrupted_work) ... ok
test_namespace_bound_is_applied_during_directory_enumeration (tests.test_bp_service_native.NativeBpServiceTests.test_namespace_bound_is_applied_during_directory_enumeration) ... ok
test_outage_restart_duplicate_and_conflict (tests.test_bp_service_native.NativeBpServiceTests.test_outage_restart_duplicate_and_conflict) ... ok
test_prelink_publication_failure_is_refused (tests.test_bp_service_native.NativeBpServiceTests.test_prelink_publication_failure_is_refused) ... ok
test_recovery_rejects_corrupt_name_gap_and_token_binding (tests.test_bp_service_native.NativeBpServiceTests.test_recovery_rejects_corrupt_name_gap_and_token_binding) ... ok
test_send_core_fault_remains_exit_four (tests.test_bp_service_native.NativeBpServiceTests.test_send_core_fault_remains_exit_four) ... ok
test_shared_spool_owner_precedes_lifecycle_mutation (tests.test_bp_service_native.NativeBpServiceTests.test_shared_spool_owner_precedes_lifecycle_mutation) ... ok
test_transport_uncertain_dominates_refused_article (tests.test_bp_service_native.NativeBpServiceTests.test_transport_uncertain_dominates_refused_article) ... ok
test_visible_clock_domain_after_barrier_error_recovers_without_work (tests.test_bp_service_native.NativeBpServiceTests.test_visible_clock_domain_after_barrier_error_recovers_without_work) ... ok
test_visible_final_never_converts_failed_authority_barrier_to_durable (tests.test_bp_service_native.NativeBpServiceTests.test_visible_final_never_converts_failed_authority_barrier_to_durable) ... ok
test_wall_jump_after_interrupted_contact_retains_anchored_work (tests.test_bp_service_native.NativeBpServiceTests.test_wall_jump_after_interrupted_contact_retains_anchored_work) ... ok
test_bad_window_and_decimal_bound (tests.test_bp_contact_native.NativeBpContactTests.test_bad_window_and_decimal_bound) ... ok
test_closed_window_interruption_and_anchored_wall_jump (tests.test_bp_contact_native.NativeBpContactTests.test_closed_window_interruption_and_anchored_wall_jump) ... ok
test_receive_core_fault_remains_exit_four (tests.test_bp_receive_integrity_native.NativeBpReceiveIntegrityTests.test_receive_core_fault_remains_exit_four) ... ok
test_refusal_after_partial_segments_has_no_successful_end_ack (tests.test_bp_receive_integrity_native.NativeBpReceiveIntegrityTests.test_refusal_after_partial_segments_has_no_successful_end_ack) ... ok
test_two_sessions_reusing_transfer_zero_keep_both_exact_wires (tests.test_bp_receive_integrity_native.NativeBpReceiveIntegrityTests.test_two_sessions_reusing_transfer_zero_keep_both_exact_wires) ... ok
test_uncertain_publication_exits_and_prevents_next_session_mutation (tests.test_bp_receive_integrity_native.NativeBpReceiveIntegrityTests.test_uncertain_publication_exits_and_prevents_next_session_mutation) ... ok

----------------------------------------------------------------------
Ran 22 tests in 15.158s

OK
